Java HotSpot(TM) 64-Bit Server VM (25.102-b14) for linux-amd64 JRE (1.8.0_102-b14), built on Jun 22 2016 18:43:17 by "java_re" with gcc 4.3.0 20080428 (Red Hat 4.3.0-8)
Memory: 4k page, physical 8011232k(142496k free), swap 8257532k(7616776k free)
CommandLine flags: -XX:CMSInitiatingOccupancyFraction=70 -XX:ErrorFile=/var/log/hbase/hs_err_pid%p.log -XX:InitialHeapSize=2621440000 -XX:MaxHeapSize=2621440000 -XX:MaxNewSize=780140544 -XX:MaxTenuringThreshold=6 -XX:NewSize=780140544 -XX:OldPLABSize=16 -XX:OnOutOfMemoryError=kill -9 %p -XX:+PrintGC -XX:+PrintGCDateStamps -XX:+PrintGCDetails -XX:+PrintGCTimeStamps -XX:+UseCompressedClassPointers -XX:+UseCompressedOops -XX:+UseConcMarkSweepGC -XX:+UseParNewGC 
2016-10-17T10:55:43.826+0800: 111.385: [GC (CMS Initial Mark) [1 CMS-initial-mark: 0K(1798144K)] 365726K(2483840K), 0.2456194 secs] [Times: user=0.45 sys=0.05, real=0.24 secs] 
2016-10-17T10:55:44.074+0800: 111.633: [CMS-concurrent-mark-start]
2016-10-17T10:55:44.093+0800: 111.652: [CMS-concurrent-mark: 0.019/0.019 secs] [Times: user=0.03 sys=0.00, real=0.02 secs] 
2016-10-17T10:55:44.093+0800: 111.652: [CMS-concurrent-preclean-start]
2016-10-17T10:55:44.097+0800: 111.656: [CMS-concurrent-preclean: 0.004/0.004 secs] [Times: user=0.01 sys=0.01, real=0.01 secs] 
2016-10-17T10:55:44.097+0800: 111.656: [CMS-concurrent-abortable-preclean-start]
2016-10-17T10:55:46.366+0800: 113.924: [GC (Allocation Failure) 2016-10-17T10:55:46.366+0800: 113.924: [ParNew: 609536K->23910K(685696K), 0.0447176 secs] 609536K->23910K(2483840K), 0.0448477 secs] [Times: user=0.08 sys=0.02, real=0.05 secs] 
 CMS: abort preclean due to time 2016-10-17T10:55:49.395+0800: 116.954: [CMS-concurrent-abortable-preclean: 2.167/5.298 secs] [Times: user=10.05 sys=0.76, real=5.29 secs] 
2016-10-17T10:55:49.399+0800: 116.958: [GC (CMS Final Remark) [YG occupancy: 265535 K (685696 K)]2016-10-17T10:55:49.400+0800: 116.959: [Rescan (parallel) , 0.0344638 secs]2016-10-17T10:55:49.434+0800: 116.993: [weak refs processing, 0.0000394 secs]2016-10-17T10:55:49.434+0800: 116.993: [class unloading, 0.0056148 secs]2016-10-17T10:55:49.440+0800: 116.999: [scrub symbol table, 0.0106267 secs]2016-10-17T10:55:49.451+0800: 117.010: [scrub string table, 0.0006301 secs][1 CMS-remark: 0K(1798144K)] 265535K(2483840K), 0.0530150 secs] [Times: user=0.12 sys=0.00, real=0.05 secs] 
2016-10-17T10:55:49.455+0800: 117.014: [CMS-concurrent-sweep-start]
2016-10-17T10:55:49.455+0800: 117.014: [CMS-concurrent-sweep: 0.000/0.000 secs] [Times: user=0.00 sys=0.00, real=0.00 secs] 
2016-10-17T10:55:49.455+0800: 117.014: [CMS-concurrent-reset-start]
2016-10-17T10:55:49.677+0800: 117.235: [CMS-concurrent-reset: 0.040/0.222 secs] [Times: user=0.02 sys=0.06, real=0.23 secs] 
2016-10-17T10:58:40.135+0800: 287.694: [GC (Allocation Failure) 2016-10-17T10:58:40.135+0800: 287.694: [ParNew: 633446K->35454K(685696K), 0.0511374 secs] 633446K->35454K(2483840K), 0.0513084 secs] [Times: user=0.11 sys=0.02, real=0.06 secs] 
2016-10-17T11:06:42.404+0800: 769.963: [GC (Allocation Failure) 2016-10-17T11:06:42.404+0800: 769.963: [ParNew: 644990K->50400K(685696K), 0.0778546 secs] 644990K->50400K(2483840K), 0.0780763 secs] [Times: user=0.14 sys=0.09, real=0.08 secs] 
2016-10-17T11:26:42.117+0800: 1969.676: [GC (Allocation Failure) 2016-10-17T11:26:42.117+0800: 1969.676: [ParNew: 659936K->54263K(685696K), 0.0634062 secs] 659936K->61456K(2483840K), 0.0636039 secs] [Times: user=0.20 sys=0.01, real=0.06 secs] 
2016-10-17T11:47:42.092+0800: 3229.651: [GC (Allocation Failure) 2016-10-17T11:47:42.092+0800: 3229.651: [ParNew: 663799K->55023K(685696K), 0.0289783 secs] 670992K->62217K(2483840K), 0.0291193 secs] [Times: user=0.11 sys=0.00, real=0.03 secs] 
2016-10-17T12:07:32.090+0800: 4419.649: [GC (Allocation Failure) 2016-10-17T12:07:32.090+0800: 4419.649: [ParNew: 664559K->46349K(685696K), 0.0317640 secs] 671753K->53542K(2483840K), 0.0319528 secs] [Times: user=0.12 sys=0.00, real=0.03 secs] 
2016-10-17T12:13:42.106+0800: 4789.665: [GC (CMS Initial Mark) [1 CMS-initial-mark: 7193K(1798144K)] 253613K(2483840K), 0.0467693 secs] [Times: user=0.19 sys=0.00, real=0.04 secs] 
2016-10-17T12:13:42.153+0800: 4789.712: [CMS-concurrent-mark-start]
2016-10-17T12:13:42.176+0800: 4789.735: [CMS-concurrent-mark: 0.023/0.023 secs] [Times: user=0.06 sys=0.00, real=0.03 secs] 
2016-10-17T12:13:42.176+0800: 4789.735: [CMS-concurrent-preclean-start]
2016-10-17T12:13:42.180+0800: 4789.739: [CMS-concurrent-preclean: 0.004/0.004 secs] [Times: user=0.00 sys=0.00, real=0.00 secs] 
2016-10-17T12:13:42.180+0800: 4789.739: [CMS-concurrent-abortable-preclean-start]
 CMS: abort preclean due to time 2016-10-17T12:13:47.581+0800: 4795.140: [CMS-concurrent-abortable-preclean: 4.199/5.401 secs] [Times: user=4.40 sys=0.00, real=5.40 secs] 
2016-10-17T12:13:47.581+0800: 4795.140: [GC (CMS Final Remark) [YG occupancy: 261303 K (685696 K)]2016-10-17T12:13:47.581+0800: 4795.140: [Rescan (parallel) , 0.0541550 secs]2016-10-17T12:13:47.636+0800: 4795.194: [weak refs processing, 0.0001243 secs]2016-10-17T12:13:47.636+0800: 4795.195: [class unloading, 0.0206750 secs]2016-10-17T12:13:47.656+0800: 4795.215: [scrub symbol table, 0.0086259 secs]2016-10-17T12:13:47.665+0800: 4795.224: [scrub string table, 0.0010689 secs][1 CMS-remark: 7193K(1798144K)] 268496K(2483840K), 0.0890018 secs] [Times: user=0.25 sys=0.00, real=0.09 secs] 
2016-10-17T12:13:47.671+0800: 4795.229: [CMS-concurrent-sweep-start]
2016-10-17T12:13:47.675+0800: 4795.233: [CMS-concurrent-sweep: 0.004/0.004 secs] [Times: user=0.00 sys=0.00, real=0.00 secs] 
2016-10-17T12:13:47.675+0800: 4795.234: [CMS-concurrent-reset-start]
2016-10-17T12:13:47.678+0800: 4795.237: [CMS-concurrent-reset: 0.004/0.004 secs] [Times: user=0.00 sys=0.00, real=0.01 secs] 
2016-10-17T12:28:42.099+0800: 5689.658: [GC (Allocation Failure) 2016-10-17T12:28:42.100+0800: 5689.658: [ParNew: 655885K->55815K(685696K), 0.0359200 secs] 662634K->62564K(2483840K), 0.0361111 secs] [Times: user=0.13 sys=0.00, real=0.03 secs] 
2016-10-17T12:49:52.113+0800: 6959.671: [GC (Allocation Failure) 2016-10-17T12:49:52.113+0800: 6959.672: [ParNew: 665351K->53708K(685696K), 0.0542793 secs] 672100K->66292K(2483840K), 0.0544589 secs] [Times: user=0.19 sys=0.00, real=0.06 secs] 
2016-10-17T13:09:16.592+0800: 8124.150: [GC (Allocation Failure) 2016-10-17T13:09:16.592+0800: 8124.150: [ParNew: 663244K->41930K(685696K), 0.0292891 secs] 675828K->57452K(2483840K), 0.0294591 secs] [Times: user=0.10 sys=0.00, real=0.03 secs] 
2016-10-17T13:16:24.181+0800: 8551.739: [GC (Allocation Failure) 2016-10-17T13:16:24.181+0800: 8551.739: [ParNew: 651466K->58574K(685696K), 0.0375099 secs] 666988K->74764K(2483840K), 0.0376725 secs] [Times: user=0.13 sys=0.00, real=0.04 secs] 
2016-10-17T13:38:42.148+0800: 9889.706: [GC (Allocation Failure) 2016-10-17T13:38:42.148+0800: 9889.707: [ParNew: 668110K->40798K(685696K), 0.0501126 secs] 684300K->76678K(2483840K), 0.0506271 secs] [Times: user=0.14 sys=0.02, real=0.05 secs] 
2016-10-17T13:42:45.412+0800: 10132.971: [GC (Allocation Failure) 2016-10-17T13:42:45.412+0800: 10132.971: [ParNew: 650334K->49618K(685696K), 0.0409484 secs] 686214K->85497K(2483840K), 0.0411355 secs] [Times: user=0.11 sys=0.00, real=0.04 secs] 
2016-10-17T13:42:47.821+0800: 10135.379: [GC (Allocation Failure) 2016-10-17T13:42:47.821+0800: 10135.379: [ParNew: 659154K->35209K(685696K), 0.0289418 secs] 695033K->71089K(2483840K), 0.0290686 secs] [Times: user=0.10 sys=0.00, real=0.03 secs] 
2016-10-17T13:42:50.670+0800: 10138.229: [GC (Allocation Failure) 2016-10-17T13:42:50.670+0800: 10138.229: [ParNew: 644745K->44835K(685696K), 0.0186895 secs] 680625K->80714K(2483840K), 0.0188258 secs] [Times: user=0.07 sys=0.00, real=0.02 secs] 
2016-10-17T13:42:54.716+0800: 10142.275: [GC (Allocation Failure) 2016-10-17T13:42:54.716+0800: 10142.275: [ParNew: 654371K->41567K(685696K), 0.0217244 secs] 690250K->77446K(2483840K), 0.0218705 secs] [Times: user=0.09 sys=0.00, real=0.03 secs] 
2016-10-17T13:42:59.045+0800: 10146.604: [GC (Allocation Failure) 2016-10-17T13:42:59.045+0800: 10146.604: [ParNew: 651103K->49322K(685696K), 0.0426313 secs] 686982K->85201K(2483840K), 0.0427781 secs] [Times: user=0.11 sys=0.00, real=0.05 secs] 
2016-10-17T13:43:01.892+0800: 10149.450: [GC (Allocation Failure) 2016-10-17T13:43:01.892+0800: 10149.450: [ParNew: 658858K->31091K(685696K), 0.0220386 secs] 694737K->68552K(2483840K), 0.0221936 secs] [Times: user=0.08 sys=0.00, real=0.02 secs] 
2016-10-17T13:43:04.256+0800: 10151.815: [GC (Allocation Failure) 2016-10-17T13:43:04.256+0800: 10151.815: [ParNew: 640627K->24772K(685696K), 0.0452671 secs] 678088K->87380K(2483840K), 0.0454131 secs] [Times: user=0.12 sys=0.01, real=0.04 secs] 
2016-10-17T13:43:06.780+0800: 10154.338: [GC (Allocation Failure) 2016-10-17T13:43:06.780+0800: 10154.338: [ParNew: 634308K->8851K(685696K), 0.0113131 secs] 696916K->71469K(2483840K), 0.0114413 secs] [Times: user=0.04 sys=0.00, real=0.01 secs] 
2016-10-17T13:43:10.674+0800: 10158.233: [GC (Allocation Failure) 2016-10-17T13:43:10.675+0800: 10158.233: [ParNew: 618387K->6272K(685696K), 0.0110318 secs] 681005K->68892K(2483840K), 0.0111986 secs] [Times: user=0.04 sys=0.00, real=0.01 secs] 
2016-10-17T13:43:13.970+0800: 10161.529: [GC (Allocation Failure) 2016-10-17T13:43:13.971+0800: 10161.529: [ParNew: 615808K->5572K(685696K), 0.0118248 secs] 678428K->69035K(2483840K), 0.0119577 secs] [Times: user=0.04 sys=0.00, real=0.01 secs] 
2016-10-17T13:43:18.666+0800: 10166.225: [GC (Allocation Failure) 2016-10-17T13:43:18.666+0800: 10166.225: [ParNew: 615108K->6220K(685696K), 0.0089413 secs] 678571K->69686K(2483840K), 0.0090471 secs] [Times: user=0.03 sys=0.00, real=0.00 secs] 
2016-10-17T13:43:24.069+0800: 10171.628: [GC (Allocation Failure) 2016-10-17T13:43:24.070+0800: 10171.628: [ParNew: 615756K->6084K(685696K), 0.0087741 secs] 679222K->69622K(2483840K), 0.0089018 secs] [Times: user=0.03 sys=0.00, real=0.01 secs] 
2016-10-17T13:43:27.046+0800: 10174.605: [GC (Allocation Failure) 2016-10-17T13:43:27.047+0800: 10174.605: [ParNew: 615620K->4548K(685696K), 0.0091799 secs] 679158K->68544K(2483840K), 0.0093280 secs] [Times: user=0.03 sys=0.00, real=0.01 secs] 
2016-10-17T13:43:30.799+0800: 10178.358: [GC (Allocation Failure) 2016-10-17T13:43:30.799+0800: 10178.358: [ParNew: 614084K->5479K(685696K), 0.0094333 secs] 678080K->69475K(2483840K), 0.0095433 secs] [Times: user=0.04 sys=0.00, real=0.01 secs] 
2016-10-17T13:43:33.204+0800: 10180.763: [GC (Allocation Failure) 2016-10-17T13:43:33.204+0800: 10180.763: [ParNew: 615015K->5720K(685696K), 0.0092584 secs] 679011K->69717K(2483840K), 0.0093981 secs] [Times: user=0.03 sys=0.00, real=0.01 secs] 
2016-10-17T13:43:36.095+0800: 10183.654: [GC (Allocation Failure) 2016-10-17T13:43:36.095+0800: 10183.654: [ParNew: 615256K->5625K(685696K), 0.0087702 secs] 679253K->69670K(2483840K), 0.0089852 secs] [Times: user=0.03 sys=0.00, real=0.01 secs] 
2016-10-17T13:43:38.330+0800: 10185.889: [GC (Allocation Failure) 2016-10-17T13:43:38.330+0800: 10185.889: [ParNew: 615161K->5634K(685696K), 0.0102146 secs] 679206K->69679K(2483840K), 0.0103768 secs] [Times: user=0.03 sys=0.00, real=0.01 secs] 
2016-10-17T13:43:42.978+0800: 10190.537: [GC (Allocation Failure) 2016-10-17T13:43:42.978+0800: 10190.537: [ParNew: 615170K->28977K(685696K), 0.0239396 secs] 679215K->93070K(2483840K), 0.0240805 secs] [Times: user=0.09 sys=0.00, real=0.02 secs] 
2016-10-17T13:43:45.934+0800: 10193.493: [GC (Allocation Failure) 2016-10-17T13:43:45.934+0800: 10193.493: [ParNew: 638513K->35979K(685696K), 0.0185648 secs] 702606K->100338K(2483840K), 0.0186858 secs] [Times: user=0.06 sys=0.00, real=0.02 secs] 
2016-10-17T13:43:48.604+0800: 10196.163: [GC (Allocation Failure) 2016-10-17T13:43:48.604+0800: 10196.163: [ParNew: 645515K->43243K(685696K), 0.0248500 secs] 709874K->107602K(2483840K), 0.0249623 secs] [Times: user=0.09 sys=0.00, real=0.03 secs] 
2016-10-17T13:43:50.947+0800: 10198.506: [GC (Allocation Failure) 2016-10-17T13:43:50.947+0800: 10198.506: [ParNew: 652779K->38477K(685696K), 0.0233149 secs] 717138K->102926K(2483840K), 0.0234716 secs] [Times: user=0.09 sys=0.00, real=0.02 secs] 
2016-10-17T13:43:56.997+0800: 10204.556: [GC (Allocation Failure) 2016-10-17T13:43:56.997+0800: 10204.556: [ParNew: 648013K->39050K(685696K), 0.0320021 secs] 712462K->103633K(2483840K), 0.0321752 secs] [Times: user=0.11 sys=0.00, real=0.03 secs] 
2016-10-17T13:44:02.512+0800: 10210.071: [GC (Allocation Failure) 2016-10-17T13:44:02.512+0800: 10210.071: [ParNew: 648586K->39432K(685696K), 0.0215465 secs] 713169K->104015K(2483840K), 0.0216667 secs] [Times: user=0.08 sys=0.00, real=0.02 secs] 
2016-10-17T13:44:08.816+0800: 10216.375: [GC (Allocation Failure) 2016-10-17T13:44:08.817+0800: 10216.375: [ParNew: 648968K->26391K(685696K), 0.2460291 secs] 713551K->115113K(2483840K), 0.2461661 secs] [Times: user=0.40 sys=0.05, real=0.24 secs] 
2016-10-17T13:44:11.325+0800: 10218.884: [GC (Allocation Failure) 2016-10-17T13:44:11.325+0800: 10218.884: [ParNew: 635927K->7318K(685696K), 0.0085862 secs] 724649K->96040K(2483840K), 0.0087132 secs] [Times: user=0.03 sys=0.00, real=0.01 secs] 
2016-10-17T13:44:13.327+0800: 10220.886: [GC (Allocation Failure) 2016-10-17T13:44:13.327+0800: 10220.886: [ParNew: 616854K->5797K(685696K), 0.0101168 secs] 705576K->94519K(2483840K), 0.0102431 secs] [Times: user=0.03 sys=0.00, real=0.01 secs] 
2016-10-17T13:44:15.179+0800: 10222.737: [GC (Allocation Failure) 2016-10-17T13:44:15.179+0800: 10222.737: [ParNew: 615333K->5521K(685696K), 0.0087283 secs] 704055K->94243K(2483840K), 0.0088626 secs] [Times: user=0.02 sys=0.00, real=0.01 secs] 
2016-10-17T13:44:18.493+0800: 10226.052: [GC (Allocation Failure) 2016-10-17T13:44:18.493+0800: 10226.052: [ParNew: 615057K->6038K(685696K), 0.0115112 secs] 703779K->95155K(2483840K), 0.0116659 secs] [Times: user=0.04 sys=0.00, real=0.01 secs] 
2016-10-17T13:44:23.631+0800: 10231.189: [GC (Allocation Failure) 2016-10-17T13:44:23.631+0800: 10231.189: [ParNew: 615574K->4377K(685696K), 0.0124367 secs] 704691K->93545K(2483840K), 0.0125738 secs] [Times: user=0.03 sys=0.00, real=0.01 secs] 
2016-10-17T13:44:27.652+0800: 10235.211: [GC (Allocation Failure) 2016-10-17T13:44:27.652+0800: 10235.211: [ParNew: 613913K->4725K(685696K), 0.0112791 secs] 703081K->93892K(2483840K), 0.0114013 secs] [Times: user=0.03 sys=0.00, real=0.01 secs] 
2016-10-17T13:44:30.366+0800: 10237.925: [GC (Allocation Failure) 2016-10-17T13:44:30.366+0800: 10237.925: [ParNew: 614261K->4974K(685696K), 0.0095590 secs] 703428K->94143K(2483840K), 0.0096885 secs] [Times: user=0.03 sys=0.00, real=0.01 secs] 
2016-10-17T13:44:32.932+0800: 10240.491: [GC (Allocation Failure) 2016-10-17T13:44:32.932+0800: 10240.491: [ParNew: 614510K->5878K(685696K), 0.0094613 secs] 703679K->95095K(2483840K), 0.0096239 secs] [Times: user=0.03 sys=0.00, real=0.01 secs] 
2016-10-17T13:44:34.968+0800: 10242.527: [GC (Allocation Failure) 2016-10-17T13:44:34.968+0800: 10242.527: [ParNew: 615414K->6199K(685696K), 0.0096465 secs] 704631K->95416K(2483840K), 0.0097730 secs] [Times: user=0.03 sys=0.00, real=0.01 secs] 
2016-10-17T13:44:38.634+0800: 10246.193: [GC (Allocation Failure) 2016-10-17T13:44:38.634+0800: 10246.193: [ParNew: 615735K->4593K(685696K), 0.0090306 secs] 704952K->93812K(2483840K), 0.0091629 secs] [Times: user=0.03 sys=0.00, real=0.01 secs] 
2016-10-17T13:44:42.793+0800: 10250.352: [GC (Allocation Failure) 2016-10-17T13:44:42.793+0800: 10250.352: [ParNew: 614129K->5417K(685696K), 0.0093361 secs] 703348K->94685K(2483840K), 0.0094772 secs] [Times: user=0.03 sys=0.00, real=0.01 secs] 
2016-10-17T13:44:46.197+0800: 10253.756: [GC (Allocation Failure) 2016-10-17T13:44:46.198+0800: 10253.756: [ParNew: 614953K->5307K(685696K), 0.0099234 secs] 704221K->94574K(2483840K), 0.0100384 secs] [Times: user=0.03 sys=0.00, real=0.01 secs] 
2016-10-17T13:44:48.876+0800: 10256.435: [GC (Allocation Failure) 2016-10-17T13:44:48.877+0800: 10256.435: [ParNew: 614843K->5089K(685696K), 0.0100938 secs] 704110K->94357K(2483840K), 0.0102160 secs] [Times: user=0.04 sys=0.00, real=0.01 secs] 
2016-10-17T13:44:51.325+0800: 10258.884: [GC (Allocation Failure) 2016-10-17T13:44:51.325+0800: 10258.884: [ParNew: 614625K->5195K(685696K), 0.0098487 secs] 703893K->94511K(2483840K), 0.0099713 secs] [Times: user=0.03 sys=0.00, real=0.01 secs] 
2016-10-17T13:44:53.406+0800: 10260.964: [GC (Allocation Failure) 2016-10-17T13:44:53.406+0800: 10260.964: [ParNew: 614731K->5434K(685696K), 0.0094204 secs] 704047K->94751K(2483840K), 0.0095390 secs] [Times: user=0.03 sys=0.00, real=0.01 secs] 
2016-10-17T13:44:55.970+0800: 10263.529: [GC (Allocation Failure) 2016-10-17T13:44:55.971+0800: 10263.529: [ParNew: 614970K->5547K(685696K), 0.0119165 secs] 704287K->94871K(2483840K), 0.0121350 secs] [Times: user=0.03 sys=0.00, real=0.01 secs] 
2016-10-17T13:45:00.095+0800: 10267.653: [GC (Allocation Failure) 2016-10-17T13:45:00.095+0800: 10267.653: [ParNew: 615083K->7568K(685696K), 0.0090977 secs] 704407K->96947K(2483840K), 0.0092223 secs] [Times: user=0.03 sys=0.01, real=0.01 secs] 
2016-10-17T13:45:03.972+0800: 10271.531: [GC (Allocation Failure) 2016-10-17T13:45:03.972+0800: 10271.531: [ParNew: 617104K->7037K(685696K), 0.0107792 secs] 706483K->96417K(2483840K), 0.0109128 secs] [Times: user=0.04 sys=0.00, real=0.01 secs] 
2016-10-17T13:45:08.070+0800: 10275.629: [GC (Allocation Failure) 2016-10-17T13:45:08.070+0800: 10275.629: [ParNew: 616573K->6488K(685696K), 0.0103521 secs] 705953K->95867K(2483840K), 0.0104816 secs] [Times: user=0.04 sys=0.00, real=0.01 secs] 
2016-10-17T13:45:10.985+0800: 10278.544: [GC (Allocation Failure) 2016-10-17T13:45:10.985+0800: 10278.544: [ParNew: 616024K->7165K(685696K), 0.0099014 secs] 705403K->96674K(2483840K), 0.0100261 secs] [Times: user=0.03 sys=0.00, real=0.01 secs] 
2016-10-17T13:45:14.961+0800: 10282.520: [GC (Allocation Failure) 2016-10-17T13:45:14.961+0800: 10282.520: [ParNew: 616701K->7899K(685696K), 0.0096612 secs] 706210K->97658K(2483840K), 0.0097933 secs] [Times: user=0.03 sys=0.00, real=0.01 secs] 
2016-10-17T13:45:21.432+0800: 10288.990: [GC (Allocation Failure) 2016-10-17T13:45:21.432+0800: 10288.990: [ParNew: 617435K->5042K(685696K), 0.0111177 secs] 707194K->95674K(2483840K), 0.0112575 secs] [Times: user=0.04 sys=0.00, real=0.01 secs] 
2016-10-17T13:45:26.332+0800: 10293.891: [GC (Allocation Failure) 2016-10-17T13:45:26.332+0800: 10293.891: [ParNew: 614578K->5490K(685696K), 0.0113492 secs] 705210K->96122K(2483840K), 0.0115127 secs] [Times: user=0.04 sys=0.00, real=0.01 secs] 
2016-10-17T13:45:31.836+0800: 10299.394: [GC (Allocation Failure) 2016-10-17T13:45:31.836+0800: 10299.395: [ParNew: 615026K->4934K(685696K), 0.0108898 secs] 705658K->96113K(2483840K), 0.0110368 secs] [Times: user=0.04 sys=0.00, real=0.02 secs] 
2016-10-17T13:45:37.499+0800: 10305.058: [GC (Allocation Failure) 2016-10-17T13:45:37.499+0800: 10305.058: [ParNew: 614470K->5381K(685696K), 0.1569777 secs] 705649K->96707K(2483840K), 0.1571334 secs] [Times: user=0.59 sys=0.04, real=0.16 secs] 
2016-10-17T13:45:42.959+0800: 10310.518: [GC (Allocation Failure) 2016-10-17T13:45:42.959+0800: 10310.518: [ParNew: 614917K->4696K(685696K), 0.0114965 secs] 706243K->96024K(2483840K), 0.0116356 secs] [Times: user=0.04 sys=0.00, real=0.01 secs] 
2016-10-17T13:45:49.672+0800: 10317.230: [GC (Allocation Failure) 2016-10-17T13:45:49.672+0800: 10317.230: [ParNew: 614232K->4612K(685696K), 0.0084706 secs] 705560K->95987K(2483840K), 0.0085905 secs] [Times: user=0.02 sys=0.00, real=0.01 secs] 
2016-10-17T13:45:53.073+0800: 10320.632: [GC (Allocation Failure) 2016-10-17T13:45:53.073+0800: 10320.632: [ParNew: 614148K->4608K(685696K), 0.0098860 secs] 705523K->95984K(2483840K), 0.0100380 secs] [Times: user=0.03 sys=0.00, real=0.01 secs] 
2016-10-17T13:45:57.520+0800: 10325.078: [GC (Allocation Failure) 2016-10-17T13:45:57.520+0800: 10325.078: [ParNew: 614144K->4248K(685696K), 0.0101157 secs] 705520K->95673K(2483840K), 0.0102545 secs] [Times: user=0.03 sys=0.00, real=0.01 secs] 
2016-10-17T13:46:01.048+0800: 10328.607: [GC (Allocation Failure) 2016-10-17T13:46:01.048+0800: 10328.607: [ParNew: 613784K->5459K(685696K), 0.0148109 secs] 705209K->96886K(2483840K), 0.0149363 secs] [Times: user=0.03 sys=0.00, real=0.01 secs] 
2016-10-17T13:46:04.645+0800: 10332.204: [GC (Allocation Failure) 2016-10-17T13:46:04.645+0800: 10332.204: [ParNew: 614995K->5251K(685696K), 0.0098409 secs] 706422K->96732K(2483840K), 0.0099848 secs] [Times: user=0.04 sys=0.00, real=0.01 secs] 
2016-10-17T13:46:09.305+0800: 10336.864: [GC (Allocation Failure) 2016-10-17T13:46:09.306+0800: 10336.864: [ParNew: 614787K->5236K(685696K), 0.0085784 secs] 706268K->96766K(2483840K), 0.0087238 secs] [Times: user=0.03 sys=0.00, real=0.01 secs] 
2016-10-17T13:46:11.466+0800: 10339.025: [GC (Allocation Failure) 2016-10-17T13:46:11.466+0800: 10339.025: [ParNew: 614772K->6210K(685696K), 0.0104834 secs] 706302K->97742K(2483840K), 0.0106059 secs] [Times: user=0.03 sys=0.00, real=0.01 secs] 
2016-10-17T13:46:14.935+0800: 10342.493: [GC (Allocation Failure) 2016-10-17T13:46:14.935+0800: 10342.493: [ParNew: 615746K->4811K(685696K), 0.0113282 secs] 707278K->96392K(2483840K), 0.0114548 secs] [Times: user=0.03 sys=0.00, real=0.02 secs] 
2016-10-17T13:46:17.128+0800: 10344.687: [GC (Allocation Failure) 2016-10-17T13:46:17.128+0800: 10344.687: [ParNew: 614347K->5044K(685696K), 0.0112144 secs] 705928K->96625K(2483840K), 0.0113805 secs] [Times: user=0.03 sys=0.00, real=0.01 secs] 
2016-10-17T13:46:21.550+0800: 10349.109: [GC (Allocation Failure) 2016-10-17T13:46:21.550+0800: 10349.109: [ParNew: 614580K->4852K(685696K), 0.0279271 secs] 706161K->96433K(2483840K), 0.0280506 secs] [Times: user=0.04 sys=0.00, real=0.03 secs] 
2016-10-17T13:46:23.609+0800: 10351.168: [GC (Allocation Failure) 2016-10-17T13:46:23.609+0800: 10351.168: [ParNew: 614388K->6071K(685696K), 0.0109827 secs] 705969K->97928K(2483840K), 0.0111244 secs] [Times: user=0.03 sys=0.00, real=0.01 secs] 
2016-10-17T13:46:25.462+0800: 10353.020: [GC (Allocation Failure) 2016-10-17T13:46:25.462+0800: 10353.020: [ParNew: 615589K->4832K(685696K), 0.0173071 secs] 707446K->96689K(2483840K), 0.0174496 secs] [Times: user=0.03 sys=0.00, real=0.02 secs] 
2016-10-17T13:46:28.129+0800: 10355.687: [GC (Allocation Failure) 2016-10-17T13:46:28.129+0800: 10355.687: [ParNew: 614368K->5660K(685696K), 0.0104537 secs] 706225K->97517K(2483840K), 0.0105667 secs] [Times: user=0.03 sys=0.00, real=0.01 secs] 
2016-10-17T13:46:33.140+0800: 10360.699: [GC (Allocation Failure) 2016-10-17T13:46:33.140+0800: 10360.699: [ParNew: 615196K->5610K(685696K), 0.0093127 secs] 707053K->97813K(2483840K), 0.0094382 secs] [Times: user=0.03 sys=0.00, real=0.01 secs] 
2016-10-17T13:46:37.535+0800: 10365.093: [GC (Allocation Failure) 2016-10-17T13:46:37.535+0800: 10365.093: [ParNew: 615146K->4579K(685696K), 0.0091421 secs] 707349K->96783K(2483840K), 0.0092988 secs] [Times: user=0.03 sys=0.00, real=0.01 secs] 
2016-10-17T13:46:40.036+0800: 10367.594: [GC (Allocation Failure) 2016-10-17T13:46:40.036+0800: 10367.595: [ParNew: 614115K->4723K(685696K), 0.0081820 secs] 706319K->96927K(2483840K), 0.0083063 secs] [Times: user=0.03 sys=0.00, real=0.01 secs] 
2016-10-17T13:46:41.994+0800: 10369.552: [GC (Allocation Failure) 2016-10-17T13:46:41.994+0800: 10369.552: [ParNew: 614259K->4143K(685696K), 0.0087402 secs] 706463K->96524K(2483840K), 0.0088898 secs] [Times: user=0.03 sys=0.00, real=0.01 secs] 
2016-10-17T13:46:44.841+0800: 10372.400: [GC (Allocation Failure) 2016-10-17T13:46:44.841+0800: 10372.400: [ParNew: 613679K->4804K(685696K), 0.0134696 secs] 706060K->97185K(2483840K), 0.0136205 secs] [Times: user=0.04 sys=0.00, real=0.01 secs] 
2016-10-17T13:46:47.008+0800: 10374.566: [GC (Allocation Failure) 2016-10-17T13:46:47.008+0800: 10374.566: [ParNew: 614340K->4353K(685696K), 0.0086016 secs] 706721K->96736K(2483840K), 0.0087218 secs] [Times: user=0.03 sys=0.00, real=0.01 secs] 
2016-10-17T13:46:51.515+0800: 10379.074: [GC (Allocation Failure) 2016-10-17T13:46:51.515+0800: 10379.074: [ParNew: 613889K->5108K(685696K), 0.0092318 secs] 706272K->97538K(2483840K), 0.0093734 secs] [Times: user=0.03 sys=0.00, real=0.01 secs] 
2016-10-17T13:46:55.482+0800: 10383.041: [GC (Allocation Failure) 2016-10-17T13:46:55.482+0800: 10383.041: [ParNew: 614644K->5140K(685696K), 0.0110605 secs] 707074K->97577K(2483840K), 0.0111935 secs] [Times: user=0.04 sys=0.00, real=0.01 secs] 
2016-10-17T13:46:58.842+0800: 10386.400: [GC (Allocation Failure) 2016-10-17T13:46:58.842+0800: 10386.400: [ParNew: 614676K->5100K(685696K), 0.0108594 secs] 707113K->97536K(2483840K), 0.0109985 secs] [Times: user=0.03 sys=0.00, real=0.01 secs] 
2016-10-17T13:47:02.171+0800: 10389.730: [GC (Allocation Failure) 2016-10-17T13:47:02.172+0800: 10389.730: [ParNew: 614636K->5238K(685696K), 0.0100231 secs] 707072K->97676K(2483840K), 0.0101488 secs] [Times: user=0.03 sys=0.00, real=0.01 secs] 
2016-10-17T13:47:04.252+0800: 10391.811: [GC (Allocation Failure) 2016-10-17T13:47:04.252+0800: 10391.811: [ParNew: 614774K->6005K(685696K), 0.0096429 secs] 707212K->98495K(2483840K), 0.0097555 secs] [Times: user=0.04 sys=0.00, real=0.01 secs] 
2016-10-17T13:47:06.619+0800: 10394.178: [GC (Allocation Failure) 2016-10-17T13:47:06.619+0800: 10394.178: [ParNew: 615541K->4542K(685696K), 0.0097392 secs] 708031K->97033K(2483840K), 0.0098785 secs] [Times: user=0.03 sys=0.00, real=0.01 secs] 
2016-10-17T14:02:00.929+0800: 11288.488: [GC (Allocation Failure) 2016-10-17T14:02:00.930+0800: 11288.488: [ParNew: 614078K->32072K(685696K), 0.0481288 secs] 706569K->124563K(2483840K), 0.0483303 secs] [Times: user=0.12 sys=0.00, real=0.05 secs] 
2016-10-17T14:08:34.739+0800: 11682.298: [GC (Allocation Failure) 2016-10-17T14:08:34.739+0800: 11682.298: [ParNew: 641608K->50110K(685696K), 0.0383676 secs] 734099K->142649K(2483840K), 0.0385774 secs] [Times: user=0.14 sys=0.00, real=0.04 secs] 
2016-10-17T14:24:42.166+0800: 12649.724: [GC (Allocation Failure) 2016-10-17T14:24:42.166+0800: 12649.725: [ParNew: 659646K->54272K(685696K), 0.0382076 secs] 752185K->146811K(2483840K), 0.0384036 secs] [Times: user=0.13 sys=0.00, real=0.04 secs] 
2016-10-17T14:47:12.206+0800: 13999.765: [GC (Allocation Failure) 2016-10-17T14:47:12.207+0800: 13999.765: [ParNew: 663808K->46841K(685696K), 0.0384767 secs] 756347K->139380K(2483840K), 0.0386849 secs] [Times: user=0.14 sys=0.00, real=0.03 secs] 
2016-10-17T15:01:03.015+0800: 14830.574: [GC (Allocation Failure) 2016-10-17T15:01:03.015+0800: 14830.574: [ParNew: 656377K->76160K(685696K), 0.1230028 secs] 748916K->171718K(2483840K), 0.1231548 secs] [Times: user=0.11 sys=0.02, real=0.13 secs] 
2016-10-17T15:01:04.570+0800: 14832.128: [GC (Allocation Failure) 2016-10-17T15:01:04.570+0800: 14832.128: [ParNew: 685587K->72719K(685696K), 0.1737899 secs] 781146K->202688K(2483840K), 0.1739185 secs] [Times: user=0.37 sys=0.03, real=0.17 secs] 
2016-10-17T15:01:06.275+0800: 14833.834: [GC (Allocation Failure) 2016-10-17T15:01:06.275+0800: 14833.834: [ParNew: 682114K->15104K(685696K), 0.0098732 secs] 812083K->145073K(2483840K), 0.0100080 secs] [Times: user=0.04 sys=0.00, real=0.01 secs] 
2016-10-17T15:01:07.174+0800: 14834.733: [GC (Allocation Failure) 2016-10-17T15:01:07.174+0800: 14834.733: [ParNew: 624435K->31858K(685696K), 0.0108903 secs] 754405K->161828K(2483840K), 0.0110277 secs] [Times: user=0.03 sys=0.00, real=0.01 secs] 
2016-10-17T15:01:08.303+0800: 14835.862: [GC (Allocation Failure) 2016-10-17T15:01:08.303+0800: 14835.862: [ParNew: 641252K->27725K(685696K), 0.0100501 secs] 771222K->157695K(2483840K), 0.0102666 secs] [Times: user=0.03 sys=0.00, real=0.01 secs] 
2016-10-17T15:01:09.196+0800: 14836.755: [GC (Allocation Failure) 2016-10-17T15:01:09.196+0800: 14836.755: [ParNew: 637202K->37950K(685696K), 0.0135883 secs] 767171K->167920K(2483840K), 0.0137420 secs] [Times: user=0.05 sys=0.00, real=0.01 secs] 
2016-10-17T15:01:10.588+0800: 14838.147: [GC (Allocation Failure) 2016-10-17T15:01:10.588+0800: 14838.147: [ParNew: 647432K->33940K(685696K), 0.0399948 secs] 777401K->163909K(2483840K), 0.0401451 secs] [Times: user=0.14 sys=0.00, real=0.04 secs] 
2016-10-17T15:01:11.648+0800: 14839.207: [GC (Allocation Failure) 2016-10-17T15:01:11.648+0800: 14839.207: [ParNew: 643476K->41219K(685696K), 0.0139332 secs] 773445K->172221K(2483840K), 0.0140945 secs] [Times: user=0.05 sys=0.00, real=0.01 secs] 
2016-10-17T15:01:13.251+0800: 14840.810: [GC (Allocation Failure) 2016-10-17T15:01:13.251+0800: 14840.810: [ParNew: 650746K->39781K(685696K), 0.0138192 secs] 781749K->171239K(2483840K), 0.0139591 secs] [Times: user=0.04 sys=0.00, real=0.01 secs] 
2016-10-17T15:01:14.824+0800: 14842.383: [GC (Allocation Failure) 2016-10-17T15:01:14.824+0800: 14842.383: [ParNew: 649243K->16075K(685696K), 0.0082209 secs] 780702K->147533K(2483840K), 0.0083345 secs] [Times: user=0.02 sys=0.00, real=0.01 secs] 
2016-10-17T15:01:15.794+0800: 14843.353: [GC (Allocation Failure) 2016-10-17T15:01:15.794+0800: 14843.353: [ParNew: 625611K->31267K(685696K), 0.0104210 secs] 757069K->162725K(2483840K), 0.0105426 secs] [Times: user=0.04 sys=0.00, real=0.01 secs] 
2016-10-17T15:01:16.755+0800: 14844.314: [GC (Allocation Failure) 2016-10-17T15:01:16.755+0800: 14844.314: [ParNew: 640803K->22018K(685696K), 0.0099078 secs] 772261K->153476K(2483840K), 0.0100765 secs] [Times: user=0.03 sys=0.00, real=0.01 secs] 
2016-10-17T15:01:17.775+0800: 14845.334: [GC (Allocation Failure) 2016-10-17T15:01:17.775+0800: 14845.334: [ParNew: 631554K->40701K(685696K), 0.0122800 secs] 763012K->172160K(2483840K), 0.0124166 secs] [Times: user=0.04 sys=0.00, real=0.02 secs] 
2016-10-17T15:01:18.868+0800: 14846.426: [GC (Allocation Failure) 2016-10-17T15:01:18.868+0800: 14846.426: [ParNew: 650237K->33473K(685696K), 0.0110497 secs] 781696K->164931K(2483840K), 0.0112131 secs] [Times: user=0.04 sys=0.00, real=0.01 secs] 
2016-10-17T15:01:20.423+0800: 14847.982: [GC (Allocation Failure) 2016-10-17T15:01:20.423+0800: 14847.982: [ParNew: 642991K->33655K(685696K), 0.0523427 secs] 774450K->167761K(2483840K), 0.0524642 secs] [Times: user=0.04 sys=0.00, real=0.05 secs] 
2016-10-17T15:01:21.887+0800: 14849.446: [GC (Allocation Failure) 2016-10-17T15:01:21.887+0800: 14849.446: [ParNew: 643191K->15036K(685696K), 0.0113587 secs] 777297K->149278K(2483840K), 0.0115025 secs] [Times: user=0.03 sys=0.00, real=0.01 secs] 
2016-10-17T15:01:22.668+0800: 14850.227: [GC (Allocation Failure) 2016-10-17T15:01:22.668+0800: 14850.227: [ParNew: 624572K->32739K(685696K), 0.0125443 secs] 758814K->166986K(2483840K), 0.0126906 secs] [Times: user=0.04 sys=0.00, real=0.01 secs] 
2016-10-17T15:01:23.491+0800: 14851.050: [GC (Allocation Failure) 2016-10-17T15:01:23.491+0800: 14851.050: [ParNew: 642275K->23027K(685696K), 0.0108646 secs] 776522K->157408K(2483840K), 0.0110335 secs] [Times: user=0.04 sys=0.00, real=0.01 secs] 
2016-10-17T15:01:24.120+0800: 14851.679: [GC (Allocation Failure) 2016-10-17T15:01:24.120+0800: 14851.679: [ParNew: 632563K->35374K(685696K), 0.0122647 secs] 766944K->169759K(2483840K), 0.0123888 secs] [Times: user=0.05 sys=0.00, real=0.01 secs] 
2016-10-17T15:01:24.954+0800: 14852.512: [GC (Allocation Failure) 2016-10-17T15:01:24.954+0800: 14852.512: [ParNew: 644910K->33697K(685696K), 0.0095655 secs] 779295K->168120K(2483840K), 0.0096869 secs] [Times: user=0.03 sys=0.00, real=0.01 secs] 
2016-10-17T15:01:26.010+0800: 14853.569: [GC (Allocation Failure) 2016-10-17T15:01:26.011+0800: 14853.569: [ParNew: 643233K->44959K(685696K), 0.0177335 secs] 777656K->179588K(2483840K), 0.0178776 secs] [Times: user=0.05 sys=0.01, real=0.02 secs] 
2016-10-17T15:01:26.737+0800: 14854.296: [GC (Allocation Failure) 2016-10-17T15:01:26.737+0800: 14854.296: [ParNew: 654495K->30955K(685696K), 0.0099837 secs] 789124K->165591K(2483840K), 0.0101188 secs] [Times: user=0.04 sys=0.00, real=0.01 secs] 
2016-10-17T15:01:27.731+0800: 14855.290: [GC (Allocation Failure) 2016-10-17T15:01:27.732+0800: 14855.290: [ParNew: 640491K->51219K(685696K), 0.0266866 secs] 775127K->188541K(2483840K), 0.0268307 secs] [Times: user=0.08 sys=0.01, real=0.03 secs] 
2016-10-17T15:01:28.520+0800: 14856.079: [GC (Allocation Failure) 2016-10-17T15:01:28.520+0800: 14856.079: [ParNew: 660755K->32813K(685696K), 0.0101389 secs] 798077K->170562K(2483840K), 0.0102751 secs] [Times: user=0.03 sys=0.00, real=0.01 secs] 
2016-10-17T15:01:29.509+0800: 14857.068: [GC (Allocation Failure) 2016-10-17T15:01:29.509+0800: 14857.068: [ParNew: 642349K->49902K(685696K), 0.0167478 secs] 780098K->187651K(2483840K), 0.0168674 secs] [Times: user=0.04 sys=0.00, real=0.02 secs] 
2016-10-17T15:01:30.489+0800: 14858.047: [GC (Allocation Failure) 2016-10-17T15:01:30.489+0800: 14858.048: [ParNew: 659438K->44046K(685696K), 0.0110243 secs] 797187K->181935K(2483840K), 0.0111987 secs] [Times: user=0.04 sys=0.00, real=0.01 secs] 
2016-10-17T15:01:32.318+0800: 14859.877: [GC (Allocation Failure) 2016-10-17T15:01:32.318+0800: 14859.877: [ParNew: 653582K->17172K(685696K), 0.0086316 secs] 791471K->155061K(2483840K), 0.0087641 secs] [Times: user=0.03 sys=0.00, real=0.01 secs] 
2016-10-17T15:03:46.043+0800: 14993.602: [GC (Allocation Failure) 2016-10-17T15:03:46.043+0800: 14993.602: [ParNew: 626651K->40722K(685696K), 0.0247338 secs] 764540K->178611K(2483840K), 0.0248724 secs] [Times: user=0.09 sys=0.00, real=0.03 secs] 
2016-10-17T15:03:52.137+0800: 14999.696: [GC (Allocation Failure) 2016-10-17T15:03:52.137+0800: 14999.696: [ParNew: 650249K->35680K(685696K), 0.0835876 secs] 788138K->214205K(2483840K), 0.0837239 secs] [Times: user=0.27 sys=0.01, real=0.08 secs] 
2016-10-17T15:03:58.866+0800: 15006.424: [GC (Allocation Failure) 2016-10-17T15:03:58.866+0800: 15006.424: [ParNew: 645162K->67372K(685696K), 0.1486730 secs] 823688K->245897K(2483840K), 0.1488131 secs] [Times: user=0.54 sys=0.04, real=0.15 secs] 
2016-10-17T15:04:05.951+0800: 15013.510: [GC (Allocation Failure) 2016-10-17T15:04:05.951+0800: 15013.510: [ParNew: 676908K->69380K(685696K), 0.0640260 secs] 855433K->270030K(2483840K), 0.0641850 secs] [Times: user=0.22 sys=0.00, real=0.06 secs] 
2016-10-17T15:04:12.124+0800: 15019.683: [GC (Allocation Failure) 2016-10-17T15:04:12.124+0800: 15019.683: [ParNew: 678916K->75552K(685696K), 0.0689164 secs] 879566K->300828K(2483840K), 0.0690861 secs] [Times: user=0.23 sys=0.01, real=0.07 secs] 
2016-10-17T15:04:17.148+0800: 15024.706: [GC (Allocation Failure) 2016-10-17T15:04:17.148+0800: 15024.706: [ParNew: 685088K->73760K(685696K), 0.0747812 secs] 910364K->323664K(2483840K), 0.0749065 secs] [Times: user=0.21 sys=0.03, real=0.07 secs] 
2016-10-17T15:04:23.149+0800: 15030.708: [GC (Allocation Failure) 2016-10-17T15:04:23.149+0800: 15030.708: [ParNew: 683254K->74604K(685696K), 0.0580530 secs] 933158K->347158K(2483840K), 0.0581755 secs] [Times: user=0.19 sys=0.01, real=0.06 secs] 
2016-10-17T15:04:28.234+0800: 15035.793: [GC (Allocation Failure) 2016-10-17T15:04:28.234+0800: 15035.793: [ParNew: 684140K->68073K(685696K), 0.0678359 secs] 956694K->365039K(2483840K), 0.0679782 secs] [Times: user=0.23 sys=0.01, real=0.07 secs] 
2016-10-17T15:04:33.032+0800: 15040.591: [GC (Allocation Failure) 2016-10-17T15:04:33.032+0800: 15040.591: [ParNew: 677563K->76160K(685696K), 0.0607007 secs] 974529K->397787K(2483840K), 0.0608263 secs] [Times: user=0.18 sys=0.01, real=0.06 secs] 
2016-10-17T15:04:38.030+0800: 15045.588: [GC (Allocation Failure) 2016-10-17T15:04:38.030+0800: 15045.589: [ParNew: 685696K->70318K(685696K), 0.0570985 secs] 1007323K->416514K(2483840K), 0.0572225 secs] [Times: user=0.20 sys=0.01, real=0.06 secs] 
2016-10-17T15:04:43.196+0800: 15050.755: [GC (Allocation Failure) 2016-10-17T15:04:43.196+0800: 15050.755: [ParNew: 679808K->66150K(685696K), 0.0594939 secs] 1026003K->435238K(2483840K), 0.0596229 secs] [Times: user=0.19 sys=0.01, real=0.06 secs] 
2016-10-17T15:04:49.992+0800: 15057.551: [GC (Allocation Failure) 2016-10-17T15:04:49.992+0800: 15057.551: [ParNew: 675686K->76160K(685696K), 0.0657417 secs] 1044774K->469802K(2483840K), 0.0658673 secs] [Times: user=0.22 sys=0.01, real=0.07 secs] 
2016-10-17T15:04:52.347+0800: 15059.906: [GC (Allocation Failure) 2016-10-17T15:04:52.347+0800: 15059.906: [ParNew: 685696K->69938K(685696K), 0.0800624 secs] 1079338K->488492K(2483840K), 0.0801881 secs] [Times: user=0.22 sys=0.01, real=0.08 secs] 
2016-10-17T15:04:54.943+0800: 15062.501: [GC (Allocation Failure) 2016-10-17T15:04:54.943+0800: 15062.502: [ParNew: 679474K->33628K(685696K), 0.0653619 secs] 1098028K->477123K(2483840K), 0.0655996 secs] [Times: user=0.17 sys=0.01, real=0.07 secs] 
2016-10-17T15:05:03.642+0800: 15071.201: [GC (Allocation Failure) 2016-10-17T15:05:03.642+0800: 15071.201: [ParNew: 643135K->36250K(685696K), 0.0325004 secs] 1086630K->479745K(2483840K), 0.0326723 secs] [Times: user=0.09 sys=0.00, real=0.03 secs] 
2016-10-17T15:05:14.457+0800: 15082.016: [GC (Allocation Failure) 2016-10-17T15:05:14.457+0800: 15082.016: [ParNew: 645786K->63371K(685696K), 0.0359452 secs] 1089281K->506866K(2483840K), 0.0360866 secs] [Times: user=0.14 sys=0.00, real=0.03 secs] 
2016-10-17T15:05:23.299+0800: 15090.857: [GC (Allocation Failure) 2016-10-17T15:05:23.299+0800: 15090.857: [ParNew: 672907K->68049K(685696K), 0.0855371 secs] 1116402K->537449K(2483840K), 0.0856810 secs] [Times: user=0.28 sys=0.01, real=0.08 secs] 
2016-10-17T15:05:30.770+0800: 15098.329: [GC (Allocation Failure) 2016-10-17T15:05:30.770+0800: 15098.329: [ParNew: 677580K->76160K(685696K), 0.0625183 secs] 1146981K->570634K(2483840K), 0.0627312 secs] [Times: user=0.22 sys=0.01, real=0.06 secs] 
2016-10-17T15:05:36.169+0800: 15103.728: [GC (Allocation Failure) 2016-10-17T15:05:36.170+0800: 15103.728: [ParNew: 685654K->71207K(685696K), 0.0986169 secs] 1180129K->590745K(2483840K), 0.0987480 secs] [Times: user=0.24 sys=0.03, real=0.10 secs] 
2016-10-17T15:05:42.109+0800: 15109.668: [GC (Allocation Failure) 2016-10-17T15:05:42.110+0800: 15109.668: [ParNew: 680702K->68888K(685696K), 0.0664813 secs] 1200240K->611659K(2483840K), 0.0666109 secs] [Times: user=0.22 sys=0.01, real=0.07 secs] 
2016-10-17T15:06:09.395+0800: 15136.953: [GC (Allocation Failure) 2016-10-17T15:06:09.395+0800: 15136.953: [ParNew: 678325K->76160K(685696K), 0.1217763 secs] 1221096K->645225K(2483840K), 0.1219471 secs] [Times: user=0.39 sys=0.02, real=0.13 secs] 
2016-10-17T15:06:18.134+0800: 15145.693: [GC (Allocation Failure) 2016-10-17T15:06:18.134+0800: 15145.693: [ParNew: 685624K->76160K(685696K), 0.0755880 secs] 1254690K->731351K(2483840K), 0.0757290 secs] [Times: user=0.20 sys=0.05, real=0.08 secs] 
2016-10-17T15:06:34.231+0800: 15161.790: [GC (Allocation Failure) 2016-10-17T15:06:34.231+0800: 15161.790: [ParNew: 685680K->76160K(685696K), 0.0457249 secs] 1340872K->787721K(2483840K), 0.0458520 secs] [Times: user=0.12 sys=0.03, real=0.05 secs] 
2016-10-17T15:06:37.647+0800: 15165.206: [GC (Allocation Failure) 2016-10-17T15:06:37.647+0800: 15165.206: [ParNew: 685696K->61581K(685696K), 0.0831147 secs] 1397257K->834405K(2483840K), 0.0832864 secs] [Times: user=0.10 sys=0.05, real=0.08 secs] 
2016-10-17T15:06:40.433+0800: 15167.991: [GC (Allocation Failure) 2016-10-17T15:06:40.433+0800: 15167.991: [ParNew: 671051K->50264K(685696K), 0.0226292 secs] 1443875K->823087K(2483840K), 0.0227461 secs] [Times: user=0.08 sys=0.00, real=0.02 secs] 
2016-10-17T15:06:54.004+0800: 15181.563: [GC (Allocation Failure) 2016-10-17T15:06:54.004+0800: 15181.563: [ParNew: 659800K->50061K(685696K), 0.0202797 secs] 1432623K->825202K(2483840K), 0.0204431 secs] [Times: user=0.06 sys=0.00, real=0.02 secs] 
2016-10-17T15:07:00.971+0800: 15188.530: [GC (Allocation Failure) 2016-10-17T15:07:00.971+0800: 15188.530: [ParNew: 659449K->76160K(685696K), 0.0424208 secs] 1434590K->895460K(2483840K), 0.0425600 secs] [Times: user=0.11 sys=0.04, real=0.04 secs] 
2016-10-17T15:07:08.989+0800: 15196.547: [GC (Allocation Failure) 2016-10-17T15:07:08.989+0800: 15196.547: [ParNew: 685632K->76160K(685696K), 0.0525472 secs] 1504933K->962413K(2483840K), 0.0526841 secs] [Times: user=0.13 sys=0.04, real=0.05 secs] 
2016-10-17T15:07:18.609+0800: 15206.168: [GC (Allocation Failure) 2016-10-17T15:07:18.609+0800: 15206.168: [ParNew: 685639K->76160K(685696K), 0.0475352 secs] 1571892K->1025519K(2483840K), 0.0476763 secs] [Times: user=0.12 sys=0.04, real=0.05 secs] 
2016-10-17T15:07:26.494+0800: 15214.053: [GC (Allocation Failure) 2016-10-17T15:07:26.494+0800: 15214.053: [ParNew: 685696K->76160K(685696K), 0.0512744 secs] 1635055K->1072477K(2483840K), 0.0514080 secs] [Times: user=0.17 sys=0.02, real=0.05 secs] 
2016-10-17T15:07:35.344+0800: 15222.902: [GC (Allocation Failure) 2016-10-17T15:07:35.344+0800: 15222.902: [ParNew: 685696K->72198K(685696K), 0.0634268 secs] 1682013K->1112912K(2483840K), 0.0635656 secs] [Times: user=0.15 sys=0.03, real=0.07 secs] 
2016-10-17T15:07:41.560+0800: 15229.119: [GC (Allocation Failure) 2016-10-17T15:07:41.561+0800: 15229.119: [ParNew: 681734K->76160K(685696K), 0.0400091 secs] 1722448K->1126915K(2483840K), 0.0401451 secs] [Times: user=0.14 sys=0.01, real=0.04 secs] 
2016-10-17T15:07:49.345+0800: 15236.904: [GC (Allocation Failure) 2016-10-17T15:07:49.345+0800: 15236.904: [ParNew: 685673K->75310K(685696K), 0.0649992 secs] 1736429K->1199548K(2483840K), 0.0651268 secs] [Times: user=0.17 sys=0.04, real=0.07 secs] 
2016-10-17T15:08:09.233+0800: 15256.791: [GC (Allocation Failure) 2016-10-17T15:08:09.233+0800: 15256.791: [ParNew: 684846K->50811K(685696K), 0.0464959 secs] 1809084K->1220381K(2483840K), 0.0466168 secs] [Times: user=0.13 sys=0.02, real=0.05 secs] 
2016-10-17T15:08:24.061+0800: 15271.620: [GC (Allocation Failure) 2016-10-17T15:08:24.061+0800: 15271.620: [ParNew: 660335K->75374K(685696K), 0.0336314 secs] 1829905K->1244944K(2483840K), 0.0337585 secs] [Times: user=0.13 sys=0.00, real=0.03 secs] 
2016-10-17T15:08:35.393+0800: 15282.952: [GC (Allocation Failure) 2016-10-17T15:08:35.393+0800: 15282.952: [ParNew: 684848K->76160K(685696K), 0.0656512 secs] 1854417K->1273625K(2483840K), 0.0657878 secs] [Times: user=0.18 sys=0.01, real=0.07 secs] 
2016-10-17T15:08:41.358+0800: 15288.917: [GC (Allocation Failure) 2016-10-17T15:08:41.358+0800: 15288.917: [ParNew: 685696K->76160K(685696K), 0.0514804 secs] 1883161K->1303162K(2483840K), 0.0516339 secs] [Times: user=0.18 sys=0.01, real=0.05 secs] 
2016-10-17T15:08:50.667+0800: 15298.226: [GC (Allocation Failure) 2016-10-17T15:08:50.667+0800: 15298.226: [ParNew: 685656K->76159K(685696K), 0.0901314 secs] 1912659K->1369889K(2483840K), 0.0902919 secs] [Times: user=0.24 sys=0.05, real=0.09 secs] 
2016-10-17T15:08:50.758+0800: 15298.317: [GC (CMS Initial Mark) [1 CMS-initial-mark: 1293729K(1798144K)] 1371049K(2483840K), 0.0122088 secs] [Times: user=0.04 sys=0.00, real=0.01 secs] 
2016-10-17T15:08:50.771+0800: 15298.330: [CMS-concurrent-mark-start]
2016-10-17T15:08:50.844+0800: 15298.402: [CMS-concurrent-mark: 0.073/0.073 secs] [Times: user=0.08 sys=0.01, real=0.07 secs] 
2016-10-17T15:08:50.844+0800: 15298.403: [CMS-concurrent-preclean-start]
2016-10-17T15:08:50.850+0800: 15298.409: [CMS-concurrent-preclean: 0.006/0.006 secs] [Times: user=0.01 sys=0.00, real=0.01 secs] 
2016-10-17T15:08:50.850+0800: 15298.409: [CMS-concurrent-abortable-preclean-start]
 CMS: abort preclean due to time 2016-10-17T15:08:56.115+0800: 15303.673: [CMS-concurrent-abortable-preclean: 5.258/5.265 secs] [Times: user=6.77 sys=0.39, real=5.26 secs] 
2016-10-17T15:08:56.115+0800: 15303.674: [GC (CMS Final Remark) [YG occupancy: 313472 K (685696 K)]2016-10-17T15:08:56.115+0800: 15303.674: [Rescan (parallel) , 0.0310391 secs]2016-10-17T15:08:56.146+0800: 15303.705: [weak refs processing, 0.0058991 secs]2016-10-17T15:08:56.152+0800: 15303.711: [class unloading, 0.0351651 secs]2016-10-17T15:08:56.187+0800: 15303.746: [scrub symbol table, 0.0050332 secs]2016-10-17T15:08:56.192+0800: 15303.751: [scrub string table, 0.0006932 secs][1 CMS-remark: 1293729K(1798144K)] 1607201K(2483840K), 0.0895744 secs] [Times: user=0.19 sys=0.00, real=0.09 secs] 
2016-10-17T15:08:56.205+0800: 15303.764: [CMS-concurrent-sweep-start]
2016-10-17T15:08:56.829+0800: 15304.387: [CMS-concurrent-sweep: 0.623/0.624 secs] [Times: user=0.84 sys=0.04, real=0.63 secs] 
2016-10-17T15:08:56.830+0800: 15304.388: [CMS-concurrent-reset-start]
2016-10-17T15:08:56.834+0800: 15304.393: [CMS-concurrent-reset: 0.004/0.004 secs] [Times: user=0.00 sys=0.00, real=0.00 secs] 
2016-10-17T15:09:04.512+0800: 15312.071: [GC (Allocation Failure) 2016-10-17T15:09:04.512+0800: 15312.071: [ParNew: 685695K->75176K(685696K), 0.2033279 secs] 1049593K->498389K(2483840K), 0.2034816 secs] [Times: user=0.34 sys=0.01, real=0.20 secs] 
2016-10-17T15:09:17.487+0800: 15325.046: [GC (Allocation Failure) 2016-10-17T15:09:17.487+0800: 15325.046: [ParNew: 684712K->76160K(685696K), 0.0350104 secs] 1107925K->499375K(2483840K), 0.0351412 secs] [Times: user=0.14 sys=0.00, real=0.03 secs] 
2016-10-17T15:09:29.862+0800: 15337.421: [GC (Allocation Failure) 2016-10-17T15:09:29.862+0800: 15337.421: [ParNew: 685693K->62740K(685696K), 0.0480680 secs] 1108908K->511941K(2483840K), 0.0481981 secs] [Times: user=0.18 sys=0.00, real=0.05 secs] 
2016-10-17T15:09:32.309+0800: 15339.868: [GC (Allocation Failure) 2016-10-17T15:09:32.309+0800: 15339.868: [ParNew: 672276K->56305K(685696K), 0.0373585 secs] 1121477K->527688K(2483840K), 0.0374925 secs] [Times: user=0.14 sys=0.00, real=0.04 secs] 
2016-10-17T15:09:43.027+0800: 15350.586: [GC (Allocation Failure) 2016-10-17T15:09:43.027+0800: 15350.586: [ParNew: 665804K->76160K(685696K), 0.0381125 secs] 1137186K->570107K(2483840K), 0.0382549 secs] [Times: user=0.12 sys=0.00, real=0.03 secs] 
2016-10-17T15:09:49.366+0800: 15356.924: [GC (Allocation Failure) 2016-10-17T15:09:49.366+0800: 15356.924: [ParNew: 685650K->76160K(685696K), 0.0339796 secs] 1179597K->623830K(2483840K), 0.0341134 secs] [Times: user=0.13 sys=0.00, real=0.04 secs] 
2016-10-17T15:09:57.143+0800: 15364.702: [GC (Allocation Failure) 2016-10-17T15:09:57.143+0800: 15364.702: [ParNew: 685687K->76160K(685696K), 0.0365867 secs] 1233357K->682623K(2483840K), 0.0367166 secs] [Times: user=0.14 sys=0.00, real=0.04 secs] 
2016-10-17T15:10:15.472+0800: 15383.031: [GC (Allocation Failure) 2016-10-17T15:10:15.472+0800: 15383.031: [ParNew: 685653K->63892K(685696K), 0.1800206 secs] 1292117K->717077K(2483840K), 0.1802109 secs] [Times: user=0.18 sys=0.00, real=0.18 secs] 
2016-10-17T15:10:28.426+0800: 15395.985: [GC (Allocation Failure) 2016-10-17T15:10:28.426+0800: 15395.985: [ParNew: 673428K->42086K(685696K), 0.0422262 secs] 1326613K->731914K(2483840K), 0.0423691 secs] [Times: user=0.16 sys=0.00, real=0.04 secs] 
2016-10-17T15:10:35.496+0800: 15403.055: [GC (Allocation Failure) 2016-10-17T15:10:35.496+0800: 15403.055: [ParNew: 651622K->50472K(685696K), 0.0413466 secs] 1341450K->768803K(2483840K), 0.0414930 secs] [Times: user=0.16 sys=0.00, real=0.04 secs] 
2016-10-17T15:10:43.317+0800: 15410.876: [GC (Allocation Failure) 2016-10-17T15:10:43.317+0800: 15410.876: [ParNew: 659787K->65503K(685696K), 0.0330580 secs] 1378119K->820130K(2483840K), 0.0332150 secs] [Times: user=0.13 sys=0.00, real=0.03 secs] 
2016-10-17T15:11:06.627+0800: 15434.186: [GC (Allocation Failure) 2016-10-17T15:11:06.627+0800: 15434.186: [ParNew: 674976K->44617K(685696K), 0.0419085 secs] 1429603K->843831K(2483840K), 0.0420531 secs] [Times: user=0.16 sys=0.00, real=0.04 secs] 
2016-10-17T15:11:29.053+0800: 15456.611: [GC (Allocation Failure) 2016-10-17T15:11:29.053+0800: 15456.611: [ParNew: 654117K->42385K(685696K), 0.0599859 secs] 1453332K->869534K(2483840K), 0.0601153 secs] [Times: user=0.17 sys=0.00, real=0.06 secs] 
2016-10-17T15:11:43.796+0800: 15471.355: [GC (Allocation Failure) 2016-10-17T15:11:43.796+0800: 15471.355: [ParNew: 651921K->71989K(685696K), 0.0390390 secs] 1479070K->899139K(2483840K), 0.0392009 secs] [Times: user=0.15 sys=0.00, real=0.03 secs] 
2016-10-17T15:11:50.353+0800: 15477.912: [GC (Allocation Failure) 2016-10-17T15:11:50.353+0800: 15477.912: [ParNew: 681525K->43982K(685696K), 0.0689450 secs] 1508675K->920456K(2483840K), 0.0690878 secs] [Times: user=0.18 sys=0.00, real=0.07 secs] 
2016-10-17T15:11:55.142+0800: 15482.700: [GC (Allocation Failure) 2016-10-17T15:11:55.142+0800: 15482.700: [ParNew: 653518K->53183K(685696K), 0.0183885 secs] 1529992K->929657K(2483840K), 0.0185349 secs] [Times: user=0.07 sys=0.00, real=0.02 secs] 
2016-10-17T15:12:02.175+0800: 15489.733: [GC (Allocation Failure) 2016-10-17T15:12:02.175+0800: 15489.733: [ParNew: 662719K->54125K(685696K), 0.0291497 secs] 1539193K->951374K(2483840K), 0.0293224 secs] [Times: user=0.11 sys=0.00, real=0.03 secs] 
2016-10-17T15:12:09.382+0800: 15496.941: [GC (Allocation Failure) 2016-10-17T15:12:09.382+0800: 15496.941: [ParNew: 663445K->72966K(685696K), 0.0217498 secs] 1560694K->970215K(2483840K), 0.0219082 secs] [Times: user=0.09 sys=0.00, real=0.02 secs] 
2016-10-17T15:12:17.332+0800: 15504.891: [GC (Allocation Failure) 2016-10-17T15:12:17.332+0800: 15504.891: [ParNew: 682462K->76160K(685696K), 0.0386018 secs] 1579711K->1036020K(2483840K), 0.0387444 secs] [Times: user=0.14 sys=0.00, real=0.04 secs] 
2016-10-17T15:12:25.879+0800: 15513.438: [GC (Allocation Failure) 2016-10-17T15:12:25.879+0800: 15513.438: [ParNew: 685548K->76160K(685696K), 0.0396862 secs] 1645408K->1109502K(2483840K), 0.0398733 secs] [Times: user=0.15 sys=0.00, real=0.04 secs] 
2016-10-17T15:12:33.835+0800: 15521.394: [GC (Allocation Failure) 2016-10-17T15:12:33.835+0800: 15521.394: [ParNew: 685696K->76160K(685696K), 0.0430109 secs] 1719038K->1175587K(2483840K), 0.0431765 secs] [Times: user=0.16 sys=0.00, real=0.05 secs] 
2016-10-17T15:12:40.335+0800: 15527.894: [GC (Allocation Failure) 2016-10-17T15:12:40.335+0800: 15527.894: [ParNew: 685549K->76160K(685696K), 0.0460888 secs] 1784977K->1238552K(2483840K), 0.0462134 secs] [Times: user=0.16 sys=0.00, real=0.05 secs] 
2016-10-17T15:12:47.364+0800: 15534.923: [GC (Allocation Failure) 2016-10-17T15:12:47.364+0800: 15534.923: [ParNew: 685666K->76160K(685696K), 0.0453374 secs] 1848058K->1298667K(2483840K), 0.0454945 secs] [Times: user=0.14 sys=0.03, real=0.05 secs] 
2016-10-17T15:12:54.746+0800: 15542.305: [GC (Allocation Failure) 2016-10-17T15:12:54.746+0800: 15542.305: [ParNew: 685660K->74122K(685696K), 0.0486954 secs] 1908168K->1353407K(2483840K), 0.0488167 secs] [Times: user=0.12 sys=0.04, real=0.04 secs] 
2016-10-17T15:12:54.796+0800: 15542.355: [GC (CMS Initial Mark) [1 CMS-initial-mark: 1279284K(1798144K)] 1355212K(2483840K), 0.0054095 secs] [Times: user=0.02 sys=0.00, real=0.01 secs] 
2016-10-17T15:12:54.801+0800: 15542.360: [CMS-concurrent-mark-start]
2016-10-17T15:12:55.073+0800: 15542.632: [CMS-concurrent-mark: 0.270/0.272 secs] [Times: user=0.35 sys=0.02, real=0.27 secs] 
2016-10-17T15:12:55.073+0800: 15542.632: [CMS-concurrent-preclean-start]
2016-10-17T15:12:55.079+0800: 15542.638: [CMS-concurrent-preclean: 0.006/0.006 secs] [Times: user=0.00 sys=0.00, real=0.01 secs] 
2016-10-17T15:12:55.079+0800: 15542.638: [CMS-concurrent-abortable-preclean-start]
2016-10-17T15:12:58.961+0800: 15546.519: [CMS-concurrent-abortable-preclean: 3.879/3.881 secs] [Times: user=4.82 sys=0.30, real=3.88 secs] 
2016-10-17T15:12:58.961+0800: 15546.520: [GC (CMS Final Remark) [YG occupancy: 383916 K (685696 K)]2016-10-17T15:12:58.961+0800: 15546.520: [Rescan (parallel) , 0.0154614 secs]2016-10-17T15:12:58.977+0800: 15546.535: [weak refs processing, 0.0028408 secs]2016-10-17T15:12:58.980+0800: 15546.538: [class unloading, 0.0200548 secs]2016-10-17T15:12:59.000+0800: 15546.558: [scrub symbol table, 0.0056293 secs]2016-10-17T15:12:59.005+0800: 15546.564: [scrub string table, 0.0007002 secs][1 CMS-remark: 1279284K(1798144K)] 1663201K(2483840K), 0.0544906 secs] [Times: user=0.10 sys=0.00, real=0.05 secs] 
2016-10-17T15:12:59.016+0800: 15546.575: [CMS-concurrent-sweep-start]
2016-10-17T15:12:59.429+0800: 15546.988: [CMS-concurrent-sweep: 0.413/0.413 secs] [Times: user=0.56 sys=0.03, real=0.41 secs] 
2016-10-17T15:12:59.429+0800: 15546.988: [CMS-concurrent-reset-start]
2016-10-17T15:12:59.433+0800: 15546.992: [CMS-concurrent-reset: 0.003/0.003 secs] [Times: user=0.01 sys=0.00, real=0.00 secs] 
2016-10-17T15:13:03.588+0800: 15551.147: [GC (Allocation Failure) 2016-10-17T15:13:03.588+0800: 15551.147: [ParNew: 683658K->76160K(685696K), 0.0476204 secs] 1114831K->564199K(2483840K), 0.0477786 secs] [Times: user=0.14 sys=0.00, real=0.05 secs] 
2016-10-17T15:13:11.701+0800: 15559.259: [GC (Allocation Failure) 2016-10-17T15:13:11.701+0800: 15559.259: [ParNew: 685696K->76160K(685696K), 0.0495501 secs] 1173735K->624595K(2483840K), 0.0496805 secs] [Times: user=0.14 sys=0.00, real=0.05 secs] 
2016-10-17T15:13:20.376+0800: 15567.935: [GC (Allocation Failure) 2016-10-17T15:13:20.376+0800: 15567.935: [ParNew: 685677K->76160K(685696K), 0.0337308 secs] 1234113K->677096K(2483840K), 0.0338552 secs] [Times: user=0.13 sys=0.00, real=0.03 secs] 
2016-10-17T15:13:28.305+0800: 15575.864: [GC (Allocation Failure) 2016-10-17T15:13:28.305+0800: 15575.864: [ParNew: 685676K->60350K(685696K), 0.0379242 secs] 1286612K->703359K(2483840K), 0.0380572 secs] [Times: user=0.13 sys=0.00, real=0.04 secs] 
2016-10-17T15:13:37.522+0800: 15585.081: [GC (Allocation Failure) 2016-10-17T15:13:37.522+0800: 15585.081: [ParNew: 669835K->48233K(685696K), 0.0379275 secs] 1312844K->730353K(2483840K), 0.0380692 secs] [Times: user=0.15 sys=0.00, real=0.04 secs] 
2016-10-17T15:13:42.399+0800: 15589.958: [GC (Allocation Failure) 2016-10-17T15:13:42.400+0800: 15589.958: [ParNew: 657769K->70118K(685696K), 0.0628017 secs] 1339889K->775365K(2483840K), 0.0629630 secs] [Times: user=0.19 sys=0.00, real=0.06 secs] 
2016-10-17T15:13:43.824+0800: 15591.383: [GC (Allocation Failure) 2016-10-17T15:13:43.824+0800: 15591.383: [ParNew: 679654K->54523K(685696K), 0.0496446 secs] 1384901K->805755K(2483840K), 0.0497770 secs] [Times: user=0.16 sys=0.00, real=0.05 secs] 
2016-10-17T15:13:45.112+0800: 15592.671: [GC (Allocation Failure) 2016-10-17T15:13:45.112+0800: 15592.671: [ParNew: 664059K->62855K(685696K), 0.0223059 secs] 1415291K->814086K(2483840K), 0.0224228 secs] [Times: user=0.07 sys=0.00, real=0.02 secs] 
2016-10-17T15:13:46.315+0800: 15593.874: [GC (Allocation Failure) 2016-10-17T15:13:46.315+0800: 15593.874: [ParNew: 672391K->64984K(685696K), 0.0142826 secs] 1423622K->842042K(2483840K), 0.0144434 secs] [Times: user=0.05 sys=0.00, real=0.02 secs] 
2016-10-17T15:13:47.793+0800: 15595.352: [GC (Allocation Failure) 2016-10-17T15:13:47.793+0800: 15595.352: [ParNew: 674520K->76160K(685696K), 0.0250774 secs] 1451578K->880898K(2483840K), 0.0252425 secs] [Times: user=0.10 sys=0.00, real=0.03 secs] 
2016-10-17T15:13:49.190+0800: 15596.749: [GC (Allocation Failure) 2016-10-17T15:13:49.190+0800: 15596.749: [ParNew: 685696K->62721K(685696K), 0.0370847 secs] 1490434K->896168K(2483840K), 0.0372396 secs] [Times: user=0.12 sys=0.00, real=0.04 secs] 
2016-10-17T15:13:50.848+0800: 15598.407: [GC (Allocation Failure) 2016-10-17T15:13:50.848+0800: 15598.407: [ParNew: 672257K->39014K(685696K), 0.0102962 secs] 1505704K->872461K(2483840K), 0.0104317 secs] [Times: user=0.04 sys=0.00, real=0.01 secs] 
2016-10-17T15:13:53.313+0800: 15600.872: [GC (Allocation Failure) 2016-10-17T15:13:53.314+0800: 15600.872: [ParNew: 648550K->47280K(685696K), 0.0184262 secs] 1481997K->888580K(2483840K), 0.0185897 secs] [Times: user=0.07 sys=0.00, real=0.02 secs] 
2016-10-17T15:13:55.298+0800: 15602.857: [GC (Allocation Failure) 2016-10-17T15:13:55.298+0800: 15602.857: [ParNew: 656816K->47662K(685696K), 0.0135627 secs] 1498116K->910466K(2483840K), 0.0137102 secs] [Times: user=0.05 sys=0.00, real=0.01 secs] 
2016-10-17T15:13:56.992+0800: 15604.551: [GC (Allocation Failure) 2016-10-17T15:13:56.992+0800: 15604.551: [ParNew: 657198K->59252K(685696K), 0.0160319 secs] 1520002K->941331K(2483840K), 0.0162057 secs] [Times: user=0.06 sys=0.00, real=0.02 secs] 
2016-10-17T15:14:08.562+0800: 15616.120: [GC (Allocation Failure) 2016-10-17T15:14:08.562+0800: 15616.120: [ParNew: 668544K->76160K(685696K), 0.0200010 secs] 1550623K->960898K(2483840K), 0.0201427 secs] [Times: user=0.08 sys=0.00, real=0.02 secs] 
2016-10-17T15:14:15.151+0800: 15622.710: [GC (Allocation Failure) 2016-10-17T15:14:15.151+0800: 15622.710: [ParNew: 685696K->76160K(685696K), 0.0383308 secs] 1570434K->1025955K(2483840K), 0.0384580 secs] [Times: user=0.14 sys=0.00, real=0.04 secs] 
2016-10-17T15:14:24.972+0800: 15632.530: [GC (Allocation Failure) 2016-10-17T15:14:24.972+0800: 15632.530: [ParNew: 685682K->76160K(685696K), 0.0338849 secs] 1635478K->1101969K(2483840K), 0.0340259 secs] [Times: user=0.12 sys=0.00, real=0.03 secs] 
2016-10-17T15:14:34.236+0800: 15641.795: [GC (Allocation Failure) 2016-10-17T15:14:34.236+0800: 15641.795: [ParNew: 685662K->76160K(685696K), 0.0373392 secs] 1711472K->1167830K(2483840K), 0.0374681 secs] [Times: user=0.15 sys=0.00, real=0.03 secs] 
2016-10-17T15:14:41.862+0800: 15649.421: [GC (Allocation Failure) 2016-10-17T15:14:41.862+0800: 15649.421: [ParNew: 685664K->76160K(685696K), 0.0384516 secs] 1777335K->1230533K(2483840K), 0.0385765 secs] [Times: user=0.15 sys=0.00, real=0.04 secs] 
2016-10-17T15:14:52.096+0800: 15659.655: [GC (Allocation Failure) 2016-10-17T15:14:52.096+0800: 15659.655: [ParNew: 685672K->76160K(685696K), 0.0365067 secs] 1840046K->1294257K(2483840K), 0.0366518 secs] [Times: user=0.14 sys=0.00, real=0.03 secs] 
2016-10-17T15:15:00.790+0800: 15668.348: [GC (Allocation Failure) 2016-10-17T15:15:00.790+0800: 15668.348: [ParNew: 685538K->76160K(685696K), 0.0539098 secs] 1903635K->1350969K(2483840K), 0.0540754 secs] [Times: user=0.17 sys=0.00, real=0.05 secs] 
2016-10-17T15:15:00.844+0800: 15668.403: [GC (CMS Initial Mark) [1 CMS-initial-mark: 1274809K(1798144K)] 1351462K(2483840K), 0.0073427 secs] [Times: user=0.02 sys=0.00, real=0.01 secs] 
2016-10-17T15:15:00.852+0800: 15668.411: [CMS-concurrent-mark-start]
2016-10-17T15:15:01.163+0800: 15668.721: [CMS-concurrent-mark: 0.311/0.311 secs] [Times: user=0.37 sys=0.04, real=0.31 secs] 
2016-10-17T15:15:01.163+0800: 15668.722: [CMS-concurrent-preclean-start]
2016-10-17T15:15:01.170+0800: 15668.729: [CMS-concurrent-preclean: 0.007/0.007 secs] [Times: user=0.00 sys=0.00, real=0.01 secs] 
2016-10-17T15:15:01.170+0800: 15668.729: [CMS-concurrent-abortable-preclean-start]
 CMS: abort preclean due to time 2016-10-17T15:15:06.380+0800: 15673.939: [CMS-concurrent-abortable-preclean: 5.208/5.210 secs] [Times: user=6.11 sys=0.65, real=5.21 secs] 
2016-10-17T15:15:06.381+0800: 15673.940: [GC (CMS Final Remark) [YG occupancy: 318171 K (685696 K)]2016-10-17T15:15:06.381+0800: 15673.940: [Rescan (parallel) , 0.0308258 secs]2016-10-17T15:15:06.412+0800: 15673.971: [weak refs processing, 0.0027926 secs]2016-10-17T15:15:06.415+0800: 15673.974: [class unloading, 0.0132156 secs]2016-10-17T15:15:06.428+0800: 15673.987: [scrub symbol table, 0.0047069 secs]2016-10-17T15:15:06.433+0800: 15673.992: [scrub string table, 0.0007180 secs][1 CMS-remark: 1274809K(1798144K)] 1592981K(2483840K), 0.0542558 secs] [Times: user=0.15 sys=0.00, real=0.05 secs] 
2016-10-17T15:15:06.436+0800: 15673.995: [CMS-concurrent-sweep-start]
2016-10-17T15:15:06.922+0800: 15674.481: [CMS-concurrent-sweep: 0.486/0.487 secs] [Times: user=0.61 sys=0.05, real=0.49 secs] 
2016-10-17T15:15:06.922+0800: 15674.481: [CMS-concurrent-reset-start]
2016-10-17T15:15:06.926+0800: 15674.485: [CMS-concurrent-reset: 0.004/0.004 secs] [Times: user=0.00 sys=0.00, real=0.01 secs] 
2016-10-17T15:15:13.772+0800: 15681.331: [GC (Allocation Failure) 2016-10-17T15:15:13.772+0800: 15681.331: [ParNew: 685667K->76160K(685696K), 0.0513809 secs] 1158249K->603361K(2483840K), 0.0515378 secs] [Times: user=0.16 sys=0.00, real=0.05 secs] 
2016-10-17T15:15:23.734+0800: 15691.293: [GC (Allocation Failure) 2016-10-17T15:15:23.734+0800: 15691.293: [ParNew: 685463K->68341K(685696K), 0.0469629 secs] 1212665K->646918K(2483840K), 0.0471323 secs] [Times: user=0.18 sys=0.00, real=0.05 secs] 
2016-10-17T15:15:36.298+0800: 15703.857: [GC (Allocation Failure) 2016-10-17T15:15:36.298+0800: 15703.857: [ParNew: 677877K->64477K(685696K), 0.0429662 secs] 1256454K->691310K(2483840K), 0.0431046 secs] [Times: user=0.16 sys=0.00, real=0.04 secs] 
2016-10-17T15:15:45.790+0800: 15713.348: [GC (Allocation Failure) 2016-10-17T15:15:45.790+0800: 15713.348: [ParNew: 674013K->58295K(685696K), 0.0410664 secs] 1300846K->727857K(2483840K), 0.0412246 secs] [Times: user=0.16 sys=0.00, real=0.04 secs] 
2016-10-17T15:16:00.417+0800: 15727.976: [GC (Allocation Failure) 2016-10-17T15:16:00.417+0800: 15727.976: [ParNew: 667815K->73957K(685696K), 0.0490566 secs] 1337377K->781976K(2483840K), 0.0492442 secs] [Times: user=0.19 sys=0.00, real=0.05 secs] 
2016-10-17T15:16:10.981+0800: 15738.540: [GC (Allocation Failure) 2016-10-17T15:16:10.981+0800: 15738.540: [ParNew: 683448K->76160K(685696K), 0.0379845 secs] 1391466K->827362K(2483840K), 0.0381425 secs] [Times: user=0.15 sys=0.00, real=0.04 secs] 
2016-10-17T15:16:19.528+0800: 15747.087: [GC (Allocation Failure) 2016-10-17T15:16:19.528+0800: 15747.087: [ParNew: 685690K->76160K(685696K), 0.0271959 secs] 1436892K->874534K(2483840K), 0.0273303 secs] [Times: user=0.10 sys=0.00, real=0.02 secs] 
2016-10-17T15:16:30.987+0800: 15758.546: [GC (Allocation Failure) 2016-10-17T15:16:30.987+0800: 15758.546: [ParNew: 685696K->74891K(685696K), 0.0419565 secs] 1484070K->935111K(2483840K), 0.0420849 secs] [Times: user=0.15 sys=0.00, real=0.04 secs] 
2016-10-17T15:16:40.254+0800: 15767.812: [GC (Allocation Failure) 2016-10-17T15:16:40.254+0800: 15767.812: [ParNew: 684427K->61665K(685696K), 0.0400013 secs] 1544647K->965414K(2483840K), 0.0401490 secs] [Times: user=0.14 sys=0.00, real=0.04 secs] 
2016-10-17T15:16:49.680+0800: 15777.239: [GC (Allocation Failure) 2016-10-17T15:16:49.680+0800: 15777.239: [ParNew: 671201K->51894K(685696K), 0.0383905 secs] 1574950K->992256K(2483840K), 0.0385306 secs] [Times: user=0.15 sys=0.00, real=0.04 secs] 
2016-10-17T15:17:07.824+0800: 15795.382: [GC (Allocation Failure) 2016-10-17T15:17:07.824+0800: 15795.382: [ParNew: 661429K->76160K(685696K), 0.0399455 secs] 1601791K->1017259K(2483840K), 0.0401310 secs] [Times: user=0.16 sys=0.00, real=0.04 secs] 
2016-10-17T15:17:23.482+0800: 15811.041: [GC (Allocation Failure) 2016-10-17T15:17:23.482+0800: 15811.041: [ParNew: 685695K->76160K(685696K), 0.0715592 secs] 1626794K->1048647K(2483840K), 0.0717494 secs] [Times: user=0.26 sys=0.00, real=0.07 secs] 
2016-10-17T15:17:37.376+0800: 15824.935: [GC (Allocation Failure) 2016-10-17T15:17:37.376+0800: 15824.935: [ParNew: 685696K->76160K(685696K), 0.0576049 secs] 1658183K->1076766K(2483840K), 0.0577435 secs] [Times: user=0.22 sys=0.00, real=0.05 secs] 
2016-10-17T15:17:48.388+0800: 15835.947: [GC (Allocation Failure) 2016-10-17T15:17:48.388+0800: 15835.947: [ParNew: 685696K->76160K(685696K), 0.0627547 secs] 1686302K->1103967K(2483840K), 0.0628823 secs] [Times: user=0.25 sys=0.00, real=0.06 secs] 
2016-10-17T15:17:58.332+0800: 15845.891: [GC (Allocation Failure) 2016-10-17T15:17:58.332+0800: 15845.891: [ParNew: 685551K->76160K(685696K), 0.0714208 secs] 1713359K->1131685K(2483840K), 0.0716066 secs] [Times: user=0.26 sys=0.00, real=0.07 secs] 
2016-10-17T15:18:06.947+0800: 15854.506: [GC (Allocation Failure) 2016-10-17T15:18:06.947+0800: 15854.506: [ParNew: 685696K->76160K(685696K), 0.0527972 secs] 1741221K->1165538K(2483840K), 0.0529291 secs] [Times: user=0.21 sys=0.00, real=0.05 secs] 
2016-10-17T15:18:16.452+0800: 15864.011: [GC (Allocation Failure) 2016-10-17T15:18:16.452+0800: 15864.011: [ParNew: 685696K->76160K(685696K), 0.0547217 secs] 1775074K->1235990K(2483840K), 0.0548849 secs] [Times: user=0.20 sys=0.00, real=0.06 secs] 
2016-10-17T15:18:30.351+0800: 15877.910: [GC (Allocation Failure) 2016-10-17T15:18:30.351+0800: 15877.910: [ParNew: 685688K->57984K(685696K), 0.0346571 secs] 1845518K->1270232K(2483840K), 0.0347878 secs] [Times: user=0.13 sys=0.00, real=0.04 secs] 
2016-10-17T15:18:41.127+0800: 15888.686: [GC (Allocation Failure) 2016-10-17T15:18:41.127+0800: 15888.686: [ParNew: 667520K->42053K(685696K), 0.0541959 secs] 1879768K->1288664K(2483840K), 0.0543266 secs] [Times: user=0.16 sys=0.00, real=0.05 secs] 
2016-10-17T15:18:52.201+0800: 15899.760: [GC (Allocation Failure) 2016-10-17T15:18:52.201+0800: 15899.760: [ParNew: 651589K->66710K(685696K), 0.0549959 secs] 1898200K->1341434K(2483840K), 0.0551296 secs] [Times: user=0.21 sys=0.00, real=0.06 secs] 
2016-10-17T15:18:52.257+0800: 15899.816: [GC (CMS Initial Mark) [1 CMS-initial-mark: 1274724K(1798144K)] 1342720K(2483840K), 0.0101162 secs] [Times: user=0.04 sys=0.00, real=0.01 secs] 
2016-10-17T15:18:52.267+0800: 15899.826: [CMS-concurrent-mark-start]
2016-10-17T15:18:52.426+0800: 15899.985: [CMS-concurrent-mark: 0.156/0.159 secs] [Times: user=0.22 sys=0.00, real=0.16 secs] 
2016-10-17T15:18:52.427+0800: 15899.985: [CMS-concurrent-preclean-start]
2016-10-17T15:18:52.434+0800: 15899.993: [CMS-concurrent-preclean: 0.008/0.008 secs] [Times: user=0.01 sys=0.00, real=0.00 secs] 
2016-10-17T15:18:52.434+0800: 15899.993: [CMS-concurrent-abortable-preclean-start]
 CMS: abort preclean due to time 2016-10-17T15:18:57.469+0800: 15905.028: [CMS-concurrent-abortable-preclean: 5.032/5.035 secs] [Times: user=6.51 sys=0.33, real=5.04 secs] 
2016-10-17T15:18:57.470+0800: 15905.029: [GC (CMS Final Remark) [YG occupancy: 281711 K (685696 K)]2016-10-17T15:18:57.470+0800: 15905.029: [Rescan (parallel) , 0.0306943 secs]2016-10-17T15:18:57.501+0800: 15905.060: [weak refs processing, 0.0046098 secs]2016-10-17T15:18:57.506+0800: 15905.064: [class unloading, 0.0194463 secs]2016-10-17T15:18:57.525+0800: 15905.084: [scrub symbol table, 0.0050222 secs]2016-10-17T15:18:57.530+0800: 15905.089: [scrub string table, 0.0006832 secs][1 CMS-remark: 1274724K(1798144K)] 1556436K(2483840K), 0.0709400 secs] [Times: user=0.16 sys=0.00, real=0.07 secs] 
2016-10-17T15:18:57.542+0800: 15905.100: [CMS-concurrent-sweep-start]
2016-10-17T15:18:57.866+0800: 15905.425: [CMS-concurrent-sweep: 0.325/0.325 secs] [Times: user=0.45 sys=0.03, real=0.33 secs] 
2016-10-17T15:18:57.866+0800: 15905.425: [CMS-concurrent-reset-start]
2016-10-17T15:18:57.870+0800: 15905.429: [CMS-concurrent-reset: 0.004/0.004 secs] [Times: user=0.00 sys=0.00, real=0.00 secs] 
2016-10-17T15:19:06.552+0800: 15914.111: [GC (Allocation Failure) 2016-10-17T15:19:06.552+0800: 15914.111: [ParNew: 676246K->56433K(685696K), 0.1201036 secs] 1552150K->977925K(2483840K), 0.1202390 secs] [Times: user=0.24 sys=0.00, real=0.12 secs] 
2016-10-17T15:19:19.762+0800: 15927.321: [GC (Allocation Failure) 2016-10-17T15:19:19.762+0800: 15927.321: [ParNew: 665969K->72442K(685696K), 0.0425617 secs] 1587461K->993934K(2483840K), 0.0427340 secs] [Times: user=0.18 sys=0.00, real=0.04 secs] 
2016-10-17T15:19:31.410+0800: 15938.968: [GC (Allocation Failure) 2016-10-17T15:19:31.410+0800: 15938.968: [ParNew: 681974K->75999K(685696K), 0.0537993 secs] 1603465K->1022316K(2483840K), 0.0539221 secs] [Times: user=0.19 sys=0.00, real=0.05 secs] 
2016-10-17T15:19:42.694+0800: 15950.253: [GC (Allocation Failure) 2016-10-17T15:19:42.694+0800: 15950.253: [ParNew: 685535K->76160K(685696K), 0.0664064 secs] 1631852K->1047154K(2483840K), 0.0665790 secs] [Times: user=0.26 sys=0.00, real=0.07 secs] 
2016-10-17T15:19:46.078+0800: 15953.637: [GC (Allocation Failure) 2016-10-17T15:19:46.079+0800: 15953.637: [ParNew: 685696K->46930K(685696K), 0.0473117 secs] 1656690K->1040367K(2483840K), 0.0474456 secs] [Times: user=0.17 sys=0.00, real=0.05 secs] 
2016-10-17T15:19:48.690+0800: 15956.249: [GC (Allocation Failure) 2016-10-17T15:19:48.690+0800: 15956.249: [ParNew: 656466K->54246K(685696K), 0.0406360 secs] 1649903K->1072125K(2483840K), 0.0407664 secs] [Times: user=0.12 sys=0.00, real=0.04 secs] 
2016-10-17T15:19:51.360+0800: 15958.918: [GC (Allocation Failure) 2016-10-17T15:19:51.360+0800: 15958.918: [ParNew: 663782K->52630K(685696K), 0.0147043 secs] 1681661K->1070508K(2483840K), 0.0148388 secs] [Times: user=0.06 sys=0.00, real=0.01 secs] 
2016-10-17T15:20:04.182+0800: 15971.741: [GC (Allocation Failure) 2016-10-17T15:20:04.183+0800: 15971.741: [ParNew: 662166K->76160K(685696K), 0.0339599 secs] 1680044K->1116976K(2483840K), 0.0341542 secs] [Times: user=0.14 sys=0.00, real=0.04 secs] 
2016-10-17T15:20:11.533+0800: 15979.091: [GC (Allocation Failure) 2016-10-17T15:20:11.533+0800: 15979.091: [ParNew: 685614K->76160K(685696K), 0.0349278 secs] 1726430K->1198547K(2483840K), 0.0350798 secs] [Times: user=0.14 sys=0.00, real=0.04 secs] 
2016-10-17T15:20:23.081+0800: 15990.640: [GC (Allocation Failure) 2016-10-17T15:20:23.081+0800: 15990.640: [ParNew: 685696K->76160K(685696K), 0.0497477 secs] 1808083K->1259315K(2483840K), 0.0498744 secs] [Times: user=0.14 sys=0.00, real=0.05 secs] 
2016-10-17T15:20:32.364+0800: 15999.923: [GC (Allocation Failure) 2016-10-17T15:20:32.364+0800: 15999.923: [ParNew: 685669K->71987K(685696K), 0.0354952 secs] 1868825K->1309863K(2483840K), 0.0356367 secs] [Times: user=0.13 sys=0.00, real=0.04 secs] 
2016-10-17T15:20:40.868+0800: 16008.427: [GC (Allocation Failure) 2016-10-17T15:20:40.868+0800: 16008.427: [ParNew: 681523K->69985K(685696K), 0.0492902 secs] 1919399K->1363164K(2483840K), 0.0494546 secs] [Times: user=0.14 sys=0.01, real=0.05 secs] 
2016-10-17T15:20:40.918+0800: 16008.477: [GC (CMS Initial Mark) [1 CMS-initial-mark: 1293179K(1798144K)] 1364108K(2483840K), 0.0058149 secs] [Times: user=0.02 sys=0.00, real=0.00 secs] 
2016-10-17T15:20:40.924+0800: 16008.483: [CMS-concurrent-mark-start]
2016-10-17T15:20:41.083+0800: 16008.642: [CMS-concurrent-mark: 0.159/0.159 secs] [Times: user=0.20 sys=0.01, real=0.16 secs] 
2016-10-17T15:20:41.083+0800: 16008.642: [CMS-concurrent-preclean-start]
2016-10-17T15:20:41.088+0800: 16008.647: [CMS-concurrent-preclean: 0.005/0.005 secs] [Times: user=0.01 sys=0.00, real=0.01 secs] 
2016-10-17T15:20:41.088+0800: 16008.647: [CMS-concurrent-abortable-preclean-start]
 CMS: abort preclean due to time 2016-10-17T15:20:46.164+0800: 16013.723: [CMS-concurrent-abortable-preclean: 5.072/5.076 secs] [Times: user=6.60 sys=0.26, real=5.07 secs] 
2016-10-17T15:20:46.165+0800: 16013.724: [GC (CMS Final Remark) [YG occupancy: 311477 K (685696 K)]2016-10-17T15:20:46.165+0800: 16013.724: [Rescan (parallel) , 0.0287757 secs]2016-10-17T15:20:46.194+0800: 16013.753: [weak refs processing, 0.0016957 secs]2016-10-17T15:20:46.196+0800: 16013.754: [class unloading, 0.0274022 secs]2016-10-17T15:20:46.223+0800: 16013.782: [scrub symbol table, 0.0060474 secs]2016-10-17T15:20:46.229+0800: 16013.788: [scrub string table, 0.0007051 secs][1 CMS-remark: 1293179K(1798144K)] 1604657K(2483840K), 0.0735666 secs] [Times: user=0.16 sys=0.00, real=0.08 secs] 
2016-10-17T15:20:46.239+0800: 16013.798: [CMS-concurrent-sweep-start]
2016-10-17T15:20:46.520+0800: 16014.079: [CMS-concurrent-sweep: 0.281/0.281 secs] [Times: user=0.40 sys=0.01, real=0.28 secs] 
2016-10-17T15:20:46.520+0800: 16014.079: [CMS-concurrent-reset-start]
2016-10-17T15:20:46.524+0800: 16014.083: [CMS-concurrent-reset: 0.004/0.004 secs] [Times: user=0.00 sys=0.01, real=0.00 secs] 
2016-10-17T15:20:51.991+0800: 16019.550: [GC (Allocation Failure) 2016-10-17T15:20:51.991+0800: 16019.550: [ParNew: 679521K->60581K(685696K), 0.0447970 secs] 1577189K->1003961K(2483840K), 0.0449551 secs] [Times: user=0.18 sys=0.00, real=0.05 secs] 
2016-10-17T15:21:02.684+0800: 16030.243: [GC (Allocation Failure) 2016-10-17T15:21:02.684+0800: 16030.243: [ParNew: 670117K->64244K(685696K), 0.1548620 secs] 1613497K->1046305K(2483840K), 0.1550244 secs] [Times: user=0.45 sys=0.04, real=0.16 secs] 
2016-10-17T15:21:15.488+0800: 16043.047: [GC (Allocation Failure) 2016-10-17T15:21:15.488+0800: 16043.047: [ParNew: 673720K->52166K(685696K), 0.0447298 secs] 1655780K->1067284K(2483840K), 0.0449281 secs] [Times: user=0.17 sys=0.00, real=0.04 secs] 
2016-10-17T15:21:31.710+0800: 16059.269: [GC (Allocation Failure) 2016-10-17T15:21:31.710+0800: 16059.269: [ParNew: 661656K->38051K(685696K), 0.0420119 secs] 1676774K->1085446K(2483840K), 0.0421317 secs] [Times: user=0.16 sys=0.00, real=0.04 secs] 
2016-10-17T15:21:42.698+0800: 16070.257: [GC (Allocation Failure) 2016-10-17T15:21:42.698+0800: 16070.257: [ParNew: 647558K->37790K(685696K), 0.0495857 secs] 1694953K->1113053K(2483840K), 0.0497246 secs] [Times: user=0.18 sys=0.00, real=0.05 secs] 
2016-10-17T15:21:47.769+0800: 16075.328: [GC (Allocation Failure) 2016-10-17T15:21:47.769+0800: 16075.328: [ParNew: 647222K->76160K(685696K), 0.0280957 secs] 1722484K->1152977K(2483840K), 0.0282613 secs] [Times: user=0.12 sys=0.00, real=0.03 secs] 
2016-10-17T15:21:54.925+0800: 16082.484: [GC (Allocation Failure) 2016-10-17T15:21:54.925+0800: 16082.484: [ParNew: 685696K->76160K(685696K), 0.0485903 secs] 1762513K->1219870K(2483840K), 0.0487141 secs] [Times: user=0.19 sys=0.00, real=0.05 secs] 
2016-10-17T15:22:07.128+0800: 16094.686: [GC (Allocation Failure) 2016-10-17T15:22:07.128+0800: 16094.686: [ParNew: 685696K->75255K(685696K), 0.0424718 secs] 1829406K->1277554K(2483840K), 0.0425856 secs] [Times: user=0.12 sys=0.00, real=0.04 secs] 
2016-10-17T15:22:18.944+0800: 16106.503: [GC (Allocation Failure) 2016-10-17T15:22:18.944+0800: 16106.503: [ParNew: 684755K->45968K(685696K), 0.0377138 secs] 1887054K->1287559K(2483840K), 0.0378464 secs] [Times: user=0.14 sys=0.00, real=0.04 secs] 
2016-10-17T15:22:32.257+0800: 16119.816: [GC (Allocation Failure) 2016-10-17T15:22:32.257+0800: 16119.816: [ParNew: 655504K->42335K(685696K), 0.0485116 secs] 1897095K->1316560K(2483840K), 0.0486427 secs] [Times: user=0.14 sys=0.00, real=0.04 secs] 
2016-10-17T15:22:32.306+0800: 16119.865: [GC (CMS Initial Mark) [1 CMS-initial-mark: 1274224K(1798144K)] 1317888K(2483840K), 0.0061943 secs] [Times: user=0.02 sys=0.00, real=0.00 secs] 
2016-10-17T15:22:32.313+0800: 16119.871: [CMS-concurrent-mark-start]
2016-10-17T15:22:32.470+0800: 16120.029: [CMS-concurrent-mark: 0.158/0.158 secs] [Times: user=0.21 sys=0.00, real=0.16 secs] 
2016-10-17T15:22:32.470+0800: 16120.029: [CMS-concurrent-preclean-start]
2016-10-17T15:22:32.476+0800: 16120.035: [CMS-concurrent-preclean: 0.006/0.006 secs] [Times: user=0.01 sys=0.00, real=0.01 secs] 
2016-10-17T15:22:32.476+0800: 16120.035: [CMS-concurrent-abortable-preclean-start]
 CMS: abort preclean due to time 2016-10-17T15:22:37.593+0800: 16125.152: [CMS-concurrent-abortable-preclean: 5.114/5.117 secs] [Times: user=6.50 sys=0.26, real=5.11 secs] 
2016-10-17T15:22:37.695+0800: 16125.253: [GC (CMS Final Remark) [YG occupancy: 254378 K (685696 K)]2016-10-17T15:22:37.695+0800: 16125.254: [Rescan (parallel) , 0.0348262 secs]2016-10-17T15:22:37.730+0800: 16125.288: [weak refs processing, 0.0011092 secs]2016-10-17T15:22:37.731+0800: 16125.290: [class unloading, 0.0141725 secs]2016-10-17T15:22:37.745+0800: 16125.304: [scrub symbol table, 0.0052788 secs]2016-10-17T15:22:37.750+0800: 16125.309: [scrub string table, 0.0007249 secs][1 CMS-remark: 1274224K(1798144K)] 1528603K(2483840K), 0.0569172 secs] [Times: user=0.16 sys=0.00, real=0.06 secs] 
2016-10-17T15:22:37.752+0800: 16125.311: [CMS-concurrent-sweep-start]
2016-10-17T15:22:38.059+0800: 16125.618: [CMS-concurrent-sweep: 0.307/0.307 secs] [Times: user=0.42 sys=0.03, real=0.31 secs] 
2016-10-17T15:22:38.059+0800: 16125.618: [CMS-concurrent-reset-start]
2016-10-17T15:22:38.062+0800: 16125.621: [CMS-concurrent-reset: 0.004/0.004 secs] [Times: user=0.01 sys=0.01, real=0.00 secs] 
2016-10-17T15:22:44.339+0800: 16131.898: [GC (Allocation Failure) 2016-10-17T15:22:44.339+0800: 16131.898: [ParNew: 651871K->76160K(685696K), 0.0389325 secs] 1706026K->1130315K(2483840K), 0.0391201 secs] [Times: user=0.15 sys=0.00, real=0.04 secs] 
2016-10-17T15:22:59.659+0800: 16147.218: [GC (Allocation Failure) 2016-10-17T15:22:59.659+0800: 16147.218: [ParNew: 685696K->47379K(685696K), 0.0632450 secs] 1739851K->1156656K(2483840K), 0.0633731 secs] [Times: user=0.24 sys=0.00, real=0.06 secs] 
2016-10-17T15:23:15.618+0800: 16163.177: [GC (Allocation Failure) 2016-10-17T15:23:15.618+0800: 16163.177: [ParNew: 656915K->72001K(685696K), 0.0394561 secs] 1766192K->1181279K(2483840K), 0.0395986 secs] [Times: user=0.16 sys=0.00, real=0.04 secs] 
2016-10-17T15:23:30.549+0800: 16178.108: [GC (Allocation Failure) 2016-10-17T15:23:30.549+0800: 16178.108: [ParNew: 681537K->43263K(685696K), 0.0651744 secs] 1790815K->1206474K(2483840K), 0.0653005 secs] [Times: user=0.22 sys=0.00, real=0.06 secs] 
2016-10-17T15:23:39.100+0800: 16186.659: [GC (Allocation Failure) 2016-10-17T15:23:39.100+0800: 16186.659: [ParNew: 652799K->71687K(685696K), 0.0288912 secs] 1816010K->1234899K(2483840K), 0.0290194 secs] [Times: user=0.11 sys=0.00, real=0.03 secs] 
2016-10-17T15:23:42.134+0800: 16189.693: [GC (Allocation Failure) 2016-10-17T15:23:42.134+0800: 16189.693: [ParNew: 681223K->72786K(685696K), 0.0484594 secs] 1844435K->1264145K(2483840K), 0.0485922 secs] [Times: user=0.17 sys=0.00, real=0.05 secs] 
2016-10-17T15:23:45.249+0800: 16192.808: [GC (Allocation Failure) 2016-10-17T15:23:45.249+0800: 16192.808: [ParNew: 682322K->76160K(685696K), 0.0448804 secs] 1873681K->1293614K(2483840K), 0.0450163 secs] [Times: user=0.17 sys=0.00, real=0.04 secs] 
2016-10-17T15:23:48.255+0800: 16195.813: [GC (Allocation Failure) 2016-10-17T15:23:48.255+0800: 16195.813: [ParNew: 685696K->62506K(685696K), 0.0788276 secs] 1903150K->1348446K(2483840K), 0.0789553 secs] [Times: user=0.20 sys=0.01, real=0.08 secs] 
2016-10-17T15:23:48.335+0800: 16195.894: [GC (CMS Initial Mark) [1 CMS-initial-mark: 1285940K(1798144K)] 1355470K(2483840K), 0.0020112 secs] [Times: user=0.00 sys=0.00, real=0.01 secs] 
2016-10-17T15:23:48.337+0800: 16195.896: [CMS-concurrent-mark-start]
2016-10-17T15:23:48.469+0800: 16196.028: [CMS-concurrent-mark: 0.132/0.132 secs] [Times: user=0.30 sys=0.02, real=0.13 secs] 
2016-10-17T15:23:48.469+0800: 16196.028: [CMS-concurrent-preclean-start]
2016-10-17T15:23:48.476+0800: 16196.035: [CMS-concurrent-preclean: 0.006/0.006 secs] [Times: user=0.01 sys=0.00, real=0.01 secs] 
2016-10-17T15:23:48.476+0800: 16196.035: [CMS-concurrent-abortable-preclean-start]
2016-10-17T15:23:50.091+0800: 16197.650: [CMS-concurrent-abortable-preclean: 1.514/1.615 secs] [Times: user=3.37 sys=0.22, real=1.61 secs] 
2016-10-17T15:23:50.092+0800: 16197.651: [GC (CMS Final Remark) [YG occupancy: 368628 K (685696 K)]2016-10-17T15:23:50.092+0800: 16197.651: [Rescan (parallel) , 0.0171268 secs]2016-10-17T15:23:50.109+0800: 16197.668: [weak refs processing, 0.0030786 secs]2016-10-17T15:23:50.112+0800: 16197.671: [class unloading, 0.0168124 secs]2016-10-17T15:23:50.129+0800: 16197.688: [scrub symbol table, 0.0086986 secs]2016-10-17T15:23:50.138+0800: 16197.696: [scrub string table, 0.0010421 secs][1 CMS-remark: 1285940K(1798144K)] 1654568K(2483840K), 0.0489262 secs] [Times: user=0.11 sys=0.00, real=0.05 secs] 
2016-10-17T15:23:50.142+0800: 16197.701: [CMS-concurrent-sweep-start]
2016-10-17T15:23:50.568+0800: 16198.127: [CMS-concurrent-sweep: 0.426/0.426 secs] [Times: user=0.92 sys=0.07, real=0.43 secs] 
2016-10-17T15:23:50.568+0800: 16198.127: [CMS-concurrent-reset-start]
2016-10-17T15:23:50.572+0800: 16198.131: [CMS-concurrent-reset: 0.004/0.004 secs] [Times: user=0.01 sys=0.00, real=0.00 secs] 
2016-10-17T15:23:51.780+0800: 16199.339: [GC (Allocation Failure) 2016-10-17T15:23:51.780+0800: 16199.339: [ParNew: 672042K->37515K(685696K), 0.0182356 secs] 1684427K->1049901K(2483840K), 0.0183951 secs] [Times: user=0.06 sys=0.00, real=0.02 secs] 
2016-10-17T15:23:59.092+0800: 16206.650: [GC (Allocation Failure) 2016-10-17T15:23:59.092+0800: 16206.651: [ParNew: 647051K->68993K(685696K), 0.0182012 secs] 1659437K->1081379K(2483840K), 0.0183505 secs] [Times: user=0.07 sys=0.00, real=0.02 secs] 
2016-10-17T15:24:03.854+0800: 16211.413: [GC (Allocation Failure) 2016-10-17T15:24:03.854+0800: 16211.413: [ParNew: 678529K->70874K(685696K), 0.0295069 secs] 1690915K->1112032K(2483840K), 0.0296568 secs] [Times: user=0.11 sys=0.00, real=0.03 secs] 
2016-10-17T15:24:07.869+0800: 16215.428: [GC (Allocation Failure) 2016-10-17T15:24:07.869+0800: 16215.428: [ParNew: 680410K->69160K(685696K), 0.1213066 secs] 1721568K->1132024K(2483840K), 0.1214965 secs] [Times: user=0.43 sys=0.05, real=0.12 secs] 
2016-10-17T15:24:12.464+0800: 16220.023: [GC (Allocation Failure) 2016-10-17T15:24:12.464+0800: 16220.023: [ParNew: 678682K->75812K(685696K), 0.0226917 secs] 1741546K->1156022K(2483840K), 0.0228485 secs] [Times: user=0.09 sys=0.00, real=0.03 secs] 
2016-10-17T15:24:22.127+0800: 16229.686: [GC (Allocation Failure) 2016-10-17T15:24:22.127+0800: 16229.686: [ParNew: 685107K->76160K(685696K), 0.0606339 secs] 1765316K->1221836K(2483840K), 0.0608381 secs] [Times: user=0.17 sys=0.00, real=0.06 secs] 
2016-10-17T15:24:31.704+0800: 16239.263: [GC (Allocation Failure) 2016-10-17T15:24:31.704+0800: 16239.263: [ParNew: 685472K->76160K(685696K), 0.0395053 secs] 1831149K->1288157K(2483840K), 0.0396612 secs] [Times: user=0.12 sys=0.01, real=0.04 secs] 
2016-10-17T15:24:36.962+0800: 16244.521: [GC (Allocation Failure) 2016-10-17T15:24:36.962+0800: 16244.521: [ParNew: 685682K->76160K(685696K), 0.0714046 secs] 1897680K->1360186K(2483840K), 0.0715427 secs] [Times: user=0.15 sys=0.05, real=0.07 secs] 
2016-10-17T15:24:37.034+0800: 16244.593: [GC (CMS Initial Mark) [1 CMS-initial-mark: 1284026K(1798144K)] 1360253K(2483840K), 0.0205986 secs] [Times: user=0.01 sys=0.00, real=0.02 secs] 
2016-10-17T15:24:37.055+0800: 16244.614: [CMS-concurrent-mark-start]
2016-10-17T15:24:37.197+0800: 16244.755: [CMS-concurrent-mark: 0.141/0.141 secs] [Times: user=0.18 sys=0.01, real=0.15 secs] 
2016-10-17T15:24:37.197+0800: 16244.755: [CMS-concurrent-preclean-start]
2016-10-17T15:24:37.201+0800: 16244.760: [CMS-concurrent-preclean: 0.005/0.005 secs] [Times: user=0.00 sys=0.00, real=0.00 secs] 
2016-10-17T15:24:37.201+0800: 16244.760: [CMS-concurrent-abortable-preclean-start]
2016-10-17T15:24:41.181+0800: 16248.740: [CMS-concurrent-abortable-preclean: 3.878/3.979 secs] [Times: user=5.03 sys=0.21, real=3.98 secs] 
2016-10-17T15:24:41.181+0800: 16248.740: [GC (CMS Final Remark) [YG occupancy: 385666 K (685696 K)]2016-10-17T15:24:41.181+0800: 16248.740: [Rescan (parallel) , 0.0180243 secs]2016-10-17T15:24:41.199+0800: 16248.758: [weak refs processing, 0.0006199 secs]2016-10-17T15:24:41.200+0800: 16248.759: [class unloading, 0.0200369 secs]2016-10-17T15:24:41.220+0800: 16248.779: [scrub symbol table, 0.0045988 secs]2016-10-17T15:24:41.225+0800: 16248.784: [scrub string table, 0.0006854 secs][1 CMS-remark: 1284026K(1798144K)] 1669692K(2483840K), 0.0525780 secs] [Times: user=0.11 sys=0.00, real=0.05 secs] 
2016-10-17T15:24:41.234+0800: 16248.793: [CMS-concurrent-sweep-start]
2016-10-17T15:24:41.803+0800: 16249.361: [CMS-concurrent-sweep: 0.565/0.568 secs] [Times: user=0.73 sys=0.03, real=0.57 secs] 
2016-10-17T15:24:41.803+0800: 16249.361: [CMS-concurrent-reset-start]
2016-10-17T15:24:41.806+0800: 16249.365: [CMS-concurrent-reset: 0.004/0.004 secs] [Times: user=0.01 sys=0.00, real=0.01 secs] 
2016-10-17T15:24:44.325+0800: 16251.884: [GC (Allocation Failure) 2016-10-17T15:24:44.325+0800: 16251.884: [ParNew: 685640K->76160K(685696K), 0.0316294 secs] 989078K->457701K(2483840K), 0.0317651 secs] [Times: user=0.12 sys=0.00, real=0.04 secs] 
2016-10-17T15:24:50.368+0800: 16257.927: [GC (Allocation Failure) 2016-10-17T15:24:50.368+0800: 16257.927: [ParNew: 685609K->76160K(685696K), 0.0364748 secs] 1067150K->523298K(2483840K), 0.0366052 secs] [Times: user=0.14 sys=0.00, real=0.03 secs] 
2016-10-17T15:24:56.639+0800: 16264.198: [GC (Allocation Failure) 2016-10-17T15:24:56.639+0800: 16264.198: [ParNew: 685680K->76160K(685696K), 0.0368620 secs] 1132818K->594060K(2483840K), 0.0370045 secs] [Times: user=0.14 sys=0.00, real=0.04 secs] 
2016-10-17T15:25:04.995+0800: 16272.554: [GC (Allocation Failure) 2016-10-17T15:25:04.995+0800: 16272.554: [ParNew: 685677K->76160K(685696K), 0.0410007 secs] 1203577K->649632K(2483840K), 0.0411458 secs] [Times: user=0.15 sys=0.00, real=0.05 secs] 
2016-10-17T15:25:12.597+0800: 16280.156: [GC (Allocation Failure) 2016-10-17T15:25:12.597+0800: 16280.156: [ParNew: 685696K->76160K(685696K), 0.0434181 secs] 1259168K->712960K(2483840K), 0.0435539 secs] [Times: user=0.14 sys=0.00, real=0.04 secs] 
2016-10-17T15:25:21.063+0800: 16288.622: [GC (Allocation Failure) 2016-10-17T15:25:21.063+0800: 16288.622: [ParNew: 685526K->76160K(685696K), 0.0364122 secs] 1322326K->789667K(2483840K), 0.0365824 secs] [Times: user=0.13 sys=0.00, real=0.04 secs] 
2016-10-17T15:25:28.150+0800: 16295.709: [GC (Allocation Failure) 2016-10-17T15:25:28.150+0800: 16295.709: [ParNew: 685449K->76160K(685696K), 0.0329979 secs] 1398956K->837430K(2483840K), 0.0331333 secs] [Times: user=0.13 sys=0.00, real=0.03 secs] 
2016-10-17T15:25:35.136+0800: 16302.695: [GC (Allocation Failure) 2016-10-17T15:25:35.136+0800: 16302.695: [ParNew: 685673K->76160K(685696K), 0.0367350 secs] 1446944K->893324K(2483840K), 0.0368894 secs] [Times: user=0.14 sys=0.00, real=0.04 secs] 
2016-10-17T15:25:43.312+0800: 16310.871: [GC (Allocation Failure) 2016-10-17T15:25:43.313+0800: 16310.871: [ParNew: 685696K->69072K(685696K), 0.0443275 secs] 1502860K->939897K(2483840K), 0.0444807 secs] [Times: user=0.17 sys=0.00, real=0.05 secs] 
2016-10-17T15:25:48.163+0800: 16315.722: [GC (Allocation Failure) 2016-10-17T15:25:48.163+0800: 16315.722: [ParNew: 678608K->68498K(685696K), 0.0321889 secs] 1549433K->993855K(2483840K), 0.0323182 secs] [Times: user=0.12 sys=0.00, real=0.03 secs] 
2016-10-17T15:25:53.838+0800: 16321.397: [GC (Allocation Failure) 2016-10-17T15:25:53.838+0800: 16321.397: [ParNew: 678034K->76160K(685696K), 0.0281605 secs] 1603391K->1051942K(2483840K), 0.0283335 secs] [Times: user=0.11 sys=0.00, real=0.03 secs] 
2016-10-17T15:26:07.381+0800: 16334.939: [GC (Allocation Failure) 2016-10-17T15:26:07.381+0800: 16334.939: [ParNew: 685696K->76160K(685696K), 0.0360962 secs] 1661478K->1122859K(2483840K), 0.0362345 secs] [Times: user=0.13 sys=0.00, real=0.04 secs] 
2016-10-17T15:26:17.182+0800: 16344.740: [GC (Allocation Failure) 2016-10-17T15:26:17.182+0800: 16344.740: [ParNew: 685682K->76160K(685696K), 0.0468955 secs] 1732381K->1183415K(2483840K), 0.0470603 secs] [Times: user=0.17 sys=0.00, real=0.05 secs] 
2016-10-17T15:26:31.647+0800: 16359.206: [GC (Allocation Failure) 2016-10-17T15:26:31.648+0800: 16359.206: [ParNew: 685696K->70737K(685696K), 0.0461376 secs] 1792951K->1229923K(2483840K), 0.0462817 secs] [Times: user=0.17 sys=0.00, real=0.04 secs] 
2016-10-17T15:26:40.904+0800: 16368.462: [GC (Allocation Failure) 2016-10-17T15:26:40.904+0800: 16368.462: [ParNew: 680273K->64874K(685696K), 0.0579760 secs] 1839459K->1272086K(2483840K), 0.0581403 secs] [Times: user=0.17 sys=0.00, real=0.06 secs] 
2016-10-17T15:26:50.471+0800: 16378.030: [GC (Allocation Failure) 2016-10-17T15:26:50.471+0800: 16378.030: [ParNew: 674355K->72552K(685696K), 0.0447348 secs] 1881567K->1324661K(2483840K), 0.0448760 secs] [Times: user=0.16 sys=0.00, real=0.05 secs] 
2016-10-17T15:26:59.442+0800: 16387.001: [GC (Allocation Failure) 2016-10-17T15:26:59.442+0800: 16387.001: [ParNew: 682088K->57061K(685696K), 0.0510140 secs] 1934197K->1351552K(2483840K), 0.0511536 secs] [Times: user=0.19 sys=0.00, real=0.05 secs] 
2016-10-17T15:26:59.494+0800: 16387.053: [GC (CMS Initial Mark) [1 CMS-initial-mark: 1294491K(1798144K)] 1352659K(2483840K), 0.0056454 secs] [Times: user=0.02 sys=0.00, real=0.01 secs] 
2016-10-17T15:26:59.500+0800: 16387.058: [CMS-concurrent-mark-start]
2016-10-17T15:26:59.726+0800: 16387.285: [CMS-concurrent-mark: 0.227/0.227 secs] [Times: user=0.28 sys=0.00, real=0.23 secs] 
2016-10-17T15:26:59.726+0800: 16387.285: [CMS-concurrent-preclean-start]
2016-10-17T15:26:59.733+0800: 16387.292: [CMS-concurrent-preclean: 0.007/0.007 secs] [Times: user=0.01 sys=0.00, real=0.00 secs] 
2016-10-17T15:26:59.733+0800: 16387.292: [CMS-concurrent-abortable-preclean-start]
 CMS: abort preclean due to time 2016-10-17T15:27:04.915+0800: 16392.474: [CMS-concurrent-abortable-preclean: 5.178/5.182 secs] [Times: user=6.44 sys=0.50, real=5.18 secs] 
2016-10-17T15:27:04.916+0800: 16392.475: [GC (CMS Final Remark) [YG occupancy: 271250 K (685696 K)]2016-10-17T15:27:04.916+0800: 16392.475: [Rescan (parallel) , 0.0328495 secs]2016-10-17T15:27:04.949+0800: 16392.508: [weak refs processing, 0.0041651 secs]2016-10-17T15:27:04.953+0800: 16392.512: [class unloading, 0.0536174 secs]2016-10-17T15:27:05.007+0800: 16392.565: [scrub symbol table, 0.0551895 secs]2016-10-17T15:27:05.062+0800: 16392.621: [scrub string table, 0.0007426 secs][1 CMS-remark: 1294491K(1798144K)] 1565741K(2483840K), 0.1482869 secs] [Times: user=0.24 sys=0.01, real=0.14 secs] 
2016-10-17T15:27:05.064+0800: 16392.623: [CMS-concurrent-sweep-start]
2016-10-17T15:27:05.322+0800: 16392.881: [CMS-concurrent-sweep: 0.258/0.258 secs] [Times: user=0.35 sys=0.02, real=0.26 secs] 
2016-10-17T15:27:05.322+0800: 16392.881: [CMS-concurrent-reset-start]
2016-10-17T15:27:05.326+0800: 16392.885: [CMS-concurrent-reset: 0.003/0.003 secs] [Times: user=0.01 sys=0.00, real=0.01 secs] 
2016-10-17T15:27:11.930+0800: 16399.489: [GC (Allocation Failure) 2016-10-17T15:27:11.930+0800: 16399.489: [ParNew: 666373K->56699K(685696K), 0.0484062 secs] 1744363K->1177669K(2483840K), 0.0485771 secs] [Times: user=0.18 sys=0.00, real=0.05 secs] 
2016-10-17T15:27:23.844+0800: 16411.403: [GC (Allocation Failure) 2016-10-17T15:27:23.844+0800: 16411.403: [ParNew: 666235K->67858K(685696K), 0.0476411 secs] 1787205K->1231710K(2483840K), 0.0477731 secs] [Times: user=0.19 sys=0.00, real=0.05 secs] 
2016-10-17T15:27:35.957+0800: 16423.516: [GC (Allocation Failure) 2016-10-17T15:27:35.957+0800: 16423.516: [ParNew: 677370K->55879K(685696K), 0.0489046 secs] 1841222K->1261834K(2483840K), 0.0490518 secs] [Times: user=0.18 sys=0.00, real=0.05 secs] 
2016-10-17T15:27:44.085+0800: 16431.644: [GC (Allocation Failure) 2016-10-17T15:27:44.085+0800: 16431.644: [ParNew: 665385K->54777K(685696K), 0.0383488 secs] 1871340K->1301939K(2483840K), 0.0385123 secs] [Times: user=0.15 sys=0.00, real=0.04 secs] 
2016-10-17T15:27:49.383+0800: 16436.942: [GC (Allocation Failure) 2016-10-17T15:27:49.383+0800: 16436.942: [ParNew: 664313K->73494K(685696K), 0.0383605 secs] 1911475K->1360786K(2483840K), 0.0385087 secs] [Times: user=0.12 sys=0.00, real=0.04 secs] 
2016-10-17T15:27:49.423+0800: 16436.981: [GC (CMS Initial Mark) [1 CMS-initial-mark: 1287291K(1798144K)] 1361764K(2483840K), 0.0052366 secs] [Times: user=0.01 sys=0.00, real=0.01 secs] 
2016-10-17T15:27:49.428+0800: 16436.987: [CMS-concurrent-mark-start]
2016-10-17T15:27:49.637+0800: 16437.196: [CMS-concurrent-mark: 0.209/0.209 secs] [Times: user=0.25 sys=0.01, real=0.21 secs] 
2016-10-17T15:27:49.637+0800: 16437.196: [CMS-concurrent-preclean-start]
2016-10-17T15:27:49.642+0800: 16437.201: [CMS-concurrent-preclean: 0.005/0.005 secs] [Times: user=0.00 sys=0.00, real=0.00 secs] 
2016-10-17T15:27:49.642+0800: 16437.201: [CMS-concurrent-abortable-preclean-start]
2016-10-17T15:27:53.401+0800: 16440.960: [CMS-concurrent-abortable-preclean: 3.757/3.759 secs] [Times: user=4.88 sys=0.26, real=3.76 secs] 
2016-10-17T15:27:53.402+0800: 16440.960: [GC (CMS Final Remark) [YG occupancy: 381712 K (685696 K)]2016-10-17T15:27:53.402+0800: 16440.960: [Rescan (parallel) , 0.0187189 secs]2016-10-17T15:27:53.420+0800: 16440.979: [weak refs processing, 0.0006290 secs]2016-10-17T15:27:53.421+0800: 16440.980: [class unloading, 0.0133200 secs]2016-10-17T15:27:53.434+0800: 16440.993: [scrub symbol table, 0.0044277 secs]2016-10-17T15:27:53.439+0800: 16440.998: [scrub string table, 0.0007165 secs][1 CMS-remark: 1287291K(1798144K)] 1669003K(2483840K), 0.0384184 secs] [Times: user=0.10 sys=0.00, real=0.04 secs] 
2016-10-17T15:27:53.440+0800: 16440.999: [CMS-concurrent-sweep-start]
2016-10-17T15:27:53.618+0800: 16441.177: [CMS-concurrent-sweep: 0.177/0.177 secs] [Times: user=0.25 sys=0.01, real=0.18 secs] 
2016-10-17T15:27:53.618+0800: 16441.177: [CMS-concurrent-reset-start]
2016-10-17T15:27:53.622+0800: 16441.180: [CMS-concurrent-reset: 0.003/0.003 secs] [Times: user=0.00 sys=0.01, real=0.00 secs] 
2016-10-17T15:27:56.850+0800: 16444.409: [GC (Allocation Failure) 2016-10-17T15:27:56.850+0800: 16444.409: [ParNew: 683030K->76160K(685696K), 0.0309245 secs] 1727840K->1179350K(2483840K), 0.0310441 secs] [Times: user=0.12 sys=0.00, real=0.03 secs] 
2016-10-17T15:28:08.144+0800: 16455.703: [GC (Allocation Failure) 2016-10-17T15:28:08.144+0800: 16455.703: [ParNew: 685517K->76160K(685696K), 0.1097037 secs] 1788708K->1242218K(2483840K), 0.1098482 secs] [Times: user=0.14 sys=0.00, real=0.11 secs] 
2016-10-17T15:28:17.182+0800: 16464.741: [GC (Allocation Failure) 2016-10-17T15:28:17.183+0800: 16464.741: [ParNew: 685696K->73468K(685696K), 0.0425207 secs] 1851754K->1295010K(2483840K), 0.0426482 secs] [Times: user=0.17 sys=0.00, real=0.04 secs] 
2016-10-17T15:28:26.457+0800: 16474.016: [GC (Allocation Failure) 2016-10-17T15:28:26.457+0800: 16474.016: [ParNew: 682971K->69603K(685696K), 0.0416849 secs] 1904513K->1343514K(2483840K), 0.0418439 secs] [Times: user=0.15 sys=0.00, real=0.04 secs] 
2016-10-17T15:28:26.500+0800: 16474.059: [GC (CMS Initial Mark) [1 CMS-initial-mark: 1273911K(1798144K)] 1344025K(2483840K), 0.0061833 secs] [Times: user=0.02 sys=0.00, real=0.01 secs] 
2016-10-17T15:28:26.506+0800: 16474.065: [CMS-concurrent-mark-start]
2016-10-17T15:28:26.660+0800: 16474.219: [CMS-concurrent-mark: 0.154/0.154 secs] [Times: user=0.19 sys=0.00, real=0.15 secs] 
2016-10-17T15:28:26.661+0800: 16474.219: [CMS-concurrent-preclean-start]
2016-10-17T15:28:26.665+0800: 16474.224: [CMS-concurrent-preclean: 0.005/0.005 secs] [Times: user=0.00 sys=0.00, real=0.00 secs] 
2016-10-17T15:28:26.666+0800: 16474.224: [CMS-concurrent-abortable-preclean-start]
 CMS: abort preclean due to time 2016-10-17T15:28:31.680+0800: 16479.238: [CMS-concurrent-abortable-preclean: 5.008/5.014 secs] [Times: user=6.21 sys=0.33, real=5.02 secs] 
2016-10-17T15:28:31.680+0800: 16479.239: [GC (CMS Final Remark) [YG occupancy: 311282 K (685696 K)]2016-10-17T15:28:31.680+0800: 16479.239: [Rescan (parallel) , 0.0234055 secs]2016-10-17T15:28:31.704+0800: 16479.263: [weak refs processing, 0.0006803 secs]2016-10-17T15:28:31.704+0800: 16479.263: [class unloading, 0.0153886 secs]2016-10-17T15:28:31.720+0800: 16479.279: [scrub symbol table, 0.0044394 secs]2016-10-17T15:28:31.724+0800: 16479.283: [scrub string table, 0.0007080 secs][1 CMS-remark: 1273911K(1798144K)] 1585194K(2483840K), 0.0450885 secs] [Times: user=0.12 sys=0.00, real=0.04 secs] 
2016-10-17T15:28:31.726+0800: 16479.284: [CMS-concurrent-sweep-start]
2016-10-17T15:28:32.019+0800: 16479.578: [CMS-concurrent-sweep: 0.294/0.294 secs] [Times: user=0.40 sys=0.03, real=0.30 secs] 
2016-10-17T15:28:32.019+0800: 16479.578: [CMS-concurrent-reset-start]
2016-10-17T15:28:32.023+0800: 16479.582: [CMS-concurrent-reset: 0.003/0.003 secs] [Times: user=0.00 sys=0.00, real=0.00 secs] 
2016-10-17T15:28:37.140+0800: 16484.699: [GC (Allocation Failure) 2016-10-17T15:28:37.141+0800: 16484.699: [ParNew: 679139K->66287K(685696K), 0.0438121 secs] 1704554K->1141504K(2483840K), 0.0439639 secs] [Times: user=0.17 sys=0.00, real=0.04 secs] 
2016-10-17T15:28:49.510+0800: 16497.069: [GC (Allocation Failure) 2016-10-17T15:28:49.510+0800: 16497.069: [ParNew: 675758K->76160K(685696K), 0.0505761 secs] 1750975K->1202902K(2483840K), 0.0507085 secs] [Times: user=0.19 sys=0.00, real=0.05 secs] 
2016-10-17T15:29:09.396+0800: 16516.955: [GC (Allocation Failure) 2016-10-17T15:29:09.397+0800: 16516.955: [ParNew: 685522K->76160K(685696K), 0.0644499 secs] 1812264K->1268191K(2483840K), 0.0646033 secs] [Times: user=0.23 sys=0.00, real=0.06 secs] 
2016-10-17T15:29:23.067+0800: 16530.626: [GC (Allocation Failure) 2016-10-17T15:29:23.067+0800: 16530.626: [ParNew: 685696K->68039K(685696K), 0.0450620 secs] 1877727K->1309402K(2483840K), 0.0452385 secs] [Times: user=0.17 sys=0.00, real=0.04 secs] 
2016-10-17T15:29:33.808+0800: 16541.367: [GC (Allocation Failure) 2016-10-17T15:29:33.808+0800: 16541.367: [ParNew: 677575K->74613K(685696K), 0.0533537 secs] 1918938K->1361742K(2483840K), 0.0534855 secs] [Times: user=0.18 sys=0.00, real=0.05 secs] 
2016-10-17T15:29:33.862+0800: 16541.421: [GC (CMS Initial Mark) [1 CMS-initial-mark: 1287129K(1798144K)] 1362807K(2483840K), 0.0052251 secs] [Times: user=0.02 sys=0.00, real=0.01 secs] 
2016-10-17T15:29:33.868+0800: 16541.427: [CMS-concurrent-mark-start]
2016-10-17T15:29:34.121+0800: 16541.680: [CMS-concurrent-mark: 0.253/0.253 secs] [Times: user=0.32 sys=0.00, real=0.25 secs] 
2016-10-17T15:29:34.121+0800: 16541.680: [CMS-concurrent-preclean-start]
2016-10-17T15:29:34.127+0800: 16541.686: [CMS-concurrent-preclean: 0.006/0.006 secs] [Times: user=0.01 sys=0.00, real=0.01 secs] 
2016-10-17T15:29:34.127+0800: 16541.686: [CMS-concurrent-abortable-preclean-start]
 CMS: abort preclean due to time 2016-10-17T15:29:39.263+0800: 16546.822: [CMS-concurrent-abortable-preclean: 5.133/5.135 secs] [Times: user=6.62 sys=0.41, real=5.13 secs] 
2016-10-17T15:29:39.263+0800: 16546.822: [GC (CMS Final Remark) [YG occupancy: 360044 K (685696 K)]2016-10-17T15:29:39.263+0800: 16546.822: [Rescan (parallel) , 0.0247779 secs]2016-10-17T15:29:39.288+0800: 16546.847: [weak refs processing, 0.0029268 secs]2016-10-17T15:29:39.291+0800: 16546.850: [class unloading, 0.0142020 secs]2016-10-17T15:29:39.305+0800: 16546.864: [scrub symbol table, 0.0068667 secs]2016-10-17T15:29:39.312+0800: 16546.871: [scrub string table, 0.0007089 secs][1 CMS-remark: 1287129K(1798144K)] 1647174K(2483840K), 0.0515904 secs] [Times: user=0.13 sys=0.00, real=0.05 secs] 
2016-10-17T15:29:39.315+0800: 16546.874: [CMS-concurrent-sweep-start]
2016-10-17T15:29:39.461+0800: 16547.020: [CMS-concurrent-sweep: 0.146/0.146 secs] [Times: user=0.19 sys=0.00, real=0.15 secs] 
2016-10-17T15:29:39.461+0800: 16547.020: [CMS-concurrent-reset-start]
2016-10-17T15:29:39.464+0800: 16547.023: [CMS-concurrent-reset: 0.003/0.003 secs] [Times: user=0.00 sys=0.00, real=0.00 secs] 
2016-10-17T15:29:43.958+0800: 16551.517: [GC (Allocation Failure) 2016-10-17T15:29:43.958+0800: 16551.517: [ParNew: 684149K->74677K(685696K), 0.0410708 secs] 1777816K->1215813K(2483840K), 0.0412125 secs] [Times: user=0.15 sys=0.00, real=0.04 secs] 
2016-10-17T15:29:52.057+0800: 16559.616: [GC (Allocation Failure) 2016-10-17T15:29:52.057+0800: 16559.616: [ParNew: 684213K->61949K(685696K), 0.0468354 secs] 1825349K->1252459K(2483840K), 0.0469635 secs] [Times: user=0.17 sys=0.00, real=0.04 secs] 
2016-10-17T15:29:55.188+0800: 16562.747: [GC (Allocation Failure) 2016-10-17T15:29:55.188+0800: 16562.747: [ParNew: 671485K->48752K(685696K), 0.0385759 secs] 1861995K->1287491K(2483840K), 0.0387132 secs] [Times: user=0.14 sys=0.00, real=0.04 secs] 
2016-10-17T15:29:58.207+0800: 16565.765: [GC (Allocation Failure) 2016-10-17T15:29:58.207+0800: 16565.766: [ParNew: 658288K->47442K(685696K), 0.0131331 secs] 1897027K->1286181K(2483840K), 0.0132601 secs] [Times: user=0.05 sys=0.00, real=0.01 secs] 
2016-10-17T15:30:01.048+0800: 16568.607: [GC (Allocation Failure) 2016-10-17T15:30:01.048+0800: 16568.607: [ParNew: 656978K->76160K(685696K), 0.0167910 secs] 1895717K->1314899K(2483840K), 0.0169868 secs] [Times: user=0.07 sys=0.00, real=0.01 secs] 
2016-10-17T15:30:07.962+0800: 16575.521: [GC (Allocation Failure) 2016-10-17T15:30:07.962+0800: 16575.521: [ParNew: 685576K->76160K(685696K), 0.0258948 secs] 1924315K->1352617K(2483840K), 0.0260365 secs] [Times: user=0.10 sys=0.00, real=0.03 secs] 
2016-10-17T15:30:07.989+0800: 16575.547: [GC (CMS Initial Mark) [1 CMS-initial-mark: 1276457K(1798144K)] 1352998K(2483840K), 0.0033717 secs] [Times: user=0.01 sys=0.00, real=0.00 secs] 
2016-10-17T15:30:07.992+0800: 16575.551: [CMS-concurrent-mark-start]
2016-10-17T15:30:08.095+0800: 16575.654: [CMS-concurrent-mark: 0.103/0.103 secs] [Times: user=0.15 sys=0.01, real=0.10 secs] 
2016-10-17T15:30:08.095+0800: 16575.654: [CMS-concurrent-preclean-start]
2016-10-17T15:30:08.100+0800: 16575.658: [CMS-concurrent-preclean: 0.005/0.005 secs] [Times: user=0.00 sys=0.00, real=0.01 secs] 
2016-10-17T15:30:08.100+0800: 16575.658: [CMS-concurrent-abortable-preclean-start]
2016-10-17T15:30:10.822+0800: 16578.381: [CMS-concurrent-abortable-preclean: 2.621/2.722 secs] [Times: user=3.46 sys=0.20, real=2.72 secs] 
2016-10-17T15:30:10.823+0800: 16578.382: [GC (CMS Final Remark) [YG occupancy: 384547 K (685696 K)]2016-10-17T15:30:10.823+0800: 16578.382: [Rescan (parallel) , 0.0163985 secs]2016-10-17T15:30:10.839+0800: 16578.398: [weak refs processing, 0.0007036 secs]2016-10-17T15:30:10.840+0800: 16578.399: [class unloading, 0.0240785 secs]2016-10-17T15:30:10.864+0800: 16578.423: [scrub symbol table, 0.0062004 secs]2016-10-17T15:30:10.870+0800: 16578.429: [scrub string table, 0.0010784 secs][1 CMS-remark: 1276457K(1798144K)] 1661005K(2483840K), 0.0600121 secs] [Times: user=0.11 sys=0.00, real=0.06 secs] 
2016-10-17T15:30:10.883+0800: 16578.442: [CMS-concurrent-sweep-start]
2016-10-17T15:30:11.129+0800: 16578.688: [CMS-concurrent-sweep: 0.246/0.246 secs] [Times: user=0.32 sys=0.00, real=0.25 secs] 
2016-10-17T15:30:11.129+0800: 16578.688: [CMS-concurrent-reset-start]
2016-10-17T15:30:11.132+0800: 16578.691: [CMS-concurrent-reset: 0.003/0.003 secs] [Times: user=0.00 sys=0.00, real=0.00 secs] 
2016-10-17T15:30:14.097+0800: 16581.656: [GC (Allocation Failure) 2016-10-17T15:30:14.097+0800: 16581.656: [ParNew: 685692K->76160K(685696K), 0.0330177 secs] 1508974K->969789K(2483840K), 0.0331569 secs] [Times: user=0.13 sys=0.00, real=0.03 secs] 
2016-10-17T15:30:21.383+0800: 16588.942: [GC (Allocation Failure) 2016-10-17T15:30:21.383+0800: 16588.942: [ParNew: 685696K->76160K(685696K), 0.1284831 secs] 1579325K->1043887K(2483840K), 0.1286556 secs] [Times: user=0.17 sys=0.00, real=0.13 secs] 
2016-10-17T15:30:31.968+0800: 16599.527: [GC (Allocation Failure) 2016-10-17T15:30:31.968+0800: 16599.527: [ParNew: 685655K->76160K(685696K), 0.0341946 secs] 1653383K->1115503K(2483840K), 0.0343472 secs] [Times: user=0.13 sys=0.00, real=0.03 secs] 
2016-10-17T15:30:38.123+0800: 16605.682: [GC (Allocation Failure) 2016-10-17T15:30:38.123+0800: 16605.682: [ParNew: 685659K->76160K(685696K), 0.0397854 secs] 1725003K->1177797K(2483840K), 0.0399421 secs] [Times: user=0.14 sys=0.00, real=0.04 secs] 
2016-10-17T15:30:44.950+0800: 16612.509: [GC (Allocation Failure) 2016-10-17T15:30:44.950+0800: 16612.509: [ParNew: 685696K->76160K(685696K), 0.0404873 secs] 1787333K->1242602K(2483840K), 0.0406205 secs] [Times: user=0.15 sys=0.00, real=0.04 secs] 
2016-10-17T15:30:51.506+0800: 16619.065: [GC (Allocation Failure) 2016-10-17T15:30:51.506+0800: 16619.065: [ParNew: 685693K->75353K(685696K), 0.0372429 secs] 1852135K->1300522K(2483840K), 0.0373763 secs] [Times: user=0.13 sys=0.00, real=0.03 secs] 
2016-10-17T15:30:58.618+0800: 16626.177: [GC (Allocation Failure) 2016-10-17T15:30:58.618+0800: 16626.177: [ParNew: 684889K->74273K(685696K), 0.0407227 secs] 1910058K->1358316K(2483840K), 0.0408591 secs] [Times: user=0.15 sys=0.00, real=0.04 secs] 
2016-10-17T15:30:58.660+0800: 16626.219: [GC (CMS Initial Mark) [1 CMS-initial-mark: 1284042K(1798144K)] 1359189K(2483840K), 0.0057859 secs] [Times: user=0.02 sys=0.00, real=0.00 secs] 
2016-10-17T15:30:58.666+0800: 16626.225: [CMS-concurrent-mark-start]
2016-10-17T15:30:58.864+0800: 16626.422: [CMS-concurrent-mark: 0.198/0.198 secs] [Times: user=0.25 sys=0.00, real=0.20 secs] 
2016-10-17T15:30:58.864+0800: 16626.422: [CMS-concurrent-preclean-start]
2016-10-17T15:30:58.869+0800: 16626.428: [CMS-concurrent-preclean: 0.005/0.005 secs] [Times: user=0.01 sys=0.00, real=0.01 secs] 
2016-10-17T15:30:58.869+0800: 16626.428: [CMS-concurrent-abortable-preclean-start]
 CMS: abort preclean due to time 2016-10-17T15:31:04.028+0800: 16631.586: [CMS-concurrent-abortable-preclean: 5.155/5.158 secs] [Times: user=6.45 sys=0.41, real=5.16 secs] 
2016-10-17T15:31:04.028+0800: 16631.587: [GC (CMS Final Remark) [YG occupancy: 334407 K (685696 K)]2016-10-17T15:31:04.028+0800: 16631.587: [Rescan (parallel) , 0.0278170 secs]2016-10-17T15:31:04.056+0800: 16631.615: [weak refs processing, 0.0009533 secs]2016-10-17T15:31:04.057+0800: 16631.616: [class unloading, 0.0142974 secs]2016-10-17T15:31:04.071+0800: 16631.630: [scrub symbol table, 0.0048995 secs]2016-10-17T15:31:04.076+0800: 16631.635: [scrub string table, 0.0007132 secs][1 CMS-remark: 1284042K(1798144K)] 1618450K(2483840K), 0.0494577 secs] [Times: user=0.14 sys=0.00, real=0.05 secs] 
2016-10-17T15:31:04.078+0800: 16631.637: [CMS-concurrent-sweep-start]
2016-10-17T15:31:04.217+0800: 16631.776: [CMS-concurrent-sweep: 0.140/0.140 secs] [Times: user=0.19 sys=0.01, real=0.14 secs] 
2016-10-17T15:31:04.218+0800: 16631.776: [CMS-concurrent-reset-start]
2016-10-17T15:31:04.221+0800: 16631.780: [CMS-concurrent-reset: 0.004/0.004 secs] [Times: user=0.00 sys=0.00, real=0.00 secs] 
2016-10-17T15:31:09.292+0800: 16636.851: [GC (Allocation Failure) 2016-10-17T15:31:09.292+0800: 16636.851: [ParNew: 683773K->74507K(685696K), 0.0431565 secs] 1748896K->1197014K(2483840K), 0.0432900 secs] [Times: user=0.17 sys=0.00, real=0.04 secs] 
2016-10-17T15:31:17.969+0800: 16645.527: [GC (Allocation Failure) 2016-10-17T15:31:17.969+0800: 16645.527: [ParNew: 684043K->72583K(685696K), 0.0371522 secs] 1806550K->1250362K(2483840K), 0.0372795 secs] [Times: user=0.15 sys=0.00, real=0.04 secs] 
2016-10-17T15:31:30.375+0800: 16657.933: [GC (Allocation Failure) 2016-10-17T15:31:30.375+0800: 16657.934: [ParNew: 681919K->69286K(685696K), 0.0521341 secs] 1859699K->1299299K(2483840K), 0.0522941 secs] [Times: user=0.19 sys=0.00, real=0.06 secs] 
2016-10-17T15:31:38.457+0800: 16666.015: [GC (Allocation Failure) 2016-10-17T15:31:38.457+0800: 16666.015: [ParNew: 678813K->71031K(685696K), 0.0387188 secs] 1908826K->1356009K(2483840K), 0.0388673 secs] [Times: user=0.15 sys=0.00, real=0.03 secs] 
2016-10-17T15:31:38.496+0800: 16666.055: [GC (CMS Initial Mark) [1 CMS-initial-mark: 1284978K(1798144K)] 1356984K(2483840K), 0.0039361 secs] [Times: user=0.01 sys=0.00, real=0.00 secs] 
2016-10-17T15:31:38.500+0800: 16666.059: [CMS-concurrent-mark-start]
2016-10-17T15:31:38.777+0800: 16666.336: [CMS-concurrent-mark: 0.276/0.276 secs] [Times: user=0.35 sys=0.01, real=0.28 secs] 
2016-10-17T15:31:38.777+0800: 16666.336: [CMS-concurrent-preclean-start]
2016-10-17T15:31:38.783+0800: 16666.342: [CMS-concurrent-preclean: 0.006/0.006 secs] [Times: user=0.01 sys=0.00, real=0.00 secs] 
2016-10-17T15:31:38.783+0800: 16666.342: [CMS-concurrent-abortable-preclean-start]
 CMS: abort preclean due to time 2016-10-17T15:31:43.895+0800: 16671.453: [CMS-concurrent-abortable-preclean: 5.008/5.111 secs] [Times: user=6.37 sys=0.32, real=5.11 secs] 
2016-10-17T15:31:43.895+0800: 16671.454: [GC (CMS Final Remark) [YG occupancy: 364150 K (685696 K)]2016-10-17T15:31:43.895+0800: 16671.454: [Rescan (parallel) , 0.0343368 secs]2016-10-17T15:31:43.930+0800: 16671.488: [weak refs processing, 0.0005885 secs]2016-10-17T15:31:43.930+0800: 16671.489: [class unloading, 0.0138814 secs]2016-10-17T15:31:43.944+0800: 16671.503: [scrub symbol table, 0.0046571 secs]2016-10-17T15:31:43.949+0800: 16671.508: [scrub string table, 0.0007180 secs][1 CMS-remark: 1284978K(1798144K)] 1649129K(2483840K), 0.0547184 secs] [Times: user=0.12 sys=0.00, real=0.06 secs] 
2016-10-17T15:31:43.950+0800: 16671.509: [CMS-concurrent-sweep-start]
2016-10-17T15:31:44.066+0800: 16671.625: [CMS-concurrent-sweep: 0.116/0.116 secs] [Times: user=0.14 sys=0.00, real=0.12 secs] 
2016-10-17T15:31:44.066+0800: 16671.625: [CMS-concurrent-reset-start]
2016-10-17T15:31:44.070+0800: 16671.628: [CMS-concurrent-reset: 0.003/0.003 secs] [Times: user=0.00 sys=0.00, real=0.00 secs] 
2016-10-17T15:31:47.854+0800: 16675.413: [GC (Allocation Failure) 2016-10-17T15:31:47.854+0800: 16675.413: [ParNew: 680510K->72138K(685696K), 0.0381149 secs] 1810933K->1258249K(2483840K), 0.0382434 secs] [Times: user=0.15 sys=0.00, real=0.04 secs] 
2016-10-17T15:31:54.205+0800: 16681.764: [GC (Allocation Failure) 2016-10-17T15:31:54.205+0800: 16681.764: [ParNew: 681674K->71915K(685696K), 0.1303268 secs] 1867785K->1313190K(2483840K), 0.1305003 secs] [Times: user=0.46 sys=0.04, real=0.14 secs] 
2016-10-17T15:32:05.347+0800: 16692.906: [GC (Allocation Failure) 2016-10-17T15:32:05.348+0800: 16692.906: [ParNew: 681251K->76160K(685696K), 0.0312939 secs] 1922525K->1366949K(2483840K), 0.0314252 secs] [Times: user=0.11 sys=0.00, real=0.03 secs] 
2016-10-17T15:32:05.380+0800: 16692.938: [GC (CMS Initial Mark) [1 CMS-initial-mark: 1290789K(1798144K)] 1367205K(2483840K), 0.0057144 secs] [Times: user=0.01 sys=0.00, real=0.00 secs] 
2016-10-17T15:32:05.385+0800: 16692.944: [CMS-concurrent-mark-start]
2016-10-17T15:32:05.591+0800: 16693.150: [CMS-concurrent-mark: 0.206/0.206 secs] [Times: user=0.29 sys=0.02, real=0.21 secs] 
2016-10-17T15:32:05.591+0800: 16693.150: [CMS-concurrent-preclean-start]
2016-10-17T15:32:05.597+0800: 16693.156: [CMS-concurrent-preclean: 0.006/0.006 secs] [Times: user=0.01 sys=0.00, real=0.01 secs] 
2016-10-17T15:32:05.597+0800: 16693.156: [CMS-concurrent-abortable-preclean-start]
2016-10-17T15:32:09.243+0800: 16696.802: [CMS-concurrent-abortable-preclean: 3.643/3.646 secs] [Times: user=4.69 sys=0.28, real=3.64 secs] 
2016-10-17T15:32:09.244+0800: 16696.803: [GC (CMS Final Remark) [YG occupancy: 387334 K (685696 K)]2016-10-17T15:32:09.244+0800: 16696.803: [Rescan (parallel) , 0.0196346 secs]2016-10-17T15:32:09.264+0800: 16696.823: [weak refs processing, 0.0004032 secs]2016-10-17T15:32:09.264+0800: 16696.823: [class unloading, 0.0142581 secs]2016-10-17T15:32:09.278+0800: 16696.837: [scrub symbol table, 0.0060317 secs]2016-10-17T15:32:09.284+0800: 16696.843: [scrub string table, 0.0007255 secs][1 CMS-remark: 1290789K(1798144K)] 1678123K(2483840K), 0.0414696 secs] [Times: user=0.10 sys=0.00, real=0.04 secs] 
2016-10-17T15:32:09.286+0800: 16696.844: [CMS-concurrent-sweep-start]
2016-10-17T15:32:09.441+0800: 16697.000: [CMS-concurrent-sweep: 0.154/0.155 secs] [Times: user=0.22 sys=0.01, real=0.16 secs] 
2016-10-17T15:32:09.441+0800: 16697.000: [CMS-concurrent-reset-start]
2016-10-17T15:32:09.444+0800: 16697.003: [CMS-concurrent-reset: 0.004/0.004 secs] [Times: user=0.00 sys=0.00, real=0.00 secs] 
2016-10-17T15:32:11.957+0800: 16699.516: [GC (Allocation Failure) 2016-10-17T15:32:11.957+0800: 16699.516: [ParNew: 685696K->76160K(685696K), 0.0333269 secs] 1725671K->1184688K(2483840K), 0.0334504 secs] [Times: user=0.12 sys=0.00, real=0.03 secs] 
2016-10-17T15:32:22.031+0800: 16709.590: [GC (Allocation Failure) 2016-10-17T15:32:22.031+0800: 16709.590: [ParNew: 685683K->76160K(685696K), 0.1444516 secs] 1794211K->1253644K(2483840K), 0.1446069 secs] [Times: user=0.29 sys=0.01, real=0.14 secs] 
2016-10-17T15:32:32.068+0800: 16719.627: [GC (Allocation Failure) 2016-10-17T15:32:32.068+0800: 16719.627: [ParNew: 685501K->76160K(685696K), 0.0415372 secs] 1862985K->1319412K(2483840K), 0.0416712 secs] [Times: user=0.16 sys=0.00, real=0.04 secs] 
2016-10-17T15:32:38.279+0800: 16725.838: [GC (Allocation Failure) 2016-10-17T15:32:38.279+0800: 16725.838: [ParNew: 685662K->76160K(685696K), 0.0406600 secs] 1928914K->1380009K(2483840K), 0.0408125 secs] [Times: user=0.14 sys=0.00, real=0.04 secs] 
2016-10-17T15:32:38.320+0800: 16725.879: [GC (CMS Initial Mark) [1 CMS-initial-mark: 1303849K(1798144K)] 1380819K(2483840K), 0.0037923 secs] [Times: user=0.02 sys=0.00, real=0.00 secs] 
2016-10-17T15:32:38.324+0800: 16725.883: [CMS-concurrent-mark-start]
2016-10-17T15:32:38.475+0800: 16726.034: [CMS-concurrent-mark: 0.151/0.151 secs] [Times: user=0.19 sys=0.00, real=0.15 secs] 
2016-10-17T15:32:38.475+0800: 16726.034: [CMS-concurrent-preclean-start]
2016-10-17T15:32:38.480+0800: 16726.039: [CMS-concurrent-preclean: 0.005/0.005 secs] [Times: user=0.00 sys=0.00, real=0.01 secs] 
2016-10-17T15:32:38.480+0800: 16726.039: [CMS-concurrent-abortable-preclean-start]
2016-10-17T15:32:43.241+0800: 16730.800: [CMS-concurrent-abortable-preclean: 4.759/4.761 secs] [Times: user=6.18 sys=0.27, real=4.76 secs] 
2016-10-17T15:32:43.242+0800: 16730.800: [GC (CMS Final Remark) [YG occupancy: 385263 K (685696 K)]2016-10-17T15:32:43.242+0800: 16730.800: [Rescan (parallel) , 0.0213568 secs]2016-10-17T15:32:43.263+0800: 16730.822: [weak refs processing, 0.0005818 secs]2016-10-17T15:32:43.264+0800: 16730.822: [class unloading, 0.0132439 secs]2016-10-17T15:32:43.277+0800: 16730.836: [scrub symbol table, 0.0057029 secs]2016-10-17T15:32:43.283+0800: 16730.841: [scrub string table, 0.0007149 secs][1 CMS-remark: 1303849K(1798144K)] 1689113K(2483840K), 0.0421833 secs] [Times: user=0.11 sys=0.00, real=0.04 secs] 
2016-10-17T15:32:43.284+0800: 16730.843: [CMS-concurrent-sweep-start]
2016-10-17T15:32:43.533+0800: 16731.092: [CMS-concurrent-sweep: 0.249/0.249 secs] [Times: user=0.31 sys=0.00, real=0.25 secs] 
2016-10-17T15:32:43.533+0800: 16731.092: [CMS-concurrent-reset-start]
2016-10-17T15:32:43.537+0800: 16731.095: [CMS-concurrent-reset: 0.003/0.003 secs] [Times: user=0.01 sys=0.00, real=0.01 secs] 
2016-10-17T15:32:47.014+0800: 16734.573: [GC (Allocation Failure) 2016-10-17T15:32:47.014+0800: 16734.573: [ParNew: 685657K->76160K(685696K), 0.0374081 secs] 1695442K->1147619K(2483840K), 0.0375631 secs] [Times: user=0.14 sys=0.00, real=0.04 secs] 
2016-10-17T15:32:53.713+0800: 16741.271: [GC (Allocation Failure) 2016-10-17T15:32:53.713+0800: 16741.271: [ParNew: 685696K->76160K(685696K), 0.0405103 secs] 1757155K->1204361K(2483840K), 0.0406506 secs] [Times: user=0.15 sys=0.00, real=0.04 secs] 
2016-10-17T15:33:02.123+0800: 16749.682: [GC (Allocation Failure) 2016-10-17T15:33:02.124+0800: 16749.682: [ParNew: 685647K->76160K(685696K), 0.0463462 secs] 1813848K->1267494K(2483840K), 0.0465070 secs] [Times: user=0.17 sys=0.00, real=0.05 secs] 
2016-10-17T15:33:11.094+0800: 16758.653: [GC (Allocation Failure) 2016-10-17T15:33:11.094+0800: 16758.653: [ParNew: 685445K->71992K(685696K), 0.0442279 secs] 1876780K->1319635K(2483840K), 0.0443786 secs] [Times: user=0.17 sys=0.00, real=0.05 secs] 
2016-10-17T15:33:19.599+0800: 16767.157: [GC (Allocation Failure) 2016-10-17T15:33:19.599+0800: 16767.158: [ParNew: 681324K->76160K(685696K), 0.1324363 secs] 1928967K->1385855K(2483840K), 0.1325757 secs] [Times: user=0.17 sys=0.00, real=0.13 secs] 
2016-10-17T15:33:19.732+0800: 16767.291: [GC (CMS Initial Mark) [1 CMS-initial-mark: 1309695K(1798144K)] 1386334K(2483840K), 0.0066731 secs] [Times: user=0.02 sys=0.00, real=0.01 secs] 
2016-10-17T15:33:19.739+0800: 16767.297: [CMS-concurrent-mark-start]
2016-10-17T15:33:20.000+0800: 16767.559: [CMS-concurrent-mark: 0.261/0.261 secs] [Times: user=0.35 sys=0.03, real=0.26 secs] 
2016-10-17T15:33:20.000+0800: 16767.559: [CMS-concurrent-preclean-start]
2016-10-17T15:33:20.007+0800: 16767.566: [CMS-concurrent-preclean: 0.007/0.007 secs] [Times: user=0.01 sys=0.00, real=0.01 secs] 
2016-10-17T15:33:20.007+0800: 16767.566: [CMS-concurrent-abortable-preclean-start]
 CMS: abort preclean due to time 2016-10-17T15:33:25.096+0800: 16772.655: [CMS-concurrent-abortable-preclean: 5.086/5.089 secs] [Times: user=6.18 sys=0.44, real=5.09 secs] 
2016-10-17T15:33:25.099+0800: 16772.658: [GC (CMS Final Remark) [YG occupancy: 316451 K (685696 K)]2016-10-17T15:33:25.099+0800: 16772.658: [Rescan (parallel) , 0.0260591 secs]2016-10-17T15:33:25.125+0800: 16772.684: [weak refs processing, 0.0010153 secs]2016-10-17T15:33:25.126+0800: 16772.685: [class unloading, 0.0190555 secs]2016-10-17T15:33:25.145+0800: 16772.704: [scrub symbol table, 0.0049422 secs]2016-10-17T15:33:25.150+0800: 16772.709: [scrub string table, 0.0006896 secs][1 CMS-remark: 1309695K(1798144K)] 1626147K(2483840K), 0.0524031 secs] [Times: user=0.13 sys=0.00, real=0.05 secs] 
2016-10-17T15:33:25.152+0800: 16772.711: [CMS-concurrent-sweep-start]
2016-10-17T15:33:25.297+0800: 16772.856: [CMS-concurrent-sweep: 0.145/0.145 secs] [Times: user=0.21 sys=0.01, real=0.15 secs] 
2016-10-17T15:33:25.298+0800: 16772.856: [CMS-concurrent-reset-start]
2016-10-17T15:33:25.301+0800: 16772.860: [CMS-concurrent-reset: 0.004/0.004 secs] [Times: user=0.01 sys=0.00, real=0.00 secs] 
2016-10-17T15:33:31.681+0800: 16779.240: [GC (Allocation Failure) 2016-10-17T15:33:31.681+0800: 16779.240: [ParNew: 685696K->76160K(685696K), 0.0432816 secs] 1753964K->1203870K(2483840K), 0.0434289 secs] [Times: user=0.16 sys=0.00, real=0.04 secs] 
2016-10-17T15:33:38.502+0800: 16786.061: [GC (Allocation Failure) 2016-10-17T15:33:38.503+0800: 16786.061: [ParNew: 685659K->73640K(685696K), 0.0395631 secs] 1813370K->1257134K(2483840K), 0.0397109 secs] [Times: user=0.15 sys=0.00, real=0.04 secs] 
2016-10-17T15:33:45.468+0800: 16793.027: [GC (Allocation Failure) 2016-10-17T15:33:45.468+0800: 16793.027: [ParNew: 683176K->76160K(685696K), 0.0625333 secs] 1866670K->1325888K(2483840K), 0.0626611 secs] [Times: user=0.23 sys=0.00, real=0.06 secs] 
2016-10-17T15:33:52.829+0800: 16800.388: [GC (Allocation Failure) 2016-10-17T15:33:52.829+0800: 16800.388: [ParNew: 685612K->76160K(685696K), 0.0658633 secs] 1935340K->1407601K(2483840K), 0.0659919 secs] [Times: user=0.22 sys=0.00, real=0.06 secs] 
2016-10-17T15:33:52.896+0800: 16800.454: [GC (CMS Initial Mark) [1 CMS-initial-mark: 1331441K(1798144K)] 1407863K(2483840K), 0.0035829 secs] [Times: user=0.01 sys=0.00, real=0.01 secs] 
2016-10-17T15:33:52.899+0800: 16800.458: [CMS-concurrent-mark-start]
2016-10-17T15:33:53.218+0800: 16800.777: [CMS-concurrent-mark: 0.319/0.319 secs] [Times: user=0.40 sys=0.01, real=0.32 secs] 
2016-10-17T15:33:53.218+0800: 16800.777: [CMS-concurrent-preclean-start]
2016-10-17T15:33:53.224+0800: 16800.783: [CMS-concurrent-preclean: 0.006/0.006 secs] [Times: user=0.00 sys=0.00, real=0.00 secs] 
2016-10-17T15:33:53.224+0800: 16800.783: [CMS-concurrent-abortable-preclean-start]
2016-10-17T15:33:56.224+0800: 16803.783: [CMS-concurrent-abortable-preclean: 2.986/3.000 secs] [Times: user=5.22 sys=0.38, real=3.00 secs] 
2016-10-17T15:33:56.225+0800: 16803.784: [GC (CMS Final Remark) [YG occupancy: 404948 K (685696 K)]2016-10-17T15:33:56.225+0800: 16803.784: [Rescan (parallel) , 0.0169339 secs]2016-10-17T15:33:56.242+0800: 16803.801: [weak refs processing, 0.0024360 secs]2016-10-17T15:33:56.244+0800: 16803.803: [class unloading, 0.0128567 secs]2016-10-17T15:33:56.257+0800: 16803.816: [scrub symbol table, 0.0053048 secs]2016-10-17T15:33:56.263+0800: 16803.821: [scrub string table, 0.0007296 secs][1 CMS-remark: 1331441K(1798144K)] 1736390K(2483840K), 0.0403727 secs] [Times: user=0.10 sys=0.00, real=0.04 secs] 
2016-10-17T15:33:56.267+0800: 16803.825: [CMS-concurrent-sweep-start]
2016-10-17T15:33:56.398+0800: 16803.957: [CMS-concurrent-sweep: 0.132/0.132 secs] [Times: user=0.32 sys=0.01, real=0.13 secs] 
2016-10-17T15:33:56.398+0800: 16803.957: [CMS-concurrent-reset-start]
2016-10-17T15:33:56.402+0800: 16803.961: [CMS-concurrent-reset: 0.004/0.004 secs] [Times: user=0.01 sys=0.00, real=0.00 secs] 
2016-10-17T15:33:57.618+0800: 16805.176: [GC (Allocation Failure) 2016-10-17T15:33:57.618+0800: 16805.176: [ParNew: 685696K->56700K(685696K), 0.0437746 secs] 1836700K->1259311K(2483840K), 0.0439232 secs] [Times: user=0.16 sys=0.00, real=0.04 secs] 
2016-10-17T15:34:01.124+0800: 16808.682: [GC (Allocation Failure) 2016-10-17T15:34:01.124+0800: 16808.682: [ParNew: 666236K->67933K(685696K), 0.0154302 secs] 1868847K->1270544K(2483840K), 0.0156138 secs] [Times: user=0.06 sys=0.00, real=0.02 secs] 
2016-10-17T15:34:07.369+0800: 16814.928: [GC (Allocation Failure) 2016-10-17T15:34:07.370+0800: 16814.928: [ParNew: 677469K->75266K(685696K), 0.0270851 secs] 1880080K->1302607K(2483840K), 0.0272311 secs] [Times: user=0.10 sys=0.00, real=0.03 secs] 
2016-10-17T15:34:10.312+0800: 16817.871: [GC (Allocation Failure) 2016-10-17T15:34:10.312+0800: 16817.871: [ParNew: 684801K->61609K(685696K), 0.0269935 secs] 1912141K->1339677K(2483840K), 0.0271367 secs] [Times: user=0.10 sys=0.00, real=0.03 secs] 
2016-10-17T15:34:10.340+0800: 16817.898: [GC (CMS Initial Mark) [1 CMS-initial-mark: 1278067K(1798144K)] 1345797K(2483840K), 0.0018720 secs] [Times: user=0.01 sys=0.00, real=0.00 secs] 
2016-10-17T15:34:10.342+0800: 16817.900: [CMS-concurrent-mark-start]
2016-10-17T15:34:10.777+0800: 16818.336: [CMS-concurrent-mark: 0.435/0.435 secs] [Times: user=0.80 sys=0.11, real=0.44 secs] 
2016-10-17T15:34:10.777+0800: 16818.336: [CMS-concurrent-preclean-start]
2016-10-17T15:34:10.783+0800: 16818.342: [CMS-concurrent-preclean: 0.006/0.006 secs] [Times: user=0.01 sys=0.00, real=0.00 secs] 
2016-10-17T15:34:10.783+0800: 16818.342: [CMS-concurrent-abortable-preclean-start]
2016-10-17T15:34:12.406+0800: 16819.964: [CMS-concurrent-abortable-preclean: 1.621/1.622 secs] [Times: user=3.48 sys=0.25, real=1.62 secs] 
2016-10-17T15:34:12.406+0800: 16819.965: [GC (CMS Final Remark) [YG occupancy: 377028 K (685696 K)]2016-10-17T15:34:12.406+0800: 16819.965: [Rescan (parallel) , 0.0184960 secs]2016-10-17T15:34:12.425+0800: 16819.984: [weak refs processing, 0.0004270 secs]2016-10-17T15:34:12.425+0800: 16819.984: [class unloading, 0.0198359 secs]2016-10-17T15:34:12.445+0800: 16820.004: [scrub symbol table, 0.0055514 secs]2016-10-17T15:34:12.451+0800: 16820.010: [scrub string table, 0.0007050 secs][1 CMS-remark: 1278067K(1798144K)] 1655095K(2483840K), 0.0547284 secs] [Times: user=0.10 sys=0.00, real=0.05 secs] 
2016-10-17T15:34:12.462+0800: 16820.021: [CMS-concurrent-sweep-start]
2016-10-17T15:34:12.979+0800: 16820.537: [CMS-concurrent-sweep: 0.517/0.517 secs] [Times: user=1.14 sys=0.06, real=0.52 secs] 
2016-10-17T15:34:12.979+0800: 16820.537: [CMS-concurrent-reset-start]
2016-10-17T15:34:12.982+0800: 16820.541: [CMS-concurrent-reset: 0.003/0.003 secs] [Times: user=0.00 sys=0.00, real=0.00 secs] 
2016-10-17T15:34:14.292+0800: 16821.851: [GC (Allocation Failure) 2016-10-17T15:34:14.292+0800: 16821.851: [ParNew: 671145K->67759K(685696K), 0.0145241 secs] 1536936K->933550K(2483840K), 0.0146671 secs] [Times: user=0.06 sys=0.00, real=0.02 secs] 
2016-10-17T15:34:21.180+0800: 16828.739: [GC (Allocation Failure) 2016-10-17T15:34:21.180+0800: 16828.739: [ParNew: 677295K->76160K(685696K), 0.0597022 secs] 1543086K->984465K(2483840K), 0.0598466 secs] [Times: user=0.14 sys=0.00, real=0.06 secs] 
2016-10-17T15:34:27.575+0800: 16835.134: [GC (Allocation Failure) 2016-10-17T15:34:27.575+0800: 16835.134: [ParNew: 685681K->76160K(685696K), 0.0404415 secs] 1593987K->1060704K(2483840K), 0.0406288 secs] [Times: user=0.15 sys=0.00, real=0.04 secs] 
2016-10-17T15:34:33.693+0800: 16841.252: [GC (Allocation Failure) 2016-10-17T15:34:33.693+0800: 16841.252: [ParNew: 685518K->76160K(685696K), 0.0377522 secs] 1670062K->1145728K(2483840K), 0.0379028 secs] [Times: user=0.14 sys=0.00, real=0.04 secs] 
2016-10-17T15:34:40.161+0800: 16847.720: [GC (Allocation Failure) 2016-10-17T15:34:40.161+0800: 16847.720: [ParNew: 685672K->76160K(685696K), 0.0388138 secs] 1755241K->1220727K(2483840K), 0.0389927 secs] [Times: user=0.15 sys=0.00, real=0.04 secs] 
2016-10-17T15:34:46.962+0800: 16854.521: [GC (Allocation Failure) 2016-10-17T15:34:46.962+0800: 16854.521: [ParNew: 685687K->76160K(685696K), 0.0329737 secs] 1830255K->1291054K(2483840K), 0.0331100 secs] [Times: user=0.13 sys=0.00, real=0.03 secs] 
2016-10-17T15:34:53.275+0800: 16860.834: [GC (Allocation Failure) 2016-10-17T15:34:53.275+0800: 16860.834: [ParNew: 685510K->76160K(685696K), 0.0393699 secs] 1900404K->1354873K(2483840K), 0.0395061 secs] [Times: user=0.16 sys=0.00, real=0.04 secs] 
2016-10-17T15:34:53.316+0800: 16860.874: [GC (CMS Initial Mark) [1 CMS-initial-mark: 1278713K(1798144K)] 1355129K(2483840K), 0.0052132 secs] [Times: user=0.02 sys=0.00, real=0.01 secs] 
2016-10-17T15:34:53.321+0800: 16860.880: [CMS-concurrent-mark-start]
2016-10-17T15:34:53.613+0800: 16861.172: [CMS-concurrent-mark: 0.292/0.292 secs] [Times: user=0.35 sys=0.02, real=0.29 secs] 
2016-10-17T15:34:53.613+0800: 16861.172: [CMS-concurrent-preclean-start]
2016-10-17T15:34:53.619+0800: 16861.178: [CMS-concurrent-preclean: 0.006/0.006 secs] [Times: user=0.01 sys=0.00, real=0.01 secs] 
2016-10-17T15:34:53.619+0800: 16861.178: [CMS-concurrent-abortable-preclean-start]
 CMS: abort preclean due to time 2016-10-17T15:34:58.900+0800: 16866.459: [CMS-concurrent-abortable-preclean: 5.277/5.281 secs] [Times: user=6.16 sys=0.50, real=5.28 secs] 
2016-10-17T15:34:58.901+0800: 16866.460: [GC (CMS Final Remark) [YG occupancy: 327438 K (685696 K)]2016-10-17T15:34:58.901+0800: 16866.460: [Rescan (parallel) , 0.0162408 secs]2016-10-17T15:34:58.917+0800: 16866.476: [weak refs processing, 0.0012604 secs]2016-10-17T15:34:58.918+0800: 16866.477: [class unloading, 0.0189631 secs]2016-10-17T15:34:58.937+0800: 16866.496: [scrub symbol table, 0.0083987 secs]2016-10-17T15:34:58.946+0800: 16866.505: [scrub string table, 0.0010498 secs][1 CMS-remark: 1278713K(1798144K)] 1606152K(2483840K), 0.0469635 secs] [Times: user=0.10 sys=0.00, real=0.05 secs] 
2016-10-17T15:34:58.948+0800: 16866.507: [CMS-concurrent-sweep-start]
2016-10-17T15:34:59.183+0800: 16866.741: [CMS-concurrent-sweep: 0.234/0.234 secs] [Times: user=0.26 sys=0.03, real=0.23 secs] 
2016-10-17T15:34:59.183+0800: 16866.741: [CMS-concurrent-reset-start]
2016-10-17T15:34:59.186+0800: 16866.745: [CMS-concurrent-reset: 0.004/0.004 secs] [Times: user=0.01 sys=0.00, real=0.01 secs] 
2016-10-17T15:35:08.693+0800: 16876.251: [GC (Allocation Failure) 2016-10-17T15:35:08.693+0800: 16876.251: [ParNew: 685672K->76160K(685696K), 0.0385438 secs] 1682263K->1145066K(2483840K), 0.0386760 secs] [Times: user=0.14 sys=0.00, real=0.04 secs] 
2016-10-17T15:35:17.250+0800: 16884.809: [GC (Allocation Failure) 2016-10-17T15:35:17.250+0800: 16884.809: [ParNew: 685496K->76160K(685696K), 0.0462221 secs] 1754403K->1213939K(2483840K), 0.0463522 secs] [Times: user=0.16 sys=0.00, real=0.05 secs] 
2016-10-17T15:35:28.789+0800: 16896.347: [GC (Allocation Failure) 2016-10-17T15:35:28.789+0800: 16896.348: [ParNew: 685696K->76160K(685696K), 0.0371072 secs] 1823475K->1278320K(2483840K), 0.0372422 secs] [Times: user=0.14 sys=0.00, real=0.04 secs] 
2016-10-17T15:35:36.362+0800: 16903.921: [GC (Allocation Failure) 2016-10-17T15:35:36.362+0800: 16903.921: [ParNew: 685650K->76160K(685696K), 0.0353514 secs] 1887811K->1344293K(2483840K), 0.0354973 secs] [Times: user=0.14 sys=0.00, real=0.04 secs] 
2016-10-17T15:35:36.398+0800: 16903.957: [GC (CMS Initial Mark) [1 CMS-initial-mark: 1268133K(1798144K)] 1345046K(2483840K), 0.0040450 secs] [Times: user=0.01 sys=0.00, real=0.00 secs] 
2016-10-17T15:35:36.402+0800: 16903.961: [CMS-concurrent-mark-start]
2016-10-17T15:35:36.616+0800: 16904.175: [CMS-concurrent-mark: 0.214/0.214 secs] [Times: user=0.27 sys=0.00, real=0.22 secs] 
2016-10-17T15:35:36.616+0800: 16904.175: [CMS-concurrent-preclean-start]
2016-10-17T15:35:36.621+0800: 16904.180: [CMS-concurrent-preclean: 0.005/0.005 secs] [Times: user=0.01 sys=0.00, real=0.00 secs] 
2016-10-17T15:35:36.621+0800: 16904.180: [CMS-concurrent-abortable-preclean-start]
2016-10-17T15:35:41.084+0800: 16908.643: [CMS-concurrent-abortable-preclean: 4.461/4.463 secs] [Times: user=5.61 sys=0.34, real=4.46 secs] 
2016-10-17T15:35:41.085+0800: 16908.644: [GC (CMS Final Remark) [YG occupancy: 382639 K (685696 K)]2016-10-17T15:35:41.085+0800: 16908.644: [Rescan (parallel) , 0.0247031 secs]2016-10-17T15:35:41.110+0800: 16908.669: [weak refs processing, 0.0007625 secs]2016-10-17T15:35:41.110+0800: 16908.669: [class unloading, 0.0134517 secs]2016-10-17T15:35:41.124+0800: 16908.683: [scrub symbol table, 0.0042677 secs]2016-10-17T15:35:41.128+0800: 16908.687: [scrub string table, 0.0006786 secs][1 CMS-remark: 1268133K(1798144K)] 1650773K(2483840K), 0.0446240 secs] [Times: user=0.12 sys=0.00, real=0.05 secs] 
2016-10-17T15:35:41.130+0800: 16908.689: [CMS-concurrent-sweep-start]
2016-10-17T15:35:41.221+0800: 16908.779: [CMS-concurrent-sweep: 0.091/0.091 secs] [Times: user=0.13 sys=0.00, real=0.09 secs] 
2016-10-17T15:35:41.221+0800: 16908.779: [CMS-concurrent-reset-start]
2016-10-17T15:35:41.224+0800: 16908.783: [CMS-concurrent-reset: 0.003/0.003 secs] [Times: user=0.00 sys=0.00, real=0.00 secs] 
2016-10-17T15:35:44.222+0800: 16911.781: [GC (Allocation Failure) 2016-10-17T15:35:44.222+0800: 16911.781: [ParNew: 685454K->76160K(685696K), 0.0385928 secs] 1753177K->1210723K(2483840K), 0.0387384 secs] [Times: user=0.15 sys=0.00, real=0.04 secs] 
2016-10-17T15:35:50.548+0800: 16918.107: [GC (Allocation Failure) 2016-10-17T15:35:50.548+0800: 16918.107: [ParNew: 685696K->76160K(685696K), 0.0458867 secs] 1820259K->1274137K(2483840K), 0.0460210 secs] [Times: user=0.16 sys=0.00, real=0.04 secs] 
2016-10-17T15:35:56.609+0800: 16924.168: [GC (Allocation Failure) 2016-10-17T15:35:56.609+0800: 16924.168: [ParNew: 685497K->76160K(685696K), 0.0361472 secs] 1883474K->1349113K(2483840K), 0.0362808 secs] [Times: user=0.14 sys=0.00, real=0.03 secs] 
2016-10-17T15:35:56.646+0800: 16924.205: [GC (CMS Initial Mark) [1 CMS-initial-mark: 1272953K(1798144K)] 1349369K(2483840K), 0.0044990 secs] [Times: user=0.01 sys=0.00, real=0.00 secs] 
2016-10-17T15:35:56.651+0800: 16924.210: [CMS-concurrent-mark-start]
2016-10-17T15:35:56.931+0800: 16924.490: [CMS-concurrent-mark: 0.280/0.280 secs] [Times: user=0.36 sys=0.01, real=0.28 secs] 
2016-10-17T15:35:56.931+0800: 16924.490: [CMS-concurrent-preclean-start]
2016-10-17T15:35:56.936+0800: 16924.495: [CMS-concurrent-preclean: 0.005/0.005 secs] [Times: user=0.00 sys=0.00, real=0.01 secs] 
2016-10-17T15:35:56.936+0800: 16924.495: [CMS-concurrent-abortable-preclean-start]
2016-10-17T15:36:01.543+0800: 16929.102: [CMS-concurrent-abortable-preclean: 4.605/4.607 secs] [Times: user=5.85 sys=0.36, real=4.60 secs] 
2016-10-17T15:36:01.545+0800: 16929.103: [GC (CMS Final Remark) [YG occupancy: 381715 K (685696 K)]2016-10-17T15:36:01.545+0800: 16929.103: [Rescan (parallel) , 0.0292434 secs]2016-10-17T15:36:01.574+0800: 16929.133: [weak refs processing, 0.0006135 secs]2016-10-17T15:36:01.574+0800: 16929.133: [class unloading, 0.0165095 secs]2016-10-17T15:36:01.591+0800: 16929.150: [scrub symbol table, 0.0050096 secs]2016-10-17T15:36:01.596+0800: 16929.155: [scrub string table, 0.0007635 secs][1 CMS-remark: 1272953K(1798144K)] 1654669K(2483840K), 0.0525763 secs] [Times: user=0.14 sys=0.00, real=0.06 secs] 
2016-10-17T15:36:01.748+0800: 16929.307: [CMS-concurrent-sweep-start]
2016-10-17T15:36:01.846+0800: 16929.405: [CMS-concurrent-sweep: 0.098/0.098 secs] [Times: user=0.12 sys=0.01, real=0.10 secs] 
2016-10-17T15:36:01.846+0800: 16929.405: [CMS-concurrent-reset-start]
2016-10-17T15:36:01.850+0800: 16929.408: [CMS-concurrent-reset: 0.004/0.004 secs] [Times: user=0.00 sys=0.00, real=0.00 secs] 
2016-10-17T15:36:06.553+0800: 16934.111: [GC (Allocation Failure) 2016-10-17T15:36:06.553+0800: 16934.112: [ParNew: 685519K->76160K(685696K), 0.1778817 secs] 1796468K->1242742K(2483840K), 0.1780293 secs] [Times: user=0.45 sys=0.05, real=0.18 secs] 
2016-10-17T15:36:16.588+0800: 16944.147: [GC (Allocation Failure) 2016-10-17T15:36:16.588+0800: 16944.147: [ParNew: 685696K->76160K(685696K), 0.1432627 secs] 1852278K->1310230K(2483840K), 0.1434011 secs] [Times: user=0.31 sys=0.02, real=0.14 secs] 
2016-10-17T15:36:25.926+0800: 16953.485: [GC (Allocation Failure) 2016-10-17T15:36:25.926+0800: 16953.485: [ParNew: 685499K->76160K(685696K), 0.0417572 secs] 1919569K->1372718K(2483840K), 0.0419648 secs] [Times: user=0.16 sys=0.00, real=0.04 secs] 
2016-10-17T15:36:25.969+0800: 16953.528: [GC (CMS Initial Mark) [1 CMS-initial-mark: 1296558K(1798144K)] 1372974K(2483840K), 0.0060560 secs] [Times: user=0.01 sys=0.00, real=0.00 secs] 
2016-10-17T15:36:25.975+0800: 16953.534: [CMS-concurrent-mark-start]
2016-10-17T15:36:26.432+0800: 16953.991: [CMS-concurrent-mark: 0.457/0.457 secs] [Times: user=0.49 sys=0.01, real=0.46 secs] 
2016-10-17T15:36:26.433+0800: 16953.991: [CMS-concurrent-preclean-start]
2016-10-17T15:36:26.438+0800: 16953.997: [CMS-concurrent-preclean: 0.005/0.005 secs] [Times: user=0.01 sys=0.00, real=0.01 secs] 
2016-10-17T15:36:26.438+0800: 16953.997: [CMS-concurrent-abortable-preclean-start]
 CMS: abort preclean due to time 2016-10-17T15:36:31.489+0800: 16959.048: [CMS-concurrent-abortable-preclean: 5.046/5.051 secs] [Times: user=5.99 sys=0.46, real=5.05 secs] 
2016-10-17T15:36:31.490+0800: 16959.049: [GC (CMS Final Remark) [YG occupancy: 376758 K (685696 K)]2016-10-17T15:36:31.490+0800: 16959.049: [Rescan (parallel) , 0.0173116 secs]2016-10-17T15:36:31.507+0800: 16959.066: [weak refs processing, 0.0006890 secs]2016-10-17T15:36:31.508+0800: 16959.067: [class unloading, 0.0145979 secs]2016-10-17T15:36:31.523+0800: 16959.081: [scrub symbol table, 0.0046833 secs]2016-10-17T15:36:31.527+0800: 16959.086: [scrub string table, 0.0007158 secs][1 CMS-remark: 1296558K(1798144K)] 1673316K(2483840K), 0.0385144 secs] [Times: user=0.09 sys=0.00, real=0.04 secs] 
2016-10-17T15:36:31.529+0800: 16959.088: [CMS-concurrent-sweep-start]
2016-10-17T15:36:31.728+0800: 16959.286: [CMS-concurrent-sweep: 0.199/0.199 secs] [Times: user=0.24 sys=0.01, real=0.20 secs] 
2016-10-17T15:36:31.728+0800: 16959.286: [CMS-concurrent-reset-start]
2016-10-17T15:36:31.731+0800: 16959.290: [CMS-concurrent-reset: 0.004/0.004 secs] [Times: user=0.00 sys=0.00, real=0.00 secs] 
2016-10-17T15:36:33.764+0800: 16961.323: [GC (Allocation Failure) 2016-10-17T15:36:33.764+0800: 16961.323: [ParNew: 685690K->76160K(685696K), 0.0366457 secs] 1821704K->1272627K(2483840K), 0.0367874 secs] [Times: user=0.13 sys=0.00, real=0.04 secs] 
2016-10-17T15:36:38.180+0800: 16965.739: [GC (Allocation Failure) 2016-10-17T15:36:38.180+0800: 16965.739: [ParNew: 685696K->76160K(685696K), 0.0325097 secs] 1882163K->1345734K(2483840K), 0.0326479 secs] [Times: user=0.12 sys=0.00, real=0.03 secs] 
2016-10-17T15:36:38.213+0800: 16965.772: [GC (CMS Initial Mark) [1 CMS-initial-mark: 1269574K(1798144K)] 1346363K(2483840K), 0.0022821 secs] [Times: user=0.01 sys=0.00, real=0.00 secs] 
2016-10-17T15:36:38.216+0800: 16965.774: [CMS-concurrent-mark-start]
2016-10-17T15:36:38.328+0800: 16965.886: [CMS-concurrent-mark: 0.112/0.112 secs] [Times: user=0.14 sys=0.01, real=0.12 secs] 
2016-10-17T15:36:38.328+0800: 16965.886: [CMS-concurrent-preclean-start]
2016-10-17T15:36:38.332+0800: 16965.891: [CMS-concurrent-preclean: 0.005/0.005 secs] [Times: user=0.01 sys=0.00, real=0.00 secs] 
2016-10-17T15:36:38.333+0800: 16965.891: [CMS-concurrent-abortable-preclean-start]
2016-10-17T15:36:41.640+0800: 16969.199: [CMS-concurrent-abortable-preclean: 3.306/3.307 secs] [Times: user=4.25 sys=0.20, real=3.31 secs] 
2016-10-17T15:36:41.641+0800: 16969.199: [GC (CMS Final Remark) [YG occupancy: 384707 K (685696 K)]2016-10-17T15:36:41.641+0800: 16969.199: [Rescan (parallel) , 0.0153739 secs]2016-10-17T15:36:41.656+0800: 16969.215: [weak refs processing, 0.0002997 secs]2016-10-17T15:36:41.656+0800: 16969.215: [class unloading, 0.0129553 secs]2016-10-17T15:36:41.669+0800: 16969.228: [scrub symbol table, 0.0041246 secs]2016-10-17T15:36:41.673+0800: 16969.232: [scrub string table, 0.0006851 secs][1 CMS-remark: 1269574K(1798144K)] 1654281K(2483840K), 0.0337846 secs] [Times: user=0.09 sys=0.00, real=0.03 secs] 
2016-10-17T15:36:41.674+0800: 16969.233: [CMS-concurrent-sweep-start]
2016-10-17T15:36:42.266+0800: 16969.825: [CMS-concurrent-sweep: 0.592/0.592 secs] [Times: user=0.75 sys=0.06, real=0.60 secs] 
2016-10-17T15:36:42.266+0800: 16969.825: [CMS-concurrent-reset-start]
2016-10-17T15:36:42.270+0800: 16969.828: [CMS-concurrent-reset: 0.003/0.003 secs] [Times: user=0.01 sys=0.00, real=0.00 secs] 
2016-10-17T15:36:44.585+0800: 16972.144: [GC (Allocation Failure) 2016-10-17T15:36:44.585+0800: 16972.144: [ParNew: 685696K->76160K(685696K), 0.0556674 secs] 1653249K->1121214K(2483840K), 0.0558212 secs] [Times: user=0.14 sys=0.00, real=0.06 secs] 
2016-10-17T15:36:49.800+0800: 16977.359: [GC (Allocation Failure) 2016-10-17T15:36:49.800+0800: 16977.359: [ParNew: 685642K->76160K(685696K), 0.0324512 secs] 1730697K->1199335K(2483840K), 0.0325785 secs] [Times: user=0.12 sys=0.00, real=0.03 secs] 
2016-10-17T15:36:56.046+0800: 16983.605: [GC (Allocation Failure) 2016-10-17T15:36:56.046+0800: 16983.605: [ParNew: 685651K->76160K(685696K), 0.0380012 secs] 1808827K->1265553K(2483840K), 0.0381258 secs] [Times: user=0.13 sys=0.00, real=0.03 secs] 
2016-10-17T15:37:02.065+0800: 16989.624: [GC (Allocation Failure) 2016-10-17T15:37:02.065+0800: 16989.624: [ParNew: 685696K->76160K(685696K), 0.0355586 secs] 1875089K->1335632K(2483840K), 0.0357179 secs] [Times: user=0.13 sys=0.00, real=0.04 secs] 
2016-10-17T15:37:02.101+0800: 16989.660: [GC (CMS Initial Mark) [1 CMS-initial-mark: 1259472K(1798144K)] 1336139K(2483840K), 0.0041314 secs] [Times: user=0.02 sys=0.00, real=0.00 secs] 
2016-10-17T15:37:02.106+0800: 16989.665: [CMS-concurrent-mark-start]
2016-10-17T15:37:02.273+0800: 16989.831: [CMS-concurrent-mark: 0.167/0.167 secs] [Times: user=0.21 sys=0.00, real=0.16 secs] 
2016-10-17T15:37:02.273+0800: 16989.832: [CMS-concurrent-preclean-start]
2016-10-17T15:37:02.279+0800: 16989.837: [CMS-concurrent-preclean: 0.006/0.006 secs] [Times: user=0.01 sys=0.00, real=0.01 secs] 
2016-10-17T15:37:02.279+0800: 16989.838: [CMS-concurrent-abortable-preclean-start]
2016-10-17T15:37:07.253+0800: 16994.811: [CMS-concurrent-abortable-preclean: 4.972/4.974 secs] [Times: user=6.35 sys=0.55, real=4.97 secs] 
2016-10-17T15:37:07.253+0800: 16994.812: [GC (CMS Final Remark) [YG occupancy: 382749 K (685696 K)]2016-10-17T15:37:07.253+0800: 16994.812: [Rescan (parallel) , 0.0234045 secs]2016-10-17T15:37:07.277+0800: 16994.835: [weak refs processing, 0.0003966 secs]2016-10-17T15:37:07.277+0800: 16994.836: [class unloading, 0.0130758 secs]2016-10-17T15:37:07.290+0800: 16994.849: [scrub symbol table, 0.0040800 secs]2016-10-17T15:37:07.294+0800: 16994.853: [scrub string table, 0.0007214 secs][1 CMS-remark: 1259472K(1798144K)] 1642221K(2483840K), 0.0421039 secs] [Times: user=0.11 sys=0.00, real=0.04 secs] 
2016-10-17T15:37:07.296+0800: 16994.854: [CMS-concurrent-sweep-start]
2016-10-17T15:37:07.401+0800: 16994.960: [CMS-concurrent-sweep: 0.105/0.105 secs] [Times: user=0.13 sys=0.02, real=0.11 secs] 
2016-10-17T15:37:07.401+0800: 16994.960: [CMS-concurrent-reset-start]
2016-10-17T15:37:07.405+0800: 16994.964: [CMS-concurrent-reset: 0.004/0.004 secs] [Times: user=0.00 sys=0.00, real=0.00 secs] 
2016-10-17T15:37:11.007+0800: 16998.566: [GC (Allocation Failure) 2016-10-17T15:37:11.007+0800: 16998.566: [ParNew: 685545K->76160K(685696K), 0.1103643 secs] 1701244K->1162141K(2483840K), 0.1105055 secs] [Times: user=0.17 sys=0.00, real=0.11 secs] 
2016-10-17T15:37:18.414+0800: 17005.972: [GC (Allocation Failure) 2016-10-17T15:37:18.414+0800: 17005.972: [ParNew: 685516K->76160K(685696K), 0.0474867 secs] 1771498K->1229094K(2483840K), 0.0476402 secs] [Times: user=0.16 sys=0.00, real=0.05 secs] 
2016-10-17T15:37:24.741+0800: 17012.300: [GC (Allocation Failure) 2016-10-17T15:37:24.741+0800: 17012.300: [ParNew: 684855K->76160K(685696K), 0.0355660 secs] 1837790K->1296266K(2483840K), 0.0356931 secs] [Times: user=0.14 sys=0.00, real=0.04 secs] 
2016-10-17T15:37:30.677+0800: 17018.236: [GC (Allocation Failure) 2016-10-17T15:37:30.677+0800: 17018.236: [ParNew: 685623K->76160K(685696K), 0.0472473 secs] 1905730K->1371160K(2483840K), 0.0474352 secs] [Times: user=0.18 sys=0.00, real=0.04 secs] 
2016-10-17T15:37:30.725+0800: 17018.284: [GC (CMS Initial Mark) [1 CMS-initial-mark: 1295000K(1798144K)] 1371416K(2483840K), 0.0034599 secs] [Times: user=0.01 sys=0.00, real=0.01 secs] 
2016-10-17T15:37:30.728+0800: 17018.287: [CMS-concurrent-mark-start]
2016-10-17T15:37:31.035+0800: 17018.593: [CMS-concurrent-mark: 0.305/0.306 secs] [Times: user=0.35 sys=0.01, real=0.30 secs] 
2016-10-17T15:37:31.035+0800: 17018.594: [CMS-concurrent-preclean-start]
2016-10-17T15:37:31.040+0800: 17018.599: [CMS-concurrent-preclean: 0.005/0.005 secs] [Times: user=0.01 sys=0.00, real=0.01 secs] 
2016-10-17T15:37:31.040+0800: 17018.599: [CMS-concurrent-abortable-preclean-start]
2016-10-17T15:37:35.015+0800: 17022.574: [CMS-concurrent-abortable-preclean: 3.969/3.975 secs] [Times: user=5.11 sys=0.31, real=3.97 secs] 
2016-10-17T15:37:35.016+0800: 17022.575: [GC (CMS Final Remark) [YG occupancy: 381597 K (685696 K)]2016-10-17T15:37:35.016+0800: 17022.575: [Rescan (parallel) , 0.0217051 secs]2016-10-17T15:37:35.038+0800: 17022.596: [weak refs processing, 0.0007308 secs]2016-10-17T15:37:35.038+0800: 17022.597: [class unloading, 0.0140457 secs]2016-10-17T15:37:35.053+0800: 17022.611: [scrub symbol table, 0.0066826 secs]2016-10-17T15:37:35.059+0800: 17022.618: [scrub string table, 0.0010071 secs][1 CMS-remark: 1295000K(1798144K)] 1676597K(2483840K), 0.0448529 secs] [Times: user=0.11 sys=0.00, real=0.04 secs] 
2016-10-17T15:37:35.061+0800: 17022.620: [CMS-concurrent-sweep-start]
2016-10-17T15:37:35.141+0800: 17022.700: [CMS-concurrent-sweep: 0.080/0.080 secs] [Times: user=0.12 sys=0.00, real=0.08 secs] 
2016-10-17T15:37:35.141+0800: 17022.700: [CMS-concurrent-reset-start]
2016-10-17T15:37:35.145+0800: 17022.703: [CMS-concurrent-reset: 0.003/0.003 secs] [Times: user=0.00 sys=0.01, real=0.00 secs] 
2016-10-17T15:37:38.086+0800: 17025.644: [GC (Allocation Failure) 2016-10-17T15:37:38.086+0800: 17025.645: [ParNew: 685619K->76160K(685696K), 0.0462352 secs] 1738147K->1195597K(2483840K), 0.0463737 secs] [Times: user=0.16 sys=0.00, real=0.05 secs] 
2016-10-17T15:37:44.631+0800: 17032.190: [GC (Allocation Failure) 2016-10-17T15:37:44.631+0800: 17032.190: [ParNew: 685696K->76160K(685696K), 0.0338432 secs] 1805133K->1269138K(2483840K), 0.0339639 secs] [Times: user=0.14 sys=0.00, real=0.03 secs] 
2016-10-17T15:37:50.998+0800: 17038.557: [GC (Allocation Failure) 2016-10-17T15:37:50.998+0800: 17038.557: [ParNew: 685650K->76160K(685696K), 0.0349020 secs] 1878628K->1332198K(2483840K), 0.0350308 secs] [Times: user=0.13 sys=0.00, real=0.03 secs] 
2016-10-17T15:38:05.360+0800: 17052.918: [GC (Allocation Failure) 2016-10-17T15:38:05.360+0800: 17052.918: [ParNew: 685596K->76160K(685696K), 0.0409886 secs] 1941635K->1397772K(2483840K), 0.0411713 secs] [Times: user=0.16 sys=0.00, real=0.04 secs] 
2016-10-17T15:38:05.402+0800: 17052.960: [GC (CMS Initial Mark) [1 CMS-initial-mark: 1321612K(1798144K)] 1398028K(2483840K), 0.0050899 secs] [Times: user=0.01 sys=0.00, real=0.01 secs] 
2016-10-17T15:38:05.407+0800: 17052.966: [CMS-concurrent-mark-start]
2016-10-17T15:38:05.984+0800: 17053.543: [CMS-concurrent-mark: 0.577/0.577 secs] [Times: user=0.64 sys=0.05, real=0.57 secs] 
2016-10-17T15:38:05.984+0800: 17053.543: [CMS-concurrent-preclean-start]
2016-10-17T15:38:05.991+0800: 17053.550: [CMS-concurrent-preclean: 0.006/0.006 secs] [Times: user=0.01 sys=0.01, real=0.01 secs] 
2016-10-17T15:38:05.991+0800: 17053.550: [CMS-concurrent-abortable-preclean-start]
 CMS: abort preclean due to time 2016-10-17T15:38:11.148+0800: 17058.707: [CMS-concurrent-abortable-preclean: 5.156/5.157 secs] [Times: user=6.41 sys=0.48, real=5.16 secs] 
2016-10-17T15:38:11.149+0800: 17058.708: [GC (CMS Final Remark) [YG occupancy: 327900 K (685696 K)]2016-10-17T15:38:11.149+0800: 17058.708: [Rescan (parallel) , 0.0209413 secs]2016-10-17T15:38:11.170+0800: 17058.729: [weak refs processing, 0.0003928 secs]2016-10-17T15:38:11.170+0800: 17058.729: [class unloading, 0.0131302 secs]2016-10-17T15:38:11.183+0800: 17058.742: [scrub symbol table, 0.0047846 secs]2016-10-17T15:38:11.188+0800: 17058.747: [scrub string table, 0.0007395 secs][1 CMS-remark: 1321612K(1798144K)] 1649512K(2483840K), 0.0404104 secs] [Times: user=0.10 sys=0.00, real=0.04 secs] 
2016-10-17T15:38:11.190+0800: 17058.749: [CMS-concurrent-sweep-start]
2016-10-17T15:38:11.295+0800: 17058.853: [CMS-concurrent-sweep: 0.105/0.105 secs] [Times: user=0.15 sys=0.01, real=0.10 secs] 
2016-10-17T15:38:11.295+0800: 17058.853: [CMS-concurrent-reset-start]
2016-10-17T15:38:11.298+0800: 17058.857: [CMS-concurrent-reset: 0.004/0.004 secs] [Times: user=0.00 sys=0.00, real=0.01 secs] 
2016-10-17T15:38:15.596+0800: 17063.155: [GC (Allocation Failure) 2016-10-17T15:38:15.596+0800: 17063.155: [ParNew: 685633K->76160K(685696K), 0.1416134 secs] 1769192K->1225961K(2483840K), 0.1417846 secs] [Times: user=0.39 sys=0.03, real=0.14 secs] 
2016-10-17T15:38:27.407+0800: 17074.965: [GC (Allocation Failure) 2016-10-17T15:38:27.407+0800: 17074.965: [ParNew: 685459K->76160K(685696K), 0.0414381 secs] 1835261K->1292924K(2483840K), 0.0415875 secs] [Times: user=0.16 sys=0.00, real=0.04 secs] 
2016-10-17T15:38:33.463+0800: 17081.022: [GC (Allocation Failure) 2016-10-17T15:38:33.463+0800: 17081.022: [ParNew: 685633K->76160K(685696K), 0.0351412 secs] 1902398K->1359204K(2483840K), 0.0353125 secs] [Times: user=0.14 sys=0.00, real=0.04 secs] 
2016-10-17T15:38:33.499+0800: 17081.058: [GC (CMS Initial Mark) [1 CMS-initial-mark: 1283044K(1798144K)] 1359957K(2483840K), 0.0040830 secs] [Times: user=0.01 sys=0.00, real=0.00 secs] 
2016-10-17T15:38:33.503+0800: 17081.062: [CMS-concurrent-mark-start]
2016-10-17T15:38:33.805+0800: 17081.364: [CMS-concurrent-mark: 0.302/0.302 secs] [Times: user=0.39 sys=0.00, real=0.30 secs] 
2016-10-17T15:38:33.805+0800: 17081.364: [CMS-concurrent-preclean-start]
2016-10-17T15:38:33.810+0800: 17081.369: [CMS-concurrent-preclean: 0.005/0.005 secs] [Times: user=0.01 sys=0.00, real=0.01 secs] 
2016-10-17T15:38:33.811+0800: 17081.369: [CMS-concurrent-abortable-preclean-start]
2016-10-17T15:38:36.835+0800: 17084.394: [CMS-concurrent-abortable-preclean: 3.023/3.025 secs] [Times: user=3.99 sys=0.14, real=3.02 secs] 
2016-10-17T15:38:36.836+0800: 17084.395: [GC (CMS Final Remark) [YG occupancy: 386210 K (685696 K)]2016-10-17T15:38:36.836+0800: 17084.395: [Rescan (parallel) , 0.0296331 secs]2016-10-17T15:38:36.866+0800: 17084.425: [weak refs processing, 0.0004027 secs]2016-10-17T15:38:36.866+0800: 17084.425: [class unloading, 0.0142232 secs]2016-10-17T15:38:36.881+0800: 17084.439: [scrub symbol table, 0.0040960 secs]2016-10-17T15:38:36.885+0800: 17084.443: [scrub string table, 0.0006793 secs][1 CMS-remark: 1283044K(1798144K)] 1669254K(2483840K), 0.0494372 secs] [Times: user=0.11 sys=0.00, real=0.04 secs] 
2016-10-17T15:38:36.886+0800: 17084.445: [CMS-concurrent-sweep-start]
2016-10-17T15:38:36.980+0800: 17084.538: [CMS-concurrent-sweep: 0.094/0.094 secs] [Times: user=0.13 sys=0.02, real=0.09 secs] 
2016-10-17T15:38:36.980+0800: 17084.538: [CMS-concurrent-reset-start]
2016-10-17T15:38:36.983+0800: 17084.542: [CMS-concurrent-reset: 0.003/0.003 secs] [Times: user=0.01 sys=0.00, real=0.00 secs] 
2016-10-17T15:38:39.360+0800: 17086.919: [GC (Allocation Failure) 2016-10-17T15:38:39.360+0800: 17086.919: [ParNew: 685451K->76160K(685696K), 0.0395349 secs] 1808424K->1263471K(2483840K), 0.0396790 secs] [Times: user=0.14 sys=0.00, real=0.04 secs] 
2016-10-17T15:38:43.355+0800: 17090.914: [GC (Allocation Failure) 2016-10-17T15:38:43.355+0800: 17090.914: [ParNew: 685667K->76160K(685696K), 0.0438937 secs] 1872979K->1348388K(2483840K), 0.0440168 secs] [Times: user=0.16 sys=0.00, real=0.05 secs] 
2016-10-17T15:38:43.400+0800: 17090.958: [GC (CMS Initial Mark) [1 CMS-initial-mark: 1272228K(1798144K)] 1348998K(2483840K), 0.0070819 secs] [Times: user=0.03 sys=0.00, real=0.01 secs] 
2016-10-17T15:38:43.407+0800: 17090.966: [CMS-concurrent-mark-start]
2016-10-17T15:38:43.595+0800: 17091.154: [CMS-concurrent-mark: 0.188/0.188 secs] [Times: user=0.26 sys=0.02, real=0.18 secs] 
2016-10-17T15:38:43.595+0800: 17091.154: [CMS-concurrent-preclean-start]
2016-10-17T15:38:43.601+0800: 17091.160: [CMS-concurrent-preclean: 0.006/0.006 secs] [Times: user=0.01 sys=0.00, real=0.01 secs] 
2016-10-17T15:38:43.601+0800: 17091.160: [CMS-concurrent-abortable-preclean-start]
2016-10-17T15:38:46.407+0800: 17093.965: [CMS-concurrent-abortable-preclean: 2.805/2.805 secs] [Times: user=3.49 sys=0.24, real=2.81 secs] 
2016-10-17T15:38:46.407+0800: 17093.966: [GC (CMS Final Remark) [YG occupancy: 383914 K (685696 K)]2016-10-17T15:38:46.407+0800: 17093.966: [Rescan (parallel) , 0.1173439 secs]2016-10-17T15:38:46.525+0800: 17094.083: [weak refs processing, 0.0017710 secs]2016-10-17T15:38:46.526+0800: 17094.085: [class unloading, 0.0146018 secs]2016-10-17T15:38:46.541+0800: 17094.100: [scrub symbol table, 0.0042826 secs]2016-10-17T15:38:46.545+0800: 17094.104: [scrub string table, 0.0006956 secs][1 CMS-remark: 1272228K(1798144K)] 1656143K(2483840K), 0.1402580 secs] [Times: user=0.20 sys=0.01, real=0.14 secs] 
2016-10-17T15:38:46.548+0800: 17094.106: [CMS-concurrent-sweep-start]
2016-10-17T15:38:46.882+0800: 17094.441: [CMS-concurrent-sweep: 0.334/0.334 secs] [Times: user=0.38 sys=0.02, real=0.33 secs] 
2016-10-17T15:38:46.882+0800: 17094.441: [CMS-concurrent-reset-start]
2016-10-17T15:38:46.885+0800: 17094.444: [CMS-concurrent-reset: 0.003/0.003 secs] [Times: user=0.00 sys=0.00, real=0.00 secs] 
2016-10-17T15:38:49.533+0800: 17097.091: [GC (Allocation Failure) 2016-10-17T15:38:49.533+0800: 17097.092: [ParNew: 685667K->76160K(685696K), 0.0626586 secs] 1719988K->1205918K(2483840K), 0.0627968 secs] [Times: user=0.19 sys=0.00, real=0.06 secs] 
2016-10-17T15:38:55.366+0800: 17102.925: [GC (Allocation Failure) 2016-10-17T15:38:55.366+0800: 17102.925: [ParNew: 685606K->76160K(685696K), 0.0280651 secs] 1815364K->1269567K(2483840K), 0.0281991 secs] [Times: user=0.11 sys=0.00, real=0.02 secs] 
2016-10-17T15:39:07.026+0800: 17114.585: [GC (Allocation Failure) 2016-10-17T15:39:07.026+0800: 17114.585: [ParNew: 685696K->76160K(685696K), 0.0439513 secs] 1879103K->1345887K(2483840K), 0.0441060 secs] [Times: user=0.16 sys=0.00, real=0.04 secs] 
2016-10-17T15:39:07.072+0800: 17114.631: [GC (CMS Initial Mark) [1 CMS-initial-mark: 1269727K(1798144K)] 1346356K(2483840K), 0.0035533 secs] [Times: user=0.01 sys=0.00, real=0.00 secs] 
2016-10-17T15:39:07.076+0800: 17114.634: [CMS-concurrent-mark-start]
2016-10-17T15:39:07.210+0800: 17114.769: [CMS-concurrent-mark: 0.135/0.135 secs] [Times: user=0.18 sys=0.00, real=0.14 secs] 
2016-10-17T15:39:07.210+0800: 17114.769: [CMS-concurrent-preclean-start]
2016-10-17T15:39:07.215+0800: 17114.774: [CMS-concurrent-preclean: 0.005/0.005 secs] [Times: user=0.00 sys=0.00, real=0.00 secs] 
2016-10-17T15:39:07.215+0800: 17114.774: [CMS-concurrent-abortable-preclean-start]
2016-10-17T15:39:11.591+0800: 17119.150: [CMS-concurrent-abortable-preclean: 4.374/4.376 secs] [Times: user=5.49 sys=0.32, real=4.38 secs] 
2016-10-17T15:39:11.591+0800: 17119.150: [GC (CMS Final Remark) [YG occupancy: 388398 K (685696 K)]2016-10-17T15:39:11.591+0800: 17119.150: [Rescan (parallel) , 0.1187997 secs]2016-10-17T15:39:11.710+0800: 17119.269: [weak refs processing, 0.0007538 secs]2016-10-17T15:39:11.711+0800: 17119.270: [class unloading, 0.0267414 secs]2016-10-17T15:39:11.738+0800: 17119.297: [scrub symbol table, 0.0064732 secs]2016-10-17T15:39:11.744+0800: 17119.303: [scrub string table, 0.0007540 secs][1 CMS-remark: 1269727K(1798144K)] 1658125K(2483840K), 0.1620771 secs] [Times: user=0.14 sys=0.00, real=0.16 secs] 
2016-10-17T15:39:11.754+0800: 17119.312: [CMS-concurrent-sweep-start]
2016-10-17T15:39:12.097+0800: 17119.656: [CMS-concurrent-sweep: 0.344/0.344 secs] [Times: user=0.40 sys=0.02, real=0.35 secs] 
2016-10-17T15:39:12.097+0800: 17119.656: [CMS-concurrent-reset-start]
2016-10-17T15:39:12.101+0800: 17119.660: [CMS-concurrent-reset: 0.004/0.004 secs] [Times: user=0.00 sys=0.00, real=0.00 secs] 
2016-10-17T15:39:16.177+0800: 17123.736: [GC (Allocation Failure) 2016-10-17T15:39:16.177+0800: 17123.736: [ParNew: 685669K->76160K(685696K), 0.0451899 secs] 1661366K->1134525K(2483840K), 0.0453396 secs] [Times: user=0.13 sys=0.00, real=0.04 secs] 
2016-10-17T15:39:25.955+0800: 17133.514: [GC (Allocation Failure) 2016-10-17T15:39:25.955+0800: 17133.514: [ParNew: 685658K->76160K(685696K), 0.0362335 secs] 1744023K->1197849K(2483840K), 0.0363644 secs] [Times: user=0.13 sys=0.00, real=0.04 secs] 
2016-10-17T15:39:33.718+0800: 17141.277: [GC (Allocation Failure) 2016-10-17T15:39:33.718+0800: 17141.277: [ParNew: 685644K->76160K(685696K), 0.0450141 secs] 1807334K->1273772K(2483840K), 0.0451587 secs] [Times: user=0.16 sys=0.00, real=0.04 secs] 
2016-10-17T15:39:39.234+0800: 17146.793: [GC (Allocation Failure) 2016-10-17T15:39:39.234+0800: 17146.793: [ParNew: 685488K->76160K(685696K), 0.0361088 secs] 1883100K->1351236K(2483840K), 0.0362766 secs] [Times: user=0.14 sys=0.00, real=0.04 secs] 
2016-10-17T15:39:39.271+0800: 17146.830: [GC (CMS Initial Mark) [1 CMS-initial-mark: 1275076K(1798144K)] 1351753K(2483840K), 0.0038484 secs] [Times: user=0.01 sys=0.00, real=0.00 secs] 
2016-10-17T15:39:39.275+0800: 17146.834: [CMS-concurrent-mark-start]
2016-10-17T15:39:39.459+0800: 17147.017: [CMS-concurrent-mark: 0.184/0.184 secs] [Times: user=0.24 sys=0.01, real=0.19 secs] 
2016-10-17T15:39:39.459+0800: 17147.017: [CMS-concurrent-preclean-start]
2016-10-17T15:39:39.463+0800: 17147.022: [CMS-concurrent-preclean: 0.005/0.005 secs] [Times: user=0.00 sys=0.00, real=0.00 secs] 
2016-10-17T15:39:39.463+0800: 17147.022: [CMS-concurrent-abortable-preclean-start]
2016-10-17T15:39:42.887+0800: 17150.446: [CMS-concurrent-abortable-preclean: 3.422/3.424 secs] [Times: user=4.38 sys=0.38, real=3.43 secs] 
2016-10-17T15:39:42.888+0800: 17150.447: [GC (CMS Final Remark) [YG occupancy: 388380 K (685696 K)]2016-10-17T15:39:42.888+0800: 17150.447: [Rescan (parallel) , 0.0239952 secs]2016-10-17T15:39:42.912+0800: 17150.471: [weak refs processing, 0.0009794 secs]2016-10-17T15:39:42.913+0800: 17150.472: [class unloading, 0.0172647 secs]2016-10-17T15:39:42.931+0800: 17150.489: [scrub symbol table, 0.0043898 secs]2016-10-17T15:39:42.935+0800: 17150.494: [scrub string table, 0.0006935 secs][1 CMS-remark: 1275076K(1798144K)] 1663457K(2483840K), 0.0479305 secs] [Times: user=0.12 sys=0.00, real=0.05 secs] 
2016-10-17T15:39:42.936+0800: 17150.495: [CMS-concurrent-sweep-start]
2016-10-17T15:39:43.020+0800: 17150.579: [CMS-concurrent-sweep: 0.084/0.084 secs] [Times: user=0.11 sys=0.00, real=0.08 secs] 
2016-10-17T15:39:43.020+0800: 17150.579: [CMS-concurrent-reset-start]
2016-10-17T15:39:43.024+0800: 17150.583: [CMS-concurrent-reset: 0.004/0.004 secs] [Times: user=0.00 sys=0.00, real=0.00 secs] 
2016-10-17T15:39:45.791+0800: 17153.350: [GC (Allocation Failure) 2016-10-17T15:39:45.791+0800: 17153.350: [ParNew: 685678K->76160K(685696K), 0.0387454 secs] 1720988K->1182959K(2483840K), 0.0388788 secs] [Times: user=0.14 sys=0.00, real=0.04 secs] 
2016-10-17T15:39:51.050+0800: 17158.608: [GC (Allocation Failure) 2016-10-17T15:39:51.050+0800: 17158.609: [ParNew: 685654K->76160K(685696K), 0.0401870 secs] 1792454K->1255518K(2483840K), 0.0403110 secs] [Times: user=0.14 sys=0.00, real=0.04 secs] 
2016-10-17T15:39:56.107+0800: 17163.666: [GC (Allocation Failure) 2016-10-17T15:39:56.107+0800: 17163.666: [ParNew: 685507K->76160K(685696K), 0.0396352 secs] 1864866K->1328401K(2483840K), 0.0397853 secs] [Times: user=0.13 sys=0.00, real=0.04 secs] 
2016-10-17T15:40:02.392+0800: 17169.950: [GC (Allocation Failure) 2016-10-17T15:40:02.392+0800: 17169.950: [ParNew: 685696K->76160K(685696K), 0.1165286 secs] 1937937K->1396956K(2483840K), 0.1166640 secs] [Times: user=0.41 sys=0.04, real=0.12 secs] 
2016-10-17T15:40:02.509+0800: 17170.068: [GC (CMS Initial Mark) [1 CMS-initial-mark: 1320796K(1798144K)] 1397603K(2483840K), 0.0098773 secs] [Times: user=0.01 sys=0.00, real=0.01 secs] 
2016-10-17T15:40:02.519+0800: 17170.078: [CMS-concurrent-mark-start]
2016-10-17T15:40:02.820+0800: 17170.379: [CMS-concurrent-mark: 0.301/0.301 secs] [Times: user=0.38 sys=0.01, real=0.30 secs] 
2016-10-17T15:40:02.820+0800: 17170.379: [CMS-concurrent-preclean-start]
2016-10-17T15:40:02.827+0800: 17170.385: [CMS-concurrent-preclean: 0.007/0.007 secs] [Times: user=0.01 sys=0.00, real=0.01 secs] 
2016-10-17T15:40:02.827+0800: 17170.385: [CMS-concurrent-abortable-preclean-start]
2016-10-17T15:40:07.784+0800: 17175.342: [CMS-concurrent-abortable-preclean: 4.953/4.957 secs] [Times: user=6.10 sys=0.47, real=4.95 secs] 
2016-10-17T15:40:07.784+0800: 17175.343: [GC (CMS Final Remark) [YG occupancy: 391069 K (685696 K)]2016-10-17T15:40:07.784+0800: 17175.343: [Rescan (parallel) , 0.0208965 secs]2016-10-17T15:40:07.805+0800: 17175.364: [weak refs processing, 0.0006765 secs]2016-10-17T15:40:07.806+0800: 17175.365: [class unloading, 0.0134557 secs]2016-10-17T15:40:07.819+0800: 17175.378: [scrub symbol table, 0.0056884 secs]2016-10-17T15:40:07.825+0800: 17175.384: [scrub string table, 0.0007225 secs][1 CMS-remark: 1320796K(1798144K)] 1711865K(2483840K), 0.0421079 secs] [Times: user=0.11 sys=0.00, real=0.05 secs] 
2016-10-17T15:40:07.827+0800: 17175.385: [CMS-concurrent-sweep-start]
2016-10-17T15:40:07.911+0800: 17175.469: [CMS-concurrent-sweep: 0.084/0.084 secs] [Times: user=0.13 sys=0.00, real=0.08 secs] 
2016-10-17T15:40:07.911+0800: 17175.469: [CMS-concurrent-reset-start]
2016-10-17T15:40:07.914+0800: 17175.473: [CMS-concurrent-reset: 0.003/0.003 secs] [Times: user=0.00 sys=0.00, real=0.00 secs] 
2016-10-17T15:40:10.723+0800: 17178.282: [GC (Allocation Failure) 2016-10-17T15:40:10.723+0800: 17178.282: [ParNew: 685696K->76160K(685696K), 0.0420811 secs] 1722473K->1185232K(2483840K), 0.0422154 secs] [Times: user=0.15 sys=0.00, real=0.04 secs] 
2016-10-17T15:40:17.799+0800: 17185.358: [GC (Allocation Failure) 2016-10-17T15:40:17.799+0800: 17185.358: [ParNew: 685696K->76160K(685696K), 0.0356300 secs] 1794768K->1263256K(2483840K), 0.0357709 secs] [Times: user=0.14 sys=0.00, real=0.03 secs] 
2016-10-17T15:40:23.835+0800: 17191.394: [GC (Allocation Failure) 2016-10-17T15:40:23.835+0800: 17191.394: [ParNew: 685692K->76160K(685696K), 0.0354914 secs] 1872789K->1339834K(2483840K), 0.0356268 secs] [Times: user=0.14 sys=0.00, real=0.04 secs] 
2016-10-17T15:40:23.872+0800: 17191.430: [GC (CMS Initial Mark) [1 CMS-initial-mark: 1263674K(1798144K)] 1340479K(2483840K), 0.0040339 secs] [Times: user=0.02 sys=0.00, real=0.00 secs] 
2016-10-17T15:40:23.876+0800: 17191.435: [CMS-concurrent-mark-start]
2016-10-17T15:40:24.153+0800: 17191.711: [CMS-concurrent-mark: 0.277/0.277 secs] [Times: user=0.35 sys=0.01, real=0.27 secs] 
2016-10-17T15:40:24.153+0800: 17191.711: [CMS-concurrent-preclean-start]
2016-10-17T15:40:24.158+0800: 17191.716: [CMS-concurrent-preclean: 0.005/0.005 secs] [Times: user=0.00 sys=0.00, real=0.01 secs] 
2016-10-17T15:40:24.158+0800: 17191.716: [CMS-concurrent-abortable-preclean-start]
2016-10-17T15:40:27.257+0800: 17194.816: [CMS-concurrent-abortable-preclean: 3.098/3.099 secs] [Times: user=4.06 sys=0.25, real=3.10 secs] 
2016-10-17T15:40:27.258+0800: 17194.817: [GC (CMS Final Remark) [YG occupancy: 389785 K (685696 K)]2016-10-17T15:40:27.258+0800: 17194.817: [Rescan (parallel) , 0.0186978 secs]2016-10-17T15:40:27.277+0800: 17194.835: [weak refs processing, 0.0005973 secs]2016-10-17T15:40:27.277+0800: 17194.836: [class unloading, 0.0188732 secs]2016-10-17T15:40:27.296+0800: 17194.855: [scrub symbol table, 0.0080849 secs]2016-10-17T15:40:27.304+0800: 17194.863: [scrub string table, 0.0010251 secs][1 CMS-remark: 1263674K(1798144K)] 1653459K(2483840K), 0.0478308 secs] [Times: user=0.10 sys=0.00, real=0.05 secs] 
2016-10-17T15:40:27.306+0800: 17194.865: [CMS-concurrent-sweep-start]
2016-10-17T15:40:27.394+0800: 17194.953: [CMS-concurrent-sweep: 0.088/0.088 secs] [Times: user=0.13 sys=0.00, real=0.08 secs] 
2016-10-17T15:40:27.394+0800: 17194.953: [CMS-concurrent-reset-start]
2016-10-17T15:40:27.398+0800: 17194.956: [CMS-concurrent-reset: 0.004/0.004 secs] [Times: user=0.00 sys=0.00, real=0.01 secs] 
2016-10-17T15:40:29.872+0800: 17197.431: [GC (Allocation Failure) 2016-10-17T15:40:29.872+0800: 17197.431: [ParNew: 685696K->76160K(685696K), 0.0416055 secs] 1787118K->1255700K(2483840K), 0.0417311 secs] [Times: user=0.15 sys=0.00, real=0.04 secs] 
2016-10-17T15:40:35.367+0800: 17202.926: [GC (Allocation Failure) 2016-10-17T15:40:35.367+0800: 17202.926: [ParNew: 685696K->76160K(685696K), 0.0373688 secs] 1865236K->1323223K(2483840K), 0.0375188 secs] [Times: user=0.14 sys=0.00, real=0.03 secs] 
2016-10-17T15:40:40.838+0800: 17208.397: [GC (Allocation Failure) 2016-10-17T15:40:40.838+0800: 17208.397: [ParNew: 685464K->76160K(685696K), 0.0364078 secs] 1932527K->1393483K(2483840K), 0.0365445 secs] [Times: user=0.14 sys=0.00, real=0.03 secs] 
2016-10-17T15:40:40.875+0800: 17208.434: [GC (CMS Initial Mark) [1 CMS-initial-mark: 1317323K(1798144K)] 1393739K(2483840K), 0.0031945 secs] [Times: user=0.01 sys=0.00, real=0.01 secs] 
2016-10-17T15:40:40.879+0800: 17208.437: [CMS-concurrent-mark-start]
2016-10-17T15:40:41.183+0800: 17208.742: [CMS-concurrent-mark: 0.304/0.304 secs] [Times: user=0.40 sys=0.00, real=0.30 secs] 
2016-10-17T15:40:41.183+0800: 17208.742: [CMS-concurrent-preclean-start]
2016-10-17T15:40:41.188+0800: 17208.747: [CMS-concurrent-preclean: 0.005/0.005 secs] [Times: user=0.01 sys=0.00, real=0.01 secs] 
2016-10-17T15:40:41.188+0800: 17208.747: [CMS-concurrent-abortable-preclean-start]
2016-10-17T15:40:44.121+0800: 17211.680: [CMS-concurrent-abortable-preclean: 2.931/2.933 secs] [Times: user=3.82 sys=0.22, real=2.93 secs] 
2016-10-17T15:40:44.122+0800: 17211.680: [GC (CMS Final Remark) [YG occupancy: 388003 K (685696 K)]2016-10-17T15:40:44.122+0800: 17211.680: [Rescan (parallel) , 0.0172928 secs]2016-10-17T15:40:44.139+0800: 17211.698: [weak refs processing, 0.0003958 secs]2016-10-17T15:40:44.139+0800: 17211.698: [class unloading, 0.0137983 secs]2016-10-17T15:40:44.153+0800: 17211.712: [scrub symbol table, 0.0053384 secs]2016-10-17T15:40:44.159+0800: 17211.717: [scrub string table, 0.0007075 secs][1 CMS-remark: 1317323K(1798144K)] 1705326K(2483840K), 0.0379229 secs] [Times: user=0.09 sys=0.00, real=0.04 secs] 
2016-10-17T15:40:44.160+0800: 17211.718: [CMS-concurrent-sweep-start]
2016-10-17T15:40:44.258+0800: 17211.816: [CMS-concurrent-sweep: 0.098/0.098 secs] [Times: user=0.14 sys=0.00, real=0.10 secs] 
2016-10-17T15:40:44.258+0800: 17211.816: [CMS-concurrent-reset-start]
2016-10-17T15:40:44.261+0800: 17211.820: [CMS-concurrent-reset: 0.004/0.004 secs] [Times: user=0.01 sys=0.00, real=0.00 secs] 
2016-10-17T15:40:45.706+0800: 17213.265: [GC (Allocation Failure) 2016-10-17T15:40:45.706+0800: 17213.265: [ParNew: 685696K->76160K(685696K), 0.0467338 secs] 1801490K->1258590K(2483840K), 0.0468727 secs] [Times: user=0.13 sys=0.00, real=0.04 secs] 
2016-10-17T15:40:48.226+0800: 17215.785: [GC (Allocation Failure) 2016-10-17T15:40:48.226+0800: 17215.785: [ParNew: 685624K->62784K(685696K), 0.0235347 secs] 1868054K->1306106K(2483840K), 0.0236848 secs] [Times: user=0.09 sys=0.00, real=0.02 secs] 
2016-10-17T15:40:51.586+0800: 17219.145: [GC (Allocation Failure) 2016-10-17T15:40:51.586+0800: 17219.145: [ParNew: 672320K->76160K(685696K), 0.0175145 secs] 1915642K->1323697K(2483840K), 0.0176433 secs] [Times: user=0.07 sys=0.00, real=0.01 secs] 
2016-10-17T15:40:57.593+0800: 17225.152: [GC (Allocation Failure) 2016-10-17T15:40:57.593+0800: 17225.152: [ParNew: 685696K->76160K(685696K), 0.0348150 secs] 1933233K->1399124K(2483840K), 0.0349721 secs] [Times: user=0.14 sys=0.00, real=0.04 secs] 
2016-10-17T15:40:57.629+0800: 17225.187: [GC (CMS Initial Mark) [1 CMS-initial-mark: 1322964K(1798144K)] 1399492K(2483840K), 0.0047544 secs] [Times: user=0.01 sys=0.00, real=0.00 secs] 
2016-10-17T15:40:57.634+0800: 17225.192: [CMS-concurrent-mark-start]
2016-10-17T15:40:58.001+0800: 17225.560: [CMS-concurrent-mark: 0.367/0.367 secs] [Times: user=0.81 sys=0.04, real=0.37 secs] 
2016-10-17T15:40:58.001+0800: 17225.560: [CMS-concurrent-preclean-start]
2016-10-17T15:40:58.006+0800: 17225.565: [CMS-concurrent-preclean: 0.005/0.005 secs] [Times: user=0.01 sys=0.00, real=0.00 secs] 
2016-10-17T15:40:58.006+0800: 17225.565: [CMS-concurrent-abortable-preclean-start]
2016-10-17T15:41:01.116+0800: 17228.674: [GC (Allocation Failure) 2016-10-17T15:41:01.116+0800: 17228.674: [ParNew: 685696K->65720K(685696K), 0.0308610 secs] 2008660K->1454563K(2483840K), 0.0310300 secs] [Times: user=0.12 sys=0.00, real=0.04 secs] 
 CMS: abort preclean due to time 2016-10-17T15:41:03.028+0800: 17230.587: [CMS-concurrent-abortable-preclean: 4.984/5.023 secs] [Times: user=10.69 sys=0.69, real=5.02 secs] 
2016-10-17T15:41:03.030+0800: 17230.589: [GC (CMS Final Remark) [YG occupancy: 312201 K (685696 K)]2016-10-17T15:41:03.030+0800: 17230.589: [Rescan (parallel) , 0.0175642 secs]2016-10-17T15:41:03.048+0800: 17230.607: [weak refs processing, 0.0004688 secs]2016-10-17T15:41:03.049+0800: 17230.607: [class unloading, 0.0187396 secs]2016-10-17T15:41:03.067+0800: 17230.626: [scrub symbol table, 0.0084508 secs]2016-10-17T15:41:03.076+0800: 17230.635: [scrub string table, 0.0010226 secs][1 CMS-remark: 1388842K(1798144K)] 1701044K(2483840K), 0.0467061 secs] [Times: user=0.09 sys=0.00, real=0.05 secs] 
2016-10-17T15:41:03.077+0800: 17230.636: [CMS-concurrent-sweep-start]
2016-10-17T15:41:03.255+0800: 17230.814: [CMS-concurrent-sweep: 0.177/0.178 secs] [Times: user=0.25 sys=0.00, real=0.17 secs] 
2016-10-17T15:41:03.255+0800: 17230.814: [CMS-concurrent-reset-start]
2016-10-17T15:41:03.259+0800: 17230.818: [CMS-concurrent-reset: 0.004/0.004 secs] [Times: user=0.01 sys=0.00, real=0.01 secs] 
2016-10-17T15:41:07.860+0800: 17235.419: [GC (Allocation Failure) 2016-10-17T15:41:07.860+0800: 17235.419: [ParNew: 675256K->76160K(685696K), 0.0656953 secs] 1777804K->1187009K(2483840K), 0.0658458 secs] [Times: user=0.10 sys=0.00, real=0.07 secs] 
2016-10-17T15:41:12.985+0800: 17240.544: [GC (Allocation Failure) 2016-10-17T15:41:12.985+0800: 17240.544: [ParNew: 685696K->76160K(685696K), 0.0340411 secs] 1796545K->1275169K(2483840K), 0.0341755 secs] [Times: user=0.13 sys=0.00, real=0.04 secs] 
2016-10-17T15:41:21.328+0800: 17248.887: [GC (Allocation Failure) 2016-10-17T15:41:21.329+0800: 17248.887: [ParNew: 685616K->76160K(685696K), 0.1750421 secs] 1884625K->1359257K(2483840K), 0.1751803 secs] [Times: user=0.22 sys=0.00, real=0.17 secs] 
2016-10-17T15:41:21.513+0800: 17249.072: [GC (CMS Initial Mark) [1 CMS-initial-mark: 1283097K(1798144K)] 1360340K(2483840K), 0.0166868 secs] [Times: user=0.01 sys=0.00, real=0.02 secs] 
2016-10-17T15:41:21.531+0800: 17249.090: [CMS-concurrent-mark-start]
2016-10-17T15:41:21.859+0800: 17249.418: [CMS-concurrent-mark: 0.329/0.329 secs] [Times: user=0.17 sys=0.00, real=0.33 secs] 
2016-10-17T15:41:21.860+0800: 17249.418: [CMS-concurrent-preclean-start]
2016-10-17T15:41:21.865+0800: 17249.424: [CMS-concurrent-preclean: 0.006/0.006 secs] [Times: user=0.01 sys=0.00, real=0.00 secs] 
2016-10-17T15:41:21.865+0800: 17249.424: [CMS-concurrent-abortable-preclean-start]
 CMS: abort preclean due to time 2016-10-17T15:41:26.875+0800: 17254.433: [CMS-concurrent-abortable-preclean: 4.658/5.009 secs] [Times: user=5.17 sys=0.45, real=5.01 secs] 
2016-10-17T15:41:26.877+0800: 17254.436: [GC (CMS Final Remark) [YG occupancy: 323436 K (685696 K)]2016-10-17T15:41:26.877+0800: 17254.436: [Rescan (parallel) , 0.0171088 secs]2016-10-17T15:41:26.894+0800: 17254.453: [weak refs processing, 0.0006266 secs]2016-10-17T15:41:26.895+0800: 17254.454: [class unloading, 0.0202041 secs]2016-10-17T15:41:26.915+0800: 17254.474: [scrub symbol table, 0.0077548 secs]2016-10-17T15:41:26.923+0800: 17254.482: [scrub string table, 0.0010063 secs][1 CMS-remark: 1283097K(1798144K)] 1606534K(2483840K), 0.0472362 secs] [Times: user=0.10 sys=0.00, real=0.04 secs] 
2016-10-17T15:41:27.005+0800: 17254.564: [CMS-concurrent-sweep-start]
2016-10-17T15:41:27.496+0800: 17255.055: [CMS-concurrent-sweep: 0.489/0.491 secs] [Times: user=0.59 sys=0.04, real=0.50 secs] 
2016-10-17T15:41:27.497+0800: 17255.055: [CMS-concurrent-reset-start]
2016-10-17T15:41:27.571+0800: 17255.129: [CMS-concurrent-reset: 0.074/0.074 secs] [Times: user=0.06 sys=0.01, real=0.07 secs] 
2016-10-17T15:41:30.855+0800: 17258.414: [GC (Allocation Failure) 2016-10-17T15:41:30.855+0800: 17258.414: [ParNew: 685486K->76160K(685696K), 0.0328598 secs] 1653317K->1116397K(2483840K), 0.0329836 secs] [Times: user=0.13 sys=0.00, real=0.04 secs] 
2016-10-17T15:41:35.786+0800: 17263.345: [GC (Allocation Failure) 2016-10-17T15:41:35.786+0800: 17263.345: [ParNew: 685586K->76160K(685696K), 0.0331400 secs] 1725823K->1199204K(2483840K), 0.0332963 secs] [Times: user=0.12 sys=0.00, real=0.03 secs] 
2016-10-17T15:41:40.345+0800: 17267.903: [GC (Allocation Failure) 2016-10-17T15:41:40.345+0800: 17267.903: [ParNew: 685696K->76160K(685696K), 0.0398325 secs] 1808740K->1279998K(2483840K), 0.0399459 secs] [Times: user=0.14 sys=0.00, real=0.04 secs] 
2016-10-17T15:41:44.975+0800: 17272.534: [GC (Allocation Failure) 2016-10-17T15:41:44.975+0800: 17272.534: [ParNew: 685666K->76160K(685696K), 0.0353628 secs] 1889504K->1357697K(2483840K), 0.0355088 secs] [Times: user=0.13 sys=0.00, real=0.04 secs] 
2016-10-17T15:41:45.011+0800: 17272.570: [GC (CMS Initial Mark) [1 CMS-initial-mark: 1281537K(1798144K)] 1358026K(2483840K), 0.0035412 secs] [Times: user=0.01 sys=0.00, real=0.00 secs] 
2016-10-17T15:41:45.015+0800: 17272.574: [CMS-concurrent-mark-start]
2016-10-17T15:41:45.175+0800: 17272.734: [CMS-concurrent-mark: 0.160/0.160 secs] [Times: user=0.20 sys=0.01, real=0.16 secs] 
2016-10-17T15:41:45.176+0800: 17272.734: [CMS-concurrent-preclean-start]
2016-10-17T15:41:45.182+0800: 17272.741: [CMS-concurrent-preclean: 0.007/0.007 secs] [Times: user=0.01 sys=0.00, real=0.01 secs] 
2016-10-17T15:41:45.182+0800: 17272.741: [CMS-concurrent-abortable-preclean-start]
2016-10-17T15:41:48.415+0800: 17275.974: [CMS-concurrent-abortable-preclean: 3.230/3.233 secs] [Times: user=4.24 sys=0.18, real=3.23 secs] 
2016-10-17T15:41:48.416+0800: 17275.975: [GC (CMS Final Remark) [YG occupancy: 384081 K (685696 K)]2016-10-17T15:41:48.416+0800: 17275.975: [Rescan (parallel) , 0.0169753 secs]2016-10-17T15:41:48.433+0800: 17275.992: [weak refs processing, 0.0005066 secs]2016-10-17T15:41:48.434+0800: 17275.992: [class unloading, 0.0129551 secs]2016-10-17T15:41:48.447+0800: 17276.005: [scrub symbol table, 0.0043086 secs]2016-10-17T15:41:48.451+0800: 17276.010: [scrub string table, 0.0007020 secs][1 CMS-remark: 1281537K(1798144K)] 1665619K(2483840K), 0.0359925 secs] [Times: user=0.08 sys=0.00, real=0.03 secs] 
2016-10-17T15:41:48.452+0800: 17276.011: [CMS-concurrent-sweep-start]
2016-10-17T15:41:48.535+0800: 17276.094: [CMS-concurrent-sweep: 0.083/0.083 secs] [Times: user=0.12 sys=0.01, real=0.08 secs] 
2016-10-17T15:41:48.535+0800: 17276.094: [CMS-concurrent-reset-start]
2016-10-17T15:41:48.538+0800: 17276.097: [CMS-concurrent-reset: 0.003/0.003 secs] [Times: user=0.01 sys=0.00, real=0.01 secs] 
2016-10-17T15:41:50.738+0800: 17278.296: [GC (Allocation Failure) 2016-10-17T15:41:50.738+0800: 17278.296: [ParNew: 685620K->76160K(685696K), 0.0401551 secs] 1683593K->1151743K(2483840K), 0.0403132 secs] [Times: user=0.13 sys=0.00, real=0.04 secs] 
2016-10-17T15:41:55.428+0800: 17282.987: [GC (Allocation Failure) 2016-10-17T15:41:55.428+0800: 17282.987: [ParNew: 685516K->76160K(685696K), 0.0394634 secs] 1761100K->1223737K(2483840K), 0.0395859 secs] [Times: user=0.14 sys=0.00, real=0.04 secs] 
2016-10-17T15:42:01.054+0800: 17288.613: [GC (Allocation Failure) 2016-10-17T15:42:01.054+0800: 17288.613: [ParNew: 685671K->76160K(685696K), 0.0409196 secs] 1833248K->1313052K(2483840K), 0.0410520 secs] [Times: user=0.14 sys=0.00, real=0.04 secs] 
2016-10-17T15:42:07.490+0800: 17295.049: [GC (Allocation Failure) 2016-10-17T15:42:07.490+0800: 17295.049: [ParNew: 685652K->76160K(685696K), 0.0367954 secs] 1922545K->1389116K(2483840K), 0.0369220 secs] [Times: user=0.14 sys=0.00, real=0.04 secs] 
2016-10-17T15:42:07.528+0800: 17295.087: [GC (CMS Initial Mark) [1 CMS-initial-mark: 1312956K(1798144K)] 1389671K(2483840K), 0.0032353 secs] [Times: user=0.01 sys=0.00, real=0.00 secs] 
2016-10-17T15:42:07.531+0800: 17295.090: [CMS-concurrent-mark-start]
2016-10-17T15:42:07.905+0800: 17295.464: [CMS-concurrent-mark: 0.374/0.374 secs] [Times: user=0.44 sys=0.06, real=0.37 secs] 
2016-10-17T15:42:07.905+0800: 17295.464: [CMS-concurrent-preclean-start]
2016-10-17T15:42:07.911+0800: 17295.470: [CMS-concurrent-preclean: 0.006/0.006 secs] [Times: user=0.01 sys=0.00, real=0.01 secs] 
2016-10-17T15:42:07.911+0800: 17295.470: [CMS-concurrent-abortable-preclean-start]
2016-10-17T15:42:10.774+0800: 17298.333: [CMS-concurrent-abortable-preclean: 2.862/2.863 secs] [Times: user=3.58 sys=0.44, real=2.86 secs] 
2016-10-17T15:42:10.776+0800: 17298.335: [GC (CMS Final Remark) [YG occupancy: 389122 K (685696 K)]2016-10-17T15:42:10.776+0800: 17298.335: [Rescan (parallel) , 0.0371226 secs]2016-10-17T15:42:10.813+0800: 17298.372: [weak refs processing, 0.0006580 secs]2016-10-17T15:42:10.814+0800: 17298.373: [class unloading, 0.0131530 secs]2016-10-17T15:42:10.827+0800: 17298.386: [scrub symbol table, 0.0044598 secs]2016-10-17T15:42:10.832+0800: 17298.391: [scrub string table, 0.0007281 secs][1 CMS-remark: 1312956K(1798144K)] 1702079K(2483840K), 0.0567691 secs] [Times: user=0.10 sys=0.00, real=0.05 secs] 
2016-10-17T15:42:10.834+0800: 17298.392: [CMS-concurrent-sweep-start]
2016-10-17T15:42:10.920+0800: 17298.479: [CMS-concurrent-sweep: 0.086/0.086 secs] [Times: user=0.12 sys=0.00, real=0.09 secs] 
2016-10-17T15:42:10.920+0800: 17298.479: [CMS-concurrent-reset-start]
2016-10-17T15:42:10.924+0800: 17298.482: [CMS-concurrent-reset: 0.004/0.004 secs] [Times: user=0.00 sys=0.00, real=0.00 secs] 
2016-10-17T15:42:13.292+0800: 17300.851: [GC (Allocation Failure) 2016-10-17T15:42:13.292+0800: 17300.851: [ParNew: 685696K->76160K(685696K), 0.0363049 secs] 1714758K->1176089K(2483840K), 0.0364309 secs] [Times: user=0.13 sys=0.00, real=0.04 secs] 
2016-10-17T15:42:19.572+0800: 17307.131: [GC (Allocation Failure) 2016-10-17T15:42:19.572+0800: 17307.131: [ParNew: 685696K->76160K(685696K), 0.0354477 secs] 1785625K->1261148K(2483840K), 0.0355930 secs] [Times: user=0.13 sys=0.00, real=0.04 secs] 
2016-10-17T15:42:29.989+0800: 17317.547: [GC (Allocation Failure) 2016-10-17T15:42:29.989+0800: 17317.547: [ParNew: 685450K->76160K(685696K), 0.1474705 secs] 1870439K->1328869K(2483840K), 0.1476735 secs] [Times: user=0.51 sys=0.06, real=0.15 secs] 
2016-10-17T15:42:36.324+0800: 17323.883: [GC (Allocation Failure) 2016-10-17T15:42:36.324+0800: 17323.883: [ParNew: 685696K->76160K(685696K), 0.0392843 secs] 1938405K->1410448K(2483840K), 0.0394098 secs] [Times: user=0.14 sys=0.00, real=0.04 secs] 
2016-10-17T15:42:36.364+0800: 17323.923: [GC (CMS Initial Mark) [1 CMS-initial-mark: 1334288K(1798144K)] 1411040K(2483840K), 0.0043394 secs] [Times: user=0.02 sys=0.00, real=0.01 secs] 
2016-10-17T15:42:36.369+0800: 17323.928: [CMS-concurrent-mark-start]
2016-10-17T15:42:36.712+0800: 17324.271: [CMS-concurrent-mark: 0.343/0.343 secs] [Times: user=0.39 sys=0.02, real=0.34 secs] 
2016-10-17T15:42:36.712+0800: 17324.271: [CMS-concurrent-preclean-start]
2016-10-17T15:42:36.717+0800: 17324.276: [CMS-concurrent-preclean: 0.005/0.005 secs] [Times: user=0.01 sys=0.00, real=0.01 secs] 
2016-10-17T15:42:36.717+0800: 17324.276: [CMS-concurrent-abortable-preclean-start]
2016-10-17T15:42:39.565+0800: 17327.124: [CMS-concurrent-abortable-preclean: 2.846/2.847 secs] [Times: user=3.73 sys=0.22, real=2.84 secs] 
2016-10-17T15:42:39.565+0800: 17327.124: [GC (CMS Final Remark) [YG occupancy: 382946 K (685696 K)]2016-10-17T15:42:39.565+0800: 17327.124: [Rescan (parallel) , 0.0196733 secs]2016-10-17T15:42:39.585+0800: 17327.144: [weak refs processing, 0.0004914 secs]2016-10-17T15:42:39.586+0800: 17327.144: [class unloading, 0.0145503 secs]2016-10-17T15:42:39.600+0800: 17327.159: [scrub symbol table, 0.0048971 secs]2016-10-17T15:42:39.605+0800: 17327.164: [scrub string table, 0.0008351 secs][1 CMS-remark: 1334288K(1798144K)] 1717235K(2483840K), 0.0408957 secs] [Times: user=0.10 sys=0.00, real=0.05 secs] 
2016-10-17T15:42:39.606+0800: 17327.165: [CMS-concurrent-sweep-start]
2016-10-17T15:42:39.692+0800: 17327.250: [CMS-concurrent-sweep: 0.085/0.085 secs] [Times: user=0.11 sys=0.00, real=0.08 secs] 
2016-10-17T15:42:39.692+0800: 17327.251: [CMS-concurrent-reset-start]
2016-10-17T15:42:39.695+0800: 17327.254: [CMS-concurrent-reset: 0.003/0.003 secs] [Times: user=0.00 sys=0.00, real=0.00 secs] 
2016-10-17T15:42:42.189+0800: 17329.748: [GC (Allocation Failure) 2016-10-17T15:42:42.189+0800: 17329.748: [ParNew: 685696K->76160K(685696K), 0.0400249 secs] 1777268K->1250434K(2483840K), 0.0401614 secs] [Times: user=0.14 sys=0.00, real=0.04 secs] 
2016-10-17T15:42:48.290+0800: 17335.849: [GC (Allocation Failure) 2016-10-17T15:42:48.290+0800: 17335.849: [ParNew: 685544K->76160K(685696K), 0.0311866 secs] 1859818K->1323263K(2483840K), 0.0313375 secs] [Times: user=0.13 sys=0.00, real=0.03 secs] 
2016-10-17T15:42:53.968+0800: 17341.527: [GC (Allocation Failure) 2016-10-17T15:42:53.968+0800: 17341.527: [ParNew: 685696K->76160K(685696K), 0.0402881 secs] 1932799K->1394665K(2483840K), 0.0404528 secs] [Times: user=0.14 sys=0.00, real=0.04 secs] 
2016-10-17T15:42:54.010+0800: 17341.569: [GC (CMS Initial Mark) [1 CMS-initial-mark: 1318505K(1798144K)] 1395252K(2483840K), 0.0033311 secs] [Times: user=0.01 sys=0.00, real=0.00 secs] 
2016-10-17T15:42:54.013+0800: 17341.572: [CMS-concurrent-mark-start]
2016-10-17T15:42:54.365+0800: 17341.924: [CMS-concurrent-mark: 0.352/0.352 secs] [Times: user=0.48 sys=0.03, real=0.35 secs] 
2016-10-17T15:42:54.365+0800: 17341.924: [CMS-concurrent-preclean-start]
2016-10-17T15:42:54.371+0800: 17341.930: [CMS-concurrent-preclean: 0.006/0.006 secs] [Times: user=0.01 sys=0.00, real=0.01 secs] 
2016-10-17T15:42:54.371+0800: 17341.930: [CMS-concurrent-abortable-preclean-start]
2016-10-17T15:42:57.350+0800: 17344.909: [CMS-concurrent-abortable-preclean: 2.977/2.979 secs] [Times: user=3.84 sys=0.23, real=2.98 secs] 
2016-10-17T15:42:57.351+0800: 17344.909: [GC (CMS Final Remark) [YG occupancy: 380990 K (685696 K)]2016-10-17T15:42:57.351+0800: 17344.909: [Rescan (parallel) , 0.0301531 secs]2016-10-17T15:42:57.381+0800: 17344.940: [weak refs processing, 0.0006073 secs]2016-10-17T15:42:57.382+0800: 17344.940: [class unloading, 0.0176564 secs]2016-10-17T15:42:57.399+0800: 17344.958: [scrub symbol table, 0.0058522 secs]2016-10-17T15:42:57.405+0800: 17344.964: [scrub string table, 0.0007173 secs][1 CMS-remark: 1318505K(1798144K)] 1699495K(2483840K), 0.0554052 secs] [Times: user=0.14 sys=0.00, real=0.06 secs] 
2016-10-17T15:42:57.409+0800: 17344.968: [CMS-concurrent-sweep-start]
2016-10-17T15:42:57.602+0800: 17345.161: [CMS-concurrent-sweep: 0.193/0.193 secs] [Times: user=0.21 sys=0.02, real=0.19 secs] 
2016-10-17T15:42:57.602+0800: 17345.161: [CMS-concurrent-reset-start]
2016-10-17T15:42:57.606+0800: 17345.164: [CMS-concurrent-reset: 0.004/0.004 secs] [Times: user=0.00 sys=0.00, real=0.00 secs] 
2016-10-17T15:43:01.761+0800: 17349.320: [GC (Allocation Failure) 2016-10-17T15:43:01.761+0800: 17349.320: [ParNew: 685608K->76160K(685696K), 0.0456965 secs] 1763078K->1232505K(2483840K), 0.0458686 secs] [Times: user=0.17 sys=0.00, real=0.05 secs] 
2016-10-17T15:43:10.026+0800: 17357.585: [GC (Allocation Failure) 2016-10-17T15:43:10.026+0800: 17357.585: [ParNew: 685696K->76160K(685696K), 0.0339077 secs] 1842041K->1315559K(2483840K), 0.0340537 secs] [Times: user=0.13 sys=0.00, real=0.04 secs] 
2016-10-17T15:43:15.054+0800: 17362.613: [GC (Allocation Failure) 2016-10-17T15:43:15.054+0800: 17362.613: [ParNew: 685630K->76160K(685696K), 0.0512109 secs] 1925029K->1381074K(2483840K), 0.0513738 secs] [Times: user=0.13 sys=0.00, real=0.05 secs] 
2016-10-17T15:43:15.106+0800: 17362.664: [GC (CMS Initial Mark) [1 CMS-initial-mark: 1304914K(1798144K)] 1381330K(2483840K), 0.0086434 secs] [Times: user=0.01 sys=0.00, real=0.01 secs] 
2016-10-17T15:43:15.115+0800: 17362.673: [CMS-concurrent-mark-start]
2016-10-17T15:43:15.504+0800: 17363.063: [CMS-concurrent-mark: 0.390/0.390 secs] [Times: user=0.51 sys=0.03, real=0.39 secs] 
2016-10-17T15:43:15.504+0800: 17363.063: [CMS-concurrent-preclean-start]
2016-10-17T15:43:15.510+0800: 17363.069: [CMS-concurrent-preclean: 0.005/0.006 secs] [Times: user=0.01 sys=0.00, real=0.01 secs] 
2016-10-17T15:43:15.510+0800: 17363.069: [CMS-concurrent-abortable-preclean-start]
2016-10-17T15:43:19.263+0800: 17366.821: [CMS-concurrent-abortable-preclean: 3.751/3.753 secs] [Times: user=4.51 sys=0.36, real=3.75 secs] 
2016-10-17T15:43:19.263+0800: 17366.822: [GC (CMS Final Remark) [YG occupancy: 385165 K (685696 K)]2016-10-17T15:43:19.263+0800: 17366.822: [Rescan (parallel) , 0.0166895 secs]2016-10-17T15:43:19.280+0800: 17366.839: [weak refs processing, 0.0005049 secs]2016-10-17T15:43:19.280+0800: 17366.839: [class unloading, 0.0145660 secs]2016-10-17T15:43:19.295+0800: 17366.854: [scrub symbol table, 0.0052315 secs]2016-10-17T15:43:19.300+0800: 17366.859: [scrub string table, 0.0007888 secs][1 CMS-remark: 1304914K(1798144K)] 1690079K(2483840K), 0.0381699 secs] [Times: user=0.08 sys=0.00, real=0.04 secs] 
2016-10-17T15:43:19.302+0800: 17366.860: [CMS-concurrent-sweep-start]
2016-10-17T15:43:19.418+0800: 17366.977: [CMS-concurrent-sweep: 0.117/0.117 secs] [Times: user=0.15 sys=0.02, real=0.12 secs] 
2016-10-17T15:43:19.419+0800: 17366.977: [CMS-concurrent-reset-start]
2016-10-17T15:43:19.422+0800: 17366.981: [CMS-concurrent-reset: 0.004/0.004 secs] [Times: user=0.01 sys=0.00, real=0.00 secs] 
2016-10-17T15:43:21.688+0800: 17369.246: [GC (Allocation Failure) 2016-10-17T15:43:21.688+0800: 17369.246: [ParNew: 685696K->76160K(685696K), 0.0334895 secs] 1827494K->1303845K(2483840K), 0.0336192 secs] [Times: user=0.12 sys=0.00, real=0.03 secs] 
2016-10-17T15:43:26.184+0800: 17373.743: [GC (Allocation Failure) 2016-10-17T15:43:26.184+0800: 17373.743: [ParNew: 685668K->76160K(685696K), 0.0330718 secs] 1913354K->1375024K(2483840K), 0.0331994 secs] [Times: user=0.13 sys=0.00, real=0.04 secs] 
2016-10-17T15:43:26.218+0800: 17373.777: [GC (CMS Initial Mark) [1 CMS-initial-mark: 1298864K(1798144K)] 1375360K(2483840K), 0.0041025 secs] [Times: user=0.02 sys=0.00, real=0.00 secs] 
2016-10-17T15:43:26.222+0800: 17373.781: [CMS-concurrent-mark-start]
2016-10-17T15:43:26.435+0800: 17373.994: [CMS-concurrent-mark: 0.213/0.213 secs] [Times: user=0.30 sys=0.02, real=0.21 secs] 
2016-10-17T15:43:26.435+0800: 17373.994: [CMS-concurrent-preclean-start]
2016-10-17T15:43:26.440+0800: 17373.999: [CMS-concurrent-preclean: 0.005/0.005 secs] [Times: user=0.00 sys=0.00, real=0.01 secs] 
2016-10-17T15:43:26.440+0800: 17373.999: [CMS-concurrent-abortable-preclean-start]
2016-10-17T15:43:29.071+0800: 17376.630: [CMS-concurrent-abortable-preclean: 2.629/2.630 secs] [Times: user=3.28 sys=0.32, real=2.63 secs] 
2016-10-17T15:43:29.071+0800: 17376.630: [GC (CMS Final Remark) [YG occupancy: 382881 K (685696 K)]2016-10-17T15:43:29.071+0800: 17376.630: [Rescan (parallel) , 0.0148232 secs]2016-10-17T15:43:29.086+0800: 17376.645: [weak refs processing, 0.0003617 secs]2016-10-17T15:43:29.087+0800: 17376.645: [class unloading, 0.0185477 secs]2016-10-17T15:43:29.105+0800: 17376.664: [scrub symbol table, 0.0088592 secs]2016-10-17T15:43:29.114+0800: 17376.673: [scrub string table, 0.0010343 secs][1 CMS-remark: 1298864K(1798144K)] 1681745K(2483840K), 0.0440210 secs] [Times: user=0.09 sys=0.00, real=0.04 secs] 
2016-10-17T15:43:29.116+0800: 17376.674: [CMS-concurrent-sweep-start]
2016-10-17T15:43:29.325+0800: 17376.884: [CMS-concurrent-sweep: 0.210/0.210 secs] [Times: user=0.29 sys=0.02, real=0.21 secs] 
2016-10-17T15:43:29.325+0800: 17376.884: [CMS-concurrent-reset-start]
2016-10-17T15:43:29.329+0800: 17376.888: [CMS-concurrent-reset: 0.003/0.003 secs] [Times: user=0.00 sys=0.00, real=0.01 secs] 
2016-10-17T15:43:31.258+0800: 17378.817: [GC (Allocation Failure) 2016-10-17T15:43:31.258+0800: 17378.817: [ParNew: 685696K->76160K(685696K), 0.0319591 secs] 1732245K->1199705K(2483840K), 0.0321010 secs] [Times: user=0.11 sys=0.00, real=0.03 secs] 
2016-10-17T15:43:36.076+0800: 17383.635: [GC (Allocation Failure) 2016-10-17T15:43:36.076+0800: 17383.635: [ParNew: 685610K->76160K(685696K), 0.0333205 secs] 1809155K->1282108K(2483840K), 0.0334824 secs] [Times: user=0.13 sys=0.00, real=0.03 secs] 
2016-10-17T15:43:41.226+0800: 17388.785: [GC (Allocation Failure) 2016-10-17T15:43:41.226+0800: 17388.785: [ParNew: 685696K->76160K(685696K), 0.0349528 secs] 1891644K->1374365K(2483840K), 0.0351249 secs] [Times: user=0.13 sys=0.00, real=0.04 secs] 
2016-10-17T15:43:41.261+0800: 17388.820: [GC (CMS Initial Mark) [1 CMS-initial-mark: 1298205K(1798144K)] 1374863K(2483840K), 0.0027344 secs] [Times: user=0.01 sys=0.00, real=0.00 secs] 
2016-10-17T15:43:41.264+0800: 17388.823: [CMS-concurrent-mark-start]
2016-10-17T15:43:41.390+0800: 17388.949: [CMS-concurrent-mark: 0.126/0.126 secs] [Times: user=0.17 sys=0.01, real=0.13 secs] 
2016-10-17T15:43:41.390+0800: 17388.949: [CMS-concurrent-preclean-start]
2016-10-17T15:43:41.395+0800: 17388.954: [CMS-concurrent-preclean: 0.005/0.005 secs] [Times: user=0.01 sys=0.00, real=0.00 secs] 
2016-10-17T15:43:41.395+0800: 17388.954: [CMS-concurrent-abortable-preclean-start]
2016-10-17T15:43:44.377+0800: 17391.935: [CMS-concurrent-abortable-preclean: 2.978/2.981 secs] [Times: user=3.81 sys=0.21, real=2.99 secs] 
2016-10-17T15:43:44.377+0800: 17391.936: [GC (CMS Final Remark) [YG occupancy: 388196 K (685696 K)]2016-10-17T15:43:44.377+0800: 17391.936: [Rescan (parallel) , 0.0212066 secs]2016-10-17T15:43:44.399+0800: 17391.957: [weak refs processing, 0.0003342 secs]2016-10-17T15:43:44.399+0800: 17391.958: [class unloading, 0.0137518 secs]2016-10-17T15:43:44.413+0800: 17391.972: [scrub symbol table, 0.0041764 secs]2016-10-17T15:43:44.417+0800: 17391.976: [scrub string table, 0.0006782 secs][1 CMS-remark: 1298205K(1798144K)] 1686402K(2483840K), 0.0405550 secs] [Times: user=0.10 sys=0.00, real=0.04 secs] 
2016-10-17T15:43:44.418+0800: 17391.977: [CMS-concurrent-sweep-start]
2016-10-17T15:43:44.672+0800: 17392.231: [CMS-concurrent-sweep: 0.254/0.254 secs] [Times: user=0.37 sys=0.01, real=0.25 secs] 
2016-10-17T15:43:44.672+0800: 17392.231: [CMS-concurrent-reset-start]
2016-10-17T15:43:44.676+0800: 17392.234: [CMS-concurrent-reset: 0.003/0.003 secs] [Times: user=0.00 sys=0.00, real=0.00 secs] 
2016-10-17T15:43:46.936+0800: 17394.494: [GC (Allocation Failure) 2016-10-17T15:43:46.936+0800: 17394.495: [ParNew: 685696K->76160K(685696K), 0.0581338 secs] 1651079K->1133760K(2483840K), 0.0583250 secs] [Times: user=0.21 sys=0.00, real=0.06 secs] 
2016-10-17T15:43:53.230+0800: 17400.789: [GC (Allocation Failure) 2016-10-17T15:43:53.230+0800: 17400.789: [ParNew: 685596K->76160K(685696K), 0.1582223 secs] 1743196K->1221483K(2483840K), 0.1583806 secs] [Times: user=0.54 sys=0.05, real=0.16 secs] 
2016-10-17T15:44:08.307+0800: 17415.865: [GC (Allocation Failure) 2016-10-17T15:44:08.307+0800: 17415.865: [ParNew: 685495K->76160K(685696K), 0.0405509 secs] 1830819K->1299119K(2483840K), 0.0407386 secs] [Times: user=0.15 sys=0.00, real=0.04 secs] 
2016-10-17T15:44:15.607+0800: 17423.165: [GC (Allocation Failure) 2016-10-17T15:44:15.607+0800: 17423.166: [ParNew: 685637K->76160K(685696K), 0.0417153 secs] 1908597K->1387239K(2483840K), 0.0418476 secs] [Times: user=0.15 sys=0.00, real=0.04 secs] 
2016-10-17T15:44:15.649+0800: 17423.208: [GC (CMS Initial Mark) [1 CMS-initial-mark: 1311079K(1798144K)] 1387495K(2483840K), 0.0047161 secs] [Times: user=0.01 sys=0.00, real=0.00 secs] 
2016-10-17T15:44:15.654+0800: 17423.213: [CMS-concurrent-mark-start]
2016-10-17T15:44:16.025+0800: 17423.584: [CMS-concurrent-mark: 0.371/0.371 secs] [Times: user=0.41 sys=0.04, real=0.37 secs] 
2016-10-17T15:44:16.025+0800: 17423.584: [CMS-concurrent-preclean-start]
2016-10-17T15:44:16.032+0800: 17423.591: [CMS-concurrent-preclean: 0.007/0.007 secs] [Times: user=0.01 sys=0.00, real=0.01 secs] 
2016-10-17T15:44:16.032+0800: 17423.591: [CMS-concurrent-abortable-preclean-start]
 CMS: abort preclean due to time 2016-10-17T15:44:21.074+0800: 17428.633: [CMS-concurrent-abortable-preclean: 5.040/5.042 secs] [Times: user=5.49 sys=0.33, real=5.04 secs] 
2016-10-17T15:44:21.074+0800: 17428.633: [GC (CMS Final Remark) [YG occupancy: 268499 K (685696 K)]2016-10-17T15:44:21.075+0800: 17428.633: [Rescan (parallel) , 0.0334596 secs]2016-10-17T15:44:21.108+0800: 17428.667: [weak refs processing, 0.0032566 secs]2016-10-17T15:44:21.111+0800: 17428.670: [class unloading, 0.0188839 secs]2016-10-17T15:44:21.130+0800: 17428.689: [scrub symbol table, 0.0066131 secs]2016-10-17T15:44:21.137+0800: 17428.696: [scrub string table, 0.0010376 secs][1 CMS-remark: 1311079K(1798144K)] 1579579K(2483840K), 0.0648372 secs] [Times: user=0.10 sys=0.00, real=0.07 secs] 
2016-10-17T15:44:21.140+0800: 17428.699: [CMS-concurrent-sweep-start]
2016-10-17T15:44:21.489+0800: 17429.047: [CMS-concurrent-sweep: 0.348/0.348 secs] [Times: user=0.35 sys=0.02, real=0.35 secs] 
2016-10-17T15:44:21.489+0800: 17429.047: [CMS-concurrent-reset-start]
2016-10-17T15:44:21.492+0800: 17429.051: [CMS-concurrent-reset: 0.004/0.004 secs] [Times: user=0.01 sys=0.00, real=0.00 secs] 
2016-10-17T15:44:28.943+0800: 17436.502: [GC (Allocation Failure) 2016-10-17T15:44:28.943+0800: 17436.502: [ParNew: 685518K->76160K(685696K), 0.0348964 secs] 1690180K->1152809K(2483840K), 0.0350600 secs] [Times: user=0.13 sys=0.00, real=0.04 secs] 
2016-10-17T15:44:34.888+0800: 17442.447: [GC (Allocation Failure) 2016-10-17T15:44:34.888+0800: 17442.447: [ParNew: 685555K->76160K(685696K), 0.1480608 secs] 1762204K->1241090K(2483840K), 0.1482627 secs] [Times: user=0.50 sys=0.05, real=0.15 secs] 
2016-10-17T15:44:40.734+0800: 17448.293: [GC (Allocation Failure) 2016-10-17T15:44:40.734+0800: 17448.293: [ParNew: 685571K->76160K(685696K), 0.0422150 secs] 1850501K->1310955K(2483840K), 0.0423929 secs] [Times: user=0.14 sys=0.00, real=0.05 secs] 
2016-10-17T15:44:45.681+0800: 17453.240: [GC (Allocation Failure) 2016-10-17T15:44:45.681+0800: 17453.240: [ParNew: 685696K->76160K(685696K), 0.0339393 secs] 1920491K->1391350K(2483840K), 0.0340634 secs] [Times: user=0.13 sys=0.00, real=0.03 secs] 
2016-10-17T15:44:45.716+0800: 17453.274: [GC (CMS Initial Mark) [1 CMS-initial-mark: 1315190K(1798144K)] 1391892K(2483840K), 0.0033604 secs] [Times: user=0.01 sys=0.00, real=0.01 secs] 
2016-10-17T15:44:45.719+0800: 17453.278: [CMS-concurrent-mark-start]
2016-10-17T15:44:45.927+0800: 17453.486: [CMS-concurrent-mark: 0.208/0.208 secs] [Times: user=0.27 sys=0.00, real=0.21 secs] 
2016-10-17T15:44:45.927+0800: 17453.486: [CMS-concurrent-preclean-start]
2016-10-17T15:44:45.932+0800: 17453.491: [CMS-concurrent-preclean: 0.005/0.005 secs] [Times: user=0.01 sys=0.00, real=0.00 secs] 
2016-10-17T15:44:45.932+0800: 17453.491: [CMS-concurrent-abortable-preclean-start]
2016-10-17T15:44:48.665+0800: 17456.224: [CMS-concurrent-abortable-preclean: 2.732/2.733 secs] [Times: user=3.68 sys=0.18, real=2.73 secs] 
2016-10-17T15:44:48.666+0800: 17456.225: [GC (CMS Final Remark) [YG occupancy: 383181 K (685696 K)]2016-10-17T15:44:48.666+0800: 17456.225: [Rescan (parallel) , 0.0149406 secs]2016-10-17T15:44:48.681+0800: 17456.240: [weak refs processing, 0.0006828 secs]2016-10-17T15:44:48.682+0800: 17456.241: [class unloading, 0.0192442 secs]2016-10-17T15:44:48.701+0800: 17456.260: [scrub symbol table, 0.0047514 secs]2016-10-17T15:44:48.706+0800: 17456.265: [scrub string table, 0.0007185 secs][1 CMS-remark: 1315190K(1798144K)] 1698371K(2483840K), 0.0496005 secs] [Times: user=0.09 sys=0.00, real=0.04 secs] 
2016-10-17T15:44:48.716+0800: 17456.275: [CMS-concurrent-sweep-start]
2016-10-17T15:44:48.817+0800: 17456.376: [CMS-concurrent-sweep: 0.101/0.101 secs] [Times: user=0.14 sys=0.01, real=0.10 secs] 
2016-10-17T15:44:48.817+0800: 17456.376: [CMS-concurrent-reset-start]
2016-10-17T15:44:48.821+0800: 17456.380: [CMS-concurrent-reset: 0.004/0.004 secs] [Times: user=0.01 sys=0.00, real=0.00 secs] 
2016-10-17T15:44:51.337+0800: 17458.896: [GC (Allocation Failure) 2016-10-17T15:44:51.337+0800: 17458.896: [ParNew: 685583K->76160K(685696K), 0.0405505 secs] 1718393K->1189646K(2483840K), 0.0406807 secs] [Times: user=0.14 sys=0.00, real=0.04 secs] 
2016-10-17T15:44:57.314+0800: 17464.872: [GC (Allocation Failure) 2016-10-17T15:44:57.314+0800: 17464.873: [ParNew: 685696K->76160K(685696K), 0.0364925 secs] 1799182K->1267120K(2483840K), 0.0366330 secs] [Times: user=0.13 sys=0.00, real=0.04 secs] 
2016-10-17T15:45:02.737+0800: 17470.296: [GC (Allocation Failure) 2016-10-17T15:45:02.737+0800: 17470.296: [ParNew: 685670K->76160K(685696K), 0.0391305 secs] 1876631K->1351655K(2483840K), 0.0392615 secs] [Times: user=0.15 sys=0.00, real=0.04 secs] 
2016-10-17T15:45:02.777+0800: 17470.336: [GC (CMS Initial Mark) [1 CMS-initial-mark: 1275495K(1798144K)] 1351911K(2483840K), 0.0031723 secs] [Times: user=0.01 sys=0.00, real=0.00 secs] 
2016-10-17T15:45:02.780+0800: 17470.339: [CMS-concurrent-mark-start]
2016-10-17T15:45:03.030+0800: 17470.589: [CMS-concurrent-mark: 0.250/0.250 secs] [Times: user=0.33 sys=0.02, real=0.25 secs] 
2016-10-17T15:45:03.030+0800: 17470.589: [CMS-concurrent-preclean-start]
2016-10-17T15:45:03.035+0800: 17470.594: [CMS-concurrent-preclean: 0.005/0.005 secs] [Times: user=0.01 sys=0.00, real=0.00 secs] 
2016-10-17T15:45:03.036+0800: 17470.594: [CMS-concurrent-abortable-preclean-start]
2016-10-17T15:45:07.786+0800: 17475.345: [CMS-concurrent-abortable-preclean: 4.745/4.751 secs] [Times: user=5.76 sys=0.41, real=4.76 secs] 
2016-10-17T15:45:07.787+0800: 17475.346: [GC (CMS Final Remark) [YG occupancy: 381714 K (685696 K)]2016-10-17T15:45:07.787+0800: 17475.346: [Rescan (parallel) , 0.0192696 secs]2016-10-17T15:45:07.806+0800: 17475.365: [weak refs processing, 0.0003749 secs]2016-10-17T15:45:07.807+0800: 17475.365: [class unloading, 0.0135866 secs]2016-10-17T15:45:07.820+0800: 17475.379: [scrub symbol table, 0.0048937 secs]2016-10-17T15:45:07.825+0800: 17475.384: [scrub string table, 0.0007059 secs][1 CMS-remark: 1275495K(1798144K)] 1657209K(2483840K), 0.0392782 secs] [Times: user=0.10 sys=0.00, real=0.04 secs] 
2016-10-17T15:45:07.827+0800: 17475.385: [CMS-concurrent-sweep-start]
2016-10-17T15:45:07.926+0800: 17475.485: [CMS-concurrent-sweep: 0.099/0.099 secs] [Times: user=0.13 sys=0.00, real=0.10 secs] 
2016-10-17T15:45:07.926+0800: 17475.485: [CMS-concurrent-reset-start]
2016-10-17T15:45:07.929+0800: 17475.488: [CMS-concurrent-reset: 0.004/0.004 secs] [Times: user=0.00 sys=0.00, real=0.00 secs] 
2016-10-17T15:45:11.285+0800: 17478.844: [GC (Allocation Failure) 2016-10-17T15:45:11.285+0800: 17478.844: [ParNew: 685696K->76160K(685696K), 0.0387117 secs] 1758795K->1233625K(2483840K), 0.0388435 secs] [Times: user=0.13 sys=0.00, real=0.04 secs] 
2016-10-17T15:45:17.420+0800: 17484.979: [GC (Allocation Failure) 2016-10-17T15:45:17.420+0800: 17484.979: [ParNew: 685653K->76160K(685696K), 0.0513771 secs] 1843118K->1302603K(2483840K), 0.0515021 secs] [Times: user=0.14 sys=0.00, real=0.05 secs] 
2016-10-17T15:45:23.569+0800: 17491.127: [GC (Allocation Failure) 2016-10-17T15:45:23.569+0800: 17491.128: [ParNew: 685695K->76160K(685696K), 0.0426660 secs] 1912138K->1383006K(2483840K), 0.0428339 secs] [Times: user=0.16 sys=0.00, real=0.04 secs] 
2016-10-17T15:45:23.612+0800: 17491.171: [GC (CMS Initial Mark) [1 CMS-initial-mark: 1306846K(1798144K)] 1383565K(2483840K), 0.0630141 secs] [Times: user=0.06 sys=0.00, real=0.06 secs] 
2016-10-17T15:45:23.682+0800: 17491.240: [CMS-concurrent-mark-start]
2016-10-17T15:45:23.962+0800: 17491.520: [CMS-concurrent-mark: 0.280/0.280 secs] [Times: user=0.34 sys=0.01, real=0.28 secs] 
2016-10-17T15:45:23.962+0800: 17491.521: [CMS-concurrent-preclean-start]
2016-10-17T15:45:23.967+0800: 17491.525: [CMS-concurrent-preclean: 0.005/0.005 secs] [Times: user=0.00 sys=0.00, real=0.01 secs] 
2016-10-17T15:45:23.967+0800: 17491.525: [CMS-concurrent-abortable-preclean-start]
 CMS: abort preclean due to time 2016-10-17T15:45:29.014+0800: 17496.573: [CMS-concurrent-abortable-preclean: 4.918/5.047 secs] [Times: user=6.18 sys=0.41, real=5.04 secs] 
2016-10-17T15:45:29.014+0800: 17496.573: [GC (CMS Final Remark) [YG occupancy: 389725 K (685696 K)]2016-10-17T15:45:29.014+0800: 17496.573: [Rescan (parallel) , 0.0175013 secs]2016-10-17T15:45:29.032+0800: 17496.591: [weak refs processing, 0.0003463 secs]2016-10-17T15:45:29.032+0800: 17496.591: [class unloading, 0.0152713 secs]2016-10-17T15:45:29.048+0800: 17496.606: [scrub symbol table, 0.0080939 secs]2016-10-17T15:45:29.056+0800: 17496.615: [scrub string table, 0.0012659 secs][1 CMS-remark: 1306846K(1798144K)] 1696572K(2483840K), 0.0430390 secs] [Times: user=0.10 sys=0.00, real=0.05 secs] 
2016-10-17T15:45:29.060+0800: 17496.618: [CMS-concurrent-sweep-start]
2016-10-17T15:45:29.238+0800: 17496.797: [CMS-concurrent-sweep: 0.179/0.179 secs] [Times: user=0.20 sys=0.02, real=0.18 secs] 
2016-10-17T15:45:29.239+0800: 17496.797: [CMS-concurrent-reset-start]
2016-10-17T15:45:29.242+0800: 17496.801: [CMS-concurrent-reset: 0.004/0.004 secs] [Times: user=0.00 sys=0.00, real=0.00 secs] 
2016-10-17T15:45:32.021+0800: 17499.579: [GC (Allocation Failure) 2016-10-17T15:45:32.021+0800: 17499.579: [ParNew: 685518K->76160K(685696K), 0.0447795 secs] 1751038K->1227542K(2483840K), 0.0449925 secs] [Times: user=0.16 sys=0.00, real=0.04 secs] 
2016-10-17T15:45:36.708+0800: 17504.267: [GC (Allocation Failure) 2016-10-17T15:45:36.708+0800: 17504.267: [ParNew: 685653K->76160K(685696K), 0.0520317 secs] 1837035K->1309159K(2483840K), 0.0521716 secs] [Times: user=0.16 sys=0.00, real=0.05 secs] 
2016-10-17T15:45:41.844+0800: 17509.403: [GC (Allocation Failure) 2016-10-17T15:45:41.845+0800: 17509.403: [ParNew: 685535K->76160K(685696K), 0.0432201 secs] 1918534K->1385804K(2483840K), 0.0433440 secs] [Times: user=0.14 sys=0.00, real=0.05 secs] 
2016-10-17T15:45:41.889+0800: 17509.448: [GC (CMS Initial Mark) [1 CMS-initial-mark: 1309644K(1798144K)] 1386607K(2483840K), 0.0042313 secs] [Times: user=0.01 sys=0.00, real=0.00 secs] 
2016-10-17T15:45:41.893+0800: 17509.452: [CMS-concurrent-mark-start]
2016-10-17T15:45:42.191+0800: 17509.750: [CMS-concurrent-mark: 0.298/0.298 secs] [Times: user=0.39 sys=0.02, real=0.30 secs] 
2016-10-17T15:45:42.191+0800: 17509.750: [CMS-concurrent-preclean-start]
2016-10-17T15:45:42.196+0800: 17509.755: [CMS-concurrent-preclean: 0.005/0.005 secs] [Times: user=0.01 sys=0.00, real=0.01 secs] 
2016-10-17T15:45:42.196+0800: 17509.755: [CMS-concurrent-abortable-preclean-start]
2016-10-17T15:45:45.116+0800: 17512.675: [CMS-concurrent-abortable-preclean: 2.918/2.920 secs] [Times: user=3.83 sys=0.24, real=2.92 secs] 
2016-10-17T15:45:45.117+0800: 17512.675: [GC (CMS Final Remark) [YG occupancy: 382178 K (685696 K)]2016-10-17T15:45:45.117+0800: 17512.675: [Rescan (parallel) , 0.0157200 secs]2016-10-17T15:45:45.132+0800: 17512.691: [weak refs processing, 0.0002707 secs]2016-10-17T15:45:45.133+0800: 17512.691: [class unloading, 0.0133819 secs]2016-10-17T15:45:45.146+0800: 17512.705: [scrub symbol table, 0.0041924 secs]2016-10-17T15:45:45.150+0800: 17512.709: [scrub string table, 0.0006803 secs][1 CMS-remark: 1309644K(1798144K)] 1691822K(2483840K), 0.0345550 secs] [Times: user=0.08 sys=0.00, real=0.03 secs] 
2016-10-17T15:45:45.151+0800: 17512.710: [CMS-concurrent-sweep-start]
2016-10-17T15:45:45.252+0800: 17512.811: [CMS-concurrent-sweep: 0.101/0.101 secs] [Times: user=0.13 sys=0.00, real=0.10 secs] 
2016-10-17T15:45:45.252+0800: 17512.811: [CMS-concurrent-reset-start]
2016-10-17T15:45:45.255+0800: 17512.814: [CMS-concurrent-reset: 0.003/0.003 secs] [Times: user=0.01 sys=0.00, real=0.00 secs] 
2016-10-17T15:45:47.830+0800: 17515.389: [GC (Allocation Failure) 2016-10-17T15:45:47.830+0800: 17515.389: [ParNew: 685503K->76160K(685696K), 0.0327714 secs] 1793499K->1268135K(2483840K), 0.0328876 secs] [Times: user=0.13 sys=0.00, real=0.03 secs] 
2016-10-17T15:45:50.841+0800: 17518.400: [GC (Allocation Failure) 2016-10-17T15:45:50.841+0800: 17518.400: [ParNew: 685696K->76160K(685696K), 0.0335643 secs] 1877671K->1334964K(2483840K), 0.0337300 secs] [Times: user=0.13 sys=0.00, real=0.03 secs] 
2016-10-17T15:45:50.876+0800: 17518.434: [GC (CMS Initial Mark) [1 CMS-initial-mark: 1258804K(1798144K)] 1337842K(2483840K), 0.0023483 secs] [Times: user=0.01 sys=0.00, real=0.01 secs] 
2016-10-17T15:45:50.878+0800: 17518.437: [CMS-concurrent-mark-start]
2016-10-17T15:45:51.409+0800: 17518.968: [CMS-concurrent-mark: 0.531/0.531 secs] [Times: user=1.15 sys=0.04, real=0.53 secs] 
2016-10-17T15:45:51.410+0800: 17518.968: [CMS-concurrent-preclean-start]
2016-10-17T15:45:51.416+0800: 17518.974: [CMS-concurrent-preclean: 0.006/0.006 secs] [Times: user=0.01 sys=0.00, real=0.00 secs] 
2016-10-17T15:45:51.416+0800: 17518.974: [CMS-concurrent-abortable-preclean-start]
2016-10-17T15:45:53.288+0800: 17520.847: [GC (Allocation Failure) 2016-10-17T15:45:53.288+0800: 17520.847: [ParNew: 685696K->52784K(685696K), 0.0237648 secs] 1944500K->1358724K(2483840K), 0.0239287 secs] [Times: user=0.08 sys=0.00, real=0.02 secs] 
2016-10-17T15:45:54.529+0800: 17522.088: [CMS-concurrent-abortable-preclean: 2.885/3.113 secs] [Times: user=6.36 sys=0.25, real=3.12 secs] 
2016-10-17T15:45:54.529+0800: 17522.088: [GC (CMS Final Remark) [YG occupancy: 367481 K (685696 K)]2016-10-17T15:45:54.529+0800: 17522.088: [Rescan (parallel) , 0.0114430 secs]2016-10-17T15:45:54.541+0800: 17522.100: [weak refs processing, 0.0002515 secs]2016-10-17T15:45:54.541+0800: 17522.100: [class unloading, 0.0179836 secs]2016-10-17T15:45:54.559+0800: 17522.118: [scrub symbol table, 0.0062850 secs]2016-10-17T15:45:54.566+0800: 17522.124: [scrub string table, 0.0009914 secs][1 CMS-remark: 1305939K(1798144K)] 1673421K(2483840K), 0.0372813 secs] [Times: user=0.07 sys=0.00, real=0.04 secs] 
2016-10-17T15:45:54.567+0800: 17522.126: [CMS-concurrent-sweep-start]
2016-10-17T15:45:54.667+0800: 17522.226: [CMS-concurrent-sweep: 0.100/0.100 secs] [Times: user=0.21 sys=0.00, real=0.10 secs] 
2016-10-17T15:45:54.667+0800: 17522.226: [CMS-concurrent-reset-start]
2016-10-17T15:45:54.671+0800: 17522.229: [CMS-concurrent-reset: 0.004/0.004 secs] [Times: user=0.01 sys=0.00, real=0.00 secs] 
2016-10-17T15:45:55.744+0800: 17523.302: [GC (Allocation Failure) 2016-10-17T15:45:55.744+0800: 17523.303: [ParNew: 662320K->55065K(685696K), 0.0116026 secs] 1846272K->1239017K(2483840K), 0.0117405 secs] [Times: user=0.05 sys=0.00, real=0.01 secs] 
2016-10-17T15:45:59.590+0800: 17527.149: [GC (Allocation Failure) 2016-10-17T15:45:59.590+0800: 17527.149: [ParNew: 664601K->54163K(685696K), 0.0228731 secs] 1848553K->1260711K(2483840K), 0.0230509 secs] [Times: user=0.08 sys=0.00, real=0.02 secs] 
2016-10-17T15:46:02.375+0800: 17529.933: [GC (Allocation Failure) 2016-10-17T15:46:02.375+0800: 17529.934: [ParNew: 663699K->76160K(685696K), 0.0154975 secs] 1870247K->1282708K(2483840K), 0.0156451 secs] [Times: user=0.06 sys=0.00, real=0.02 secs] 
2016-10-17T15:46:05.310+0800: 17532.869: [GC (Allocation Failure) 2016-10-17T15:46:05.310+0800: 17532.869: [ParNew: 685696K->64642K(685696K), 0.0216275 secs] 1892244K->1306339K(2483840K), 0.0217615 secs] [Times: user=0.08 sys=0.00, real=0.02 secs] 
2016-10-17T15:46:08.738+0800: 17536.297: [GC (Allocation Failure) 2016-10-17T15:46:08.739+0800: 17536.297: [ParNew: 674178K->64292K(685696K), 9.7359581 secs] 1915875K->1326536K(2483840K), 9.7362627 secs] [Times: user=25.51 sys=0.07, real=9.73 secs] 
2016-10-17T15:46:18.475+0800: 17546.034: [GC (CMS Initial Mark) [1 CMS-initial-mark: 1262243K(1798144K)] 1326542K(2483840K), 0.0033302 secs] [Times: user=0.01 sys=0.00, real=0.01 secs] 
2016-10-17T15:46:18.479+0800: 17546.038: [CMS-concurrent-mark-start]
2016-10-17T15:46:27.890+0800: 17555.449: [CMS-concurrent-mark: 0.280/9.411 secs] [Times: user=4.66 sys=0.34, real=9.41 secs] 
2016-10-17T15:46:27.890+0800: 17555.449: [CMS-concurrent-preclean-start]
2016-10-17T15:46:27.896+0800: 17555.455: [CMS-concurrent-preclean: 0.006/0.006 secs] [Times: user=0.01 sys=0.00, real=0.01 secs] 
2016-10-17T15:46:27.896+0800: 17555.455: [CMS-concurrent-abortable-preclean-start]
2016-10-17T15:46:30.767+0800: 17558.326: [CMS-concurrent-abortable-preclean: 1.780/2.871 secs] [Times: user=2.30 sys=0.08, real=2.87 secs] 
2016-10-17T15:46:30.804+0800: 17558.363: [GC (CMS Final Remark) [YG occupancy: 369115 K (685696 K)]2016-10-17T15:46:30.804+0800: 17558.363: [Rescan (parallel) , 0.0286068 secs]2016-10-17T15:46:30.833+0800: 17558.392: [weak refs processing, 0.0003666 secs]2016-10-17T15:46:30.833+0800: 17558.392: [class unloading, 0.0130682 secs]2016-10-17T15:46:30.846+0800: 17558.405: [scrub symbol table, 0.0047424 secs]2016-10-17T15:46:30.851+0800: 17558.410: [scrub string table, 0.0007223 secs][1 CMS-remark: 1262243K(1798144K)] 1631359K(2483840K), 0.0479046 secs] [Times: user=0.07 sys=0.00, real=0.05 secs] 
2016-10-17T15:46:30.852+0800: 17558.411: [CMS-concurrent-sweep-start]
2016-10-17T15:46:31.323+0800: 17558.882: [CMS-concurrent-sweep: 0.459/0.471 secs] [Times: user=0.69 sys=0.03, real=0.47 secs] 
2016-10-17T15:46:31.323+0800: 17558.882: [CMS-concurrent-reset-start]
2016-10-17T15:46:31.327+0800: 17558.886: [CMS-concurrent-reset: 0.004/0.004 secs] [Times: user=0.01 sys=0.00, real=0.01 secs] 
2016-10-17T15:46:32.474+0800: 17560.033: [GC (Allocation Failure) 2016-10-17T15:46:32.474+0800: 17560.033: [ParNew: 673828K->36553K(685696K), 0.0219167 secs] 1730699K->1111905K(2483840K), 0.0220559 secs] [Times: user=0.06 sys=0.00, real=0.03 secs] 
2016-10-17T15:46:36.216+0800: 17563.775: [GC (Allocation Failure) 2016-10-17T15:46:36.216+0800: 17563.775: [ParNew: 646089K->43332K(685696K), 0.0138132 secs] 1721441K->1118684K(2483840K), 0.0139569 secs] [Times: user=0.04 sys=0.00, real=0.01 secs] 
2016-10-17T15:46:38.725+0800: 17566.283: [GC (Allocation Failure) 2016-10-17T15:46:38.725+0800: 17566.283: [ParNew: 652849K->59811K(685696K), 0.0185014 secs] 1728201K->1135163K(2483840K), 0.0186636 secs] [Times: user=0.05 sys=0.00, real=0.02 secs] 
2016-10-17T15:46:41.624+0800: 17569.182: [GC (Allocation Failure) 2016-10-17T15:46:41.624+0800: 17569.182: [ParNew: 669347K->71422K(685696K), 0.0201109 secs] 1744699K->1162363K(2483840K), 0.0202515 secs] [Times: user=0.06 sys=0.00, real=0.02 secs] 
2016-10-17T15:46:46.081+0800: 17573.639: [GC (Allocation Failure) 2016-10-17T15:46:46.081+0800: 17573.639: [ParNew: 680923K->76160K(685696K), 0.0246661 secs] 1771864K->1170077K(2483840K), 0.0247900 secs] [Times: user=0.07 sys=0.00, real=0.02 secs] 
2016-10-17T15:46:49.833+0800: 17577.392: [GC (Allocation Failure) 2016-10-17T15:46:49.833+0800: 17577.392: [ParNew: 685696K->76160K(685696K), 0.0275140 secs] 1779613K->1200100K(2483840K), 0.0276811 secs] [Times: user=0.07 sys=0.00, real=0.03 secs] 
2016-10-17T15:46:52.077+0800: 17579.635: [GC (Allocation Failure) 2016-10-17T15:46:52.077+0800: 17579.635: [ParNew: 685696K->76160K(685696K), 0.0345471 secs] 1809636K->1230783K(2483840K), 0.0347050 secs] [Times: user=0.10 sys=0.00, real=0.03 secs] 
2016-10-17T15:47:12.250+0800: 17599.808: [GC (Allocation Failure) 2016-10-17T15:47:12.250+0800: 17599.809: [ParNew: 685696K->69226K(685696K), 0.0337477 secs] 1840319K->1257066K(2483840K), 0.0339658 secs] [Times: user=0.09 sys=0.00, real=0.03 secs] 
2016-10-17T15:47:14.488+0800: 17602.047: [GC (Allocation Failure) 2016-10-17T15:47:14.488+0800: 17602.047: [ParNew: 678762K->70811K(685696K), 0.0158862 secs] 1866602K->1258651K(2483840K), 0.0160161 secs] [Times: user=0.06 sys=0.00, real=0.01 secs] 
2016-10-17T15:47:18.280+0800: 17605.839: [GC (Allocation Failure) 2016-10-17T15:47:18.280+0800: 17605.839: [ParNew: 680319K->71790K(685696K), 0.0212098 secs] 1868159K->1278571K(2483840K), 0.0213621 secs] [Times: user=0.08 sys=0.00, real=0.02 secs] 
2016-10-17T15:47:21.982+0800: 17609.540: [GC (Allocation Failure) 2016-10-17T15:47:21.982+0800: 17609.541: [ParNew: 681326K->64401K(685696K), 0.0215891 secs] 1888107K->1306343K(2483840K), 0.0217600 secs] [Times: user=0.08 sys=0.00, real=0.02 secs] 
2016-10-17T15:47:25.429+0800: 17612.988: [GC (Allocation Failure) 2016-10-17T15:47:25.429+0800: 17612.988: [ParNew: 673809K->52930K(685696K), 0.0169807 secs] 1915750K->1311568K(2483840K), 0.0171354 secs] [Times: user=0.07 sys=0.00, real=0.02 secs] 
2016-10-17T15:47:28.893+0800: 17616.452: [GC (Allocation Failure) 2016-10-17T15:47:28.893+0800: 17616.452: [ParNew: 662466K->66529K(685696K), 0.0141920 secs] 1921104K->1325167K(2483840K), 0.0143282 secs] [Times: user=0.06 sys=0.00, real=0.02 secs] 
2016-10-17T15:47:31.059+0800: 17618.618: [GC (Allocation Failure) 2016-10-17T15:47:31.060+0800: 17618.618: [ParNew: 676065K->73625K(685696K), 0.0217981 secs] 1934703K->1350691K(2483840K), 0.0219668 secs] [Times: user=0.07 sys=0.00, real=0.02 secs] 
2016-10-17T15:47:31.087+0800: 17618.646: [GC (CMS Initial Mark) [1 CMS-initial-mark: 1277065K(1798144K)] 1361011K(2483840K), 0.0037886 secs] [Times: user=0.01 sys=0.00, real=0.00 secs] 
2016-10-17T15:47:31.092+0800: 17618.651: [CMS-concurrent-mark-start]
2016-10-17T15:47:31.236+0800: 17618.795: [CMS-concurrent-mark: 0.144/0.144 secs] [Times: user=0.34 sys=0.01, real=0.15 secs] 
2016-10-17T15:47:31.237+0800: 17618.795: [CMS-concurrent-preclean-start]
2016-10-17T15:47:31.242+0800: 17618.801: [CMS-concurrent-preclean: 0.006/0.006 secs] [Times: user=0.01 sys=0.00, real=0.00 secs] 
2016-10-17T15:47:31.242+0800: 17618.801: [CMS-concurrent-abortable-preclean-start]
2016-10-17T15:47:32.361+0800: 17619.919: [CMS-concurrent-abortable-preclean: 1.115/1.118 secs] [Times: user=2.38 sys=0.08, real=1.12 secs] 
2016-10-17T15:47:32.361+0800: 17619.920: [GC (CMS Final Remark) [YG occupancy: 403368 K (685696 K)]2016-10-17T15:47:32.361+0800: 17619.920: [Rescan (parallel) , 0.0125903 secs]2016-10-17T15:47:32.374+0800: 17619.933: [weak refs processing, 0.0006634 secs]2016-10-17T15:47:32.375+0800: 17619.934: [class unloading, 0.0129721 secs]2016-10-17T15:47:32.388+0800: 17619.947: [scrub symbol table, 0.0047622 secs]2016-10-17T15:47:32.393+0800: 17619.951: [scrub string table, 0.0007212 secs][1 CMS-remark: 1277065K(1798144K)] 1680433K(2483840K), 0.0324781 secs] [Times: user=0.07 sys=0.00, real=0.03 secs] 
2016-10-17T15:47:32.394+0800: 17619.953: [CMS-concurrent-sweep-start]
2016-10-17T15:47:32.722+0800: 17620.281: [CMS-concurrent-sweep: 0.326/0.328 secs] [Times: user=0.71 sys=0.01, real=0.33 secs] 
2016-10-17T15:47:32.722+0800: 17620.281: [CMS-concurrent-reset-start]
2016-10-17T15:47:32.726+0800: 17620.284: [CMS-concurrent-reset: 0.004/0.004 secs] [Times: user=0.01 sys=0.01, real=0.00 secs] 
2016-10-17T15:47:33.786+0800: 17621.345: [GC (Allocation Failure) 2016-10-17T15:47:33.786+0800: 17621.345: [ParNew: 683145K->76160K(685696K), 0.0191450 secs] 1347985K->756821K(2483840K), 0.0193131 secs] [Times: user=0.07 sys=0.00, real=0.01 secs] 
2016-10-17T15:47:35.872+0800: 17623.431: [GC (Allocation Failure) 2016-10-17T15:47:35.872+0800: 17623.431: [ParNew: 685665K->71128K(685696K), 0.0223286 secs] 1366327K->786322K(2483840K), 0.0224652 secs] [Times: user=0.09 sys=0.00, real=0.02 secs] 
2016-10-17T15:47:40.675+0800: 17628.233: [GC (Allocation Failure) 2016-10-17T15:47:40.675+0800: 17628.234: [ParNew: 680664K->76160K(685696K), 0.0219145 secs] 1395858K->814161K(2483840K), 0.0220442 secs] [Times: user=0.08 sys=0.00, real=0.03 secs] 
2016-10-17T15:47:48.926+0800: 17636.485: [GC (Allocation Failure) 2016-10-17T15:47:48.926+0800: 17636.485: [ParNew: 685637K->76160K(685696K), 0.0384273 secs] 1423638K->877237K(2483840K), 0.0386121 secs] [Times: user=0.14 sys=0.00, real=0.03 secs] 
2016-10-17T15:47:54.906+0800: 17642.465: [GC (Allocation Failure) 2016-10-17T15:47:54.906+0800: 17642.465: [ParNew: 685651K->76160K(685696K), 0.0389641 secs] 1486728K->955468K(2483840K), 0.0391276 secs] [Times: user=0.14 sys=0.00, real=0.03 secs] 
2016-10-17T15:48:07.921+0800: 17655.480: [GC (Allocation Failure) 2016-10-17T15:48:07.921+0800: 17655.480: [ParNew: 685608K->76160K(685696K), 0.1613975 secs] 1564916K->1029839K(2483840K), 0.1615584 secs] [Times: user=0.45 sys=0.04, real=0.16 secs] 
2016-10-17T15:48:16.805+0800: 17664.363: [GC (Allocation Failure) 2016-10-17T15:48:16.805+0800: 17664.363: [ParNew: 685508K->76160K(685696K), 0.0803235 secs] 1639188K->1110382K(2483840K), 0.0804707 secs] [Times: user=0.18 sys=0.00, real=0.08 secs] 
2016-10-17T15:48:28.883+0800: 17676.441: [GC (Allocation Failure) 2016-10-17T15:48:28.883+0800: 17676.441: [ParNew: 685696K->76160K(685696K), 0.1304120 secs] 1719918K->1176139K(2483840K), 0.1305805 secs] [Times: user=0.25 sys=0.01, real=0.13 secs] 
2016-10-17T15:48:35.123+0800: 17682.681: [GC (Allocation Failure) 2016-10-17T15:48:35.123+0800: 17682.681: [ParNew: 685675K->76160K(685696K), 0.0394331 secs] 1785654K->1242705K(2483840K), 0.0395532 secs] [Times: user=0.14 sys=0.00, real=0.04 secs] 
2016-10-17T15:48:41.099+0800: 17688.657: [GC (Allocation Failure) 2016-10-17T15:48:41.099+0800: 17688.657: [ParNew: 685540K->76160K(685696K), 0.0435576 secs] 1852085K->1315236K(2483840K), 0.0437308 secs] [Times: user=0.15 sys=0.00, real=0.04 secs] 
2016-10-17T15:48:45.895+0800: 17693.454: [GC (Allocation Failure) 2016-10-17T15:48:45.895+0800: 17693.454: [ParNew: 685538K->76160K(685696K), 0.0439900 secs] 1924614K->1404584K(2483840K), 0.0441132 secs] [Times: user=0.17 sys=0.00, real=0.05 secs] 
2016-10-17T15:48:45.940+0800: 17693.499: [GC (CMS Initial Mark) [1 CMS-initial-mark: 1328424K(1798144K)] 1404840K(2483840K), 0.0092471 secs] [Times: user=0.03 sys=0.00, real=0.01 secs] 
2016-10-17T15:48:45.949+0800: 17693.508: [CMS-concurrent-mark-start]
2016-10-17T15:48:46.143+0800: 17693.701: [CMS-concurrent-mark: 0.193/0.193 secs] [Times: user=0.23 sys=0.00, real=0.19 secs] 
2016-10-17T15:48:46.143+0800: 17693.701: [CMS-concurrent-preclean-start]
2016-10-17T15:48:46.148+0800: 17693.707: [CMS-concurrent-preclean: 0.006/0.006 secs] [Times: user=0.01 sys=0.00, real=0.01 secs] 
2016-10-17T15:48:46.148+0800: 17693.707: [CMS-concurrent-abortable-preclean-start]
2016-10-17T15:48:49.923+0800: 17697.481: [CMS-concurrent-abortable-preclean: 3.772/3.774 secs] [Times: user=4.83 sys=0.22, real=3.77 secs] 
2016-10-17T15:48:49.923+0800: 17697.482: [GC (CMS Final Remark) [YG occupancy: 383749 K (685696 K)]2016-10-17T15:48:49.923+0800: 17697.482: [Rescan (parallel) , 0.0217802 secs]2016-10-17T15:48:49.945+0800: 17697.504: [weak refs processing, 0.0023446 secs]2016-10-17T15:48:49.947+0800: 17697.506: [class unloading, 0.0140877 secs]2016-10-17T15:48:49.962+0800: 17697.520: [scrub symbol table, 0.0045269 secs]2016-10-17T15:48:49.966+0800: 17697.525: [scrub string table, 0.0007182 secs][1 CMS-remark: 1328424K(1798144K)] 1712174K(2483840K), 0.0454686 secs] [Times: user=0.12 sys=0.00, real=0.05 secs] 
2016-10-17T15:48:49.969+0800: 17697.528: [CMS-concurrent-sweep-start]
2016-10-17T15:48:50.100+0800: 17697.659: [CMS-concurrent-sweep: 0.131/0.131 secs] [Times: user=0.19 sys=0.01, real=0.13 secs] 
2016-10-17T15:48:50.100+0800: 17697.659: [CMS-concurrent-reset-start]
2016-10-17T15:48:50.104+0800: 17697.662: [CMS-concurrent-reset: 0.003/0.003 secs] [Times: user=0.00 sys=0.00, real=0.00 secs] 
2016-10-17T15:48:52.954+0800: 17700.513: [GC (Allocation Failure) 2016-10-17T15:48:52.954+0800: 17700.513: [ParNew: 685560K->76160K(685696K), 0.1339891 secs] 1410018K->880888K(2483840K), 0.1341374 secs] [Times: user=0.46 sys=0.03, real=0.14 secs] 
2016-10-17T15:48:59.174+0800: 17706.732: [GC (Allocation Failure) 2016-10-17T15:48:59.174+0800: 17706.732: [ParNew: 685595K->76160K(685696K), 0.0383488 secs] 1490323K->941251K(2483840K), 0.0384748 secs] [Times: user=0.13 sys=0.00, real=0.04 secs] 
2016-10-17T15:49:06.921+0800: 17714.480: [GC (Allocation Failure) 2016-10-17T15:49:06.921+0800: 17714.480: [ParNew: 685511K->76160K(685696K), 0.0376496 secs] 1550602K->1010483K(2483840K), 0.0377904 secs] [Times: user=0.14 sys=0.00, real=0.04 secs] 
2016-10-17T15:49:13.986+0800: 17721.545: [GC (Allocation Failure) 2016-10-17T15:49:13.986+0800: 17721.545: [ParNew: 685447K->76160K(685696K), 0.0380751 secs] 1619770K->1080748K(2483840K), 0.0382344 secs] [Times: user=0.14 sys=0.00, real=0.03 secs] 
2016-10-17T15:49:23.242+0800: 17730.801: [GC (Allocation Failure) 2016-10-17T15:49:23.242+0800: 17730.801: [ParNew: 685655K->76160K(685696K), 0.0340478 secs] 1690244K->1139036K(2483840K), 0.0341916 secs] [Times: user=0.14 sys=0.00, real=0.04 secs] 
2016-10-17T15:49:28.412+0800: 17735.971: [GC (Allocation Failure) 2016-10-17T15:49:28.412+0800: 17735.971: [ParNew: 685443K->76160K(685696K), 0.0378730 secs] 1748319K->1205482K(2483840K), 0.0380101 secs] [Times: user=0.15 sys=0.00, real=0.04 secs] 
2016-10-17T15:49:33.689+0800: 17741.248: [GC (Allocation Failure) 2016-10-17T15:49:33.689+0800: 17741.248: [ParNew: 685696K->76160K(685696K), 0.0341494 secs] 1815018K->1277799K(2483840K), 0.0342809 secs] [Times: user=0.13 sys=0.00, real=0.03 secs] 
2016-10-17T15:49:38.925+0800: 17746.484: [GC (Allocation Failure) 2016-10-17T15:49:38.925+0800: 17746.484: [ParNew: 685586K->76160K(685696K), 0.0362268 secs] 1887226K->1336411K(2483840K), 0.0364011 secs] [Times: user=0.13 sys=0.00, real=0.04 secs] 
2016-10-17T15:49:38.962+0800: 17746.521: [GC (CMS Initial Mark) [1 CMS-initial-mark: 1260251K(1798144K)] 1336669K(2483840K), 0.0026377 secs] [Times: user=0.01 sys=0.00, real=0.00 secs] 
2016-10-17T15:49:38.965+0800: 17746.524: [CMS-concurrent-mark-start]
2016-10-17T15:49:39.184+0800: 17746.743: [CMS-concurrent-mark: 0.219/0.219 secs] [Times: user=0.30 sys=0.01, real=0.22 secs] 
2016-10-17T15:49:39.184+0800: 17746.743: [CMS-concurrent-preclean-start]
2016-10-17T15:49:39.189+0800: 17746.748: [CMS-concurrent-preclean: 0.005/0.005 secs] [Times: user=0.01 sys=0.00, real=0.01 secs] 
2016-10-17T15:49:39.189+0800: 17746.748: [CMS-concurrent-abortable-preclean-start]
2016-10-17T15:49:41.944+0800: 17749.503: [CMS-concurrent-abortable-preclean: 2.753/2.755 secs] [Times: user=3.61 sys=0.22, real=2.75 secs] 
2016-10-17T15:49:41.944+0800: 17749.503: [GC (CMS Final Remark) [YG occupancy: 383187 K (685696 K)]2016-10-17T15:49:41.944+0800: 17749.503: [Rescan (parallel) , 0.0170654 secs]2016-10-17T15:49:41.962+0800: 17749.520: [weak refs processing, 0.0014898 secs]2016-10-17T15:49:41.963+0800: 17749.522: [class unloading, 0.0196058 secs]2016-10-17T15:49:41.983+0800: 17749.542: [scrub symbol table, 0.0066011 secs]2016-10-17T15:49:41.989+0800: 17749.548: [scrub string table, 0.0007796 secs][1 CMS-remark: 1260251K(1798144K)] 1643438K(2483840K), 0.0565349 secs] [Times: user=0.11 sys=0.00, real=0.06 secs] 
2016-10-17T15:49:42.001+0800: 17749.560: [CMS-concurrent-sweep-start]
2016-10-17T15:49:42.169+0800: 17749.728: [CMS-concurrent-sweep: 0.168/0.168 secs] [Times: user=0.22 sys=0.01, real=0.17 secs] 
2016-10-17T15:49:42.169+0800: 17749.728: [CMS-concurrent-reset-start]
2016-10-17T15:49:42.172+0800: 17749.731: [CMS-concurrent-reset: 0.003/0.003 secs] [Times: user=0.00 sys=0.00, real=0.00 secs] 
2016-10-17T15:49:44.534+0800: 17752.093: [GC (Allocation Failure) 2016-10-17T15:49:44.534+0800: 17752.093: [ParNew: 685663K->76160K(685696K), 0.0311666 secs] 1755178K->1208861K(2483840K), 0.0313236 secs] [Times: user=0.12 sys=0.00, real=0.03 secs] 
2016-10-17T15:49:50.119+0800: 17757.678: [GC (Allocation Failure) 2016-10-17T15:49:50.119+0800: 17757.678: [ParNew: 685553K->76160K(685696K), 0.0368886 secs] 1818254K->1282539K(2483840K), 0.0370256 secs] [Times: user=0.15 sys=0.00, real=0.04 secs] 
2016-10-17T15:50:02.012+0800: 17769.571: [GC (Allocation Failure) 2016-10-17T15:50:02.012+0800: 17769.571: [ParNew: 685598K->76160K(685696K), 0.0434305 secs] 1891977K->1350735K(2483840K), 0.0436160 secs] [Times: user=0.16 sys=0.00, real=0.05 secs] 
2016-10-17T15:50:02.058+0800: 17769.616: [GC (CMS Initial Mark) [1 CMS-initial-mark: 1274575K(1798144K)] 1351261K(2483840K), 0.0048190 secs] [Times: user=0.02 sys=0.00, real=0.00 secs] 
2016-10-17T15:50:02.063+0800: 17769.621: [CMS-concurrent-mark-start]
2016-10-17T15:50:02.297+0800: 17769.855: [CMS-concurrent-mark: 0.233/0.234 secs] [Times: user=0.27 sys=0.02, real=0.24 secs] 
2016-10-17T15:50:02.297+0800: 17769.855: [CMS-concurrent-preclean-start]
2016-10-17T15:50:02.307+0800: 17769.866: [CMS-concurrent-preclean: 0.011/0.011 secs] [Times: user=0.01 sys=0.00, real=0.01 secs] 
2016-10-17T15:50:02.307+0800: 17769.866: [CMS-concurrent-abortable-preclean-start]
 CMS: abort preclean due to time 2016-10-17T15:50:07.410+0800: 17774.968: [CMS-concurrent-abortable-preclean: 5.099/5.102 secs] [Times: user=6.10 sys=0.30, real=5.10 secs] 
2016-10-17T15:50:07.410+0800: 17774.969: [GC (CMS Final Remark) [YG occupancy: 296475 K (685696 K)]2016-10-17T15:50:07.410+0800: 17774.969: [Rescan (parallel) , 0.0247779 secs]2016-10-17T15:50:07.435+0800: 17774.994: [weak refs processing, 0.0004211 secs]2016-10-17T15:50:07.436+0800: 17774.994: [class unloading, 0.0200173 secs]2016-10-17T15:50:07.456+0800: 17775.015: [scrub symbol table, 0.0059271 secs]2016-10-17T15:50:07.462+0800: 17775.021: [scrub string table, 0.0009950 secs][1 CMS-remark: 1274575K(1798144K)] 1571050K(2483840K), 0.0526050 secs] [Times: user=0.13 sys=0.00, real=0.05 secs] 
2016-10-17T15:50:07.463+0800: 17775.022: [CMS-concurrent-sweep-start]
2016-10-17T15:50:07.883+0800: 17775.442: [CMS-concurrent-sweep: 0.419/0.419 secs] [Times: user=0.49 sys=0.04, real=0.42 secs] 
2016-10-17T15:50:07.883+0800: 17775.442: [CMS-concurrent-reset-start]
2016-10-17T15:50:07.886+0800: 17775.445: [CMS-concurrent-reset: 0.004/0.004 secs] [Times: user=0.00 sys=0.00, real=0.01 secs] 
2016-10-17T15:50:12.773+0800: 17780.331: [GC (Allocation Failure) 2016-10-17T15:50:12.773+0800: 17780.332: [ParNew: 685577K->76160K(685696K), 0.0410236 secs] 1665121K->1126042K(2483840K), 0.0411681 secs] [Times: user=0.16 sys=0.00, real=0.04 secs] 
2016-10-17T15:50:24.246+0800: 17791.805: [GC (Allocation Failure) 2016-10-17T15:50:24.246+0800: 17791.805: [ParNew: 685696K->76160K(685696K), 0.0382048 secs] 1735578K->1190028K(2483840K), 0.0383312 secs] [Times: user=0.14 sys=0.00, real=0.03 secs] 
2016-10-17T15:50:31.819+0800: 17799.377: [GC (Allocation Failure) 2016-10-17T15:50:31.819+0800: 17799.377: [ParNew: 685696K->76160K(685696K), 0.0385161 secs] 1799564K->1261125K(2483840K), 0.0386457 secs] [Times: user=0.14 sys=0.00, real=0.04 secs] 
2016-10-17T15:50:38.406+0800: 17805.965: [GC (Allocation Failure) 2016-10-17T15:50:38.406+0800: 17805.965: [ParNew: 685696K->75985K(685696K), 0.0361049 secs] 1870661K->1320292K(2483840K), 0.0362367 secs] [Times: user=0.14 sys=0.00, real=0.03 secs] 
2016-10-17T15:50:44.892+0800: 17812.451: [GC (Allocation Failure) 2016-10-17T15:50:44.892+0800: 17812.451: [ParNew: 685521K->76160K(685696K), 0.0423823 secs] 1929828K->1384227K(2483840K), 0.0425610 secs] [Times: user=0.16 sys=0.00, real=0.04 secs] 
2016-10-17T15:50:44.937+0800: 17812.496: [GC (CMS Initial Mark) [1 CMS-initial-mark: 1308067K(1798144K)] 1385011K(2483840K), 0.0048456 secs] [Times: user=0.01 sys=0.00, real=0.00 secs] 
2016-10-17T15:50:44.942+0800: 17812.501: [CMS-concurrent-mark-start]
2016-10-17T15:50:45.159+0800: 17812.718: [CMS-concurrent-mark: 0.217/0.217 secs] [Times: user=0.27 sys=0.01, real=0.22 secs] 
2016-10-17T15:50:45.159+0800: 17812.718: [CMS-concurrent-preclean-start]
2016-10-17T15:50:45.164+0800: 17812.723: [CMS-concurrent-preclean: 0.005/0.005 secs] [Times: user=0.00 sys=0.00, real=0.00 secs] 
2016-10-17T15:50:45.165+0800: 17812.723: [CMS-concurrent-abortable-preclean-start]
2016-10-17T15:50:49.423+0800: 17816.982: [CMS-concurrent-abortable-preclean: 4.257/4.258 secs] [Times: user=5.43 sys=0.38, real=4.26 secs] 
2016-10-17T15:50:49.424+0800: 17816.983: [GC (CMS Final Remark) [YG occupancy: 381025 K (685696 K)]2016-10-17T15:50:49.424+0800: 17816.983: [Rescan (parallel) , 0.0220064 secs]2016-10-17T15:50:49.446+0800: 17817.005: [weak refs processing, 0.0008104 secs]2016-10-17T15:50:49.447+0800: 17817.005: [class unloading, 0.0137552 secs]2016-10-17T15:50:49.460+0800: 17817.019: [scrub symbol table, 0.0053633 secs]2016-10-17T15:50:49.466+0800: 17817.025: [scrub string table, 0.0007153 secs][1 CMS-remark: 1308067K(1798144K)] 1689092K(2483840K), 0.0434431 secs] [Times: user=0.11 sys=0.00, real=0.05 secs] 
2016-10-17T15:50:49.468+0800: 17817.026: [CMS-concurrent-sweep-start]
2016-10-17T15:50:49.583+0800: 17817.142: [CMS-concurrent-sweep: 0.116/0.116 secs] [Times: user=0.17 sys=0.01, real=0.11 secs] 
2016-10-17T15:50:49.583+0800: 17817.142: [CMS-concurrent-reset-start]
2016-10-17T15:50:49.587+0800: 17817.146: [CMS-concurrent-reset: 0.004/0.004 secs] [Times: user=0.00 sys=0.00, real=0.01 secs] 
2016-10-17T15:50:52.659+0800: 17820.218: [GC (Allocation Failure) 2016-10-17T15:50:52.659+0800: 17820.218: [ParNew: 685696K->76160K(685696K), 0.0376735 secs] 1754790K->1211248K(2483840K), 0.0378040 secs] [Times: user=0.14 sys=0.00, real=0.04 secs] 
2016-10-17T15:50:59.352+0800: 17826.910: [GC (Allocation Failure) 2016-10-17T15:50:59.352+0800: 17826.911: [ParNew: 685652K->76160K(685696K), 0.0446129 secs] 1820741K->1279822K(2483840K), 0.0447742 secs] [Times: user=0.16 sys=0.00, real=0.05 secs] 
2016-10-17T15:51:07.468+0800: 17835.026: [GC (Allocation Failure) 2016-10-17T15:51:07.468+0800: 17835.027: [ParNew: 685639K->76160K(685696K), 0.0465703 secs] 1889302K->1347515K(2483840K), 0.0467147 secs] [Times: user=0.17 sys=0.00, real=0.04 secs] 
2016-10-17T15:51:07.515+0800: 17835.074: [GC (CMS Initial Mark) [1 CMS-initial-mark: 1271355K(1798144K)] 1348310K(2483840K), 0.0047420 secs] [Times: user=0.01 sys=0.00, real=0.01 secs] 
2016-10-17T15:51:07.520+0800: 17835.079: [CMS-concurrent-mark-start]
2016-10-17T15:51:07.930+0800: 17835.489: [CMS-concurrent-mark: 0.410/0.410 secs] [Times: user=0.48 sys=0.05, real=0.41 secs] 
2016-10-17T15:51:07.931+0800: 17835.489: [CMS-concurrent-preclean-start]
2016-10-17T15:51:07.935+0800: 17835.494: [CMS-concurrent-preclean: 0.005/0.005 secs] [Times: user=0.00 sys=0.00, real=0.00 secs] 
2016-10-17T15:51:07.936+0800: 17835.494: [CMS-concurrent-abortable-preclean-start]
2016-10-17T15:51:12.275+0800: 17839.834: [CMS-concurrent-abortable-preclean: 4.333/4.339 secs] [Times: user=5.53 sys=0.37, real=4.34 secs] 
2016-10-17T15:51:12.276+0800: 17839.834: [GC (CMS Final Remark) [YG occupancy: 383242 K (685696 K)]2016-10-17T15:51:12.276+0800: 17839.834: [Rescan (parallel) , 0.0223375 secs]2016-10-17T15:51:12.298+0800: 17839.857: [weak refs processing, 0.0004267 secs]2016-10-17T15:51:12.298+0800: 17839.857: [class unloading, 0.0137954 secs]2016-10-17T15:51:12.312+0800: 17839.871: [scrub symbol table, 0.0067098 secs]2016-10-17T15:51:12.319+0800: 17839.878: [scrub string table, 0.0007013 secs][1 CMS-remark: 1271355K(1798144K)] 1654597K(2483840K), 0.0444991 secs] [Times: user=0.11 sys=0.00, real=0.05 secs] 
2016-10-17T15:51:12.321+0800: 17839.879: [CMS-concurrent-sweep-start]
2016-10-17T15:51:12.492+0800: 17840.051: [CMS-concurrent-sweep: 0.172/0.172 secs] [Times: user=0.19 sys=0.01, real=0.17 secs] 
2016-10-17T15:51:12.493+0800: 17840.051: [CMS-concurrent-reset-start]
2016-10-17T15:51:12.496+0800: 17840.055: [CMS-concurrent-reset: 0.003/0.003 secs] [Times: user=0.00 sys=0.00, real=0.01 secs] 
2016-10-17T15:51:16.109+0800: 17843.668: [GC (Allocation Failure) 2016-10-17T15:51:16.109+0800: 17843.668: [ParNew: 685565K->76160K(685696K), 0.0513606 secs] 1794641K->1246071K(2483840K), 0.0514721 secs] [Times: user=0.13 sys=0.00, real=0.05 secs] 
2016-10-17T15:51:29.576+0800: 17857.134: [GC (Allocation Failure) 2016-10-17T15:51:29.576+0800: 17857.135: [ParNew: 685568K->76160K(685696K), 0.0397449 secs] 1855479K->1305157K(2483840K), 0.0398778 secs] [Times: user=0.15 sys=0.00, real=0.04 secs] 
2016-10-17T15:51:36.248+0800: 17863.807: [GC (Allocation Failure) 2016-10-17T15:51:36.248+0800: 17863.807: [ParNew: 685683K->76160K(685696K), 0.0449064 secs] 1914681K->1372615K(2483840K), 0.0450409 secs] [Times: user=0.16 sys=0.00, real=0.04 secs] 
2016-10-17T15:51:36.294+0800: 17863.852: [GC (CMS Initial Mark) [1 CMS-initial-mark: 1296455K(1798144K)] 1373285K(2483840K), 0.0041645 secs] [Times: user=0.02 sys=0.00, real=0.01 secs] 
2016-10-17T15:51:36.298+0800: 17863.857: [CMS-concurrent-mark-start]
2016-10-17T15:51:36.607+0800: 17864.166: [CMS-concurrent-mark: 0.309/0.309 secs] [Times: user=0.73 sys=0.00, real=0.31 secs] 
2016-10-17T15:51:36.607+0800: 17864.166: [CMS-concurrent-preclean-start]
2016-10-17T15:51:36.612+0800: 17864.170: [CMS-concurrent-preclean: 0.005/0.005 secs] [Times: user=0.02 sys=0.00, real=0.00 secs] 
2016-10-17T15:51:36.612+0800: 17864.170: [CMS-concurrent-abortable-preclean-start]
2016-10-17T15:51:38.997+0800: 17866.556: [CMS-concurrent-abortable-preclean: 2.380/2.385 secs] [Times: user=3.82 sys=0.23, real=2.39 secs] 
2016-10-17T15:51:38.997+0800: 17866.556: [GC (CMS Final Remark) [YG occupancy: 388501 K (685696 K)]2016-10-17T15:51:38.997+0800: 17866.556: [Rescan (parallel) , 0.0160246 secs]2016-10-17T15:51:39.014+0800: 17866.572: [weak refs processing, 0.0005107 secs]2016-10-17T15:51:39.014+0800: 17866.573: [class unloading, 0.0131477 secs]2016-10-17T15:51:39.027+0800: 17866.586: [scrub symbol table, 0.0044627 secs]2016-10-17T15:51:39.032+0800: 17866.591: [scrub string table, 0.0007161 secs][1 CMS-remark: 1296455K(1798144K)] 1684957K(2483840K), 0.0353721 secs] [Times: user=0.09 sys=0.00, real=0.03 secs] 
2016-10-17T15:51:39.033+0800: 17866.592: [CMS-concurrent-sweep-start]
2016-10-17T15:51:39.128+0800: 17866.687: [CMS-concurrent-sweep: 0.095/0.095 secs] [Times: user=0.14 sys=0.00, real=0.10 secs] 
2016-10-17T15:51:39.129+0800: 17866.687: [CMS-concurrent-reset-start]
2016-10-17T15:51:39.132+0800: 17866.691: [CMS-concurrent-reset: 0.003/0.003 secs] [Times: user=0.00 sys=0.01, real=0.00 secs] 
2016-10-17T15:51:41.575+0800: 17869.134: [GC (Allocation Failure) 2016-10-17T15:51:41.575+0800: 17869.134: [ParNew: 685525K->76160K(685696K), 0.0415968 secs] 1821965K->1278083K(2483840K), 0.0417382 secs] [Times: user=0.15 sys=0.00, real=0.05 secs] 
2016-10-17T15:51:47.327+0800: 17874.886: [GC (Allocation Failure) 2016-10-17T15:51:47.327+0800: 17874.886: [ParNew: 685696K->76160K(685696K), 0.0313465 secs] 1887619K->1336229K(2483840K), 0.0314946 secs] [Times: user=0.12 sys=0.00, real=0.03 secs] 
2016-10-17T15:51:47.359+0800: 17874.918: [GC (CMS Initial Mark) [1 CMS-initial-mark: 1260069K(1798144K)] 1336484K(2483840K), 0.0039750 secs] [Times: user=0.02 sys=0.00, real=0.00 secs] 
2016-10-17T15:51:47.363+0800: 17874.922: [CMS-concurrent-mark-start]
2016-10-17T15:51:47.631+0800: 17875.190: [CMS-concurrent-mark: 0.268/0.268 secs] [Times: user=0.34 sys=0.03, real=0.27 secs] 
2016-10-17T15:51:47.631+0800: 17875.190: [CMS-concurrent-preclean-start]
2016-10-17T15:51:47.636+0800: 17875.195: [CMS-concurrent-preclean: 0.005/0.005 secs] [Times: user=0.00 sys=0.00, real=0.01 secs] 
2016-10-17T15:51:47.636+0800: 17875.195: [CMS-concurrent-abortable-preclean-start]
2016-10-17T15:51:50.459+0800: 17878.018: [CMS-concurrent-abortable-preclean: 2.820/2.823 secs] [Times: user=4.65 sys=0.24, real=2.82 secs] 
2016-10-17T15:51:50.535+0800: 17878.093: [GC (CMS Final Remark) [YG occupancy: 395047 K (685696 K)]2016-10-17T15:51:50.535+0800: 17878.093: [Rescan (parallel) , 0.0187267 secs]2016-10-17T15:51:50.553+0800: 17878.112: [weak refs processing, 0.0002645 secs]2016-10-17T15:51:50.554+0800: 17878.112: [class unloading, 0.0130184 secs]2016-10-17T15:51:50.567+0800: 17878.126: [scrub symbol table, 0.0042927 secs]2016-10-17T15:51:50.571+0800: 17878.130: [scrub string table, 0.0007111 secs][1 CMS-remark: 1260069K(1798144K)] 1655116K(2483840K), 0.0373540 secs] [Times: user=0.09 sys=0.00, real=0.04 secs] 
2016-10-17T15:51:50.572+0800: 17878.131: [CMS-concurrent-sweep-start]
2016-10-17T15:51:50.868+0800: 17878.426: [CMS-concurrent-sweep: 0.292/0.295 secs] [Times: user=0.55 sys=0.04, real=0.30 secs] 
2016-10-17T15:51:50.868+0800: 17878.426: [CMS-concurrent-reset-start]
2016-10-17T15:51:50.872+0800: 17878.430: [CMS-concurrent-reset: 0.004/0.004 secs] [Times: user=0.00 sys=0.00, real=0.00 secs] 
2016-10-17T15:51:52.695+0800: 17880.253: [GC (Allocation Failure) 2016-10-17T15:51:52.695+0800: 17880.253: [ParNew: 685696K->76160K(685696K), 0.0366616 secs] 1732692K->1196329K(2483840K), 0.0368004 secs] [Times: user=0.14 sys=0.00, real=0.04 secs] 
2016-10-17T15:51:58.289+0800: 17885.848: [GC (Allocation Failure) 2016-10-17T15:51:58.290+0800: 17885.848: [ParNew: 685696K->76160K(685696K), 0.0391750 secs] 1805865K->1264764K(2483840K), 0.0393059 secs] [Times: user=0.13 sys=0.00, real=0.04 secs] 
2016-10-17T15:52:05.034+0800: 17892.593: [GC (Allocation Failure) 2016-10-17T15:52:05.034+0800: 17892.593: [ParNew: 685696K->76160K(685696K), 0.0338811 secs] 1874300K->1329668K(2483840K), 0.0340453 secs] [Times: user=0.13 sys=0.00, real=0.04 secs] 
2016-10-17T15:52:12.927+0800: 17900.486: [GC (Allocation Failure) 2016-10-17T15:52:12.927+0800: 17900.486: [ParNew: 685677K->76160K(685696K), 0.0404938 secs] 1939186K->1402860K(2483840K), 0.0406585 secs] [Times: user=0.14 sys=0.00, real=0.04 secs] 
2016-10-17T15:52:12.969+0800: 17900.527: [GC (CMS Initial Mark) [1 CMS-initial-mark: 1326700K(1798144K)] 1403539K(2483840K), 0.0045521 secs] [Times: user=0.02 sys=0.00, real=0.00 secs] 
2016-10-17T15:52:12.973+0800: 17900.532: [CMS-concurrent-mark-start]
2016-10-17T15:52:13.111+0800: 17900.670: [CMS-concurrent-mark: 0.137/0.137 secs] [Times: user=0.17 sys=0.00, real=0.14 secs] 
2016-10-17T15:52:13.111+0800: 17900.670: [CMS-concurrent-preclean-start]
2016-10-17T15:52:13.116+0800: 17900.674: [CMS-concurrent-preclean: 0.005/0.005 secs] [Times: user=0.01 sys=0.00, real=0.00 secs] 
2016-10-17T15:52:13.116+0800: 17900.674: [CMS-concurrent-abortable-preclean-start]
2016-10-17T15:52:17.996+0800: 17905.554: [CMS-concurrent-abortable-preclean: 4.778/4.880 secs] [Times: user=5.95 sys=0.40, real=4.88 secs] 
2016-10-17T15:52:17.996+0800: 17905.555: [GC (CMS Final Remark) [YG occupancy: 382499 K (685696 K)]2016-10-17T15:52:17.996+0800: 17905.555: [Rescan (parallel) , 0.0217719 secs]2016-10-17T15:52:18.018+0800: 17905.577: [weak refs processing, 0.0008059 secs]2016-10-17T15:52:18.019+0800: 17905.578: [class unloading, 0.0199605 secs]2016-10-17T15:52:18.039+0800: 17905.598: [scrub symbol table, 0.0095553 secs]2016-10-17T15:52:18.049+0800: 17905.607: [scrub string table, 0.0010453 secs][1 CMS-remark: 1326700K(1798144K)] 1709200K(2483840K), 0.0538714 secs] [Times: user=0.12 sys=0.00, real=0.05 secs] 
2016-10-17T15:52:18.050+0800: 17905.609: [CMS-concurrent-sweep-start]
2016-10-17T15:52:18.452+0800: 17906.011: [CMS-concurrent-sweep: 0.402/0.402 secs] [Times: user=0.46 sys=0.02, real=0.40 secs] 
2016-10-17T15:52:18.452+0800: 17906.011: [CMS-concurrent-reset-start]
2016-10-17T15:52:18.456+0800: 17906.015: [CMS-concurrent-reset: 0.004/0.004 secs] [Times: user=0.01 sys=0.01, real=0.01 secs] 
2016-10-17T15:52:22.880+0800: 17910.439: [GC (Allocation Failure) 2016-10-17T15:52:22.880+0800: 17910.439: [ParNew: 685638K->76160K(685696K), 0.0561025 secs] 1679537K->1145016K(2483840K), 0.0562569 secs] [Times: user=0.13 sys=0.00, real=0.06 secs] 
2016-10-17T15:52:29.142+0800: 17916.700: [GC (Allocation Failure) 2016-10-17T15:52:29.142+0800: 17916.701: [ParNew: 685696K->76160K(685696K), 0.0359285 secs] 1754552K->1206032K(2483840K), 0.0360562 secs] [Times: user=0.13 sys=0.00, real=0.04 secs] 
2016-10-17T15:52:35.492+0800: 17923.050: [GC (Allocation Failure) 2016-10-17T15:52:35.492+0800: 17923.050: [ParNew: 685636K->76160K(685696K), 0.0372307 secs] 1815508K->1273555K(2483840K), 0.0373585 secs] [Times: user=0.14 sys=0.00, real=0.04 secs] 
2016-10-17T15:52:42.000+0800: 17929.558: [GC (Allocation Failure) 2016-10-17T15:52:42.000+0800: 17929.559: [ParNew: 685696K->76160K(685696K), 0.0441412 secs] 1883091K->1345694K(2483840K), 0.0442831 secs] [Times: user=0.17 sys=0.00, real=0.04 secs] 
2016-10-17T15:52:42.045+0800: 17929.603: [GC (CMS Initial Mark) [1 CMS-initial-mark: 1269534K(1798144K)] 1345950K(2483840K), 0.0041139 secs] [Times: user=0.01 sys=0.00, real=0.01 secs] 
2016-10-17T15:52:42.049+0800: 17929.608: [CMS-concurrent-mark-start]
2016-10-17T15:52:42.244+0800: 17929.803: [CMS-concurrent-mark: 0.195/0.195 secs] [Times: user=0.24 sys=0.02, real=0.19 secs] 
2016-10-17T15:52:42.244+0800: 17929.803: [CMS-concurrent-preclean-start]
2016-10-17T15:52:42.250+0800: 17929.808: [CMS-concurrent-preclean: 0.005/0.005 secs] [Times: user=0.01 sys=0.00, real=0.01 secs] 
2016-10-17T15:52:42.250+0800: 17929.808: [CMS-concurrent-abortable-preclean-start]
2016-10-17T15:52:45.935+0800: 17933.493: [CMS-concurrent-abortable-preclean: 3.683/3.685 secs] [Times: user=4.88 sys=0.28, real=3.68 secs] 
2016-10-17T15:52:45.936+0800: 17933.494: [GC (CMS Final Remark) [YG occupancy: 381834 K (685696 K)]2016-10-17T15:52:45.936+0800: 17933.495: [Rescan (parallel) , 0.0239529 secs]2016-10-17T15:52:45.960+0800: 17933.519: [weak refs processing, 0.0006465 secs]2016-10-17T15:52:45.960+0800: 17933.519: [class unloading, 0.0141885 secs]2016-10-17T15:52:45.975+0800: 17933.533: [scrub symbol table, 0.0053292 secs]2016-10-17T15:52:45.980+0800: 17933.539: [scrub string table, 0.0007575 secs][1 CMS-remark: 1269534K(1798144K)] 1651368K(2483840K), 0.0455593 secs] [Times: user=0.12 sys=0.00, real=0.05 secs] 
2016-10-17T15:52:45.981+0800: 17933.540: [CMS-concurrent-sweep-start]
2016-10-17T15:52:46.068+0800: 17933.627: [CMS-concurrent-sweep: 0.087/0.087 secs] [Times: user=0.10 sys=0.00, real=0.09 secs] 
2016-10-17T15:52:46.069+0800: 17933.627: [CMS-concurrent-reset-start]
2016-10-17T15:52:46.072+0800: 17933.631: [CMS-concurrent-reset: 0.003/0.003 secs] [Times: user=0.01 sys=0.00, real=0.00 secs] 
2016-10-17T15:52:49.122+0800: 17936.680: [GC (Allocation Failure) 2016-10-17T15:52:49.122+0800: 17936.680: [ParNew: 685653K->76160K(685696K), 0.0414430 secs] 1712953K->1167208K(2483840K), 0.0415839 secs] [Times: user=0.16 sys=0.00, real=0.04 secs] 
2016-10-17T15:53:00.464+0800: 17948.023: [GC (Allocation Failure) 2016-10-17T15:53:00.464+0800: 17948.023: [ParNew: 685465K->76160K(685696K), 0.0584221 secs] 1776514K->1234668K(2483840K), 0.0585755 secs] [Times: user=0.20 sys=0.00, real=0.06 secs] 
2016-10-17T15:53:11.001+0800: 17958.560: [GC (Allocation Failure) 2016-10-17T15:53:11.001+0800: 17958.560: [ParNew: 685517K->76160K(685696K), 0.0394011 secs] 1844026K->1302741K(2483840K), 0.0395320 secs] [Times: user=0.15 sys=0.00, real=0.04 secs] 
2016-10-17T15:53:20.146+0800: 17967.705: [GC (Allocation Failure) 2016-10-17T15:53:20.146+0800: 17967.705: [ParNew: 685696K->76160K(685696K), 0.0404306 secs] 1912277K->1365542K(2483840K), 0.0406187 secs] [Times: user=0.15 sys=0.00, real=0.04 secs] 
2016-10-17T15:53:20.188+0800: 17967.746: [GC (CMS Initial Mark) [1 CMS-initial-mark: 1289382K(1798144K)] 1366299K(2483840K), 0.0050794 secs] [Times: user=0.02 sys=0.00, real=0.00 secs] 
2016-10-17T15:53:20.193+0800: 17967.752: [CMS-concurrent-mark-start]
2016-10-17T15:53:20.631+0800: 17968.190: [CMS-concurrent-mark: 0.438/0.438 secs] [Times: user=0.53 sys=0.04, real=0.44 secs] 
2016-10-17T15:53:20.631+0800: 17968.190: [CMS-concurrent-preclean-start]
2016-10-17T15:53:20.637+0800: 17968.195: [CMS-concurrent-preclean: 0.005/0.006 secs] [Times: user=0.01 sys=0.00, real=0.01 secs] 
2016-10-17T15:53:20.637+0800: 17968.195: [CMS-concurrent-abortable-preclean-start]
 CMS: abort preclean due to time 2016-10-17T15:53:25.737+0800: 17973.296: [CMS-concurrent-abortable-preclean: 5.098/5.100 secs] [Times: user=5.93 sys=0.60, real=5.10 secs] 
2016-10-17T15:53:25.737+0800: 17973.296: [GC (CMS Final Remark) [YG occupancy: 326558 K (685696 K)]2016-10-17T15:53:25.738+0800: 17973.296: [Rescan (parallel) , 0.0172022 secs]2016-10-17T15:53:25.755+0800: 17973.314: [weak refs processing, 0.0006557 secs]2016-10-17T15:53:25.755+0800: 17973.314: [class unloading, 0.0138407 secs]2016-10-17T15:53:25.769+0800: 17973.328: [scrub symbol table, 0.0049574 secs]2016-10-17T15:53:25.774+0800: 17973.333: [scrub string table, 0.0008015 secs][1 CMS-remark: 1289382K(1798144K)] 1615941K(2483840K), 0.0381930 secs] [Times: user=0.09 sys=0.00, real=0.03 secs] 
2016-10-17T15:53:25.776+0800: 17973.335: [CMS-concurrent-sweep-start]
2016-10-17T15:53:25.986+0800: 17973.544: [CMS-concurrent-sweep: 0.210/0.210 secs] [Times: user=0.24 sys=0.01, real=0.20 secs] 
2016-10-17T15:53:25.986+0800: 17973.545: [CMS-concurrent-reset-start]
2016-10-17T15:53:25.990+0800: 17973.548: [CMS-concurrent-reset: 0.004/0.004 secs] [Times: user=0.00 sys=0.01, real=0.00 secs] 
2016-10-17T15:53:31.801+0800: 17979.360: [GC (Allocation Failure) 2016-10-17T15:53:31.801+0800: 17979.360: [ParNew: 685501K->76160K(685696K), 0.0408106 secs] 1775177K->1244434K(2483840K), 0.0409676 secs] [Times: user=0.15 sys=0.00, real=0.04 secs] 
2016-10-17T15:53:38.935+0800: 17986.494: [GC (Allocation Failure) 2016-10-17T15:53:38.935+0800: 17986.494: [ParNew: 685696K->76160K(685696K), 0.0362102 secs] 1853970K->1298019K(2483840K), 0.0363397 secs] [Times: user=0.13 sys=0.00, real=0.04 secs] 
2016-10-17T15:53:45.212+0800: 17992.770: [GC (Allocation Failure) 2016-10-17T15:53:45.212+0800: 17992.770: [ParNew: 685696K->76160K(685696K), 0.0503460 secs] 1907555K->1371196K(2483840K), 0.0505023 secs] [Times: user=0.19 sys=0.00, real=0.05 secs] 
2016-10-17T15:53:45.263+0800: 17992.822: [GC (CMS Initial Mark) [1 CMS-initial-mark: 1295036K(1798144K)] 1371377K(2483840K), 0.0081349 secs] [Times: user=0.02 sys=0.00, real=0.01 secs] 
2016-10-17T15:53:45.271+0800: 17992.830: [CMS-concurrent-mark-start]
2016-10-17T15:53:45.544+0800: 17993.103: [CMS-concurrent-mark: 0.273/0.273 secs] [Times: user=0.35 sys=0.00, real=0.27 secs] 
2016-10-17T15:53:45.544+0800: 17993.103: [CMS-concurrent-preclean-start]
2016-10-17T15:53:45.550+0800: 17993.109: [CMS-concurrent-preclean: 0.005/0.005 secs] [Times: user=0.01 sys=0.00, real=0.01 secs] 
2016-10-17T15:53:45.550+0800: 17993.109: [CMS-concurrent-abortable-preclean-start]
2016-10-17T15:53:48.827+0800: 17996.386: [CMS-concurrent-abortable-preclean: 3.274/3.277 secs] [Times: user=5.14 sys=0.32, real=3.28 secs] 
2016-10-17T15:53:48.828+0800: 17996.387: [GC (CMS Final Remark) [YG occupancy: 403484 K (685696 K)]2016-10-17T15:53:48.828+0800: 17996.387: [Rescan (parallel) , 0.0282262 secs]2016-10-17T15:53:48.857+0800: 17996.415: [weak refs processing, 0.0012169 secs]2016-10-17T15:53:48.858+0800: 17996.417: [class unloading, 0.0131781 secs]2016-10-17T15:53:48.871+0800: 17996.430: [scrub symbol table, 0.0044081 secs]2016-10-17T15:53:48.875+0800: 17996.434: [scrub string table, 0.0007178 secs][1 CMS-remark: 1295036K(1798144K)] 1698520K(2483840K), 0.0488363 secs] [Times: user=0.11 sys=0.00, real=0.05 secs] 
2016-10-17T15:53:48.877+0800: 17996.436: [CMS-concurrent-sweep-start]
2016-10-17T15:53:49.049+0800: 17996.608: [CMS-concurrent-sweep: 0.172/0.172 secs] [Times: user=0.31 sys=0.00, real=0.17 secs] 
2016-10-17T15:53:49.049+0800: 17996.608: [CMS-concurrent-reset-start]
2016-10-17T15:53:49.053+0800: 17996.612: [CMS-concurrent-reset: 0.004/0.004 secs] [Times: user=0.01 sys=0.01, real=0.00 secs] 
2016-10-17T15:53:50.119+0800: 17997.678: [GC (Allocation Failure) 2016-10-17T15:53:50.119+0800: 17997.678: [ParNew: 685469K->76160K(685696K), 0.0654033 secs] 1795661K->1265189K(2483840K), 0.0655317 secs] [Times: user=0.21 sys=0.00, real=0.06 secs] 
2016-10-17T15:53:52.495+0800: 18000.053: [GC (Allocation Failure) 2016-10-17T15:53:52.495+0800: 18000.053: [ParNew: 685677K->48276K(685696K), 0.0218965 secs] 1874706K->1275723K(2483840K), 0.0220545 secs] [Times: user=0.08 sys=0.00, real=0.03 secs] 
2016-10-17T15:53:57.453+0800: 18005.012: [GC (Allocation Failure) 2016-10-17T15:53:57.453+0800: 18005.012: [ParNew: 657752K->76160K(685696K), 0.0311850 secs] 1885199K->1323106K(2483840K), 0.0313691 secs] [Times: user=0.11 sys=0.00, real=0.03 secs] 
2016-10-17T15:54:03.223+0800: 18010.782: [GC (Allocation Failure) 2016-10-17T15:54:03.223+0800: 18010.782: [ParNew: 685627K->76160K(685696K), 0.0368786 secs] 1932573K->1404542K(2483840K), 0.0370291 secs] [Times: user=0.14 sys=0.00, real=0.04 secs] 
2016-10-17T15:54:03.261+0800: 18010.820: [GC (CMS Initial Mark) [1 CMS-initial-mark: 1328382K(1798144K)] 1404798K(2483840K), 0.0055693 secs] [Times: user=0.01 sys=0.00, real=0.01 secs] 
2016-10-17T15:54:03.267+0800: 18010.825: [CMS-concurrent-mark-start]
2016-10-17T15:54:03.490+0800: 18011.049: [CMS-concurrent-mark: 0.220/0.223 secs] [Times: user=0.40 sys=0.00, real=0.22 secs] 
2016-10-17T15:54:03.490+0800: 18011.049: [CMS-concurrent-preclean-start]
2016-10-17T15:54:03.495+0800: 18011.054: [CMS-concurrent-preclean: 0.005/0.005 secs] [Times: user=0.01 sys=0.01, real=0.00 secs] 
2016-10-17T15:54:03.495+0800: 18011.054: [CMS-concurrent-abortable-preclean-start]
2016-10-17T15:54:05.990+0800: 18013.549: [CMS-concurrent-abortable-preclean: 2.487/2.495 secs] [Times: user=5.28 sys=0.48, real=2.50 secs] 
2016-10-17T15:54:05.991+0800: 18013.550: [GC (CMS Final Remark) [YG occupancy: 402721 K (685696 K)]2016-10-17T15:54:05.991+0800: 18013.550: [Rescan (parallel) , 0.0167906 secs]2016-10-17T15:54:06.008+0800: 18013.566: [weak refs processing, 0.0006445 secs]2016-10-17T15:54:06.008+0800: 18013.567: [class unloading, 0.0265541 secs]2016-10-17T15:54:06.035+0800: 18013.594: [scrub symbol table, 0.0065340 secs]2016-10-17T15:54:06.041+0800: 18013.600: [scrub string table, 0.0010097 secs][1 CMS-remark: 1328382K(1798144K)] 1731104K(2483840K), 0.0637239 secs] [Times: user=0.12 sys=0.00, real=0.06 secs] 
2016-10-17T15:54:06.055+0800: 18013.614: [CMS-concurrent-sweep-start]
2016-10-17T15:54:06.478+0800: 18014.037: [CMS-concurrent-sweep: 0.423/0.423 secs] [Times: user=0.87 sys=0.08, real=0.43 secs] 
2016-10-17T15:54:06.478+0800: 18014.037: [CMS-concurrent-reset-start]
2016-10-17T15:54:06.482+0800: 18014.040: [CMS-concurrent-reset: 0.003/0.003 secs] [Times: user=0.00 sys=0.00, real=0.00 secs] 
2016-10-17T15:54:07.816+0800: 18015.375: [GC (Allocation Failure) 2016-10-17T15:54:07.816+0800: 18015.375: [ParNew: 685696K->69398K(685696K), 0.0376230 secs] 1728152K->1182819K(2483840K), 0.0377684 secs] [Times: user=0.13 sys=0.00, real=0.03 secs] 
2016-10-17T15:54:12.664+0800: 18020.222: [GC (Allocation Failure) 2016-10-17T15:54:12.664+0800: 18020.223: [ParNew: 678883K->67883K(685696K), 0.0246049 secs] 1792305K->1181305K(2483840K), 0.0247554 secs] [Times: user=0.07 sys=0.00, real=0.03 secs] 
2016-10-17T15:54:21.761+0800: 18029.320: [GC (Allocation Failure) 2016-10-17T15:54:21.761+0800: 18029.320: [ParNew: 677238K->76160K(685696K), 0.0408509 secs] 1790659K->1250707K(2483840K), 0.0410112 secs] [Times: user=0.12 sys=0.00, real=0.04 secs] 
2016-10-17T15:54:31.936+0800: 18039.495: [GC (Allocation Failure) 2016-10-17T15:54:31.937+0800: 18039.495: [ParNew: 685696K->76160K(685696K), 0.0359025 secs] 1860243K->1335497K(2483840K), 0.0360490 secs] [Times: user=0.13 sys=0.00, real=0.03 secs] 
2016-10-17T15:54:31.973+0800: 18039.532: [GC (CMS Initial Mark) [1 CMS-initial-mark: 1259337K(1798144K)] 1335755K(2483840K), 0.0031067 secs] [Times: user=0.02 sys=0.00, real=0.01 secs] 
2016-10-17T15:54:31.976+0800: 18039.535: [CMS-concurrent-mark-start]
2016-10-17T15:54:32.166+0800: 18039.725: [CMS-concurrent-mark: 0.190/0.190 secs] [Times: user=0.26 sys=0.00, real=0.19 secs] 
2016-10-17T15:54:32.166+0800: 18039.725: [CMS-concurrent-preclean-start]
2016-10-17T15:54:32.172+0800: 18039.731: [CMS-concurrent-preclean: 0.006/0.006 secs] [Times: user=0.00 sys=0.00, real=0.00 secs] 
2016-10-17T15:54:32.172+0800: 18039.731: [CMS-concurrent-abortable-preclean-start]
2016-10-17T15:54:36.846+0800: 18044.405: [CMS-concurrent-abortable-preclean: 4.472/4.674 secs] [Times: user=5.44 sys=0.38, real=4.68 secs] 
2016-10-17T15:54:36.847+0800: 18044.406: [GC (CMS Final Remark) [YG occupancy: 385035 K (685696 K)]2016-10-17T15:54:36.847+0800: 18044.406: [Rescan (parallel) , 0.0258351 secs]2016-10-17T15:54:36.873+0800: 18044.432: [weak refs processing, 0.0006485 secs]2016-10-17T15:54:36.874+0800: 18044.433: [class unloading, 0.0139180 secs]2016-10-17T15:54:36.888+0800: 18044.446: [scrub symbol table, 0.0075689 secs]2016-10-17T15:54:36.895+0800: 18044.454: [scrub string table, 0.0007170 secs][1 CMS-remark: 1259337K(1798144K)] 1644372K(2483840K), 0.0491858 secs] [Times: user=0.11 sys=0.00, real=0.05 secs] 
2016-10-17T15:54:36.897+0800: 18044.455: [CMS-concurrent-sweep-start]
2016-10-17T15:54:37.229+0800: 18044.788: [CMS-concurrent-sweep: 0.333/0.333 secs] [Times: user=0.39 sys=0.02, real=0.33 secs] 
2016-10-17T15:54:37.229+0800: 18044.788: [CMS-concurrent-reset-start]
2016-10-17T15:54:37.233+0800: 18044.791: [CMS-concurrent-reset: 0.003/0.003 secs] [Times: user=0.01 sys=0.00, real=0.00 secs] 
2016-10-17T15:54:40.265+0800: 18047.824: [GC (Allocation Failure) 2016-10-17T15:54:40.265+0800: 18047.824: [ParNew: 685644K->76160K(685696K), 0.0318929 secs] 1680847K->1147797K(2483840K), 0.0320313 secs] [Times: user=0.12 sys=0.00, real=0.04 secs] 
2016-10-17T15:54:46.313+0800: 18053.871: [GC (Allocation Failure) 2016-10-17T15:54:46.313+0800: 18053.872: [ParNew: 685647K->76160K(685696K), 0.0371024 secs] 1757284K->1221118K(2483840K), 0.0372781 secs] [Times: user=0.14 sys=0.00, real=0.04 secs] 
2016-10-17T15:54:52.940+0800: 18060.499: [GC (Allocation Failure) 2016-10-17T15:54:52.940+0800: 18060.499: [ParNew: 685696K->76160K(685696K), 0.0322132 secs] 1830654K->1295873K(2483840K), 0.0323402 secs] [Times: user=0.13 sys=0.00, real=0.03 secs] 
2016-10-17T15:54:58.224+0800: 18065.783: [GC (Allocation Failure) 2016-10-17T15:54:58.224+0800: 18065.783: [ParNew: 685566K->76160K(685696K), 0.0381475 secs] 1905279K->1365178K(2483840K), 0.0382730 secs] [Times: user=0.13 sys=0.00, real=0.04 secs] 
2016-10-17T15:54:58.263+0800: 18065.822: [GC (CMS Initial Mark) [1 CMS-initial-mark: 1289018K(1798144K)] 1365730K(2483840K), 0.0030197 secs] [Times: user=0.01 sys=0.00, real=0.01 secs] 
2016-10-17T15:54:58.266+0800: 18065.825: [CMS-concurrent-mark-start]
2016-10-17T15:54:58.443+0800: 18066.002: [CMS-concurrent-mark: 0.177/0.177 secs] [Times: user=0.22 sys=0.00, real=0.17 secs] 
2016-10-17T15:54:58.443+0800: 18066.002: [CMS-concurrent-preclean-start]
2016-10-17T15:54:58.448+0800: 18066.007: [CMS-concurrent-preclean: 0.005/0.005 secs] [Times: user=0.01 sys=0.00, real=0.01 secs] 
2016-10-17T15:54:58.448+0800: 18066.007: [CMS-concurrent-abortable-preclean-start]
2016-10-17T15:55:01.852+0800: 18069.411: [CMS-concurrent-abortable-preclean: 3.403/3.404 secs] [Times: user=4.37 sys=0.34, real=3.40 secs] 
2016-10-17T15:55:01.853+0800: 18069.412: [GC (CMS Final Remark) [YG occupancy: 382745 K (685696 K)]2016-10-17T15:55:01.853+0800: 18069.412: [Rescan (parallel) , 0.0186120 secs]2016-10-17T15:55:01.872+0800: 18069.431: [weak refs processing, 0.0005951 secs]2016-10-17T15:55:01.872+0800: 18069.431: [class unloading, 0.0147383 secs]2016-10-17T15:55:01.887+0800: 18069.446: [scrub symbol table, 0.0056339 secs]2016-10-17T15:55:01.893+0800: 18069.452: [scrub string table, 0.0010693 secs][1 CMS-remark: 1289018K(1798144K)] 1671763K(2483840K), 0.0413639 secs] [Times: user=0.10 sys=0.00, real=0.04 secs] 
2016-10-17T15:55:01.895+0800: 18069.453: [CMS-concurrent-sweep-start]
2016-10-17T15:55:02.068+0800: 18069.627: [CMS-concurrent-sweep: 0.174/0.174 secs] [Times: user=0.19 sys=0.01, real=0.18 secs] 
2016-10-17T15:55:02.068+0800: 18069.627: [CMS-concurrent-reset-start]
2016-10-17T15:55:02.072+0800: 18069.631: [CMS-concurrent-reset: 0.004/0.004 secs] [Times: user=0.01 sys=0.00, real=0.00 secs] 
2016-10-17T15:55:05.172+0800: 18072.731: [GC (Allocation Failure) 2016-10-17T15:55:05.173+0800: 18072.731: [ParNew: 685692K->76160K(685696K), 0.0874891 secs] 1695529K->1160123K(2483840K), 0.0877377 secs] [Times: user=0.26 sys=0.01, real=0.09 secs] 
2016-10-17T15:55:12.782+0800: 18080.341: [GC (Allocation Failure) 2016-10-17T15:55:12.782+0800: 18080.341: [ParNew: 685656K->76160K(685696K), 0.0385927 secs] 1769620K->1233746K(2483840K), 0.0387228 secs] [Times: user=0.14 sys=0.00, real=0.04 secs] 
2016-10-17T15:55:20.689+0800: 18088.248: [GC (Allocation Failure) 2016-10-17T15:55:20.689+0800: 18088.248: [ParNew: 685696K->76160K(685696K), 0.0517766 secs] 1843282K->1301864K(2483840K), 0.0519137 secs] [Times: user=0.14 sys=0.00, real=0.05 secs] 
2016-10-17T15:55:26.741+0800: 18094.300: [GC (Allocation Failure) 2016-10-17T15:55:26.741+0800: 18094.300: [ParNew: 685580K->76160K(685696K), 0.0357614 secs] 1911285K->1372278K(2483840K), 0.0358959 secs] [Times: user=0.13 sys=0.00, real=0.04 secs] 
2016-10-17T15:55:26.777+0800: 18094.336: [GC (CMS Initial Mark) [1 CMS-initial-mark: 1296118K(1798144K)] 1372534K(2483840K), 0.0042908 secs] [Times: user=0.02 sys=0.00, real=0.00 secs] 
2016-10-17T15:55:26.782+0800: 18094.341: [CMS-concurrent-mark-start]
2016-10-17T15:55:27.004+0800: 18094.563: [CMS-concurrent-mark: 0.222/0.222 secs] [Times: user=0.28 sys=0.00, real=0.22 secs] 
2016-10-17T15:55:27.004+0800: 18094.563: [CMS-concurrent-preclean-start]
2016-10-17T15:55:27.009+0800: 18094.568: [CMS-concurrent-preclean: 0.005/0.005 secs] [Times: user=0.01 sys=0.00, real=0.01 secs] 
2016-10-17T15:55:27.009+0800: 18094.568: [CMS-concurrent-abortable-preclean-start]
2016-10-17T15:55:31.367+0800: 18098.926: [CMS-concurrent-abortable-preclean: 4.354/4.358 secs] [Times: user=5.45 sys=0.37, real=4.36 secs] 
2016-10-17T15:55:31.368+0800: 18098.926: [GC (CMS Final Remark) [YG occupancy: 383205 K (685696 K)]2016-10-17T15:55:31.368+0800: 18098.926: [Rescan (parallel) , 0.0186963 secs]2016-10-17T15:55:31.386+0800: 18098.945: [weak refs processing, 0.0006707 secs]2016-10-17T15:55:31.387+0800: 18098.946: [class unloading, 0.0127708 secs]2016-10-17T15:55:31.400+0800: 18098.959: [scrub symbol table, 0.0045935 secs]2016-10-17T15:55:31.405+0800: 18098.963: [scrub string table, 0.0007192 secs][1 CMS-remark: 1296118K(1798144K)] 1679324K(2483840K), 0.0381581 secs] [Times: user=0.09 sys=0.00, real=0.04 secs] 
2016-10-17T15:55:31.406+0800: 18098.965: [CMS-concurrent-sweep-start]
2016-10-17T15:55:31.506+0800: 18099.065: [CMS-concurrent-sweep: 0.100/0.100 secs] [Times: user=0.14 sys=0.00, real=0.10 secs] 
2016-10-17T15:55:31.506+0800: 18099.065: [CMS-concurrent-reset-start]
2016-10-17T15:55:31.510+0800: 18099.069: [CMS-concurrent-reset: 0.004/0.004 secs] [Times: user=0.01 sys=0.00, real=0.00 secs] 
2016-10-17T15:55:35.035+0800: 18102.593: [GC (Allocation Failure) 2016-10-17T15:55:35.035+0800: 18102.593: [ParNew: 685696K->76160K(685696K), 0.0380117 secs] 1737462K->1199996K(2483840K), 0.0381489 secs] [Times: user=0.13 sys=0.00, real=0.04 secs] 
2016-10-17T15:55:41.654+0800: 18109.213: [GC (Allocation Failure) 2016-10-17T15:55:41.654+0800: 18109.213: [ParNew: 685696K->76160K(685696K), 0.0399134 secs] 1809532K->1276202K(2483840K), 0.0400362 secs] [Times: user=0.15 sys=0.00, real=0.04 secs] 
2016-10-17T15:55:48.573+0800: 18116.132: [GC (Allocation Failure) 2016-10-17T15:55:48.573+0800: 18116.132: [ParNew: 685648K->76160K(685696K), 0.0404654 secs] 1885690K->1337198K(2483840K), 0.0406006 secs] [Times: user=0.15 sys=0.00, real=0.04 secs] 
2016-10-17T15:55:48.614+0800: 18116.173: [GC (CMS Initial Mark) [1 CMS-initial-mark: 1261038K(1798144K)] 1337897K(2483840K), 0.0044352 secs] [Times: user=0.01 sys=0.00, real=0.01 secs] 
2016-10-17T15:55:48.619+0800: 18116.178: [CMS-concurrent-mark-start]
2016-10-17T15:55:48.988+0800: 18116.547: [CMS-concurrent-mark: 0.369/0.369 secs] [Times: user=0.38 sys=0.04, real=0.37 secs] 
2016-10-17T15:55:48.988+0800: 18116.547: [CMS-concurrent-preclean-start]
2016-10-17T15:55:48.993+0800: 18116.552: [CMS-concurrent-preclean: 0.005/0.005 secs] [Times: user=0.01 sys=0.00, real=0.00 secs] 
2016-10-17T15:55:48.993+0800: 18116.552: [CMS-concurrent-abortable-preclean-start]
2016-10-17T15:55:53.657+0800: 18121.216: [CMS-concurrent-abortable-preclean: 4.661/4.664 secs] [Times: user=5.72 sys=0.38, real=4.67 secs] 
2016-10-17T15:55:53.659+0800: 18121.218: [GC (CMS Final Remark) [YG occupancy: 386853 K (685696 K)]2016-10-17T15:55:53.659+0800: 18121.218: [Rescan (parallel) , 0.0251551 secs]2016-10-17T15:55:53.684+0800: 18121.243: [weak refs processing, 0.0003815 secs]2016-10-17T15:55:53.684+0800: 18121.243: [class unloading, 0.0135704 secs]2016-10-17T15:55:53.698+0800: 18121.257: [scrub symbol table, 0.0042030 secs]2016-10-17T15:55:53.702+0800: 18121.261: [scrub string table, 0.0008491 secs][1 CMS-remark: 1261038K(1798144K)] 1647891K(2483840K), 0.0446146 secs] [Times: user=0.12 sys=0.00, real=0.04 secs] 
2016-10-17T15:55:53.704+0800: 18121.262: [CMS-concurrent-sweep-start]
2016-10-17T15:55:53.796+0800: 18121.355: [CMS-concurrent-sweep: 0.092/0.092 secs] [Times: user=0.13 sys=0.00, real=0.10 secs] 
2016-10-17T15:55:53.796+0800: 18121.355: [CMS-concurrent-reset-start]
2016-10-17T15:55:53.799+0800: 18121.358: [CMS-concurrent-reset: 0.003/0.003 secs] [Times: user=0.01 sys=0.00, real=0.00 secs] 
2016-10-17T15:56:00.819+0800: 18128.378: [GC (Allocation Failure) 2016-10-17T15:56:00.819+0800: 18128.378: [ParNew: 685696K->76160K(685696K), 0.0480382 secs] 1784868K->1244052K(2483840K), 0.0482136 secs] [Times: user=0.18 sys=0.00, real=0.05 secs] 
2016-10-17T15:56:12.414+0800: 18139.973: [GC (Allocation Failure) 2016-10-17T15:56:12.414+0800: 18139.973: [ParNew: 685696K->76160K(685696K), 0.1873890 secs] 1853588K->1314851K(2483840K), 0.1875548 secs] [Times: user=0.40 sys=0.02, real=0.19 secs] 
2016-10-17T15:56:25.489+0800: 18153.047: [GC (Allocation Failure) 2016-10-17T15:56:25.489+0800: 18153.047: [ParNew: 685667K->76160K(685696K), 0.0711450 secs] 1924358K->1379784K(2483840K), 0.0712937 secs] [Times: user=0.18 sys=0.00, real=0.07 secs] 
2016-10-17T15:56:25.560+0800: 18153.119: [GC (CMS Initial Mark) [1 CMS-initial-mark: 1303624K(1798144K)] 1380459K(2483840K), 0.0060749 secs] [Times: user=0.01 sys=0.00, real=0.01 secs] 
2016-10-17T15:56:25.567+0800: 18153.126: [CMS-concurrent-mark-start]
2016-10-17T15:56:26.211+0800: 18153.770: [CMS-concurrent-mark: 0.644/0.644 secs] [Times: user=0.66 sys=0.04, real=0.64 secs] 
2016-10-17T15:56:26.211+0800: 18153.770: [CMS-concurrent-preclean-start]
2016-10-17T15:56:26.216+0800: 18153.775: [CMS-concurrent-preclean: 0.005/0.005 secs] [Times: user=0.01 sys=0.00, real=0.01 secs] 
2016-10-17T15:56:26.216+0800: 18153.775: [CMS-concurrent-abortable-preclean-start]
 CMS: abort preclean due to time 2016-10-17T15:56:31.286+0800: 18158.844: [CMS-concurrent-abortable-preclean: 5.065/5.069 secs] [Times: user=5.83 sys=0.39, real=5.06 secs] 
2016-10-17T15:56:31.286+0800: 18158.845: [GC (CMS Final Remark) [YG occupancy: 347430 K (685696 K)]2016-10-17T15:56:31.286+0800: 18158.845: [Rescan (parallel) , 0.0176373 secs]2016-10-17T15:56:31.304+0800: 18158.863: [weak refs processing, 0.0004184 secs]2016-10-17T15:56:31.304+0800: 18158.863: [class unloading, 0.0138834 secs]2016-10-17T15:56:31.318+0800: 18158.877: [scrub symbol table, 0.0049104 secs]2016-10-17T15:56:31.323+0800: 18158.882: [scrub string table, 0.0010082 secs][1 CMS-remark: 1303624K(1798144K)] 1651055K(2483840K), 0.0383240 secs] [Times: user=0.08 sys=0.00, real=0.03 secs] 
2016-10-17T15:56:31.325+0800: 18158.884: [CMS-concurrent-sweep-start]
2016-10-17T15:56:31.474+0800: 18159.033: [CMS-concurrent-sweep: 0.149/0.149 secs] [Times: user=0.17 sys=0.02, real=0.15 secs] 
2016-10-17T15:56:31.474+0800: 18159.033: [CMS-concurrent-reset-start]
2016-10-17T15:56:31.478+0800: 18159.037: [CMS-concurrent-reset: 0.004/0.004 secs] [Times: user=0.00 sys=0.00, real=0.01 secs] 
2016-10-17T15:56:35.166+0800: 18162.725: [GC (Allocation Failure) 2016-10-17T15:56:35.166+0800: 18162.725: [ParNew: 685664K->76160K(685696K), 0.0382376 secs] 1796963K->1268497K(2483840K), 0.0383846 secs] [Times: user=0.14 sys=0.00, real=0.04 secs] 
2016-10-17T15:56:41.453+0800: 18169.012: [GC (Allocation Failure) 2016-10-17T15:56:41.453+0800: 18169.012: [ParNew: 685550K->76160K(685696K), 0.0418254 secs] 1877888K->1332348K(2483840K), 0.0419768 secs] [Times: user=0.12 sys=0.00, real=0.04 secs] 
2016-10-17T15:56:46.645+0800: 18174.204: [GC (Allocation Failure) 2016-10-17T15:56:46.645+0800: 18174.204: [ParNew: 685655K->76160K(685696K), 0.0316521 secs] 1941844K->1403763K(2483840K), 0.0318270 secs] [Times: user=0.12 sys=0.00, real=0.04 secs] 
2016-10-17T15:56:46.677+0800: 18174.236: [GC (CMS Initial Mark) [1 CMS-initial-mark: 1327603K(1798144K)] 1404320K(2483840K), 0.0028951 secs] [Times: user=0.01 sys=0.00, real=0.00 secs] 
2016-10-17T15:56:46.680+0800: 18174.239: [CMS-concurrent-mark-start]
2016-10-17T15:56:47.003+0800: 18174.562: [CMS-concurrent-mark: 0.322/0.322 secs] [Times: user=0.39 sys=0.03, real=0.32 secs] 
2016-10-17T15:56:47.003+0800: 18174.562: [CMS-concurrent-preclean-start]
2016-10-17T15:56:47.008+0800: 18174.567: [CMS-concurrent-preclean: 0.005/0.005 secs] [Times: user=0.01 sys=0.00, real=0.01 secs] 
2016-10-17T15:56:47.008+0800: 18174.567: [CMS-concurrent-abortable-preclean-start]
2016-10-17T15:56:50.140+0800: 18177.699: [CMS-concurrent-abortable-preclean: 3.129/3.132 secs] [Times: user=3.88 sys=0.33, real=3.13 secs] 
2016-10-17T15:56:50.140+0800: 18177.699: [GC (CMS Final Remark) [YG occupancy: 383704 K (685696 K)]2016-10-17T15:56:50.140+0800: 18177.699: [Rescan (parallel) , 0.0151806 secs]2016-10-17T15:56:50.156+0800: 18177.714: [weak refs processing, 0.0003672 secs]2016-10-17T15:56:50.156+0800: 18177.715: [class unloading, 0.0593858 secs]2016-10-17T15:56:50.215+0800: 18177.774: [scrub symbol table, 0.0043991 secs]2016-10-17T15:56:50.224+0800: 18177.783: [scrub string table, 0.0008802 secs][1 CMS-remark: 1327603K(1798144K)] 1711308K(2483840K), 0.0849487 secs] [Times: user=0.12 sys=0.00, real=0.08 secs] 
2016-10-17T15:56:50.226+0800: 18177.785: [CMS-concurrent-sweep-start]
2016-10-17T15:56:50.396+0800: 18177.955: [CMS-concurrent-sweep: 0.170/0.170 secs] [Times: user=0.23 sys=0.02, real=0.17 secs] 
2016-10-17T15:56:50.396+0800: 18177.955: [CMS-concurrent-reset-start]
2016-10-17T15:56:50.399+0800: 18177.958: [CMS-concurrent-reset: 0.003/0.003 secs] [Times: user=0.01 sys=0.00, real=0.00 secs] 
2016-10-17T15:56:53.210+0800: 18180.768: [GC (Allocation Failure) 2016-10-17T15:56:53.210+0800: 18180.769: [ParNew: 685696K->76160K(685696K), 0.0292487 secs] 1760179K->1223141K(2483840K), 0.0293819 secs] [Times: user=0.11 sys=0.00, real=0.03 secs] 
2016-10-17T15:56:59.494+0800: 18187.053: [GC (Allocation Failure) 2016-10-17T15:56:59.494+0800: 18187.053: [ParNew: 685696K->76160K(685696K), 0.0350974 secs] 1832677K->1299472K(2483840K), 0.0352385 secs] [Times: user=0.12 sys=0.00, real=0.04 secs] 
2016-10-17T15:57:06.941+0800: 18194.500: [GC (Allocation Failure) 2016-10-17T15:57:06.941+0800: 18194.500: [ParNew: 685682K->76160K(685696K), 0.0426875 secs] 1908995K->1373154K(2483840K), 0.0428686 secs] [Times: user=0.16 sys=0.00, real=0.04 secs] 
2016-10-17T15:57:06.984+0800: 18194.543: [GC (CMS Initial Mark) [1 CMS-initial-mark: 1296994K(1798144K)] 1373759K(2483840K), 0.0051895 secs] [Times: user=0.02 sys=0.00, real=0.01 secs] 
2016-10-17T15:57:06.990+0800: 18194.549: [CMS-concurrent-mark-start]
2016-10-17T15:57:07.231+0800: 18194.790: [CMS-concurrent-mark: 0.241/0.241 secs] [Times: user=0.25 sys=0.03, real=0.24 secs] 
2016-10-17T15:57:07.231+0800: 18194.790: [CMS-concurrent-preclean-start]
2016-10-17T15:57:07.236+0800: 18194.795: [CMS-concurrent-preclean: 0.004/0.004 secs] [Times: user=0.00 sys=0.00, real=0.01 secs] 
2016-10-17T15:57:07.236+0800: 18194.795: [CMS-concurrent-abortable-preclean-start]
 CMS: abort preclean due to time 2016-10-17T15:57:12.270+0800: 18199.829: [CMS-concurrent-abortable-preclean: 5.033/5.034 secs] [Times: user=5.97 sys=0.39, real=5.03 secs] 
2016-10-17T15:57:12.271+0800: 18199.830: [GC (CMS Final Remark) [YG occupancy: 361528 K (685696 K)]2016-10-17T15:57:12.271+0800: 18199.830: [Rescan (parallel) , 0.0164876 secs]2016-10-17T15:57:12.288+0800: 18199.846: [weak refs processing, 0.0003589 secs]2016-10-17T15:57:12.288+0800: 18199.847: [class unloading, 0.0143281 secs]2016-10-17T15:57:12.302+0800: 18199.861: [scrub symbol table, 0.0043669 secs]2016-10-17T15:57:12.307+0800: 18199.866: [scrub string table, 0.0006861 secs][1 CMS-remark: 1296994K(1798144K)] 1658522K(2483840K), 0.0366236 secs] [Times: user=0.09 sys=0.00, real=0.04 secs] 
2016-10-17T15:57:12.308+0800: 18199.867: [CMS-concurrent-sweep-start]
2016-10-17T15:57:12.594+0800: 18200.152: [CMS-concurrent-sweep: 0.286/0.286 secs] [Times: user=0.36 sys=0.01, real=0.28 secs] 
2016-10-17T15:57:12.594+0800: 18200.153: [CMS-concurrent-reset-start]
2016-10-17T15:57:12.597+0800: 18200.156: [CMS-concurrent-reset: 0.003/0.003 secs] [Times: user=0.01 sys=0.00, real=0.01 secs] 
2016-10-17T15:57:17.600+0800: 18205.159: [GC (Allocation Failure) 2016-10-17T15:57:17.600+0800: 18205.159: [ParNew: 685641K->76160K(685696K), 0.0617013 secs] 1689314K->1161561K(2483840K), 0.0618431 secs] [Times: user=0.13 sys=0.00, real=0.06 secs] 
2016-10-17T15:57:30.047+0800: 18217.605: [GC (Allocation Failure) 2016-10-17T15:57:30.047+0800: 18217.605: [ParNew: 685676K->76160K(685696K), 0.0500550 secs] 1771078K->1226098K(2483840K), 0.0502186 secs] [Times: user=0.16 sys=0.00, real=0.05 secs] 
2016-10-17T15:57:36.356+0800: 18223.915: [GC (Allocation Failure) 2016-10-17T15:57:36.357+0800: 18223.915: [ParNew: 685696K->76160K(685696K), 0.0397330 secs] 1835634K->1295360K(2483840K), 0.0398867 secs] [Times: user=0.15 sys=0.00, real=0.04 secs] 
2016-10-17T15:57:42.822+0800: 18230.381: [GC (Allocation Failure) 2016-10-17T15:57:42.822+0800: 18230.381: [ParNew: 685529K->76160K(685696K), 0.0376612 secs] 1904730K->1366433K(2483840K), 0.0378109 secs] [Times: user=0.14 sys=0.00, real=0.04 secs] 
2016-10-17T15:57:42.861+0800: 18230.419: [GC (CMS Initial Mark) [1 CMS-initial-mark: 1290273K(1798144K)] 1366689K(2483840K), 0.0032898 secs] [Times: user=0.01 sys=0.00, real=0.00 secs] 
2016-10-17T15:57:42.864+0800: 18230.423: [CMS-concurrent-mark-start]
2016-10-17T15:57:43.058+0800: 18230.617: [CMS-concurrent-mark: 0.194/0.194 secs] [Times: user=0.24 sys=0.02, real=0.20 secs] 
2016-10-17T15:57:43.058+0800: 18230.617: [CMS-concurrent-preclean-start]
2016-10-17T15:57:43.064+0800: 18230.622: [CMS-concurrent-preclean: 0.005/0.005 secs] [Times: user=0.01 sys=0.00, real=0.00 secs] 
2016-10-17T15:57:43.064+0800: 18230.622: [CMS-concurrent-abortable-preclean-start]
2016-10-17T15:57:47.005+0800: 18234.563: [CMS-concurrent-abortable-preclean: 3.939/3.941 secs] [Times: user=4.96 sys=0.43, real=3.94 secs] 
2016-10-17T15:57:47.006+0800: 18234.564: [GC (CMS Final Remark) [YG occupancy: 392062 K (685696 K)]2016-10-17T15:57:47.006+0800: 18234.565: [Rescan (parallel) , 0.0202441 secs]2016-10-17T15:57:47.026+0800: 18234.585: [weak refs processing, 0.0006467 secs]2016-10-17T15:57:47.027+0800: 18234.586: [class unloading, 0.0128694 secs]2016-10-17T15:57:47.040+0800: 18234.598: [scrub symbol table, 0.0039575 secs]2016-10-17T15:57:47.044+0800: 18234.602: [scrub string table, 0.0006901 secs][1 CMS-remark: 1290273K(1798144K)] 1682335K(2483840K), 0.0390717 secs] [Times: user=0.11 sys=0.00, real=0.04 secs] 
2016-10-17T15:57:47.045+0800: 18234.604: [CMS-concurrent-sweep-start]
2016-10-17T15:57:47.140+0800: 18234.698: [CMS-concurrent-sweep: 0.095/0.095 secs] [Times: user=0.13 sys=0.02, real=0.10 secs] 
2016-10-17T15:57:47.140+0800: 18234.698: [CMS-concurrent-reset-start]
2016-10-17T15:57:47.143+0800: 18234.702: [CMS-concurrent-reset: 0.004/0.004 secs] [Times: user=0.00 sys=0.00, real=0.00 secs] 
2016-10-17T15:57:49.919+0800: 18237.478: [GC (Allocation Failure) 2016-10-17T15:57:49.919+0800: 18237.478: [ParNew: 685600K->76160K(685696K), 0.0387971 secs] 1696014K->1158525K(2483840K), 0.0389690 secs] [Times: user=0.14 sys=0.00, real=0.04 secs] 
2016-10-17T15:57:56.251+0800: 18243.810: [GC (Allocation Failure) 2016-10-17T15:57:56.251+0800: 18243.810: [ParNew: 685469K->76160K(685696K), 0.0437276 secs] 1767834K->1236168K(2483840K), 0.0438533 secs] [Times: user=0.15 sys=0.00, real=0.04 secs] 
2016-10-17T15:58:05.567+0800: 18253.125: [GC (Allocation Failure) 2016-10-17T15:58:05.567+0800: 18253.125: [ParNew: 685565K->76160K(685696K), 0.1471289 secs] 1845574K->1307632K(2483840K), 0.1472944 secs] [Times: user=0.33 sys=0.02, real=0.14 secs] 
2016-10-17T15:58:13.792+0800: 18261.350: [GC (Allocation Failure) 2016-10-17T15:58:13.792+0800: 18261.351: [ParNew: 685651K->76160K(685696K), 0.0360426 secs] 1917124K->1388452K(2483840K), 0.0361917 secs] [Times: user=0.14 sys=0.00, real=0.04 secs] 
2016-10-17T15:58:13.828+0800: 18261.387: [GC (CMS Initial Mark) [1 CMS-initial-mark: 1312292K(1798144K)] 1389124K(2483840K), 0.0031742 secs] [Times: user=0.01 sys=0.00, real=0.00 secs] 
2016-10-17T15:58:13.832+0800: 18261.391: [CMS-concurrent-mark-start]
2016-10-17T15:58:14.197+0800: 18261.755: [CMS-concurrent-mark: 0.365/0.365 secs] [Times: user=0.45 sys=0.04, real=0.37 secs] 
2016-10-17T15:58:14.197+0800: 18261.755: [CMS-concurrent-preclean-start]
2016-10-17T15:58:14.202+0800: 18261.761: [CMS-concurrent-preclean: 0.005/0.005 secs] [Times: user=0.01 sys=0.00, real=0.00 secs] 
2016-10-17T15:58:14.202+0800: 18261.761: [CMS-concurrent-abortable-preclean-start]
 CMS: abort preclean due to time 2016-10-17T15:58:19.263+0800: 18266.822: [CMS-concurrent-abortable-preclean: 5.058/5.061 secs] [Times: user=5.99 sys=0.45, real=5.06 secs] 
2016-10-17T15:58:19.264+0800: 18266.823: [GC (CMS Final Remark) [YG occupancy: 367765 K (685696 K)]2016-10-17T15:58:19.264+0800: 18266.823: [Rescan (parallel) , 0.0200524 secs]2016-10-17T15:58:19.284+0800: 18266.843: [weak refs processing, 0.0008052 secs]2016-10-17T15:58:19.285+0800: 18266.843: [class unloading, 0.0910886 secs]2016-10-17T15:58:19.376+0800: 18266.935: [scrub symbol table, 0.0046844 secs]2016-10-17T15:58:19.381+0800: 18266.939: [scrub string table, 0.0007085 secs][1 CMS-remark: 1312292K(1798144K)] 1680057K(2483840K), 0.1179877 secs] [Times: user=0.16 sys=0.01, real=0.12 secs] 
2016-10-17T15:58:19.382+0800: 18266.941: [CMS-concurrent-sweep-start]
2016-10-17T15:58:19.476+0800: 18267.035: [CMS-concurrent-sweep: 0.094/0.094 secs] [Times: user=0.13 sys=0.01, real=0.10 secs] 
2016-10-17T15:58:19.476+0800: 18267.035: [CMS-concurrent-reset-start]
2016-10-17T15:58:19.480+0800: 18267.039: [CMS-concurrent-reset: 0.004/0.004 secs] [Times: user=0.01 sys=0.00, real=0.00 secs] 
2016-10-17T15:58:23.162+0800: 18270.721: [GC (Allocation Failure) 2016-10-17T15:58:23.162+0800: 18270.721: [ParNew: 685696K->76160K(685696K), 0.0353646 secs] 1756069K->1210247K(2483840K), 0.0354977 secs] [Times: user=0.14 sys=0.00, real=0.04 secs] 
2016-10-17T15:58:29.293+0800: 18276.852: [GC (Allocation Failure) 2016-10-17T15:58:29.294+0800: 18276.852: [ParNew: 685696K->76160K(685696K), 0.0437391 secs] 1819783K->1290458K(2483840K), 0.0438774 secs] [Times: user=0.15 sys=0.00, real=0.05 secs] 
2016-10-17T15:58:35.409+0800: 18282.968: [GC (Allocation Failure) 2016-10-17T15:58:35.410+0800: 18282.968: [ParNew: 685652K->76160K(685696K), 0.0338143 secs] 1899951K->1351094K(2483840K), 0.0339457 secs] [Times: user=0.12 sys=0.00, real=0.03 secs] 
2016-10-17T15:58:35.444+0800: 18283.003: [GC (CMS Initial Mark) [1 CMS-initial-mark: 1274934K(1798144K)] 1351760K(2483840K), 0.0045801 secs] [Times: user=0.02 sys=0.00, real=0.01 secs] 
2016-10-17T15:58:35.449+0800: 18283.008: [CMS-concurrent-mark-start]
2016-10-17T15:58:35.747+0800: 18283.306: [CMS-concurrent-mark: 0.298/0.298 secs] [Times: user=0.41 sys=0.03, real=0.30 secs] 
2016-10-17T15:58:35.747+0800: 18283.306: [CMS-concurrent-preclean-start]
2016-10-17T15:58:35.754+0800: 18283.312: [CMS-concurrent-preclean: 0.006/0.007 secs] [Times: user=0.01 sys=0.00, real=0.00 secs] 
2016-10-17T15:58:35.754+0800: 18283.313: [CMS-concurrent-abortable-preclean-start]
2016-10-17T15:58:38.907+0800: 18286.466: [CMS-concurrent-abortable-preclean: 3.151/3.153 secs] [Times: user=4.06 sys=0.34, real=3.16 secs] 
2016-10-17T15:58:38.908+0800: 18286.467: [GC (CMS Final Remark) [YG occupancy: 383470 K (685696 K)]2016-10-17T15:58:38.908+0800: 18286.467: [Rescan (parallel) , 0.0841426 secs]2016-10-17T15:58:38.993+0800: 18286.551: [weak refs processing, 0.0003729 secs]2016-10-17T15:58:38.993+0800: 18286.552: [class unloading, 0.0133874 secs]2016-10-17T15:58:39.006+0800: 18286.565: [scrub symbol table, 0.0047703 secs]2016-10-17T15:58:39.011+0800: 18286.570: [scrub string table, 0.0007122 secs][1 CMS-remark: 1274934K(1798144K)] 1658405K(2483840K), 0.1038220 secs] [Times: user=0.32 sys=0.04, real=0.10 secs] 
2016-10-17T15:58:39.012+0800: 18286.571: [CMS-concurrent-sweep-start]
2016-10-17T15:58:39.102+0800: 18286.661: [CMS-concurrent-sweep: 0.088/0.089 secs] [Times: user=0.13 sys=0.00, real=0.09 secs] 
2016-10-17T15:58:39.102+0800: 18286.661: [CMS-concurrent-reset-start]
2016-10-17T15:58:39.105+0800: 18286.664: [CMS-concurrent-reset: 0.003/0.003 secs] [Times: user=0.01 sys=0.00, real=0.00 secs] 
2016-10-17T15:58:42.278+0800: 18289.836: [GC (Allocation Failure) 2016-10-17T15:58:42.278+0800: 18289.836: [ParNew: 685695K->76160K(685696K), 0.0396598 secs] 1797480K->1264757K(2483840K), 0.0398280 secs] [Times: user=0.14 sys=0.00, real=0.04 secs] 
2016-10-17T15:58:48.205+0800: 18295.764: [GC (Allocation Failure) 2016-10-17T15:58:48.205+0800: 18295.764: [ParNew: 685519K->76160K(685696K), 0.0525588 secs] 1874117K->1347229K(2483840K), 0.0527096 secs] [Times: user=0.19 sys=0.00, real=0.06 secs] 
2016-10-17T15:58:48.259+0800: 18295.817: [GC (CMS Initial Mark) [1 CMS-initial-mark: 1271069K(1798144K)] 1347485K(2483840K), 0.0078605 secs] [Times: user=0.02 sys=0.00, real=0.01 secs] 
2016-10-17T15:58:48.267+0800: 18295.825: [CMS-concurrent-mark-start]
2016-10-17T15:58:48.592+0800: 18296.151: [CMS-concurrent-mark: 0.326/0.326 secs] [Times: user=0.43 sys=0.02, real=0.32 secs] 
2016-10-17T15:58:48.593+0800: 18296.151: [CMS-concurrent-preclean-start]
2016-10-17T15:58:48.598+0800: 18296.157: [CMS-concurrent-preclean: 0.005/0.006 secs] [Times: user=0.01 sys=0.00, real=0.01 secs] 
2016-10-17T15:58:48.598+0800: 18296.157: [CMS-concurrent-abortable-preclean-start]
2016-10-17T15:58:51.561+0800: 18299.120: [CMS-concurrent-abortable-preclean: 2.960/2.963 secs] [Times: user=4.54 sys=0.33, real=2.96 secs] 
2016-10-17T15:58:51.562+0800: 18299.121: [GC (CMS Final Remark) [YG occupancy: 391735 K (685696 K)]2016-10-17T15:58:51.562+0800: 18299.121: [Rescan (parallel) , 0.0241410 secs]2016-10-17T15:58:51.586+0800: 18299.145: [weak refs processing, 0.0013689 secs]2016-10-17T15:58:51.587+0800: 18299.146: [class unloading, 0.0153353 secs]2016-10-17T15:58:51.603+0800: 18299.162: [scrub symbol table, 0.0047928 secs]2016-10-17T15:58:51.608+0800: 18299.166: [scrub string table, 0.0007121 secs][1 CMS-remark: 1271069K(1798144K)] 1662805K(2483840K), 0.0473681 secs] [Times: user=0.12 sys=0.00, real=0.05 secs] 
2016-10-17T15:58:51.610+0800: 18299.168: [CMS-concurrent-sweep-start]
2016-10-17T15:58:51.836+0800: 18299.395: [CMS-concurrent-sweep: 0.227/0.227 secs] [Times: user=0.46 sys=0.03, real=0.23 secs] 
2016-10-17T15:58:51.836+0800: 18299.395: [CMS-concurrent-reset-start]
2016-10-17T15:58:51.840+0800: 18299.398: [CMS-concurrent-reset: 0.003/0.003 secs] [Times: user=0.01 sys=0.00, real=0.00 secs] 
2016-10-17T15:58:53.362+0800: 18300.921: [GC (Allocation Failure) 2016-10-17T15:58:53.362+0800: 18300.921: [ParNew: 685696K->72866K(685696K), 0.0628442 secs] 1810043K->1271912K(2483840K), 0.0629947 secs] [Times: user=0.22 sys=0.00, real=0.06 secs] 
2016-10-17T15:58:57.466+0800: 18305.025: [GC (Allocation Failure) 2016-10-17T15:58:57.466+0800: 18305.025: [ParNew: 682339K->55988K(685696K), 0.0295365 secs] 1881384K->1304705K(2483840K), 0.0297484 secs] [Times: user=0.11 sys=0.00, real=0.03 secs] 
2016-10-17T15:59:02.798+0800: 18310.357: [GC (Allocation Failure) 2016-10-17T15:59:02.799+0800: 18310.357: [ParNew: 665374K->56381K(685696K), 0.0143999 secs] 1914091K->1305098K(2483840K), 0.0145314 secs] [Times: user=0.06 sys=0.00, real=0.01 secs] 
2016-10-17T15:59:13.961+0800: 18321.520: [GC (Allocation Failure) 2016-10-17T15:59:13.961+0800: 18321.520: [ParNew: 665778K->76160K(685696K), 0.0334921 secs] 1914495K->1376024K(2483840K), 0.0336554 secs] [Times: user=0.13 sys=0.00, real=0.03 secs] 
2016-10-17T15:59:13.996+0800: 18321.554: [GC (CMS Initial Mark) [1 CMS-initial-mark: 1299864K(1798144K)] 1376491K(2483840K), 0.0052061 secs] [Times: user=0.01 sys=0.00, real=0.01 secs] 
2016-10-17T15:59:14.001+0800: 18321.560: [CMS-concurrent-mark-start]
2016-10-17T15:59:14.335+0800: 18321.893: [CMS-concurrent-mark: 0.334/0.334 secs] [Times: user=0.41 sys=0.03, real=0.33 secs] 
2016-10-17T15:59:14.335+0800: 18321.893: [CMS-concurrent-preclean-start]
2016-10-17T15:59:14.339+0800: 18321.898: [CMS-concurrent-preclean: 0.004/0.005 secs] [Times: user=0.01 sys=0.01, real=0.01 secs] 
2016-10-17T15:59:14.339+0800: 18321.898: [CMS-concurrent-abortable-preclean-start]
2016-10-17T15:59:19.307+0800: 18326.865: [CMS-concurrent-abortable-preclean: 4.810/4.967 secs] [Times: user=5.69 sys=0.42, real=4.97 secs] 
2016-10-17T15:59:19.307+0800: 18326.866: [GC (CMS Final Remark) [YG occupancy: 381029 K (685696 K)]2016-10-17T15:59:19.307+0800: 18326.866: [Rescan (parallel) , 0.0333693 secs]2016-10-17T15:59:19.341+0800: 18326.899: [weak refs processing, 0.0005703 secs]2016-10-17T15:59:19.341+0800: 18326.900: [class unloading, 0.0335993 secs]2016-10-17T15:59:19.375+0800: 18326.934: [scrub symbol table, 0.0075981 secs]2016-10-17T15:59:19.383+0800: 18326.941: [scrub string table, 0.1731945 secs][1 CMS-remark: 1299864K(1798144K)] 1680894K(2483840K), 0.2633168 secs] [Times: user=0.29 sys=0.02, real=0.26 secs] 
2016-10-17T15:59:19.571+0800: 18327.130: [CMS-concurrent-sweep-start]
2016-10-17T15:59:19.933+0800: 18327.492: [CMS-concurrent-sweep: 0.362/0.362 secs] [Times: user=0.42 sys=0.02, real=0.36 secs] 
2016-10-17T15:59:19.933+0800: 18327.492: [CMS-concurrent-reset-start]
2016-10-17T15:59:20.134+0800: 18327.692: [CMS-concurrent-reset: 0.201/0.201 secs] [Times: user=0.17 sys=0.03, real=0.20 secs] 
2016-10-17T15:59:25.493+0800: 18333.052: [GC (Allocation Failure) 2016-10-17T15:59:25.493+0800: 18333.052: [ParNew: 685650K->76160K(685696K), 0.0374872 secs] 1633619K->1099362K(2483840K), 0.0376171 secs] [Times: user=0.15 sys=0.00, real=0.04 secs] 
2016-10-17T15:59:30.671+0800: 18338.230: [GC (Allocation Failure) 2016-10-17T15:59:30.671+0800: 18338.230: [ParNew: 685696K->68368K(685696K), 0.0320240 secs] 1708898K->1159668K(2483840K), 0.0321639 secs] [Times: user=0.11 sys=0.00, real=0.03 secs] 
2016-10-17T15:59:33.969+0800: 18341.528: [GC (Allocation Failure) 2016-10-17T15:59:33.969+0800: 18341.528: [ParNew: 677715K->64920K(685696K), 0.0130889 secs] 1769016K->1156221K(2483840K), 0.0132287 secs] [Times: user=0.05 sys=0.00, real=0.01 secs] 
2016-10-17T15:59:38.402+0800: 18345.960: [GC (Allocation Failure) 2016-10-17T15:59:38.402+0800: 18345.960: [ParNew: 674440K->76160K(685696K), 0.0876304 secs] 1765740K->1203029K(2483840K), 0.0877618 secs] [Times: user=0.20 sys=0.01, real=0.09 secs] 
2016-10-17T15:59:43.070+0800: 18350.629: [GC (Allocation Failure) 2016-10-17T15:59:43.070+0800: 18350.629: [ParNew: 685473K->76160K(685696K), 0.0342175 secs] 1812343K->1278048K(2483840K), 0.0343545 secs] [Times: user=0.13 sys=0.00, real=0.03 secs] 
2016-10-17T15:59:47.606+0800: 18355.165: [GC (Allocation Failure) 2016-10-17T15:59:47.607+0800: 18355.165: [ParNew: 685685K->76160K(685696K), 0.0395895 secs] 1887573K->1365864K(2483840K), 0.0397573 secs] [Times: user=0.14 sys=0.00, real=0.04 secs] 
2016-10-17T15:59:47.647+0800: 18355.206: [GC (CMS Initial Mark) [1 CMS-initial-mark: 1289704K(1798144K)] 1366192K(2483840K), 0.0029839 secs] [Times: user=0.01 sys=0.00, real=0.00 secs] 
2016-10-17T15:59:47.650+0800: 18355.209: [CMS-concurrent-mark-start]
2016-10-17T15:59:47.802+0800: 18355.361: [CMS-concurrent-mark: 0.152/0.152 secs] [Times: user=0.20 sys=0.02, real=0.15 secs] 
2016-10-17T15:59:47.802+0800: 18355.361: [CMS-concurrent-preclean-start]
2016-10-17T15:59:47.808+0800: 18355.367: [CMS-concurrent-preclean: 0.006/0.006 secs] [Times: user=0.01 sys=0.00, real=0.01 secs] 
2016-10-17T15:59:47.808+0800: 18355.367: [CMS-concurrent-abortable-preclean-start]
2016-10-17T15:59:50.464+0800: 18358.023: [CMS-concurrent-abortable-preclean: 2.654/2.656 secs] [Times: user=3.42 sys=0.32, real=2.65 secs] 
2016-10-17T15:59:50.464+0800: 18358.023: [GC (CMS Final Remark) [YG occupancy: 384049 K (685696 K)]2016-10-17T15:59:50.464+0800: 18358.023: [Rescan (parallel) , 0.0164004 secs]2016-10-17T15:59:50.481+0800: 18358.040: [weak refs processing, 0.0006247 secs]2016-10-17T15:59:50.481+0800: 18358.040: [class unloading, 0.0128480 secs]2016-10-17T15:59:50.494+0800: 18358.053: [scrub symbol table, 0.0040005 secs]2016-10-17T15:59:50.498+0800: 18358.057: [scrub string table, 0.0007252 secs][1 CMS-remark: 1289704K(1798144K)] 1673754K(2483840K), 0.0351684 secs] [Times: user=0.09 sys=0.00, real=0.04 secs] 
2016-10-17T15:59:50.500+0800: 18358.058: [CMS-concurrent-sweep-start]
2016-10-17T15:59:50.753+0800: 18358.312: [CMS-concurrent-sweep: 0.251/0.254 secs] [Times: user=0.34 sys=0.04, real=0.25 secs] 
2016-10-17T15:59:50.753+0800: 18358.312: [CMS-concurrent-reset-start]
2016-10-17T15:59:50.757+0800: 18358.316: [CMS-concurrent-reset: 0.003/0.003 secs] [Times: user=0.01 sys=0.00, real=0.01 secs] 
2016-10-17T15:59:52.738+0800: 18360.297: [GC (Allocation Failure) 2016-10-17T15:59:52.739+0800: 18360.297: [ParNew: 685665K->76160K(685696K), 0.0297881 secs] 1665411K->1136012K(2483840K), 0.0299206 secs] [Times: user=0.11 sys=0.00, real=0.03 secs] 
2016-10-17T15:59:57.430+0800: 18364.989: [GC (Allocation Failure) 2016-10-17T15:59:57.430+0800: 18364.989: [ParNew: 685696K->76160K(685696K), 0.0351600 secs] 1745548K->1219938K(2483840K), 0.0353301 secs] [Times: user=0.13 sys=0.00, real=0.03 secs] 
2016-10-17T16:00:04.179+0800: 18371.738: [GC (Allocation Failure) 2016-10-17T16:00:04.179+0800: 18371.738: [ParNew: 685696K->76160K(685696K), 0.0473033 secs] 1829474K->1290469K(2483840K), 0.0474675 secs] [Times: user=0.12 sys=0.00, real=0.05 secs] 
2016-10-17T16:00:12.784+0800: 18380.343: [GC (Allocation Failure) 2016-10-17T16:00:12.784+0800: 18380.343: [ParNew: 685691K->76160K(685696K), 0.0428164 secs] 1900001K->1372820K(2483840K), 0.0429726 secs] [Times: user=0.16 sys=0.00, real=0.05 secs] 
2016-10-17T16:00:12.827+0800: 18380.386: [GC (CMS Initial Mark) [1 CMS-initial-mark: 1296660K(1798144K)] 1373377K(2483840K), 0.0048950 secs] [Times: user=0.01 sys=0.00, real=0.00 secs] 
2016-10-17T16:00:12.832+0800: 18380.391: [CMS-concurrent-mark-start]
2016-10-17T16:00:13.012+0800: 18380.571: [CMS-concurrent-mark: 0.180/0.180 secs] [Times: user=0.25 sys=0.01, real=0.18 secs] 
2016-10-17T16:00:13.012+0800: 18380.571: [CMS-concurrent-preclean-start]
2016-10-17T16:00:13.017+0800: 18380.576: [CMS-concurrent-preclean: 0.005/0.005 secs] [Times: user=0.01 sys=0.00, real=0.01 secs] 
2016-10-17T16:00:13.017+0800: 18380.576: [CMS-concurrent-abortable-preclean-start]
2016-10-17T16:00:16.587+0800: 18384.146: [CMS-concurrent-abortable-preclean: 3.568/3.570 secs] [Times: user=4.45 sys=0.29, real=3.57 secs] 
2016-10-17T16:00:16.588+0800: 18384.147: [GC (CMS Final Remark) [YG occupancy: 388801 K (685696 K)]2016-10-17T16:00:16.588+0800: 18384.147: [Rescan (parallel) , 0.2160255 secs]2016-10-17T16:00:16.804+0800: 18384.363: [weak refs processing, 0.0006305 secs]2016-10-17T16:00:16.805+0800: 18384.363: [class unloading, 0.0213610 secs]2016-10-17T16:00:16.826+0800: 18384.385: [scrub symbol table, 0.0061538 secs]2016-10-17T16:00:16.832+0800: 18384.391: [scrub string table, 0.0007683 secs][1 CMS-remark: 1296660K(1798144K)] 1685461K(2483840K), 0.2454629 secs] [Times: user=0.44 sys=0.03, real=0.24 secs] 
2016-10-17T16:00:16.834+0800: 18384.393: [CMS-concurrent-sweep-start]
2016-10-17T16:00:17.130+0800: 18384.689: [CMS-concurrent-sweep: 0.296/0.296 secs] [Times: user=0.29 sys=0.03, real=0.30 secs] 
2016-10-17T16:00:17.130+0800: 18384.689: [CMS-concurrent-reset-start]
2016-10-17T16:00:17.134+0800: 18384.693: [CMS-concurrent-reset: 0.004/0.004 secs] [Times: user=0.01 sys=0.00, real=0.00 secs] 
2016-10-17T16:00:21.927+0800: 18389.486: [GC (Allocation Failure) 2016-10-17T16:00:21.927+0800: 18389.486: [ParNew: 685634K->76160K(685696K), 0.0586393 secs] 1698109K->1166474K(2483840K), 0.0587918 secs] [Times: user=0.17 sys=0.00, real=0.05 secs] 
2016-10-17T16:00:31.456+0800: 18399.015: [GC (Allocation Failure) 2016-10-17T16:00:31.456+0800: 18399.015: [ParNew: 685656K->76160K(685696K), 0.0337356 secs] 1775971K->1235701K(2483840K), 0.0338719 secs] [Times: user=0.12 sys=0.00, real=0.03 secs] 
2016-10-17T16:00:36.764+0800: 18404.323: [GC (Allocation Failure) 2016-10-17T16:00:36.764+0800: 18404.323: [ParNew: 685528K->76160K(685696K), 0.0465849 secs] 1845070K->1313543K(2483840K), 0.0467433 secs] [Times: user=0.16 sys=0.00, real=0.05 secs] 
2016-10-17T16:00:42.666+0800: 18410.225: [GC (Allocation Failure) 2016-10-17T16:00:42.666+0800: 18410.225: [ParNew: 685558K->76160K(685696K), 0.0404974 secs] 1922941K->1390040K(2483840K), 0.0406471 secs] [Times: user=0.16 sys=0.00, real=0.05 secs] 
2016-10-17T16:00:42.707+0800: 18410.266: [GC (CMS Initial Mark) [1 CMS-initial-mark: 1313880K(1798144K)] 1390296K(2483840K), 0.0044321 secs] [Times: user=0.01 sys=0.00, real=0.00 secs] 
2016-10-17T16:00:42.712+0800: 18410.271: [CMS-concurrent-mark-start]
2016-10-17T16:00:43.029+0800: 18410.588: [CMS-concurrent-mark: 0.317/0.317 secs] [Times: user=0.36 sys=0.03, real=0.32 secs] 
2016-10-17T16:00:43.029+0800: 18410.588: [CMS-concurrent-preclean-start]
2016-10-17T16:00:43.034+0800: 18410.593: [CMS-concurrent-preclean: 0.005/0.005 secs] [Times: user=0.00 sys=0.00, real=0.00 secs] 
2016-10-17T16:00:43.034+0800: 18410.593: [CMS-concurrent-abortable-preclean-start]
2016-10-17T16:00:46.265+0800: 18413.824: [CMS-concurrent-abortable-preclean: 3.230/3.231 secs] [Times: user=4.16 sys=0.25, real=3.23 secs] 
2016-10-17T16:00:46.267+0800: 18413.826: [GC (CMS Final Remark) [YG occupancy: 383263 K (685696 K)]2016-10-17T16:00:46.267+0800: 18413.826: [Rescan (parallel) , 0.0151891 secs]2016-10-17T16:00:46.282+0800: 18413.841: [weak refs processing, 0.0007013 secs]2016-10-17T16:00:46.283+0800: 18413.842: [class unloading, 0.0131497 secs]2016-10-17T16:00:46.296+0800: 18413.855: [scrub symbol table, 0.0047487 secs]2016-10-17T16:00:46.301+0800: 18413.860: [scrub string table, 0.0007134 secs][1 CMS-remark: 1313880K(1798144K)] 1697144K(2483840K), 0.0352161 secs] [Times: user=0.08 sys=0.00, real=0.03 secs] 
2016-10-17T16:00:46.302+0800: 18413.861: [CMS-concurrent-sweep-start]
2016-10-17T16:00:46.392+0800: 18413.950: [CMS-concurrent-sweep: 0.089/0.089 secs] [Times: user=0.12 sys=0.01, real=0.09 secs] 
2016-10-17T16:00:46.392+0800: 18413.951: [CMS-concurrent-reset-start]
2016-10-17T16:00:46.395+0800: 18413.954: [CMS-concurrent-reset: 0.003/0.003 secs] [Times: user=0.01 sys=0.00, real=0.00 secs] 
2016-10-17T16:00:49.541+0800: 18417.100: [GC (Allocation Failure) 2016-10-17T16:00:49.541+0800: 18417.100: [ParNew: 685696K->76160K(685696K), 0.0377290 secs] 1717800K->1195244K(2483840K), 0.0378576 secs] [Times: user=0.13 sys=0.00, real=0.04 secs] 
2016-10-17T16:00:55.578+0800: 18423.137: [GC (Allocation Failure) 2016-10-17T16:00:55.578+0800: 18423.137: [ParNew: 685693K->76160K(685696K), 0.0343139 secs] 1804777K->1258455K(2483840K), 0.0344366 secs] [Times: user=0.13 sys=0.00, real=0.03 secs] 
2016-10-17T16:01:01.086+0800: 18428.644: [GC (Allocation Failure) 2016-10-17T16:01:01.086+0800: 18428.644: [ParNew: 685696K->76160K(685696K), 0.0408306 secs] 1867991K->1345316K(2483840K), 0.0409696 secs] [Times: user=0.13 sys=0.00, real=0.05 secs] 
2016-10-17T16:01:01.127+0800: 18428.686: [GC (CMS Initial Mark) [1 CMS-initial-mark: 1269156K(1798144K)] 1345872K(2483840K), 0.0026786 secs] [Times: user=0.01 sys=0.00, real=0.00 secs] 
2016-10-17T16:01:01.130+0800: 18428.689: [CMS-concurrent-mark-start]
2016-10-17T16:01:01.459+0800: 18429.018: [CMS-concurrent-mark: 0.329/0.329 secs] [Times: user=0.37 sys=0.02, real=0.33 secs] 
2016-10-17T16:01:01.459+0800: 18429.018: [CMS-concurrent-preclean-start]
2016-10-17T16:01:01.464+0800: 18429.023: [CMS-concurrent-preclean: 0.005/0.005 secs] [Times: user=0.01 sys=0.00, real=0.00 secs] 
2016-10-17T16:01:01.464+0800: 18429.023: [CMS-concurrent-abortable-preclean-start]
2016-10-17T16:01:05.589+0800: 18433.147: [CMS-concurrent-abortable-preclean: 4.122/4.125 secs] [Times: user=4.78 sys=0.59, real=4.13 secs] 
2016-10-17T16:01:05.589+0800: 18433.148: [GC (CMS Final Remark) [YG occupancy: 383883 K (685696 K)]2016-10-17T16:01:05.589+0800: 18433.148: [Rescan (parallel) , 0.0199027 secs]2016-10-17T16:01:05.609+0800: 18433.168: [weak refs processing, 0.0004609 secs]2016-10-17T16:01:05.610+0800: 18433.168: [class unloading, 0.0161260 secs]2016-10-17T16:01:05.626+0800: 18433.185: [scrub symbol table, 0.0050430 secs]2016-10-17T16:01:05.631+0800: 18433.190: [scrub string table, 0.0007102 secs][1 CMS-remark: 1269156K(1798144K)] 1653039K(2483840K), 0.0426643 secs] [Times: user=0.10 sys=0.00, real=0.04 secs] 
2016-10-17T16:01:05.632+0800: 18433.191: [CMS-concurrent-sweep-start]
2016-10-17T16:01:05.865+0800: 18433.424: [CMS-concurrent-sweep: 0.233/0.233 secs] [Times: user=0.26 sys=0.02, real=0.23 secs] 
2016-10-17T16:01:05.865+0800: 18433.424: [CMS-concurrent-reset-start]
2016-10-17T16:01:05.869+0800: 18433.427: [CMS-concurrent-reset: 0.004/0.004 secs] [Times: user=0.00 sys=0.00, real=0.01 secs] 
2016-10-17T16:01:11.333+0800: 18438.891: [GC (Allocation Failure) 2016-10-17T16:01:11.333+0800: 18438.892: [ParNew: 685597K->76160K(685696K), 0.0391785 secs] 1753136K->1208624K(2483840K), 0.0393737 secs] [Times: user=0.14 sys=0.00, real=0.04 secs] 
2016-10-17T16:01:18.482+0800: 18446.041: [GC (Allocation Failure) 2016-10-17T16:01:18.482+0800: 18446.041: [ParNew: 685621K->76160K(685696K), 0.1818646 secs] 1818085K->1286614K(2483840K), 0.1820341 secs] [Times: user=0.27 sys=0.01, real=0.18 secs] 
2016-10-17T16:01:26.875+0800: 18454.434: [GC (Allocation Failure) 2016-10-17T16:01:26.875+0800: 18454.434: [ParNew: 685667K->76160K(685696K), 0.0446082 secs] 1896122K->1356222K(2483840K), 0.0447475 secs] [Times: user=0.17 sys=0.00, real=0.05 secs] 
2016-10-17T16:01:26.921+0800: 18454.479: [GC (CMS Initial Mark) [1 CMS-initial-mark: 1280062K(1798144K)] 1356856K(2483840K), 0.0059589 secs] [Times: user=0.01 sys=0.00, real=0.01 secs] 
2016-10-17T16:01:26.927+0800: 18454.485: [CMS-concurrent-mark-start]
2016-10-17T16:01:27.349+0800: 18454.907: [CMS-concurrent-mark: 0.422/0.422 secs] [Times: user=0.54 sys=0.04, real=0.42 secs] 
2016-10-17T16:01:27.349+0800: 18454.907: [CMS-concurrent-preclean-start]
2016-10-17T16:01:27.354+0800: 18454.913: [CMS-concurrent-preclean: 0.006/0.006 secs] [Times: user=0.01 sys=0.00, real=0.00 secs] 
2016-10-17T16:01:27.355+0800: 18454.913: [CMS-concurrent-abortable-preclean-start]
2016-10-17T16:01:30.711+0800: 18458.269: [CMS-concurrent-abortable-preclean: 3.353/3.356 secs] [Times: user=4.16 sys=0.36, real=3.36 secs] 
2016-10-17T16:01:30.712+0800: 18458.271: [GC (CMS Final Remark) [YG occupancy: 385109 K (685696 K)]2016-10-17T16:01:30.712+0800: 18458.271: [Rescan (parallel) , 0.0178141 secs]2016-10-17T16:01:30.730+0800: 18458.288: [weak refs processing, 0.0003850 secs]2016-10-17T16:01:30.730+0800: 18458.289: [class unloading, 0.0150707 secs]2016-10-17T16:01:30.745+0800: 18458.304: [scrub symbol table, 0.0046574 secs]2016-10-17T16:01:30.750+0800: 18458.309: [scrub string table, 0.0007447 secs][1 CMS-remark: 1280062K(1798144K)] 1665172K(2483840K), 0.0390613 secs] [Times: user=0.10 sys=0.00, real=0.04 secs] 
2016-10-17T16:01:30.752+0800: 18458.311: [CMS-concurrent-sweep-start]
2016-10-17T16:01:30.934+0800: 18458.493: [CMS-concurrent-sweep: 0.182/0.182 secs] [Times: user=0.21 sys=0.01, real=0.18 secs] 
2016-10-17T16:01:30.934+0800: 18458.493: [CMS-concurrent-reset-start]
2016-10-17T16:01:30.938+0800: 18458.496: [CMS-concurrent-reset: 0.003/0.003 secs] [Times: user=0.01 sys=0.00, real=0.01 secs] 
2016-10-17T16:01:33.712+0800: 18461.270: [GC (Allocation Failure) 2016-10-17T16:01:33.712+0800: 18461.271: [ParNew: 685443K->76160K(685696K), 0.0472192 secs] 1802573K->1267781K(2483840K), 0.0473711 secs] [Times: user=0.17 sys=0.00, real=0.05 secs] 
2016-10-17T16:01:39.063+0800: 18466.622: [GC (Allocation Failure) 2016-10-17T16:01:39.063+0800: 18466.622: [ParNew: 685456K->76160K(685696K), 0.0377929 secs] 1877077K->1352328K(2483840K), 0.0379467 secs] [Times: user=0.14 sys=0.00, real=0.04 secs] 
2016-10-17T16:01:39.102+0800: 18466.661: [GC (CMS Initial Mark) [1 CMS-initial-mark: 1276168K(1798144K)] 1352584K(2483840K), 0.0034009 secs] [Times: user=0.01 sys=0.00, real=0.00 secs] 
2016-10-17T16:01:39.105+0800: 18466.664: [CMS-concurrent-mark-start]
2016-10-17T16:01:39.550+0800: 18467.108: [CMS-concurrent-mark: 0.444/0.444 secs] [Times: user=0.56 sys=0.05, real=0.45 secs] 
2016-10-17T16:01:39.550+0800: 18467.108: [CMS-concurrent-preclean-start]
2016-10-17T16:01:39.556+0800: 18467.114: [CMS-concurrent-preclean: 0.006/0.006 secs] [Times: user=0.01 sys=0.00, real=0.00 secs] 
2016-10-17T16:01:39.556+0800: 18467.115: [CMS-concurrent-abortable-preclean-start]
2016-10-17T16:01:42.172+0800: 18469.731: [CMS-concurrent-abortable-preclean: 2.514/2.616 secs] [Times: user=3.01 sys=0.35, real=2.62 secs] 
2016-10-17T16:01:42.172+0800: 18469.731: [GC (CMS Final Remark) [YG occupancy: 384860 K (685696 K)]2016-10-17T16:01:42.172+0800: 18469.731: [Rescan (parallel) , 0.0160571 secs]2016-10-17T16:01:42.189+0800: 18469.747: [weak refs processing, 0.0002803 secs]2016-10-17T16:01:42.189+0800: 18469.748: [class unloading, 0.0145045 secs]2016-10-17T16:01:42.203+0800: 18469.762: [scrub symbol table, 0.0048773 secs]2016-10-17T16:01:42.208+0800: 18469.767: [scrub string table, 0.0009188 secs][1 CMS-remark: 1276168K(1798144K)] 1661028K(2483840K), 0.0370630 secs] [Times: user=0.09 sys=0.00, real=0.04 secs] 
2016-10-17T16:01:42.210+0800: 18469.769: [CMS-concurrent-sweep-start]
2016-10-17T16:01:42.383+0800: 18469.942: [CMS-concurrent-sweep: 0.173/0.173 secs] [Times: user=0.21 sys=0.01, real=0.17 secs] 
2016-10-17T16:01:42.383+0800: 18469.942: [CMS-concurrent-reset-start]
2016-10-17T16:01:42.387+0800: 18469.946: [CMS-concurrent-reset: 0.004/0.004 secs] [Times: user=0.00 sys=0.00, real=0.01 secs] 
2016-10-17T16:01:45.204+0800: 18472.762: [GC (Allocation Failure) 2016-10-17T16:01:45.204+0800: 18472.762: [ParNew: 685454K->76160K(685696K), 0.0396234 secs] 1840742K->1297712K(2483840K), 0.0397873 secs] [Times: user=0.14 sys=0.00, real=0.04 secs] 
2016-10-17T16:01:50.424+0800: 18477.983: [GC (Allocation Failure) 2016-10-17T16:01:50.424+0800: 18477.983: [ParNew: 685602K->76160K(685696K), 0.0318786 secs] 1907155K->1375998K(2483840K), 0.0320232 secs] [Times: user=0.12 sys=0.00, real=0.04 secs] 
2016-10-17T16:01:50.457+0800: 18478.016: [GC (CMS Initial Mark) [1 CMS-initial-mark: 1299838K(1798144K)] 1376254K(2483840K), 0.0022503 secs] [Times: user=0.01 sys=0.00, real=0.00 secs] 
2016-10-17T16:01:50.459+0800: 18478.018: [CMS-concurrent-mark-start]
2016-10-17T16:01:50.685+0800: 18478.244: [CMS-concurrent-mark: 0.226/0.226 secs] [Times: user=0.31 sys=0.02, real=0.22 secs] 
2016-10-17T16:01:50.685+0800: 18478.244: [CMS-concurrent-preclean-start]
2016-10-17T16:01:50.690+0800: 18478.249: [CMS-concurrent-preclean: 0.005/0.005 secs] [Times: user=0.00 sys=0.00, real=0.01 secs] 
2016-10-17T16:01:50.690+0800: 18478.249: [CMS-concurrent-abortable-preclean-start]
2016-10-17T16:01:53.878+0800: 18481.437: [CMS-concurrent-abortable-preclean: 2.984/3.188 secs] [Times: user=5.19 sys=0.32, real=3.19 secs] 
2016-10-17T16:01:53.880+0800: 18481.438: [GC (CMS Final Remark) [YG occupancy: 389174 K (685696 K)]2016-10-17T16:01:53.880+0800: 18481.438: [Rescan (parallel) , 0.0153119 secs]2016-10-17T16:01:53.895+0800: 18481.454: [weak refs processing, 0.0002106 secs]2016-10-17T16:01:53.895+0800: 18481.454: [class unloading, 0.1077191 secs]2016-10-17T16:01:54.003+0800: 18481.562: [scrub symbol table, 0.0048316 secs]2016-10-17T16:01:54.008+0800: 18481.567: [scrub string table, 0.0008087 secs][1 CMS-remark: 1299838K(1798144K)] 1689013K(2483840K), 0.1291886 secs] [Times: user=0.16 sys=0.01, real=0.13 secs] 
2016-10-17T16:01:54.009+0800: 18481.568: [CMS-concurrent-sweep-start]
2016-10-17T16:01:54.185+0800: 18481.744: [CMS-concurrent-sweep: 0.173/0.176 secs] [Times: user=0.21 sys=0.01, real=0.17 secs] 
2016-10-17T16:01:54.185+0800: 18481.744: [CMS-concurrent-reset-start]
2016-10-17T16:01:54.189+0800: 18481.748: [CMS-concurrent-reset: 0.003/0.003 secs] [Times: user=0.01 sys=0.00, real=0.01 secs] 
2016-10-17T16:02:00.702+0800: 18488.261: [GC (Allocation Failure) 2016-10-17T16:02:00.702+0800: 18488.261: [ParNew: 685664K->76160K(685696K), 0.0595267 secs] 1733149K->1209546K(2483840K), 0.0596843 secs] [Times: user=0.11 sys=0.00, real=0.06 secs] 
2016-10-17T16:02:09.596+0800: 18497.154: [GC (Allocation Failure) 2016-10-17T16:02:09.596+0800: 18497.154: [ParNew: 685554K->76160K(685696K), 0.0345909 secs] 1818940K->1271875K(2483840K), 0.0347169 secs] [Times: user=0.13 sys=0.00, real=0.04 secs] 
2016-10-17T16:02:15.720+0800: 18503.279: [GC (Allocation Failure) 2016-10-17T16:02:15.720+0800: 18503.279: [ParNew: 685696K->76160K(685696K), 0.0311075 secs] 1881411K->1351013K(2483840K), 0.0312271 secs] [Times: user=0.12 sys=0.00, real=0.03 secs] 
2016-10-17T16:02:15.752+0800: 18503.311: [GC (CMS Initial Mark) [1 CMS-initial-mark: 1274853K(1798144K)] 1351269K(2483840K), 0.0030781 secs] [Times: user=0.01 sys=0.00, real=0.00 secs] 
2016-10-17T16:02:15.755+0800: 18503.314: [CMS-concurrent-mark-start]
2016-10-17T16:02:15.886+0800: 18503.445: [CMS-concurrent-mark: 0.131/0.131 secs] [Times: user=0.16 sys=0.01, real=0.14 secs] 
2016-10-17T16:02:15.886+0800: 18503.445: [CMS-concurrent-preclean-start]
2016-10-17T16:02:15.893+0800: 18503.452: [CMS-concurrent-preclean: 0.007/0.007 secs] [Times: user=0.01 sys=0.00, real=0.00 secs] 
2016-10-17T16:02:15.893+0800: 18503.452: [CMS-concurrent-abortable-preclean-start]
 CMS: abort preclean due to time 2016-10-17T16:02:21.007+0800: 18508.566: [CMS-concurrent-abortable-preclean: 5.101/5.114 secs] [Times: user=5.64 sys=0.51, real=5.12 secs] 
2016-10-17T16:02:21.008+0800: 18508.567: [GC (CMS Final Remark) [YG occupancy: 248737 K (685696 K)]2016-10-17T16:02:21.008+0800: 18508.567: [Rescan (parallel) , 0.0209717 secs]2016-10-17T16:02:21.029+0800: 18508.588: [weak refs processing, 0.0006056 secs]2016-10-17T16:02:21.030+0800: 18508.589: [class unloading, 0.0186364 secs]2016-10-17T16:02:21.048+0800: 18508.607: [scrub symbol table, 0.0072382 secs]2016-10-17T16:02:21.056+0800: 18508.614: [scrub string table, 0.0010057 secs][1 CMS-remark: 1274853K(1798144K)] 1523590K(2483840K), 0.0489841 secs] [Times: user=0.10 sys=0.00, real=0.05 secs] 
2016-10-17T16:02:21.170+0800: 18508.729: [CMS-concurrent-sweep-start]
2016-10-17T16:02:21.543+0800: 18509.102: [CMS-concurrent-sweep: 0.373/0.373 secs] [Times: user=0.42 sys=0.02, real=0.37 secs] 
2016-10-17T16:02:21.543+0800: 18509.102: [CMS-concurrent-reset-start]
2016-10-17T16:02:21.547+0800: 18509.106: [CMS-concurrent-reset: 0.003/0.003 secs] [Times: user=0.01 sys=0.00, real=0.01 secs] 
2016-10-17T16:02:29.399+0800: 18516.958: [GC (Allocation Failure) 2016-10-17T16:02:29.399+0800: 18516.958: [ParNew: 685696K->76160K(685696K), 0.0521280 secs] 1666777K->1146754K(2483840K), 0.0522663 secs] [Times: user=0.14 sys=0.00, real=0.05 secs] 
2016-10-17T16:02:35.917+0800: 18523.476: [GC (Allocation Failure) 2016-10-17T16:02:35.917+0800: 18523.476: [ParNew: 685634K->76160K(685696K), 0.1397727 secs] 1756229K->1212950K(2483840K), 0.1399273 secs] [Times: user=0.14 sys=0.00, real=0.14 secs] 
2016-10-17T16:02:41.083+0800: 18528.641: [GC (Allocation Failure) 2016-10-17T16:02:41.083+0800: 18528.641: [ParNew: 685447K->76160K(685696K), 0.0381522 secs] 1822238K->1291668K(2483840K), 0.0383126 secs] [Times: user=0.14 sys=0.00, real=0.04 secs] 
2016-10-17T16:02:46.394+0800: 18533.952: [GC (Allocation Failure) 2016-10-17T16:02:46.394+0800: 18533.953: [ParNew: 684446K->76160K(685696K), 0.0340922 secs] 1899954K->1368366K(2483840K), 0.0342449 secs] [Times: user=0.13 sys=0.00, real=0.04 secs] 
2016-10-17T16:02:46.429+0800: 18533.987: [GC (CMS Initial Mark) [1 CMS-initial-mark: 1292206K(1798144K)] 1370416K(2483840K), 0.0029019 secs] [Times: user=0.01 sys=0.00, real=0.00 secs] 
2016-10-17T16:02:46.432+0800: 18533.990: [CMS-concurrent-mark-start]
2016-10-17T16:02:46.600+0800: 18534.159: [CMS-concurrent-mark: 0.169/0.169 secs] [Times: user=0.23 sys=0.01, real=0.17 secs] 
2016-10-17T16:02:46.600+0800: 18534.159: [CMS-concurrent-preclean-start]
2016-10-17T16:02:46.606+0800: 18534.165: [CMS-concurrent-preclean: 0.005/0.005 secs] [Times: user=0.01 sys=0.00, real=0.01 secs] 
2016-10-17T16:02:46.606+0800: 18534.165: [CMS-concurrent-abortable-preclean-start]
2016-10-17T16:02:50.100+0800: 18537.659: [CMS-concurrent-abortable-preclean: 3.493/3.494 secs] [Times: user=4.47 sys=0.36, real=3.49 secs] 
2016-10-17T16:02:50.101+0800: 18537.659: [GC (CMS Final Remark) [YG occupancy: 382471 K (685696 K)]2016-10-17T16:02:50.101+0800: 18537.659: [Rescan (parallel) , 0.0184279 secs]2016-10-17T16:02:50.119+0800: 18537.678: [weak refs processing, 0.0006635 secs]2016-10-17T16:02:50.120+0800: 18537.679: [class unloading, 0.0136223 secs]2016-10-17T16:02:50.133+0800: 18537.692: [scrub symbol table, 0.0044733 secs]2016-10-17T16:02:50.138+0800: 18537.697: [scrub string table, 0.0007039 secs][1 CMS-remark: 1292206K(1798144K)] 1674678K(2483840K), 0.0384551 secs] [Times: user=0.10 sys=0.00, real=0.04 secs] 
2016-10-17T16:02:50.139+0800: 18537.698: [CMS-concurrent-sweep-start]
2016-10-17T16:02:50.220+0800: 18537.779: [CMS-concurrent-sweep: 0.081/0.081 secs] [Times: user=0.12 sys=0.00, real=0.08 secs] 
2016-10-17T16:02:50.220+0800: 18537.779: [CMS-concurrent-reset-start]
2016-10-17T16:02:50.224+0800: 18537.783: [CMS-concurrent-reset: 0.003/0.003 secs] [Times: user=0.00 sys=0.00, real=0.00 secs] 
2016-10-17T16:02:53.191+0800: 18540.750: [GC (Allocation Failure) 2016-10-17T16:02:53.191+0800: 18540.750: [ParNew: 685579K->76160K(685696K), 0.0407361 secs] 1695621K->1166456K(2483840K), 0.0408739 secs] [Times: user=0.15 sys=0.00, real=0.04 secs] 
2016-10-17T16:02:59.057+0800: 18546.616: [GC (Allocation Failure) 2016-10-17T16:02:59.057+0800: 18546.616: [ParNew: 685696K->76160K(685696K), 0.0453098 secs] 1775992K->1243115K(2483840K), 0.0454386 secs] [Times: user=0.14 sys=0.00, real=0.04 secs] 
2016-10-17T16:03:05.670+0800: 18553.229: [GC (Allocation Failure) 2016-10-17T16:03:05.670+0800: 18553.229: [ParNew: 685696K->76160K(685696K), 0.0461565 secs] 1852651K->1318437K(2483840K), 0.0463387 secs] [Times: user=0.17 sys=0.00, real=0.05 secs] 
2016-10-17T16:03:15.943+0800: 18563.502: [GC (Allocation Failure) 2016-10-17T16:03:15.943+0800: 18563.502: [ParNew: 685678K->76160K(685696K), 0.0463178 secs] 1927956K->1393552K(2483840K), 0.0464858 secs] [Times: user=0.17 sys=0.00, real=0.05 secs] 
2016-10-17T16:03:15.990+0800: 18563.549: [GC (CMS Initial Mark) [1 CMS-initial-mark: 1317392K(1798144K)] 1393808K(2483840K), 0.0037775 secs] [Times: user=0.02 sys=0.00, real=0.00 secs] 
2016-10-17T16:03:15.994+0800: 18563.553: [CMS-concurrent-mark-start]
2016-10-17T16:03:16.427+0800: 18563.986: [CMS-concurrent-mark: 0.433/0.433 secs] [Times: user=0.49 sys=0.04, real=0.44 secs] 
2016-10-17T16:03:16.427+0800: 18563.986: [CMS-concurrent-preclean-start]
2016-10-17T16:03:16.434+0800: 18563.993: [CMS-concurrent-preclean: 0.007/0.007 secs] [Times: user=0.01 sys=0.00, real=0.00 secs] 
2016-10-17T16:03:16.434+0800: 18563.993: [CMS-concurrent-abortable-preclean-start]
 CMS: abort preclean due to time 2016-10-17T16:03:21.479+0800: 18569.038: [CMS-concurrent-abortable-preclean: 5.043/5.044 secs] [Times: user=5.56 sys=0.39, real=5.05 secs] 
2016-10-17T16:03:21.479+0800: 18569.038: [GC (CMS Final Remark) [YG occupancy: 278439 K (685696 K)]2016-10-17T16:03:21.479+0800: 18569.038: [Rescan (parallel) , 0.0147780 secs]2016-10-17T16:03:21.494+0800: 18569.053: [weak refs processing, 0.0007243 secs]2016-10-17T16:03:21.495+0800: 18569.054: [class unloading, 0.0166486 secs]2016-10-17T16:03:21.512+0800: 18569.070: [scrub symbol table, 0.0050240 secs]2016-10-17T16:03:21.517+0800: 18569.076: [scrub string table, 0.0006942 secs][1 CMS-remark: 1317392K(1798144K)] 1595832K(2483840K), 0.1627924 secs] [Times: user=0.19 sys=0.02, real=0.16 secs] 
2016-10-17T16:03:21.643+0800: 18569.201: [CMS-concurrent-sweep-start]
2016-10-17T16:03:21.760+0800: 18569.319: [CMS-concurrent-sweep: 0.118/0.118 secs] [Times: user=0.15 sys=0.00, real=0.12 secs] 
2016-10-17T16:03:21.761+0800: 18569.319: [CMS-concurrent-reset-start]
2016-10-17T16:03:21.764+0800: 18569.323: [CMS-concurrent-reset: 0.003/0.003 secs] [Times: user=0.01 sys=0.00, real=0.00 secs] 
2016-10-17T16:03:29.682+0800: 18577.241: [GC (Allocation Failure) 2016-10-17T16:03:29.682+0800: 18577.241: [ParNew: 685696K->76160K(685696K), 0.0463970 secs] 1721660K->1188933K(2483840K), 0.0465575 secs] [Times: user=0.17 sys=0.00, real=0.05 secs] 
2016-10-17T16:03:37.897+0800: 18585.455: [GC (Allocation Failure) 2016-10-17T16:03:37.897+0800: 18585.455: [ParNew: 685610K->76160K(685696K), 0.0386249 secs] 1798383K->1273161K(2483840K), 0.0387834 secs] [Times: user=0.15 sys=0.00, real=0.03 secs] 
2016-10-17T16:03:44.513+0800: 18592.072: [GC (Allocation Failure) 2016-10-17T16:03:44.513+0800: 18592.072: [ParNew: 685696K->76160K(685696K), 0.0680817 secs] 1882697K->1357148K(2483840K), 0.0682036 secs] [Times: user=0.25 sys=0.00, real=0.07 secs] 
2016-10-17T16:03:44.582+0800: 18592.141: [GC (CMS Initial Mark) [1 CMS-initial-mark: 1280988K(1798144K)] 1357737K(2483840K), 0.0107693 secs] [Times: user=0.03 sys=0.00, real=0.01 secs] 
2016-10-17T16:03:44.593+0800: 18592.152: [CMS-concurrent-mark-start]
2016-10-17T16:03:44.956+0800: 18592.514: [CMS-concurrent-mark: 0.363/0.363 secs] [Times: user=0.43 sys=0.04, real=0.36 secs] 
2016-10-17T16:03:44.956+0800: 18592.514: [CMS-concurrent-preclean-start]
2016-10-17T16:03:44.962+0800: 18592.521: [CMS-concurrent-preclean: 0.006/0.006 secs] [Times: user=0.01 sys=0.00, real=0.01 secs] 
2016-10-17T16:03:44.962+0800: 18592.521: [CMS-concurrent-abortable-preclean-start]
2016-10-17T16:03:49.008+0800: 18596.567: [CMS-concurrent-abortable-preclean: 4.044/4.046 secs] [Times: user=4.90 sys=0.35, real=4.05 secs] 
2016-10-17T16:03:49.009+0800: 18596.568: [GC (CMS Final Remark) [YG occupancy: 387582 K (685696 K)]2016-10-17T16:03:49.009+0800: 18596.568: [Rescan (parallel) , 0.0218285 secs]2016-10-17T16:03:49.031+0800: 18596.590: [weak refs processing, 0.0023595 secs]2016-10-17T16:03:49.033+0800: 18596.592: [class unloading, 0.0144775 secs]2016-10-17T16:03:49.048+0800: 18596.606: [scrub symbol table, 0.0041576 secs]2016-10-17T16:03:49.052+0800: 18596.611: [scrub string table, 0.0007171 secs][1 CMS-remark: 1280988K(1798144K)] 1668570K(2483840K), 0.0446394 secs] [Times: user=0.11 sys=0.00, real=0.04 secs] 
2016-10-17T16:03:49.054+0800: 18596.612: [CMS-concurrent-sweep-start]
2016-10-17T16:03:49.314+0800: 18596.873: [CMS-concurrent-sweep: 0.260/0.260 secs] [Times: user=0.29 sys=0.03, real=0.26 secs] 
2016-10-17T16:03:49.314+0800: 18596.873: [CMS-concurrent-reset-start]
2016-10-17T16:03:49.318+0800: 18596.877: [CMS-concurrent-reset: 0.004/0.004 secs] [Times: user=0.00 sys=0.01, real=0.01 secs] 
2016-10-17T16:03:52.402+0800: 18599.961: [GC (Allocation Failure) 2016-10-17T16:03:52.402+0800: 18599.961: [ParNew: 685563K->76160K(685696K), 0.0730017 secs] 1742044K->1231522K(2483840K), 0.0731373 secs] [Times: user=0.24 sys=0.00, real=0.07 secs] 
2016-10-17T16:03:59.593+0800: 18607.152: [GC (Allocation Failure) 2016-10-17T16:03:59.593+0800: 18607.152: [ParNew: 685696K->76160K(685696K), 0.0331209 secs] 1841058K->1298928K(2483840K), 0.0332563 secs] [Times: user=0.12 sys=0.00, real=0.04 secs] 
2016-10-17T16:04:06.264+0800: 18613.823: [GC (Allocation Failure) 2016-10-17T16:04:06.264+0800: 18613.823: [ParNew: 685539K->76160K(685696K), 0.0364795 secs] 1908307K->1368843K(2483840K), 0.0366212 secs] [Times: user=0.14 sys=0.00, real=0.04 secs] 
2016-10-17T16:04:06.301+0800: 18613.860: [GC (CMS Initial Mark) [1 CMS-initial-mark: 1292683K(1798144K)] 1369354K(2483840K), 0.0036571 secs] [Times: user=0.01 sys=0.00, real=0.00 secs] 
2016-10-17T16:04:06.305+0800: 18613.864: [CMS-concurrent-mark-start]
2016-10-17T16:04:06.699+0800: 18614.257: [CMS-concurrent-mark: 0.394/0.394 secs] [Times: user=0.49 sys=0.04, real=0.40 secs] 
2016-10-17T16:04:06.699+0800: 18614.257: [CMS-concurrent-preclean-start]
2016-10-17T16:04:06.704+0800: 18614.263: [CMS-concurrent-preclean: 0.005/0.005 secs] [Times: user=0.01 sys=0.00, real=0.00 secs] 
2016-10-17T16:04:06.704+0800: 18614.263: [CMS-concurrent-abortable-preclean-start]
 CMS: abort preclean due to time 2016-10-17T16:04:11.770+0800: 18619.329: [CMS-concurrent-abortable-preclean: 5.065/5.066 secs] [Times: user=5.90 sys=0.49, real=5.07 secs] 
2016-10-17T16:04:11.771+0800: 18619.329: [GC (CMS Final Remark) [YG occupancy: 350521 K (685696 K)]2016-10-17T16:04:11.771+0800: 18619.330: [Rescan (parallel) , 0.0171543 secs]2016-10-17T16:04:11.788+0800: 18619.347: [weak refs processing, 0.0004331 secs]2016-10-17T16:04:11.788+0800: 18619.347: [class unloading, 0.0189835 secs]2016-10-17T16:04:11.807+0800: 18619.366: [scrub symbol table, 0.0053043 secs]2016-10-17T16:04:11.813+0800: 18619.371: [scrub string table, 0.0007227 secs][1 CMS-remark: 1292683K(1798144K)] 1643204K(2483840K), 0.0514120 secs] [Times: user=0.11 sys=0.00, real=0.05 secs] 
2016-10-17T16:04:11.822+0800: 18619.381: [CMS-concurrent-sweep-start]
2016-10-17T16:04:11.918+0800: 18619.477: [CMS-concurrent-sweep: 0.096/0.096 secs] [Times: user=0.13 sys=0.00, real=0.10 secs] 
2016-10-17T16:04:11.918+0800: 18619.477: [CMS-concurrent-reset-start]
2016-10-17T16:04:11.922+0800: 18619.481: [CMS-concurrent-reset: 0.003/0.003 secs] [Times: user=0.01 sys=0.00, real=0.00 secs] 
2016-10-17T16:04:15.370+0800: 18622.928: [GC (Allocation Failure) 2016-10-17T16:04:15.370+0800: 18622.928: [ParNew: 685533K->76160K(685696K), 0.0393425 secs] 1775672K->1243740K(2483840K), 0.0394715 secs] [Times: user=0.15 sys=0.00, real=0.04 secs] 
2016-10-17T16:04:23.773+0800: 18631.332: [GC (Allocation Failure) 2016-10-17T16:04:23.774+0800: 18631.332: [ParNew: 685651K->76160K(685696K), 0.0333199 secs] 1853231K->1322249K(2483840K), 0.0334481 secs] [Times: user=0.13 sys=0.00, real=0.04 secs] 
2016-10-17T16:04:28.511+0800: 18636.070: [GC (Allocation Failure) 2016-10-17T16:04:28.511+0800: 18636.070: [ParNew: 685444K->76160K(685696K), 0.0331106 secs] 1931533K->1386973K(2483840K), 0.0332602 secs] [Times: user=0.13 sys=0.00, real=0.03 secs] 
2016-10-17T16:04:28.545+0800: 18636.104: [GC (CMS Initial Mark) [1 CMS-initial-mark: 1310813K(1798144K)] 1387229K(2483840K), 0.0051731 secs] [Times: user=0.01 sys=0.00, real=0.01 secs] 
2016-10-17T16:04:28.550+0800: 18636.109: [CMS-concurrent-mark-start]
2016-10-17T16:04:29.001+0800: 18636.560: [CMS-concurrent-mark: 0.451/0.451 secs] [Times: user=0.51 sys=0.03, real=0.45 secs] 
2016-10-17T16:04:29.001+0800: 18636.560: [CMS-concurrent-preclean-start]
2016-10-17T16:04:29.006+0800: 18636.564: [CMS-concurrent-preclean: 0.005/0.005 secs] [Times: user=0.01 sys=0.00, real=0.00 secs] 
2016-10-17T16:04:29.006+0800: 18636.564: [CMS-concurrent-abortable-preclean-start]
2016-10-17T16:04:31.507+0800: 18639.066: [CMS-concurrent-abortable-preclean: 2.498/2.501 secs] [Times: user=3.28 sys=0.22, real=2.51 secs] 
2016-10-17T16:04:31.507+0800: 18639.066: [GC (CMS Final Remark) [YG occupancy: 388358 K (685696 K)]2016-10-17T16:04:31.508+0800: 18639.066: [Rescan (parallel) , 0.0146286 secs]2016-10-17T16:04:31.522+0800: 18639.081: [weak refs processing, 0.0003830 secs]2016-10-17T16:04:31.523+0800: 18639.081: [class unloading, 0.0150119 secs]2016-10-17T16:04:31.538+0800: 18639.096: [scrub symbol table, 0.0062794 secs]2016-10-17T16:04:31.544+0800: 18639.103: [scrub string table, 0.0007137 secs][1 CMS-remark: 1310813K(1798144K)] 1699171K(2483840K), 0.0374725 secs] [Times: user=0.08 sys=0.00, real=0.03 secs] 
2016-10-17T16:04:31.545+0800: 18639.104: [CMS-concurrent-sweep-start]
2016-10-17T16:04:31.805+0800: 18639.363: [CMS-concurrent-sweep: 0.260/0.260 secs] [Times: user=0.29 sys=0.03, real=0.26 secs] 
2016-10-17T16:04:31.805+0800: 18639.364: [CMS-concurrent-reset-start]
2016-10-17T16:04:31.808+0800: 18639.367: [CMS-concurrent-reset: 0.004/0.004 secs] [Times: user=0.00 sys=0.00, real=0.01 secs] 
2016-10-17T16:04:33.958+0800: 18641.516: [GC (Allocation Failure) 2016-10-17T16:04:33.958+0800: 18641.517: [ParNew: 685559K->76160K(685696K), 0.0413398 secs] 1796932K->1263057K(2483840K), 0.0415086 secs] [Times: user=0.15 sys=0.00, real=0.04 secs] 
2016-10-17T16:04:38.635+0800: 18646.194: [GC (Allocation Failure) 2016-10-17T16:04:38.635+0800: 18646.194: [ParNew: 685696K->76160K(685696K), 0.0394340 secs] 1872593K->1342513K(2483840K), 0.0395841 secs] [Times: user=0.14 sys=0.00, real=0.04 secs] 
2016-10-17T16:04:38.675+0800: 18646.234: [GC (CMS Initial Mark) [1 CMS-initial-mark: 1266353K(1798144K)] 1343064K(2483840K), 0.0024533 secs] [Times: user=0.01 sys=0.00, real=0.01 secs] 
2016-10-17T16:04:38.678+0800: 18646.237: [CMS-concurrent-mark-start]
2016-10-17T16:04:38.993+0800: 18646.552: [CMS-concurrent-mark: 0.316/0.316 secs] [Times: user=0.40 sys=0.02, real=0.31 secs] 
2016-10-17T16:04:38.993+0800: 18646.552: [CMS-concurrent-preclean-start]
2016-10-17T16:04:38.998+0800: 18646.557: [CMS-concurrent-preclean: 0.005/0.005 secs] [Times: user=0.01 sys=0.00, real=0.01 secs] 
2016-10-17T16:04:38.998+0800: 18646.557: [CMS-concurrent-abortable-preclean-start]
2016-10-17T16:04:41.420+0800: 18648.979: [CMS-concurrent-abortable-preclean: 2.419/2.422 secs] [Times: user=3.74 sys=0.17, real=2.42 secs] 
2016-10-17T16:04:41.421+0800: 18648.980: [GC (CMS Final Remark) [YG occupancy: 384636 K (685696 K)]2016-10-17T16:04:41.421+0800: 18648.980: [Rescan (parallel) , 0.0141491 secs]2016-10-17T16:04:41.435+0800: 18648.994: [weak refs processing, 0.0002106 secs]2016-10-17T16:04:41.435+0800: 18648.994: [class unloading, 0.0127347 secs]2016-10-17T16:04:41.448+0800: 18649.007: [scrub symbol table, 0.0039940 secs]2016-10-17T16:04:41.452+0800: 18649.011: [scrub string table, 0.0006783 secs][1 CMS-remark: 1266353K(1798144K)] 1650989K(2483840K), 0.0320587 secs] [Times: user=0.08 sys=0.00, real=0.03 secs] 
2016-10-17T16:04:41.479+0800: 18649.038: [CMS-concurrent-sweep-start]
2016-10-17T16:04:41.674+0800: 18649.232: [CMS-concurrent-sweep: 0.195/0.195 secs] [Times: user=0.46 sys=0.01, real=0.19 secs] 
2016-10-17T16:04:41.674+0800: 18649.233: [CMS-concurrent-reset-start]
2016-10-17T16:04:41.677+0800: 18649.236: [CMS-concurrent-reset: 0.003/0.003 secs] [Times: user=0.01 sys=0.00, real=0.01 secs] 
2016-10-17T16:04:43.854+0800: 18651.413: [GC (Allocation Failure) 2016-10-17T16:04:43.854+0800: 18651.413: [ParNew: 685696K->76160K(685696K), 0.0373791 secs] 1738792K->1211016K(2483840K), 0.0375895 secs] [Times: user=0.12 sys=0.00, real=0.04 secs] 
2016-10-17T16:04:47.753+0800: 18655.312: [GC (Allocation Failure) 2016-10-17T16:04:47.754+0800: 18655.312: [ParNew: 685669K->76160K(685696K), 0.0287067 secs] 1820525K->1280670K(2483840K), 0.0288365 secs] [Times: user=0.11 sys=0.00, real=0.03 secs] 
2016-10-17T16:04:52.028+0800: 18659.587: [GC (Allocation Failure) 2016-10-17T16:04:52.028+0800: 18659.587: [ParNew: 685635K->76160K(685696K), 0.0333673 secs] 1890146K->1361900K(2483840K), 0.0335378 secs] [Times: user=0.13 sys=0.00, real=0.03 secs] 
2016-10-17T16:04:52.062+0800: 18659.621: [GC (CMS Initial Mark) [1 CMS-initial-mark: 1285740K(1798144K)] 1362451K(2483840K), 0.0025589 secs] [Times: user=0.01 sys=0.00, real=0.00 secs] 
2016-10-17T16:04:52.065+0800: 18659.624: [CMS-concurrent-mark-start]
2016-10-17T16:04:52.191+0800: 18659.750: [CMS-concurrent-mark: 0.126/0.126 secs] [Times: user=0.17 sys=0.01, real=0.13 secs] 
2016-10-17T16:04:52.191+0800: 18659.750: [CMS-concurrent-preclean-start]
2016-10-17T16:04:52.195+0800: 18659.754: [CMS-concurrent-preclean: 0.004/0.004 secs] [Times: user=0.01 sys=0.00, real=0.00 secs] 
2016-10-17T16:04:52.195+0800: 18659.754: [CMS-concurrent-abortable-preclean-start]
 CMS: abort preclean due to time 2016-10-17T16:04:57.274+0800: 18664.832: [CMS-concurrent-abortable-preclean: 4.972/5.078 secs] [Times: user=5.88 sys=0.31, real=5.08 secs] 
2016-10-17T16:04:57.274+0800: 18664.833: [GC (CMS Final Remark) [YG occupancy: 339674 K (685696 K)]2016-10-17T16:04:57.274+0800: 18664.833: [Rescan (parallel) , 0.1219569 secs]2016-10-17T16:04:57.396+0800: 18664.955: [weak refs processing, 0.0004552 secs]2016-10-17T16:04:57.397+0800: 18664.956: [class unloading, 0.0174953 secs]2016-10-17T16:04:57.414+0800: 18664.973: [scrub symbol table, 0.0049696 secs]2016-10-17T16:04:57.419+0800: 18664.978: [scrub string table, 0.0007406 secs][1 CMS-remark: 1285740K(1798144K)] 1625415K(2483840K), 0.1459549 secs] [Times: user=0.45 sys=0.05, real=0.15 secs] 
2016-10-17T16:04:57.420+0800: 18664.979: [CMS-concurrent-sweep-start]
2016-10-17T16:04:57.669+0800: 18665.228: [CMS-concurrent-sweep: 0.249/0.249 secs] [Times: user=0.29 sys=0.02, real=0.25 secs] 
2016-10-17T16:04:57.669+0800: 18665.228: [CMS-concurrent-reset-start]
2016-10-17T16:04:57.673+0800: 18665.232: [CMS-concurrent-reset: 0.003/0.003 secs] [Times: user=0.01 sys=0.00, real=0.00 secs] 
2016-10-17T16:05:03.160+0800: 18670.719: [GC (Allocation Failure) 2016-10-17T16:05:03.160+0800: 18670.719: [ParNew: 685642K->76160K(685696K), 0.0365577 secs] 1639073K->1117341K(2483840K), 0.0367291 secs] [Times: user=0.14 sys=0.00, real=0.04 secs] 
2016-10-17T16:05:10.751+0800: 18678.309: [GC (Allocation Failure) 2016-10-17T16:05:10.751+0800: 18678.310: [ParNew: 685585K->76160K(685696K), 0.0371666 secs] 1726767K->1197296K(2483840K), 0.0373275 secs] [Times: user=0.13 sys=0.00, real=0.04 secs] 
2016-10-17T16:05:15.678+0800: 18683.237: [GC (Allocation Failure) 2016-10-17T16:05:15.678+0800: 18683.237: [ParNew: 685696K->76160K(685696K), 0.0368948 secs] 1806832K->1284934K(2483840K), 0.0370205 secs] [Times: user=0.14 sys=0.00, real=0.03 secs] 
2016-10-17T16:05:24.363+0800: 18691.921: [GC (Allocation Failure) 2016-10-17T16:05:24.363+0800: 18691.921: [ParNew: 685596K->76160K(685696K), 0.0333121 secs] 1894371K->1359373K(2483840K), 0.0334389 secs] [Times: user=0.12 sys=0.00, real=0.04 secs] 
2016-10-17T16:05:24.397+0800: 18691.955: [GC (CMS Initial Mark) [1 CMS-initial-mark: 1283213K(1798144K)] 1359629K(2483840K), 0.0049660 secs] [Times: user=0.01 sys=0.00, real=0.00 secs] 
2016-10-17T16:05:24.402+0800: 18691.961: [CMS-concurrent-mark-start]
2016-10-17T16:05:24.559+0800: 18692.118: [CMS-concurrent-mark: 0.158/0.158 secs] [Times: user=0.20 sys=0.00, real=0.16 secs] 
2016-10-17T16:05:24.560+0800: 18692.118: [CMS-concurrent-preclean-start]
2016-10-17T16:05:24.564+0800: 18692.123: [CMS-concurrent-preclean: 0.005/0.005 secs] [Times: user=0.00 sys=0.00, real=0.00 secs] 
2016-10-17T16:05:24.565+0800: 18692.123: [CMS-concurrent-abortable-preclean-start]
2016-10-17T16:05:28.933+0800: 18696.492: [CMS-concurrent-abortable-preclean: 4.367/4.369 secs] [Times: user=5.34 sys=0.51, real=4.37 secs] 
2016-10-17T16:05:28.934+0800: 18696.493: [GC (CMS Final Remark) [YG occupancy: 386097 K (685696 K)]2016-10-17T16:05:28.934+0800: 18696.493: [Rescan (parallel) , 0.1159298 secs]2016-10-17T16:05:29.050+0800: 18696.609: [weak refs processing, 0.0006897 secs]2016-10-17T16:05:29.051+0800: 18696.609: [class unloading, 0.0132310 secs]2016-10-17T16:05:29.064+0800: 18696.623: [scrub symbol table, 0.0055475 secs]2016-10-17T16:05:29.069+0800: 18696.628: [scrub string table, 0.0007064 secs][1 CMS-remark: 1283213K(1798144K)] 1669310K(2483840K), 0.1367451 secs] [Times: user=0.11 sys=0.00, real=0.14 secs] 
2016-10-17T16:05:29.071+0800: 18696.630: [CMS-concurrent-sweep-start]
2016-10-17T16:05:29.160+0800: 18696.719: [CMS-concurrent-sweep: 0.089/0.089 secs] [Times: user=0.12 sys=0.00, real=0.09 secs] 
2016-10-17T16:05:29.160+0800: 18696.719: [CMS-concurrent-reset-start]
2016-10-17T16:05:29.163+0800: 18696.722: [CMS-concurrent-reset: 0.003/0.003 secs] [Times: user=0.00 sys=0.00, real=0.00 secs] 
2016-10-17T16:05:31.908+0800: 18699.466: [GC (Allocation Failure) 2016-10-17T16:05:31.908+0800: 18699.466: [ParNew: 685693K->76160K(685696K), 0.0374823 secs] 1684879K->1148642K(2483840K), 0.0376131 secs] [Times: user=0.14 sys=0.00, real=0.03 secs] 
2016-10-17T16:05:37.113+0800: 18704.672: [GC (Allocation Failure) 2016-10-17T16:05:37.113+0800: 18704.672: [ParNew: 685594K->76160K(685696K), 0.0374143 secs] 1758077K->1228921K(2483840K), 0.0375729 secs] [Times: user=0.13 sys=0.00, real=0.04 secs] 
2016-10-17T16:05:42.436+0800: 18709.994: [GC (Allocation Failure) 2016-10-17T16:05:42.436+0800: 18709.994: [ParNew: 685463K->76160K(685696K), 0.0470139 secs] 1838224K->1307098K(2483840K), 0.0471623 secs] [Times: user=0.14 sys=0.00, real=0.05 secs] 
2016-10-17T16:05:47.918+0800: 18715.477: [GC (Allocation Failure) 2016-10-17T16:05:47.919+0800: 18715.477: [ParNew: 685696K->76160K(685696K), 0.0371107 secs] 1916634K->1392801K(2483840K), 0.0372461 secs] [Times: user=0.14 sys=0.00, real=0.03 secs] 
2016-10-17T16:05:47.956+0800: 18715.515: [GC (CMS Initial Mark) [1 CMS-initial-mark: 1316641K(1798144K)] 1393108K(2483840K), 0.0025232 secs] [Times: user=0.01 sys=0.00, real=0.00 secs] 
2016-10-17T16:05:47.959+0800: 18715.518: [CMS-concurrent-mark-start]
2016-10-17T16:05:48.252+0800: 18715.811: [CMS-concurrent-mark: 0.293/0.293 secs] [Times: user=0.38 sys=0.02, real=0.29 secs] 
2016-10-17T16:05:48.252+0800: 18715.811: [CMS-concurrent-preclean-start]
2016-10-17T16:05:48.257+0800: 18715.816: [CMS-concurrent-preclean: 0.005/0.005 secs] [Times: user=0.01 sys=0.00, real=0.01 secs] 
2016-10-17T16:05:48.257+0800: 18715.816: [CMS-concurrent-abortable-preclean-start]
2016-10-17T16:05:51.307+0800: 18718.865: [CMS-concurrent-abortable-preclean: 2.848/3.049 secs] [Times: user=3.72 sys=0.20, real=3.05 secs] 
2016-10-17T16:05:51.307+0800: 18718.866: [GC (CMS Final Remark) [YG occupancy: 381695 K (685696 K)]2016-10-17T16:05:51.307+0800: 18718.866: [Rescan (parallel) , 0.0149277 secs]2016-10-17T16:05:51.322+0800: 18718.881: [weak refs processing, 0.0006118 secs]2016-10-17T16:05:51.323+0800: 18718.882: [class unloading, 0.1143876 secs]2016-10-17T16:05:51.437+0800: 18718.996: [scrub symbol table, 0.0049791 secs]2016-10-17T16:05:51.442+0800: 18719.001: [scrub string table, 0.0007101 secs][1 CMS-remark: 1316641K(1798144K)] 1698336K(2483840K), 0.1362746 secs] [Times: user=0.17 sys=0.02, real=0.13 secs] 
2016-10-17T16:05:51.444+0800: 18719.003: [CMS-concurrent-sweep-start]
2016-10-17T16:05:51.522+0800: 18719.081: [CMS-concurrent-sweep: 0.079/0.079 secs] [Times: user=0.09 sys=0.00, real=0.08 secs] 
2016-10-17T16:05:51.523+0800: 18719.081: [CMS-concurrent-reset-start]
2016-10-17T16:05:51.526+0800: 18719.085: [CMS-concurrent-reset: 0.004/0.004 secs] [Times: user=0.01 sys=0.00, real=0.01 secs] 
2016-10-17T16:05:54.190+0800: 18721.748: [GC (Allocation Failure) 2016-10-17T16:05:54.190+0800: 18721.749: [ParNew: 685670K->76160K(685696K), 0.0405360 secs] 1720758K->1182775K(2483840K), 0.0406739 secs] [Times: user=0.15 sys=0.00, real=0.04 secs] 
2016-10-17T16:05:59.897+0800: 18727.456: [GC (Allocation Failure) 2016-10-17T16:05:59.897+0800: 18727.456: [ParNew: 685696K->76160K(685696K), 0.0366226 secs] 1792311K->1264555K(2483840K), 0.0367756 secs] [Times: user=0.13 sys=0.00, real=0.03 secs] 
2016-10-17T16:06:05.454+0800: 18733.013: [GC (Allocation Failure) 2016-10-17T16:06:05.454+0800: 18733.013: [ParNew: 685696K->76160K(685696K), 0.0576125 secs] 1874091K->1336685K(2483840K), 0.0577752 secs] [Times: user=0.19 sys=0.01, real=0.06 secs] 
2016-10-17T16:06:05.513+0800: 18733.072: [GC (CMS Initial Mark) [1 CMS-initial-mark: 1260525K(1798144K)] 1336943K(2483840K), 0.0030748 secs] [Times: user=0.01 sys=0.00, real=0.01 secs] 
2016-10-17T16:06:05.516+0800: 18733.075: [CMS-concurrent-mark-start]
2016-10-17T16:06:05.899+0800: 18733.458: [CMS-concurrent-mark: 0.383/0.383 secs] [Times: user=0.47 sys=0.04, real=0.38 secs] 
2016-10-17T16:06:05.899+0800: 18733.458: [CMS-concurrent-preclean-start]
2016-10-17T16:06:05.905+0800: 18733.464: [CMS-concurrent-preclean: 0.006/0.006 secs] [Times: user=0.01 sys=0.00, real=0.00 secs] 
2016-10-17T16:06:05.905+0800: 18733.464: [CMS-concurrent-abortable-preclean-start]
2016-10-17T16:06:10.046+0800: 18737.605: [CMS-concurrent-abortable-preclean: 4.138/4.141 secs] [Times: user=4.88 sys=0.49, real=4.15 secs] 
2016-10-17T16:06:10.047+0800: 18737.606: [GC (CMS Final Remark) [YG occupancy: 382410 K (685696 K)]2016-10-17T16:06:10.047+0800: 18737.606: [Rescan (parallel) , 0.0297615 secs]2016-10-17T16:06:10.077+0800: 18737.635: [weak refs processing, 0.0003135 secs]2016-10-17T16:06:10.077+0800: 18737.636: [class unloading, 0.0180714 secs]2016-10-17T16:06:10.095+0800: 18737.654: [scrub symbol table, 0.0061985 secs]2016-10-17T16:06:10.101+0800: 18737.660: [scrub string table, 0.0007373 secs][1 CMS-remark: 1260525K(1798144K)] 1642935K(2483840K), 0.0554879 secs] [Times: user=0.12 sys=0.00, real=0.05 secs] 
2016-10-17T16:06:10.102+0800: 18737.661: [CMS-concurrent-sweep-start]
2016-10-17T16:06:10.218+0800: 18737.777: [CMS-concurrent-sweep: 0.116/0.116 secs] [Times: user=0.15 sys=0.00, real=0.12 secs] 
2016-10-17T16:06:10.218+0800: 18737.777: [CMS-concurrent-reset-start]
2016-10-17T16:06:10.222+0800: 18737.780: [CMS-concurrent-reset: 0.003/0.003 secs] [Times: user=0.01 sys=0.00, real=0.00 secs] 
2016-10-17T16:06:14.384+0800: 18741.942: [GC (Allocation Failure) 2016-10-17T16:06:14.384+0800: 18741.943: [ParNew: 685681K->76160K(685696K), 0.0429356 secs] 1742057K->1213946K(2483840K), 0.0430894 secs] [Times: user=0.15 sys=0.00, real=0.05 secs] 
2016-10-17T16:06:30.432+0800: 18757.991: [GC (Allocation Failure) 2016-10-17T16:06:30.432+0800: 18757.991: [ParNew: 685696K->76160K(685696K), 0.1364181 secs] 1823482K->1293165K(2483840K), 0.1366384 secs] [Times: user=0.21 sys=0.00, real=0.14 secs] 
2016-10-17T16:06:39.783+0800: 18767.342: [GC (Allocation Failure) 2016-10-17T16:06:39.783+0800: 18767.342: [ParNew: 685696K->76160K(685696K), 0.0408370 secs] 1902701K->1371664K(2483840K), 0.0409648 secs] [Times: user=0.16 sys=0.00, real=0.04 secs] 
2016-10-17T16:06:39.825+0800: 18767.383: [GC (CMS Initial Mark) [1 CMS-initial-mark: 1295504K(1798144K)] 1372245K(2483840K), 0.0034897 secs] [Times: user=0.01 sys=0.00, real=0.01 secs] 
2016-10-17T16:06:39.828+0800: 18767.387: [CMS-concurrent-mark-start]
2016-10-17T16:06:40.206+0800: 18767.764: [CMS-concurrent-mark: 0.377/0.377 secs] [Times: user=0.53 sys=0.04, real=0.37 secs] 
2016-10-17T16:06:40.206+0800: 18767.764: [CMS-concurrent-preclean-start]
2016-10-17T16:06:40.211+0800: 18767.769: [CMS-concurrent-preclean: 0.005/0.005 secs] [Times: user=0.00 sys=0.00, real=0.01 secs] 
2016-10-17T16:06:40.211+0800: 18767.770: [CMS-concurrent-abortable-preclean-start]
2016-10-17T16:06:43.159+0800: 18770.718: [CMS-concurrent-abortable-preclean: 2.946/2.948 secs] [Times: user=3.80 sys=0.25, real=2.95 secs] 
2016-10-17T16:06:43.159+0800: 18770.718: [GC (CMS Final Remark) [YG occupancy: 381652 K (685696 K)]2016-10-17T16:06:43.160+0800: 18770.718: [Rescan (parallel) , 0.0179292 secs]2016-10-17T16:06:43.177+0800: 18770.736: [weak refs processing, 0.0004383 secs]2016-10-17T16:06:43.178+0800: 18770.737: [class unloading, 0.0171497 secs]2016-10-17T16:06:43.195+0800: 18770.754: [scrub symbol table, 0.0065186 secs]2016-10-17T16:06:43.202+0800: 18770.760: [scrub string table, 0.0009415 secs][1 CMS-remark: 1295504K(1798144K)] 1677156K(2483840K), 0.0435206 secs] [Times: user=0.10 sys=0.00, real=0.04 secs] 
2016-10-17T16:06:43.203+0800: 18770.762: [CMS-concurrent-sweep-start]
2016-10-17T16:06:43.294+0800: 18770.853: [CMS-concurrent-sweep: 0.091/0.091 secs] [Times: user=0.12 sys=0.01, real=0.09 secs] 
2016-10-17T16:06:43.294+0800: 18770.853: [CMS-concurrent-reset-start]
2016-10-17T16:06:43.298+0800: 18770.857: [CMS-concurrent-reset: 0.003/0.003 secs] [Times: user=0.01 sys=0.00, real=0.01 secs] 
2016-10-17T16:06:45.975+0800: 18773.534: [GC (Allocation Failure) 2016-10-17T16:06:45.975+0800: 18773.534: [ParNew: 685696K->76160K(685696K), 0.0376997 secs] 1785894K->1251632K(2483840K), 0.0378405 secs] [Times: user=0.14 sys=0.00, real=0.04 secs] 
2016-10-17T16:06:51.768+0800: 18779.327: [GC (Allocation Failure) 2016-10-17T16:06:51.768+0800: 18779.327: [ParNew: 685595K->76160K(685696K), 0.0429504 secs] 1861068K->1330677K(2483840K), 0.0430966 secs] [Times: user=0.15 sys=0.00, real=0.04 secs] 
2016-10-17T16:06:57.113+0800: 18784.672: [GC (Allocation Failure) 2016-10-17T16:06:57.113+0800: 18784.672: [ParNew: 685696K->76160K(685696K), 0.0404993 secs] 1940213K->1414275K(2483840K), 0.0406235 secs] [Times: user=0.15 sys=0.00, real=0.04 secs] 
2016-10-17T16:06:57.155+0800: 18784.713: [GC (CMS Initial Mark) [1 CMS-initial-mark: 1338115K(1798144K)] 1414531K(2483840K), 0.0033402 secs] [Times: user=0.01 sys=0.00, real=0.01 secs] 
2016-10-17T16:06:57.158+0800: 18784.717: [CMS-concurrent-mark-start]
2016-10-17T16:06:57.550+0800: 18785.108: [CMS-concurrent-mark: 0.391/0.392 secs] [Times: user=0.47 sys=0.04, real=0.39 secs] 
2016-10-17T16:06:57.550+0800: 18785.109: [CMS-concurrent-preclean-start]
2016-10-17T16:06:57.555+0800: 18785.114: [CMS-concurrent-preclean: 0.005/0.006 secs] [Times: user=0.00 sys=0.00, real=0.00 secs] 
2016-10-17T16:06:57.555+0800: 18785.114: [CMS-concurrent-abortable-preclean-start]
2016-10-17T16:07:00.450+0800: 18788.009: [CMS-concurrent-abortable-preclean: 2.894/2.895 secs] [Times: user=3.75 sys=0.28, real=2.90 secs] 
2016-10-17T16:07:00.451+0800: 18788.010: [GC (CMS Final Remark) [YG occupancy: 387046 K (685696 K)]2016-10-17T16:07:00.451+0800: 18788.010: [Rescan (parallel) , 0.0159850 secs]2016-10-17T16:07:00.467+0800: 18788.026: [weak refs processing, 0.0003704 secs]2016-10-17T16:07:00.467+0800: 18788.026: [class unloading, 0.0135366 secs]2016-10-17T16:07:00.481+0800: 18788.040: [scrub symbol table, 0.0050861 secs]2016-10-17T16:07:00.486+0800: 18788.045: [scrub string table, 0.0007136 secs][1 CMS-remark: 1338115K(1798144K)] 1725162K(2483840K), 0.0360938 secs] [Times: user=0.09 sys=0.00, real=0.04 secs] 
2016-10-17T16:07:00.487+0800: 18788.046: [CMS-concurrent-sweep-start]
2016-10-17T16:07:00.585+0800: 18788.144: [CMS-concurrent-sweep: 0.098/0.098 secs] [Times: user=0.14 sys=0.01, real=0.09 secs] 
2016-10-17T16:07:00.585+0800: 18788.144: [CMS-concurrent-reset-start]
2016-10-17T16:07:00.589+0800: 18788.147: [CMS-concurrent-reset: 0.003/0.003 secs] [Times: user=0.00 sys=0.00, real=0.01 secs] 
2016-10-17T16:07:02.561+0800: 18790.120: [GC (Allocation Failure) 2016-10-17T16:07:02.561+0800: 18790.120: [ParNew: 685650K->76160K(685696K), 0.0356401 secs] 1782702K->1249842K(2483840K), 0.0357812 secs] [Times: user=0.12 sys=0.00, real=0.04 secs] 
2016-10-17T16:07:05.106+0800: 18792.665: [GC (Allocation Failure) 2016-10-17T16:07:05.106+0800: 18792.665: [ParNew: 685682K->69448K(685696K), 0.0329327 secs] 1859365K->1310717K(2483840K), 0.0330969 secs] [Times: user=0.11 sys=0.00, real=0.04 secs] 
2016-10-17T16:07:10.244+0800: 18797.803: [GC (Allocation Failure) 2016-10-17T16:07:10.244+0800: 18797.803: [ParNew: 678909K->76160K(685696K), 0.0139888 secs] 1920177K->1318502K(2483840K), 0.0141327 secs] [Times: user=0.05 sys=0.00, real=0.02 secs] 
2016-10-17T16:07:15.487+0800: 18803.046: [GC (Allocation Failure) 2016-10-17T16:07:15.487+0800: 18803.046: [ParNew: 685633K->76160K(685696K), 0.0350287 secs] 1927975K->1394546K(2483840K), 0.0351868 secs] [Times: user=0.12 sys=0.00, real=0.03 secs] 
2016-10-17T16:07:15.523+0800: 18803.082: [GC (CMS Initial Mark) [1 CMS-initial-mark: 1318386K(1798144K)] 1394976K(2483840K), 0.0028906 secs] [Times: user=0.01 sys=0.00, real=0.01 secs] 
2016-10-17T16:07:15.526+0800: 18803.085: [CMS-concurrent-mark-start]
2016-10-17T16:07:15.844+0800: 18803.403: [CMS-concurrent-mark: 0.318/0.318 secs] [Times: user=0.39 sys=0.02, real=0.31 secs] 
2016-10-17T16:07:15.844+0800: 18803.403: [CMS-concurrent-preclean-start]
2016-10-17T16:07:15.849+0800: 18803.408: [CMS-concurrent-preclean: 0.005/0.005 secs] [Times: user=0.01 sys=0.00, real=0.01 secs] 
2016-10-17T16:07:15.849+0800: 18803.408: [CMS-concurrent-abortable-preclean-start]
2016-10-17T16:07:19.701+0800: 18807.259: [CMS-concurrent-abortable-preclean: 3.848/3.851 secs] [Times: user=4.61 sys=0.34, real=3.85 secs] 
2016-10-17T16:07:19.701+0800: 18807.260: [GC (CMS Final Remark) [YG occupancy: 382966 K (685696 K)]2016-10-17T16:07:19.701+0800: 18807.260: [Rescan (parallel) , 0.0259244 secs]2016-10-17T16:07:19.727+0800: 18807.286: [weak refs processing, 0.0003236 secs]2016-10-17T16:07:19.727+0800: 18807.286: [class unloading, 0.0132971 secs]2016-10-17T16:07:19.741+0800: 18807.300: [scrub symbol table, 0.0060211 secs]2016-10-17T16:07:19.747+0800: 18807.306: [scrub string table, 0.0009881 secs][1 CMS-remark: 1318386K(1798144K)] 1701353K(2483840K), 0.0469786 secs] [Times: user=0.10 sys=0.00, real=0.05 secs] 
2016-10-17T16:07:19.748+0800: 18807.307: [CMS-concurrent-sweep-start]
2016-10-17T16:07:20.017+0800: 18807.576: [CMS-concurrent-sweep: 0.269/0.269 secs] [Times: user=0.31 sys=0.00, real=0.27 secs] 
2016-10-17T16:07:20.018+0800: 18807.576: [CMS-concurrent-reset-start]
2016-10-17T16:07:20.021+0800: 18807.580: [CMS-concurrent-reset: 0.003/0.003 secs] [Times: user=0.00 sys=0.00, real=0.00 secs] 
2016-10-17T16:07:23.850+0800: 18811.409: [GC (Allocation Failure) 2016-10-17T16:07:23.850+0800: 18811.409: [ParNew: 685696K->76160K(685696K), 0.0327693 secs] 1726787K->1196095K(2483840K), 0.0329083 secs] [Times: user=0.13 sys=0.00, real=0.03 secs] 
2016-10-17T16:07:27.837+0800: 18815.395: [GC (Allocation Failure) 2016-10-17T16:07:27.837+0800: 18815.395: [ParNew: 685696K->76160K(685696K), 0.0385916 secs] 1805631K->1276913K(2483840K), 0.0387193 secs] [Times: user=0.13 sys=0.00, real=0.03 secs] 
2016-10-17T16:07:30.225+0800: 18817.783: [GC (Allocation Failure) 2016-10-17T16:07:30.225+0800: 18817.784: [ParNew: 685696K->71598K(685696K), 0.0195898 secs] 1886449K->1323515K(2483840K), 0.0197443 secs] [Times: user=0.07 sys=0.00, real=0.02 secs] 
2016-10-17T16:07:35.239+0800: 18822.797: [GC (Allocation Failure) 2016-10-17T16:07:35.239+0800: 18822.797: [ParNew: 681131K->76160K(685696K), 0.0189380 secs] 1933048K->1347083K(2483840K), 0.0190847 secs] [Times: user=0.07 sys=0.00, real=0.02 secs] 
2016-10-17T16:07:35.258+0800: 18822.817: [GC (CMS Initial Mark) [1 CMS-initial-mark: 1270923K(1798144K)] 1347624K(2483840K), 0.0029051 secs] [Times: user=0.01 sys=0.00, real=0.00 secs] 
2016-10-17T16:07:35.261+0800: 18822.820: [CMS-concurrent-mark-start]
2016-10-17T16:07:35.384+0800: 18822.943: [CMS-concurrent-mark: 0.123/0.123 secs] [Times: user=0.20 sys=0.02, real=0.12 secs] 
2016-10-17T16:07:35.384+0800: 18822.943: [CMS-concurrent-preclean-start]
2016-10-17T16:07:35.389+0800: 18822.948: [CMS-concurrent-preclean: 0.005/0.005 secs] [Times: user=0.01 sys=0.00, real=0.01 secs] 
2016-10-17T16:07:35.390+0800: 18822.948: [CMS-concurrent-abortable-preclean-start]
2016-10-17T16:07:37.953+0800: 18825.512: [CMS-concurrent-abortable-preclean: 2.561/2.564 secs] [Times: user=3.17 sys=0.29, real=2.56 secs] 
2016-10-17T16:07:38.011+0800: 18825.570: [GC (CMS Final Remark) [YG occupancy: 382960 K (685696 K)]2016-10-17T16:07:38.011+0800: 18825.570: [Rescan (parallel) , 0.0178544 secs]2016-10-17T16:07:38.029+0800: 18825.588: [weak refs processing, 0.0003926 secs]2016-10-17T16:07:38.030+0800: 18825.588: [class unloading, 0.0127928 secs]2016-10-17T16:07:38.042+0800: 18825.601: [scrub symbol table, 0.0040584 secs]2016-10-17T16:07:38.046+0800: 18825.605: [scrub string table, 0.0006796 secs][1 CMS-remark: 1270923K(1798144K)] 1653884K(2483840K), 0.0362150 secs] [Times: user=0.08 sys=0.00, real=0.04 secs] 
2016-10-17T16:07:38.048+0800: 18825.607: [CMS-concurrent-sweep-start]
2016-10-17T16:07:38.356+0800: 18825.915: [CMS-concurrent-sweep: 0.308/0.308 secs] [Times: user=0.41 sys=0.03, real=0.31 secs] 
2016-10-17T16:07:38.356+0800: 18825.915: [CMS-concurrent-reset-start]
2016-10-17T16:07:38.359+0800: 18825.918: [CMS-concurrent-reset: 0.003/0.003 secs] [Times: user=0.00 sys=0.00, real=0.00 secs] 
2016-10-17T16:07:40.282+0800: 18827.841: [GC (Allocation Failure) 2016-10-17T16:07:40.282+0800: 18827.841: [ParNew: 685549K->76160K(685696K), 0.0324494 secs] 1601185K->1078071K(2483840K), 0.0326145 secs] [Times: user=0.12 sys=0.00, real=0.03 secs] 
2016-10-17T16:07:44.417+0800: 18831.976: [GC (Allocation Failure) 2016-10-17T16:07:44.417+0800: 18831.976: [ParNew: 685655K->76160K(685696K), 0.0364554 secs] 1687566K->1170290K(2483840K), 0.0365898 secs] [Times: user=0.12 sys=0.00, real=0.03 secs] 
2016-10-17T16:07:49.012+0800: 18836.570: [GC (Allocation Failure) 2016-10-17T16:07:49.012+0800: 18836.570: [ParNew: 685685K->76160K(685696K), 0.0359940 secs] 1779815K->1250803K(2483840K), 0.0361568 secs] [Times: user=0.12 sys=0.00, real=0.04 secs] 
2016-10-17T16:07:53.554+0800: 18841.113: [GC (Allocation Failure) 2016-10-17T16:07:53.554+0800: 18841.113: [ParNew: 685444K->76160K(685696K), 0.0385604 secs] 1860087K->1333520K(2483840K), 0.0387258 secs] [Times: user=0.13 sys=0.00, real=0.04 secs] 
2016-10-17T16:08:04.197+0800: 18851.756: [GC (Allocation Failure) 2016-10-17T16:08:04.197+0800: 18851.756: [ParNew: 685688K->76160K(685696K), 0.0320855 secs] 1943048K->1411670K(2483840K), 0.0322196 secs] [Times: user=0.12 sys=0.00, real=0.03 secs] 
2016-10-17T16:08:04.319+0800: 18851.878: [GC (CMS Initial Mark) [1 CMS-initial-mark: 1335510K(1798144K)] 1412171K(2483840K), 0.0034359 secs] [Times: user=0.01 sys=0.00, real=0.00 secs] 
2016-10-17T16:08:04.323+0800: 18851.882: [CMS-concurrent-mark-start]
2016-10-17T16:08:04.533+0800: 18852.091: [CMS-concurrent-mark: 0.210/0.210 secs] [Times: user=0.28 sys=0.02, real=0.21 secs] 
2016-10-17T16:08:04.533+0800: 18852.092: [CMS-concurrent-preclean-start]
2016-10-17T16:08:04.541+0800: 18852.100: [CMS-concurrent-preclean: 0.008/0.008 secs] [Times: user=0.01 sys=0.00, real=0.01 secs] 
2016-10-17T16:08:04.541+0800: 18852.100: [CMS-concurrent-abortable-preclean-start]
2016-10-17T16:08:08.580+0800: 18856.138: [CMS-concurrent-abortable-preclean: 4.036/4.039 secs] [Times: user=5.09 sys=0.37, real=4.04 secs] 
2016-10-17T16:08:08.581+0800: 18856.140: [GC (CMS Final Remark) [YG occupancy: 383558 K (685696 K)]2016-10-17T16:08:08.581+0800: 18856.140: [Rescan (parallel) , 0.0195014 secs]2016-10-17T16:08:08.600+0800: 18856.159: [weak refs processing, 0.0007795 secs]2016-10-17T16:08:08.601+0800: 18856.160: [class unloading, 0.1006638 secs]2016-10-17T16:08:08.702+0800: 18856.261: [scrub symbol table, 0.0054965 secs]2016-10-17T16:08:08.707+0800: 18856.266: [scrub string table, 0.0009104 secs][1 CMS-remark: 1335510K(1798144K)] 1719069K(2483840K), 0.1280666 secs] [Times: user=0.17 sys=0.01, real=0.13 secs] 
2016-10-17T16:08:08.709+0800: 18856.268: [CMS-concurrent-sweep-start]
2016-10-17T16:08:08.795+0800: 18856.354: [CMS-concurrent-sweep: 0.086/0.086 secs] [Times: user=0.12 sys=0.01, real=0.08 secs] 
2016-10-17T16:08:08.795+0800: 18856.354: [CMS-concurrent-reset-start]
2016-10-17T16:08:08.799+0800: 18856.358: [CMS-concurrent-reset: 0.003/0.003 secs] [Times: user=0.01 sys=0.00, real=0.01 secs] 
2016-10-17T16:08:12.830+0800: 18860.389: [GC (Allocation Failure) 2016-10-17T16:08:12.830+0800: 18860.389: [ParNew: 685513K->76160K(685696K), 0.0467548 secs] 1666071K->1139543K(2483840K), 0.0469000 secs] [Times: user=0.14 sys=0.00, real=0.05 secs] 
2016-10-17T16:08:18.756+0800: 18866.314: [GC (Allocation Failure) 2016-10-17T16:08:18.756+0800: 18866.314: [ParNew: 685683K->76160K(685696K), 0.1905053 secs] 1749066K->1230307K(2483840K), 0.1925346 secs] [Times: user=0.27 sys=0.02, real=0.20 secs] 
2016-10-17T16:08:29.767+0800: 18877.325: [GC (Allocation Failure) 2016-10-17T16:08:29.767+0800: 18877.325: [ParNew: 685614K->76160K(685696K), 0.0421330 secs] 1839762K->1306290K(2483840K), 0.0422921 secs] [Times: user=0.14 sys=0.00, real=0.04 secs] 
2016-10-17T16:08:35.070+0800: 18882.629: [GC (Allocation Failure) 2016-10-17T16:08:35.070+0800: 18882.629: [ParNew: 685696K->76160K(685696K), 0.0418416 secs] 1915826K->1388911K(2483840K), 0.0419951 secs] [Times: user=0.16 sys=0.00, real=0.04 secs] 
2016-10-17T16:08:35.112+0800: 18882.671: [GC (CMS Initial Mark) [1 CMS-initial-mark: 1312751K(1798144K)] 1389167K(2483840K), 0.0029402 secs] [Times: user=0.01 sys=0.00, real=0.00 secs] 
2016-10-17T16:08:35.116+0800: 18882.674: [CMS-concurrent-mark-start]
2016-10-17T16:08:35.371+0800: 18882.929: [CMS-concurrent-mark: 0.255/0.255 secs] [Times: user=0.33 sys=0.02, real=0.26 secs] 
2016-10-17T16:08:35.371+0800: 18882.929: [CMS-concurrent-preclean-start]
2016-10-17T16:08:35.376+0800: 18882.935: [CMS-concurrent-preclean: 0.005/0.005 secs] [Times: user=0.01 sys=0.00, real=0.01 secs] 
2016-10-17T16:08:35.376+0800: 18882.935: [CMS-concurrent-abortable-preclean-start]
2016-10-17T16:08:38.184+0800: 18885.743: [CMS-concurrent-abortable-preclean: 2.806/2.808 secs] [Times: user=3.63 sys=0.27, real=2.80 secs] 
2016-10-17T16:08:38.185+0800: 18885.744: [GC (CMS Final Remark) [YG occupancy: 381421 K (685696 K)]2016-10-17T16:08:38.185+0800: 18885.744: [Rescan (parallel) , 0.0153443 secs]2016-10-17T16:08:38.200+0800: 18885.759: [weak refs processing, 0.0006989 secs]2016-10-17T16:08:38.201+0800: 18885.760: [class unloading, 0.0128068 secs]2016-10-17T16:08:38.214+0800: 18885.773: [scrub symbol table, 0.0047676 secs]2016-10-17T16:08:38.219+0800: 18885.778: [scrub string table, 0.0007191 secs][1 CMS-remark: 1312751K(1798144K)] 1694173K(2483840K), 0.0350828 secs] [Times: user=0.08 sys=0.00, real=0.04 secs] 
2016-10-17T16:08:38.220+0800: 18885.779: [CMS-concurrent-sweep-start]
2016-10-17T16:08:38.304+0800: 18885.862: [CMS-concurrent-sweep: 0.083/0.083 secs] [Times: user=0.11 sys=0.00, real=0.08 secs] 
2016-10-17T16:08:38.304+0800: 18885.863: [CMS-concurrent-reset-start]
2016-10-17T16:08:38.307+0800: 18885.866: [CMS-concurrent-reset: 0.003/0.003 secs] [Times: user=0.00 sys=0.00, real=0.01 secs] 
2016-10-17T16:08:40.353+0800: 18887.911: [GC (Allocation Failure) 2016-10-17T16:08:40.353+0800: 18887.911: [ParNew: 685511K->76160K(685696K), 0.0387469 secs] 1715844K->1188668K(2483840K), 0.0388859 secs] [Times: user=0.13 sys=0.00, real=0.04 secs] 
2016-10-17T16:08:44.751+0800: 18892.309: [GC (Allocation Failure) 2016-10-17T16:08:44.751+0800: 18892.310: [ParNew: 685682K->76160K(685696K), 0.0610644 secs] 1798191K->1284487K(2483840K), 0.0612019 secs] [Times: user=0.23 sys=0.00, real=0.06 secs] 
2016-10-17T16:08:49.321+0800: 18896.879: [GC (Allocation Failure) 2016-10-17T16:08:49.321+0800: 18896.879: [ParNew: 685696K->76160K(685696K), 0.0610453 secs] 1894023K->1375801K(2483840K), 0.0611717 secs] [Times: user=0.23 sys=0.00, real=0.06 secs] 
2016-10-17T16:08:49.382+0800: 18896.941: [GC (CMS Initial Mark) [1 CMS-initial-mark: 1299641K(1798144K)] 1376313K(2483840K), 0.0027278 secs] [Times: user=0.01 sys=0.00, real=0.00 secs] 
2016-10-17T16:08:49.385+0800: 18896.944: [CMS-concurrent-mark-start]
2016-10-17T16:08:49.728+0800: 18897.287: [CMS-concurrent-mark: 0.343/0.343 secs] [Times: user=0.39 sys=0.02, real=0.35 secs] 
2016-10-17T16:08:49.728+0800: 18897.287: [CMS-concurrent-preclean-start]
2016-10-17T16:08:49.734+0800: 18897.293: [CMS-concurrent-preclean: 0.006/0.006 secs] [Times: user=0.00 sys=0.01, real=0.00 secs] 
2016-10-17T16:08:49.734+0800: 18897.293: [CMS-concurrent-abortable-preclean-start]
2016-10-17T16:08:52.279+0800: 18899.838: [CMS-concurrent-abortable-preclean: 2.541/2.545 secs] [Times: user=3.21 sys=0.37, real=2.55 secs] 
2016-10-17T16:08:52.280+0800: 18899.839: [GC (CMS Final Remark) [YG occupancy: 382430 K (685696 K)]2016-10-17T16:08:52.280+0800: 18899.839: [Rescan (parallel) , 0.0169209 secs]2016-10-17T16:08:52.297+0800: 18899.856: [weak refs processing, 0.0012092 secs]2016-10-17T16:08:52.298+0800: 18899.857: [class unloading, 0.0144040 secs]2016-10-17T16:08:52.313+0800: 18899.871: [scrub symbol table, 0.0050698 secs]2016-10-17T16:08:52.318+0800: 18899.877: [scrub string table, 0.0007208 secs][1 CMS-remark: 1299641K(1798144K)] 1682071K(2483840K), 0.0393495 secs] [Times: user=0.09 sys=0.00, real=0.04 secs] 
2016-10-17T16:08:52.321+0800: 18899.879: [CMS-concurrent-sweep-start]
2016-10-17T16:08:52.471+0800: 18900.030: [CMS-concurrent-sweep: 0.149/0.151 secs] [Times: user=0.23 sys=0.00, real=0.15 secs] 
2016-10-17T16:08:52.471+0800: 18900.030: [CMS-concurrent-reset-start]
2016-10-17T16:08:52.475+0800: 18900.034: [CMS-concurrent-reset: 0.004/0.004 secs] [Times: user=0.00 sys=0.00, real=0.00 secs] 
2016-10-17T16:08:54.991+0800: 18902.550: [GC (Allocation Failure) 2016-10-17T16:08:54.991+0800: 18902.550: [ParNew: 685685K->76160K(685696K), 0.0373730 secs] 1755145K->1227003K(2483840K), 0.0375091 secs] [Times: user=0.13 sys=0.00, real=0.04 secs] 
2016-10-17T16:08:59.666+0800: 18907.225: [GC (Allocation Failure) 2016-10-17T16:08:59.666+0800: 18907.225: [ParNew: 685475K->76160K(685696K), 0.0497469 secs] 1836319K->1301304K(2483840K), 0.0498907 secs] [Times: user=0.13 sys=0.00, real=0.05 secs] 
2016-10-17T16:09:04.021+0800: 18911.579: [GC (Allocation Failure) 2016-10-17T16:09:04.021+0800: 18911.579: [ParNew: 685447K->76160K(685696K), 0.0368618 secs] 1910591K->1392428K(2483840K), 0.0370298 secs] [Times: user=0.13 sys=0.00, real=0.04 secs] 
2016-10-17T16:09:04.058+0800: 18911.617: [GC (CMS Initial Mark) [1 CMS-initial-mark: 1316268K(1798144K)] 1392684K(2483840K), 0.0034316 secs] [Times: user=0.01 sys=0.00, real=0.00 secs] 
2016-10-17T16:09:04.062+0800: 18911.621: [CMS-concurrent-mark-start]
2016-10-17T16:09:04.313+0800: 18911.872: [CMS-concurrent-mark: 0.251/0.251 secs] [Times: user=0.32 sys=0.00, real=0.25 secs] 
2016-10-17T16:09:04.313+0800: 18911.872: [CMS-concurrent-preclean-start]
2016-10-17T16:09:04.318+0800: 18911.877: [CMS-concurrent-preclean: 0.005/0.005 secs] [Times: user=0.01 sys=0.00, real=0.01 secs] 
2016-10-17T16:09:04.318+0800: 18911.877: [CMS-concurrent-abortable-preclean-start]
2016-10-17T16:09:07.869+0800: 18915.428: [CMS-concurrent-abortable-preclean: 3.550/3.552 secs] [Times: user=4.39 sys=0.33, real=3.55 secs] 
2016-10-17T16:09:07.871+0800: 18915.429: [GC (CMS Final Remark) [YG occupancy: 388047 K (685696 K)]2016-10-17T16:09:07.871+0800: 18915.429: [Rescan (parallel) , 0.0200283 secs]2016-10-17T16:09:07.891+0800: 18915.450: [weak refs processing, 0.0004668 secs]2016-10-17T16:09:07.891+0800: 18915.450: [class unloading, 0.0247324 secs]2016-10-17T16:09:07.916+0800: 18915.475: [scrub symbol table, 0.0044024 secs]2016-10-17T16:09:07.920+0800: 18915.479: [scrub string table, 0.0007132 secs][1 CMS-remark: 1316268K(1798144K)] 1704315K(2483840K), 0.0589287 secs] [Times: user=0.12 sys=0.00, real=0.06 secs] 
2016-10-17T16:09:07.930+0800: 18915.489: [CMS-concurrent-sweep-start]
2016-10-17T16:09:08.033+0800: 18915.592: [CMS-concurrent-sweep: 0.103/0.103 secs] [Times: user=0.14 sys=0.01, real=0.10 secs] 
2016-10-17T16:09:08.033+0800: 18915.592: [CMS-concurrent-reset-start]
2016-10-17T16:09:08.037+0800: 18915.595: [CMS-concurrent-reset: 0.004/0.004 secs] [Times: user=0.01 sys=0.00, real=0.01 secs] 
2016-10-17T16:09:12.206+0800: 18919.764: [GC (Allocation Failure) 2016-10-17T16:09:12.206+0800: 18919.764: [ParNew: 685696K->76160K(685696K), 0.0386721 secs] 1761684K->1230671K(2483840K), 0.0388242 secs] [Times: user=0.15 sys=0.00, real=0.04 secs] 
2016-10-17T16:09:18.239+0800: 18925.798: [GC (Allocation Failure) 2016-10-17T16:09:18.239+0800: 18925.798: [ParNew: 685696K->76160K(685696K), 0.0363464 secs] 1840207K->1314534K(2483840K), 0.0364825 secs] [Times: user=0.13 sys=0.00, real=0.03 secs] 
2016-10-17T16:09:27.074+0800: 18934.633: [GC (Allocation Failure) 2016-10-17T16:09:27.075+0800: 18934.633: [ParNew: 685696K->76160K(685696K), 0.0394440 secs] 1924070K->1394886K(2483840K), 0.0395922 secs] [Times: user=0.14 sys=0.00, real=0.04 secs] 
2016-10-17T16:09:27.117+0800: 18934.676: [GC (CMS Initial Mark) [1 CMS-initial-mark: 1318726K(1798144K)] 1395399K(2483840K), 0.0036528 secs] [Times: user=0.01 sys=0.00, real=0.00 secs] 
2016-10-17T16:09:27.121+0800: 18934.679: [CMS-concurrent-mark-start]
2016-10-17T16:09:27.645+0800: 18935.204: [CMS-concurrent-mark: 0.524/0.524 secs] [Times: user=0.64 sys=0.03, real=0.52 secs] 
2016-10-17T16:09:27.645+0800: 18935.204: [CMS-concurrent-preclean-start]
2016-10-17T16:09:27.652+0800: 18935.211: [CMS-concurrent-preclean: 0.007/0.007 secs] [Times: user=0.01 sys=0.00, real=0.01 secs] 
2016-10-17T16:09:27.652+0800: 18935.211: [CMS-concurrent-abortable-preclean-start]
2016-10-17T16:09:31.094+0800: 18938.653: [CMS-concurrent-abortable-preclean: 3.439/3.442 secs] [Times: user=4.31 sys=0.30, real=3.44 secs] 
2016-10-17T16:09:31.251+0800: 18938.809: [GC (CMS Final Remark) [YG occupancy: 388123 K (685696 K)]2016-10-17T16:09:31.251+0800: 18938.810: [Rescan (parallel) , 0.0206334 secs]2016-10-17T16:09:31.271+0800: 18938.830: [weak refs processing, 0.0004074 secs]2016-10-17T16:09:31.272+0800: 18938.831: [class unloading, 0.0133394 secs]2016-10-17T16:09:31.285+0800: 18938.844: [scrub symbol table, 0.0043039 secs]2016-10-17T16:09:31.290+0800: 18938.848: [scrub string table, 0.0007116 secs][1 CMS-remark: 1318726K(1798144K)] 1706849K(2483840K), 0.0398645 secs] [Times: user=0.10 sys=0.00, real=0.04 secs] 
2016-10-17T16:09:31.291+0800: 18938.850: [CMS-concurrent-sweep-start]
2016-10-17T16:09:31.392+0800: 18938.951: [CMS-concurrent-sweep: 0.102/0.102 secs] [Times: user=0.13 sys=0.01, real=0.10 secs] 
2016-10-17T16:09:31.392+0800: 18938.951: [CMS-concurrent-reset-start]
2016-10-17T16:09:31.396+0800: 18938.955: [CMS-concurrent-reset: 0.003/0.003 secs] [Times: user=0.00 sys=0.00, real=0.01 secs] 
2016-10-17T16:09:33.701+0800: 18941.260: [GC (Allocation Failure) 2016-10-17T16:09:33.701+0800: 18941.260: [ParNew: 685634K->76160K(685696K), 0.0556357 secs] 1763002K->1240334K(2483840K), 0.0557676 secs] [Times: user=0.16 sys=0.00, real=0.06 secs] 
2016-10-17T16:09:38.530+0800: 18946.089: [GC (Allocation Failure) 2016-10-17T16:09:38.530+0800: 18946.089: [ParNew: 685696K->76160K(685696K), 0.0379426 secs] 1849870K->1311603K(2483840K), 0.0380970 secs] [Times: user=0.13 sys=0.00, real=0.04 secs] 
2016-10-17T16:09:42.805+0800: 18950.363: [GC (Allocation Failure) 2016-10-17T16:09:42.805+0800: 18950.363: [ParNew: 685674K->76160K(685696K), 0.0534732 secs] 1921118K->1392874K(2483840K), 0.0536229 secs] [Times: user=0.17 sys=0.00, real=0.06 secs] 
2016-10-17T16:09:42.860+0800: 18950.418: [GC (CMS Initial Mark) [1 CMS-initial-mark: 1316714K(1798144K)] 1393856K(2483840K), 0.0042051 secs] [Times: user=0.01 sys=0.00, real=0.00 secs] 
2016-10-17T16:09:42.864+0800: 18950.423: [CMS-concurrent-mark-start]
2016-10-17T16:09:43.290+0800: 18950.848: [CMS-concurrent-mark: 0.425/0.425 secs] [Times: user=0.91 sys=0.07, real=0.43 secs] 
2016-10-17T16:09:43.290+0800: 18950.848: [CMS-concurrent-preclean-start]
2016-10-17T16:09:43.295+0800: 18950.854: [CMS-concurrent-preclean: 0.005/0.005 secs] [Times: user=0.01 sys=0.00, real=0.00 secs] 
2016-10-17T16:09:43.295+0800: 18950.854: [CMS-concurrent-abortable-preclean-start]
2016-10-17T16:09:47.478+0800: 18955.036: [GC (Allocation Failure) 2016-10-17T16:09:47.478+0800: 18955.037: [ParNew: 685696K->76160K(685696K), 0.0344817 secs] 2002410K->1476263K(2483840K), 0.0346319 secs] [Times: user=0.14 sys=0.00, real=0.03 secs] 
 CMS: abort preclean due to time 2016-10-17T16:09:48.318+0800: 18955.877: [CMS-concurrent-abortable-preclean: 4.982/5.024 secs] [Times: user=7.27 sys=0.55, real=5.03 secs] 
2016-10-17T16:09:48.319+0800: 18955.878: [GC (CMS Final Remark) [YG occupancy: 189960 K (685696 K)]2016-10-17T16:09:48.319+0800: 18955.878: [Rescan (parallel) , 0.0069228 secs]2016-10-17T16:09:48.326+0800: 18955.885: [weak refs processing, 0.0003621 secs]2016-10-17T16:09:48.326+0800: 18955.885: [class unloading, 0.0157386 secs]2016-10-17T16:09:48.342+0800: 18955.901: [scrub symbol table, 0.0050428 secs]2016-10-17T16:09:48.347+0800: 18955.906: [scrub string table, 0.0006971 secs][1 CMS-remark: 1400103K(1798144K)] 1590063K(2483840K), 0.0291741 secs] [Times: user=0.05 sys=0.00, real=0.03 secs] 
2016-10-17T16:09:48.349+0800: 18955.907: [CMS-concurrent-sweep-start]
2016-10-17T16:09:48.457+0800: 18956.016: [CMS-concurrent-sweep: 0.108/0.108 secs] [Times: user=0.15 sys=0.01, real=0.11 secs] 
2016-10-17T16:09:48.457+0800: 18956.016: [CMS-concurrent-reset-start]
2016-10-17T16:09:48.460+0800: 18956.019: [CMS-concurrent-reset: 0.004/0.004 secs] [Times: user=0.00 sys=0.00, real=0.00 secs] 
2016-10-17T16:09:51.642+0800: 18959.201: [GC (Allocation Failure) 2016-10-17T16:09:51.642+0800: 18959.201: [ParNew: 685696K->76160K(685696K), 0.0343368 secs] 1884369K->1355497K(2483840K), 0.0344719 secs] [Times: user=0.11 sys=0.00, real=0.04 secs] 
2016-10-17T16:09:51.677+0800: 18959.236: [GC (CMS Initial Mark) [1 CMS-initial-mark: 1279337K(1798144K)] 1355963K(2483840K), 0.0021011 secs] [Times: user=0.00 sys=0.00, real=0.00 secs] 
2016-10-17T16:09:51.680+0800: 18959.238: [CMS-concurrent-mark-start]
2016-10-17T16:09:51.886+0800: 18959.444: [CMS-concurrent-mark: 0.206/0.206 secs] [Times: user=0.27 sys=0.01, real=0.20 secs] 
2016-10-17T16:09:51.886+0800: 18959.444: [CMS-concurrent-preclean-start]
2016-10-17T16:09:51.890+0800: 18959.449: [CMS-concurrent-preclean: 0.004/0.004 secs] [Times: user=0.00 sys=0.00, real=0.01 secs] 
2016-10-17T16:09:51.890+0800: 18959.449: [CMS-concurrent-abortable-preclean-start]
2016-10-17T16:09:54.467+0800: 18962.026: [CMS-concurrent-abortable-preclean: 2.571/2.577 secs] [Times: user=3.32 sys=0.24, real=2.58 secs] 
2016-10-17T16:09:54.467+0800: 18962.026: [GC (CMS Final Remark) [YG occupancy: 386458 K (685696 K)]2016-10-17T16:09:54.467+0800: 18962.026: [Rescan (parallel) , 0.0139477 secs]2016-10-17T16:09:54.481+0800: 18962.040: [weak refs processing, 0.0001415 secs]2016-10-17T16:09:54.482+0800: 18962.040: [class unloading, 0.0128323 secs]2016-10-17T16:09:54.494+0800: 18962.053: [scrub symbol table, 0.0046953 secs]2016-10-17T16:09:54.499+0800: 18962.058: [scrub string table, 0.0007192 secs][1 CMS-remark: 1279337K(1798144K)] 1665795K(2483840K), 0.0325955 secs] [Times: user=0.08 sys=0.00, real=0.03 secs] 
2016-10-17T16:09:54.500+0800: 18962.059: [CMS-concurrent-sweep-start]
2016-10-17T16:09:54.670+0800: 18962.229: [CMS-concurrent-sweep: 0.169/0.169 secs] [Times: user=0.24 sys=0.02, real=0.17 secs] 
2016-10-17T16:09:54.670+0800: 18962.229: [CMS-concurrent-reset-start]
2016-10-17T16:09:54.673+0800: 18962.232: [CMS-concurrent-reset: 0.003/0.003 secs] [Times: user=0.01 sys=0.00, real=0.00 secs] 
2016-10-17T16:09:56.770+0800: 18964.329: [GC (Allocation Failure) 2016-10-17T16:09:56.770+0800: 18964.329: [ParNew: 685696K->76160K(685696K), 0.0291986 secs] 1714681K->1184040K(2483840K), 0.0293563 secs] [Times: user=0.11 sys=0.00, real=0.03 secs] 
2016-10-17T16:10:01.476+0800: 18969.034: [GC (Allocation Failure) 2016-10-17T16:10:01.476+0800: 18969.034: [ParNew: 685672K->76160K(685696K), 0.0302970 secs] 1793552K->1262364K(2483840K), 0.0304349 secs] [Times: user=0.11 sys=0.00, real=0.04 secs] 
2016-10-17T16:10:05.681+0800: 18973.239: [GC (Allocation Failure) 2016-10-17T16:10:05.681+0800: 18973.239: [ParNew: 685696K->76160K(685696K), 0.0398257 secs] 1871900K->1348444K(2483840K), 0.0399548 secs] [Times: user=0.11 sys=0.00, real=0.04 secs] 
2016-10-17T16:10:05.721+0800: 18973.280: [GC (CMS Initial Mark) [1 CMS-initial-mark: 1272284K(1798144K)] 1348898K(2483840K), 0.0036866 secs] [Times: user=0.00 sys=0.00, real=0.00 secs] 
2016-10-17T16:10:05.725+0800: 18973.284: [CMS-concurrent-mark-start]
2016-10-17T16:10:05.849+0800: 18973.408: [CMS-concurrent-mark: 0.124/0.124 secs] [Times: user=0.16 sys=0.03, real=0.13 secs] 
2016-10-17T16:10:05.849+0800: 18973.408: [CMS-concurrent-preclean-start]
2016-10-17T16:10:05.854+0800: 18973.413: [CMS-concurrent-preclean: 0.005/0.005 secs] [Times: user=0.01 sys=0.00, real=0.00 secs] 
2016-10-17T16:10:05.854+0800: 18973.413: [CMS-concurrent-abortable-preclean-start]
2016-10-17T16:10:09.514+0800: 18977.073: [CMS-concurrent-abortable-preclean: 3.658/3.660 secs] [Times: user=4.45 sys=0.45, real=3.66 secs] 
2016-10-17T16:10:09.515+0800: 18977.073: [GC (CMS Final Remark) [YG occupancy: 382478 K (685696 K)]2016-10-17T16:10:09.515+0800: 18977.073: [Rescan (parallel) , 0.0204103 secs]2016-10-17T16:10:09.535+0800: 18977.094: [weak refs processing, 0.0005016 secs]2016-10-17T16:10:09.536+0800: 18977.094: [class unloading, 0.0135061 secs]2016-10-17T16:10:09.549+0800: 18977.108: [scrub symbol table, 0.0066018 secs]2016-10-17T16:10:09.556+0800: 18977.115: [scrub string table, 0.0007871 secs][1 CMS-remark: 1272284K(1798144K)] 1654763K(2483840K), 0.0422578 secs] [Times: user=0.08 sys=0.00, real=0.05 secs] 
2016-10-17T16:10:09.701+0800: 18977.260: [CMS-concurrent-sweep-start]
2016-10-17T16:10:10.321+0800: 18977.880: [CMS-concurrent-sweep: 0.616/0.619 secs] [Times: user=0.62 sys=0.04, real=0.62 secs] 
2016-10-17T16:10:10.321+0800: 18977.880: [CMS-concurrent-reset-start]
2016-10-17T16:10:10.325+0800: 18977.883: [CMS-concurrent-reset: 0.004/0.004 secs] [Times: user=0.00 sys=0.00, real=0.00 secs] 
2016-10-17T16:10:14.108+0800: 18981.666: [GC (Allocation Failure) 2016-10-17T16:10:14.108+0800: 18981.666: [ParNew: 685483K->76160K(685696K), 0.0339834 secs] 1662178K->1132823K(2483840K), 0.0341156 secs] [Times: user=0.12 sys=0.00, real=0.03 secs] 
2016-10-17T16:10:20.600+0800: 18988.159: [GC (Allocation Failure) 2016-10-17T16:10:20.600+0800: 18988.159: [ParNew: 685696K->76160K(685696K), 0.1155476 secs] 1742359K->1233739K(2483840K), 0.1156880 secs] [Times: user=0.12 sys=0.00, real=0.12 secs] 
2016-10-17T16:10:26.316+0800: 18993.875: [GC (Allocation Failure) 2016-10-17T16:10:26.316+0800: 18993.875: [ParNew: 685510K->76160K(685696K), 0.0303663 secs] 1843089K->1310832K(2483840K), 0.0304943 secs] [Times: user=0.11 sys=0.00, real=0.03 secs] 
2016-10-17T16:10:31.049+0800: 18998.608: [GC (Allocation Failure) 2016-10-17T16:10:31.049+0800: 18998.608: [ParNew: 685483K->76160K(685696K), 0.0338415 secs] 1920156K->1385546K(2483840K), 0.0339813 secs] [Times: user=0.12 sys=0.00, real=0.03 secs] 
2016-10-17T16:10:31.083+0800: 18998.642: [GC (CMS Initial Mark) [1 CMS-initial-mark: 1309386K(1798144K)] 1386107K(2483840K), 0.0023343 secs] [Times: user=0.01 sys=0.00, real=0.00 secs] 
2016-10-17T16:10:31.086+0800: 18998.645: [CMS-concurrent-mark-start]
2016-10-17T16:10:31.239+0800: 18998.797: [CMS-concurrent-mark: 0.153/0.153 secs] [Times: user=0.19 sys=0.00, real=0.15 secs] 
2016-10-17T16:10:31.239+0800: 18998.797: [CMS-concurrent-preclean-start]
2016-10-17T16:10:31.243+0800: 18998.802: [CMS-concurrent-preclean: 0.005/0.005 secs] [Times: user=0.01 sys=0.00, real=0.00 secs] 
2016-10-17T16:10:31.243+0800: 18998.802: [CMS-concurrent-abortable-preclean-start]
2016-10-17T16:10:34.406+0800: 19001.965: [CMS-concurrent-abortable-preclean: 3.158/3.163 secs] [Times: user=4.00 sys=0.27, real=3.17 secs] 
2016-10-17T16:10:34.407+0800: 19001.965: [GC (CMS Final Remark) [YG occupancy: 382296 K (685696 K)]2016-10-17T16:10:34.407+0800: 19001.965: [Rescan (parallel) , 0.0205402 secs]2016-10-17T16:10:34.427+0800: 19001.986: [weak refs processing, 0.0005187 secs]2016-10-17T16:10:34.428+0800: 19001.987: [class unloading, 0.0134396 secs]2016-10-17T16:10:34.441+0800: 19002.000: [scrub symbol table, 0.0045891 secs]2016-10-17T16:10:34.446+0800: 19002.005: [scrub string table, 0.0007078 secs][1 CMS-remark: 1309386K(1798144K)] 1691683K(2483840K), 0.0403195 secs] [Times: user=0.08 sys=0.00, real=0.04 secs] 
2016-10-17T16:10:34.447+0800: 19002.006: [CMS-concurrent-sweep-start]
2016-10-17T16:10:34.536+0800: 19002.095: [CMS-concurrent-sweep: 0.089/0.089 secs] [Times: user=0.13 sys=0.01, real=0.09 secs] 
2016-10-17T16:10:34.536+0800: 19002.095: [CMS-concurrent-reset-start]
2016-10-17T16:10:34.540+0800: 19002.098: [CMS-concurrent-reset: 0.003/0.003 secs] [Times: user=0.01 sys=0.00, real=0.00 secs] 
2016-10-17T16:10:37.345+0800: 19004.904: [GC (Allocation Failure) 2016-10-17T16:10:37.345+0800: 19004.904: [ParNew: 685580K->76160K(685696K), 0.0547016 secs] 1674112K->1157234K(2483840K), 0.0548418 secs] [Times: user=0.15 sys=0.00, real=0.06 secs] 
2016-10-17T16:10:41.528+0800: 19009.086: [GC (Allocation Failure) 2016-10-17T16:10:41.528+0800: 19009.087: [ParNew: 685600K->76160K(685696K), 0.1864851 secs] 1766674K->1243089K(2483840K), 0.1866113 secs] [Times: user=0.48 sys=0.03, real=0.18 secs] 
2016-10-17T16:10:46.805+0800: 19014.364: [GC (Allocation Failure) 2016-10-17T16:10:46.805+0800: 19014.364: [ParNew: 685470K->76160K(685696K), 0.0415264 secs] 1852399K->1326829K(2483840K), 0.0416865 secs] [Times: user=0.14 sys=0.00, real=0.05 secs] 
2016-10-17T16:10:51.400+0800: 19018.959: [GC (Allocation Failure) 2016-10-17T16:10:51.400+0800: 19018.959: [ParNew: 685609K->76160K(685696K), 0.0428457 secs] 1936278K->1407489K(2483840K), 0.0430034 secs] [Times: user=0.16 sys=0.00, real=0.04 secs] 
2016-10-17T16:10:51.444+0800: 19019.003: [GC (CMS Initial Mark) [1 CMS-initial-mark: 1331329K(1798144K)] 1408032K(2483840K), 0.0023406 secs] [Times: user=0.01 sys=0.00, real=0.01 secs] 
2016-10-17T16:10:51.446+0800: 19019.005: [CMS-concurrent-mark-start]
2016-10-17T16:10:51.677+0800: 19019.236: [CMS-concurrent-mark: 0.231/0.231 secs] [Times: user=0.30 sys=0.04, real=0.23 secs] 
2016-10-17T16:10:51.677+0800: 19019.236: [CMS-concurrent-preclean-start]
2016-10-17T16:10:51.683+0800: 19019.242: [CMS-concurrent-preclean: 0.006/0.006 secs] [Times: user=0.00 sys=0.00, real=0.00 secs] 
2016-10-17T16:10:51.683+0800: 19019.242: [CMS-concurrent-abortable-preclean-start]
2016-10-17T16:10:55.866+0800: 19023.425: [CMS-concurrent-abortable-preclean: 4.024/4.183 secs] [Times: user=4.88 sys=0.34, real=4.19 secs] 
2016-10-17T16:10:55.868+0800: 19023.427: [GC (CMS Final Remark) [YG occupancy: 383674 K (685696 K)]2016-10-17T16:10:55.868+0800: 19023.427: [Rescan (parallel) , 0.0197961 secs]2016-10-17T16:10:55.888+0800: 19023.447: [weak refs processing, 0.0005225 secs]2016-10-17T16:10:55.889+0800: 19023.448: [class unloading, 0.0592254 secs]2016-10-17T16:10:55.948+0800: 19023.507: [scrub symbol table, 0.0052718 secs]2016-10-17T16:10:55.953+0800: 19023.512: [scrub string table, 0.0007104 secs][1 CMS-remark: 1331329K(1798144K)] 1715003K(2483840K), 0.0861256 secs] [Times: user=0.14 sys=0.00, real=0.08 secs] 
2016-10-17T16:10:55.955+0800: 19023.513: [CMS-concurrent-sweep-start]
2016-10-17T16:10:56.041+0800: 19023.600: [CMS-concurrent-sweep: 0.087/0.087 secs] [Times: user=0.11 sys=0.00, real=0.09 secs] 
2016-10-17T16:10:56.042+0800: 19023.600: [CMS-concurrent-reset-start]
2016-10-17T16:10:56.045+0800: 19023.604: [CMS-concurrent-reset: 0.004/0.004 secs] [Times: user=0.01 sys=0.00, real=0.00 secs] 
2016-10-17T16:11:01.462+0800: 19029.021: [GC (Allocation Failure) 2016-10-17T16:11:01.462+0800: 19029.021: [ParNew: 685462K->76160K(685696K), 0.0351277 secs] 1693509K->1161601K(2483840K), 0.0352992 secs] [Times: user=0.13 sys=0.00, real=0.04 secs] 
2016-10-17T16:11:07.935+0800: 19035.493: [GC (Allocation Failure) 2016-10-17T16:11:07.935+0800: 19035.493: [ParNew: 685696K->76160K(685696K), 0.0350184 secs] 1771137K->1242554K(2483840K), 0.0351761 secs] [Times: user=0.13 sys=0.00, real=0.04 secs] 
2016-10-17T16:11:14.698+0800: 19042.257: [GC (Allocation Failure) 2016-10-17T16:11:14.698+0800: 19042.257: [ParNew: 685587K->76160K(685696K), 0.0331165 secs] 1851981K->1326824K(2483840K), 0.0332825 secs] [Times: user=0.12 sys=0.00, real=0.03 secs] 
2016-10-17T16:11:26.618+0800: 19054.176: [GC (Allocation Failure) 2016-10-17T16:11:26.618+0800: 19054.176: [ParNew: 685696K->76160K(685696K), 0.2039850 secs] 1936360K->1424735K(2483840K), 0.2041547 secs] [Times: user=0.64 sys=0.08, real=0.20 secs] 
2016-10-17T16:11:26.822+0800: 19054.381: [GC (CMS Initial Mark) [1 CMS-initial-mark: 1348575K(1798144K)] 1425220K(2483840K), 0.0052003 secs] [Times: user=0.02 sys=0.00, real=0.01 secs] 
2016-10-17T16:11:26.828+0800: 19054.387: [CMS-concurrent-mark-start]
2016-10-17T16:11:27.260+0800: 19054.819: [CMS-concurrent-mark: 0.432/0.432 secs] [Times: user=0.51 sys=0.05, real=0.43 secs] 
2016-10-17T16:11:27.261+0800: 19054.819: [CMS-concurrent-preclean-start]
2016-10-17T16:11:27.267+0800: 19054.825: [CMS-concurrent-preclean: 0.006/0.006 secs] [Times: user=0.01 sys=0.00, real=0.01 secs] 
2016-10-17T16:11:27.267+0800: 19054.825: [CMS-concurrent-abortable-preclean-start]
2016-10-17T16:11:31.738+0800: 19059.296: [CMS-concurrent-abortable-preclean: 4.466/4.471 secs] [Times: user=5.25 sys=0.37, real=4.47 secs] 
2016-10-17T16:11:31.862+0800: 19059.421: [GC (CMS Final Remark) [YG occupancy: 382524 K (685696 K)]2016-10-17T16:11:31.863+0800: 19059.421: [Rescan (parallel) , 0.0206324 secs]2016-10-17T16:11:31.883+0800: 19059.442: [weak refs processing, 0.0007771 secs]2016-10-17T16:11:31.884+0800: 19059.443: [class unloading, 0.0188850 secs]2016-10-17T16:11:31.903+0800: 19059.462: [scrub symbol table, 0.0070772 secs]2016-10-17T16:11:31.910+0800: 19059.469: [scrub string table, 0.0010240 secs][1 CMS-remark: 1348575K(1798144K)] 1731099K(2483840K), 0.0491505 secs] [Times: user=0.09 sys=0.00, real=0.05 secs] 
2016-10-17T16:11:31.912+0800: 19059.471: [CMS-concurrent-sweep-start]
2016-10-17T16:11:32.000+0800: 19059.558: [CMS-concurrent-sweep: 0.088/0.088 secs] [Times: user=0.12 sys=0.00, real=0.09 secs] 
2016-10-17T16:11:32.000+0800: 19059.558: [CMS-concurrent-reset-start]
2016-10-17T16:11:32.003+0800: 19059.562: [CMS-concurrent-reset: 0.003/0.003 secs] [Times: user=0.01 sys=0.00, real=0.00 secs] 
2016-10-17T16:11:34.328+0800: 19061.887: [GC (Allocation Failure) 2016-10-17T16:11:34.328+0800: 19061.887: [ParNew: 685696K->76160K(685696K), 0.0343040 secs] 1751968K->1219335K(2483840K), 0.0344762 secs] [Times: user=0.11 sys=0.00, real=0.03 secs] 
2016-10-17T16:11:39.414+0800: 19066.973: [GC (Allocation Failure) 2016-10-17T16:11:39.414+0800: 19066.973: [ParNew: 685669K->76160K(685696K), 0.0334955 secs] 1828844K->1304013K(2483840K), 0.0336412 secs] [Times: user=0.12 sys=0.00, real=0.04 secs] 
2016-10-17T16:11:44.172+0800: 19071.731: [GC (Allocation Failure) 2016-10-17T16:11:44.172+0800: 19071.731: [ParNew: 685635K->76160K(685696K), 0.1161025 secs] 1913489K->1387962K(2483840K), 0.1162387 secs] [Times: user=0.23 sys=0.01, real=0.12 secs] 
2016-10-17T16:11:44.289+0800: 19071.848: [GC (CMS Initial Mark) [1 CMS-initial-mark: 1311802K(1798144K)] 1388343K(2483840K), 0.0035680 secs] [Times: user=0.01 sys=0.00, real=0.00 secs] 
2016-10-17T16:11:44.293+0800: 19071.852: [CMS-concurrent-mark-start]
2016-10-17T16:11:44.607+0800: 19072.166: [CMS-concurrent-mark: 0.314/0.314 secs] [Times: user=0.39 sys=0.03, real=0.32 secs] 
2016-10-17T16:11:44.607+0800: 19072.166: [CMS-concurrent-preclean-start]
2016-10-17T16:11:44.613+0800: 19072.172: [CMS-concurrent-preclean: 0.006/0.006 secs] [Times: user=0.01 sys=0.00, real=0.00 secs] 
2016-10-17T16:11:44.613+0800: 19072.172: [CMS-concurrent-abortable-preclean-start]
2016-10-17T16:11:47.320+0800: 19074.879: [CMS-concurrent-abortable-preclean: 2.703/2.707 secs] [Times: user=3.38 sys=0.25, real=2.71 secs] 
2016-10-17T16:11:47.321+0800: 19074.879: [GC (CMS Final Remark) [YG occupancy: 380955 K (685696 K)]2016-10-17T16:11:47.321+0800: 19074.879: [Rescan (parallel) , 0.1142652 secs]2016-10-17T16:11:47.435+0800: 19074.994: [weak refs processing, 0.0003354 secs]2016-10-17T16:11:47.435+0800: 19074.994: [class unloading, 0.0128293 secs]2016-10-17T16:11:47.448+0800: 19075.007: [scrub symbol table, 0.0043262 secs]2016-10-17T16:11:47.453+0800: 19075.011: [scrub string table, 0.0006913 secs][1 CMS-remark: 1311802K(1798144K)] 1692758K(2483840K), 0.1328315 secs] [Times: user=0.10 sys=0.00, real=0.13 secs] 
2016-10-17T16:11:47.454+0800: 19075.013: [CMS-concurrent-sweep-start]
2016-10-17T16:11:47.545+0800: 19075.104: [CMS-concurrent-sweep: 0.091/0.091 secs] [Times: user=0.13 sys=0.01, real=0.09 secs] 
2016-10-17T16:11:47.545+0800: 19075.104: [CMS-concurrent-reset-start]
2016-10-17T16:11:47.549+0800: 19075.107: [CMS-concurrent-reset: 0.004/0.004 secs] [Times: user=0.00 sys=0.00, real=0.01 secs] 
2016-10-17T16:11:50.039+0800: 19077.598: [GC (Allocation Failure) 2016-10-17T16:11:50.039+0800: 19077.598: [ParNew: 685668K->76160K(685696K), 0.0373697 secs] 1756136K->1220348K(2483840K), 0.0375489 secs] [Times: user=0.14 sys=0.00, real=0.04 secs] 
2016-10-17T16:11:54.689+0800: 19082.248: [GC (Allocation Failure) 2016-10-17T16:11:54.690+0800: 19082.248: [ParNew: 685457K->76160K(685696K), 0.0662625 secs] 1829646K->1307163K(2483840K), 0.0663865 secs] [Times: user=0.15 sys=0.00, real=0.07 secs] 
2016-10-17T16:11:59.297+0800: 19086.856: [GC (Allocation Failure) 2016-10-17T16:11:59.297+0800: 19086.856: [ParNew: 685668K->76160K(685696K), 0.0553939 secs] 1916672K->1390570K(2483840K), 0.0555417 secs] [Times: user=0.13 sys=0.00, real=0.05 secs] 
2016-10-17T16:11:59.355+0800: 19086.913: [GC (CMS Initial Mark) [1 CMS-initial-mark: 1314410K(1798144K)] 1391139K(2483840K), 0.0038176 secs] [Times: user=0.01 sys=0.00, real=0.01 secs] 
2016-10-17T16:11:59.359+0800: 19086.917: [CMS-concurrent-mark-start]
2016-10-17T16:11:59.650+0800: 19087.209: [CMS-concurrent-mark: 0.292/0.292 secs] [Times: user=0.42 sys=0.01, real=0.29 secs] 
2016-10-17T16:11:59.650+0800: 19087.209: [CMS-concurrent-preclean-start]
2016-10-17T16:11:59.656+0800: 19087.215: [CMS-concurrent-preclean: 0.005/0.005 secs] [Times: user=0.01 sys=0.00, real=0.00 secs] 
2016-10-17T16:11:59.656+0800: 19087.215: [CMS-concurrent-abortable-preclean-start]
2016-10-17T16:12:01.968+0800: 19089.527: [CMS-concurrent-abortable-preclean: 2.311/2.312 secs] [Times: user=3.06 sys=0.15, real=2.31 secs] 
2016-10-17T16:12:01.969+0800: 19089.528: [GC (CMS Final Remark) [YG occupancy: 382819 K (685696 K)]2016-10-17T16:12:01.969+0800: 19089.528: [Rescan (parallel) , 0.0152519 secs]2016-10-17T16:12:01.984+0800: 19089.543: [weak refs processing, 0.0003997 secs]2016-10-17T16:12:01.985+0800: 19089.543: [class unloading, 0.0150426 secs]2016-10-17T16:12:02.000+0800: 19089.559: [scrub symbol table, 0.0049863 secs]2016-10-17T16:12:02.005+0800: 19089.564: [scrub string table, 0.0006921 secs][1 CMS-remark: 1314410K(1798144K)] 1697229K(2483840K), 0.0367851 secs] [Times: user=0.08 sys=0.00, real=0.03 secs] 
2016-10-17T16:12:02.006+0800: 19089.565: [CMS-concurrent-sweep-start]
2016-10-17T16:12:02.104+0800: 19089.662: [CMS-concurrent-sweep: 0.098/0.098 secs] [Times: user=0.14 sys=0.01, real=0.09 secs] 
2016-10-17T16:12:02.104+0800: 19089.662: [CMS-concurrent-reset-start]
2016-10-17T16:12:02.107+0800: 19089.666: [CMS-concurrent-reset: 0.003/0.003 secs] [Times: user=0.00 sys=0.00, real=0.01 secs] 
2016-10-17T16:12:04.118+0800: 19091.677: [GC (Allocation Failure) 2016-10-17T16:12:04.119+0800: 19091.677: [ParNew: 685557K->76160K(685696K), 0.0358832 secs] 1758866K->1234146K(2483840K), 0.0360082 secs] [Times: user=0.13 sys=0.00, real=0.03 secs] 
2016-10-17T16:12:08.326+0800: 19095.885: [GC (Allocation Failure) 2016-10-17T16:12:08.326+0800: 19095.885: [ParNew: 685678K->76160K(685696K), 0.0352165 secs] 1843664K->1316743K(2483840K), 0.0353647 secs] [Times: user=0.13 sys=0.00, real=0.03 secs] 
2016-10-17T16:12:13.154+0800: 19100.712: [GC (Allocation Failure) 2016-10-17T16:12:13.154+0800: 19100.712: [ParNew: 685636K->76160K(685696K), 0.0303510 secs] 1926219K->1408407K(2483840K), 0.0304861 secs] [Times: user=0.12 sys=0.00, real=0.03 secs] 
2016-10-17T16:12:13.185+0800: 19100.744: [GC (CMS Initial Mark) [1 CMS-initial-mark: 1332247K(1798144K)] 1408886K(2483840K), 0.0025254 secs] [Times: user=0.01 sys=0.00, real=0.01 secs] 
2016-10-17T16:12:13.187+0800: 19100.746: [CMS-concurrent-mark-start]
2016-10-17T16:12:13.494+0800: 19101.053: [CMS-concurrent-mark: 0.307/0.307 secs] [Times: user=0.38 sys=0.02, real=0.30 secs] 
2016-10-17T16:12:13.494+0800: 19101.053: [CMS-concurrent-preclean-start]
2016-10-17T16:12:13.500+0800: 19101.059: [CMS-concurrent-preclean: 0.006/0.006 secs] [Times: user=0.01 sys=0.00, real=0.01 secs] 
2016-10-17T16:12:13.500+0800: 19101.059: [CMS-concurrent-abortable-preclean-start]
2016-10-17T16:12:15.672+0800: 19103.231: [CMS-concurrent-abortable-preclean: 2.171/2.172 secs] [Times: user=2.81 sys=0.28, real=2.17 secs] 
2016-10-17T16:12:15.673+0800: 19103.232: [GC (CMS Final Remark) [YG occupancy: 395743 K (685696 K)]2016-10-17T16:12:15.673+0800: 19103.232: [Rescan (parallel) , 0.0142158 secs]2016-10-17T16:12:15.687+0800: 19103.246: [weak refs processing, 0.0003896 secs]2016-10-17T16:12:15.688+0800: 19103.246: [class unloading, 0.0161024 secs]2016-10-17T16:12:15.704+0800: 19103.262: [scrub symbol table, 0.0064359 secs]2016-10-17T16:12:15.710+0800: 19103.269: [scrub string table, 0.0007255 secs][1 CMS-remark: 1332247K(1798144K)] 1727990K(2483840K), 0.0382304 secs] [Times: user=0.09 sys=0.00, real=0.04 secs] 
2016-10-17T16:12:15.712+0800: 19103.270: [CMS-concurrent-sweep-start]
2016-10-17T16:12:15.807+0800: 19103.366: [CMS-concurrent-sweep: 0.096/0.096 secs] [Times: user=0.13 sys=0.00, real=0.10 secs] 
2016-10-17T16:12:15.807+0800: 19103.366: [CMS-concurrent-reset-start]
2016-10-17T16:12:15.811+0800: 19103.370: [CMS-concurrent-reset: 0.003/0.003 secs] [Times: user=0.01 sys=0.00, real=0.00 secs] 
2016-10-17T16:12:17.734+0800: 19105.293: [GC (Allocation Failure) 2016-10-17T16:12:17.734+0800: 19105.293: [ParNew: 685696K->76160K(685696K), 0.0401426 secs] 1774563K->1247384K(2483840K), 0.0403071 secs] [Times: user=0.13 sys=0.00, real=0.04 secs] 
2016-10-17T16:12:23.452+0800: 19111.011: [GC (Allocation Failure) 2016-10-17T16:12:23.453+0800: 19111.011: [ParNew: 685696K->76160K(685696K), 0.0435349 secs] 1856920K->1323314K(2483840K), 0.0436888 secs] [Times: user=0.11 sys=0.00, real=0.05 secs] 
2016-10-17T16:12:27.099+0800: 19114.657: [GC (Allocation Failure) 2016-10-17T16:12:27.099+0800: 19114.658: [ParNew: 685696K->54583K(685696K), 0.1641258 secs] 1932850K->1350474K(2483840K), 0.1642801 secs] [Times: user=0.09 sys=0.00, real=0.16 secs] 
2016-10-17T16:12:27.264+0800: 19114.823: [GC (CMS Initial Mark) [1 CMS-initial-mark: 1295891K(1798144K)] 1351301K(2483840K), 0.0017603 secs] [Times: user=0.01 sys=0.00, real=0.00 secs] 
2016-10-17T16:12:27.266+0800: 19114.825: [CMS-concurrent-mark-start]
2016-10-17T16:12:27.663+0800: 19115.222: [CMS-concurrent-mark: 0.397/0.397 secs] [Times: user=0.78 sys=0.06, real=0.39 secs] 
2016-10-17T16:12:27.663+0800: 19115.222: [CMS-concurrent-preclean-start]
2016-10-17T16:12:27.670+0800: 19115.229: [CMS-concurrent-preclean: 0.007/0.007 secs] [Times: user=0.02 sys=0.00, real=0.01 secs] 
2016-10-17T16:12:27.670+0800: 19115.229: [CMS-concurrent-abortable-preclean-start]
2016-10-17T16:12:29.212+0800: 19116.771: [CMS-concurrent-abortable-preclean: 1.440/1.541 secs] [Times: user=3.28 sys=0.28, real=1.54 secs] 
2016-10-17T16:12:29.213+0800: 19116.771: [GC (CMS Final Remark) [YG occupancy: 361430 K (685696 K)]2016-10-17T16:12:29.213+0800: 19116.771: [Rescan (parallel) , 0.0126573 secs]2016-10-17T16:12:29.225+0800: 19116.784: [weak refs processing, 0.0004490 secs]2016-10-17T16:12:29.226+0800: 19116.785: [class unloading, 0.0184858 secs]2016-10-17T16:12:29.244+0800: 19116.803: [scrub symbol table, 0.0074850 secs]2016-10-17T16:12:29.252+0800: 19116.811: [scrub string table, 0.0010138 secs][1 CMS-remark: 1295891K(1798144K)] 1657321K(2483840K), 0.0405545 secs] [Times: user=0.08 sys=0.00, real=0.04 secs] 
2016-10-17T16:12:29.254+0800: 19116.812: [CMS-concurrent-sweep-start]
2016-10-17T16:12:29.617+0800: 19117.176: [CMS-concurrent-sweep: 0.364/0.364 secs] [Times: user=0.78 sys=0.08, real=0.37 secs] 
2016-10-17T16:12:29.618+0800: 19117.176: [CMS-concurrent-reset-start]
2016-10-17T16:12:29.621+0800: 19117.180: [CMS-concurrent-reset: 0.003/0.003 secs] [Times: user=0.00 sys=0.00, real=0.00 secs] 
2016-10-17T16:12:30.788+0800: 19118.347: [GC (Allocation Failure) 2016-10-17T16:12:30.788+0800: 19118.347: [ParNew: 664119K->70635K(685696K), 0.0183877 secs] 1746395K->1152911K(2483840K), 0.0185451 secs] [Times: user=0.06 sys=0.00, real=0.02 secs] 
2016-10-17T16:12:33.271+0800: 19120.830: [GC (Allocation Failure) 2016-10-17T16:12:33.271+0800: 19120.830: [ParNew: 680171K->74411K(685696K), 0.0198144 secs] 1762447K->1181754K(2483840K), 0.0199803 secs] [Times: user=0.08 sys=0.00, real=0.02 secs] 
2016-10-17T16:12:35.475+0800: 19123.034: [GC (Allocation Failure) 2016-10-17T16:12:35.475+0800: 19123.034: [ParNew: 683947K->72273K(685696K), 0.0167800 secs] 1791290K->1211955K(2483840K), 0.0169151 secs] [Times: user=0.07 sys=0.00, real=0.02 secs] 
2016-10-17T16:12:37.867+0800: 19125.426: [GC (Allocation Failure) 2016-10-17T16:12:37.867+0800: 19125.426: [ParNew: 681809K->76160K(685696K), 0.0219821 secs] 1821491K->1243130K(2483840K), 0.0221307 secs] [Times: user=0.08 sys=0.00, real=0.02 secs] 
2016-10-17T16:12:41.898+0800: 19129.457: [GC (Allocation Failure) 2016-10-17T16:12:41.898+0800: 19129.457: [ParNew: 685644K->76160K(685696K), 0.0298043 secs] 1852615K->1288288K(2483840K), 0.0299655 secs] [Times: user=0.10 sys=0.00, real=0.03 secs] 
2016-10-17T16:12:46.170+0800: 19133.729: [GC (Allocation Failure) 2016-10-17T16:12:46.170+0800: 19133.729: [ParNew: 685683K->76160K(685696K), 0.0299744 secs] 1897811K->1375711K(2483840K), 0.0301416 secs] [Times: user=0.11 sys=0.00, real=0.03 secs] 
2016-10-17T16:12:46.201+0800: 19133.759: [GC (CMS Initial Mark) [1 CMS-initial-mark: 1299551K(1798144K)] 1376170K(2483840K), 0.0030487 secs] [Times: user=0.01 sys=0.00, real=0.00 secs] 
2016-10-17T16:12:46.204+0800: 19133.763: [CMS-concurrent-mark-start]
2016-10-17T16:12:46.497+0800: 19134.055: [CMS-concurrent-mark: 0.293/0.293 secs] [Times: user=0.66 sys=0.03, real=0.30 secs] 
2016-10-17T16:12:46.497+0800: 19134.055: [CMS-concurrent-preclean-start]
2016-10-17T16:12:46.502+0800: 19134.061: [CMS-concurrent-preclean: 0.005/0.005 secs] [Times: user=0.01 sys=0.00, real=0.00 secs] 
2016-10-17T16:12:46.502+0800: 19134.061: [CMS-concurrent-abortable-preclean-start]
2016-10-17T16:12:47.556+0800: 19135.115: [CMS-concurrent-abortable-preclean: 1.038/1.054 secs] [Times: user=2.22 sys=0.13, real=1.06 secs] 
2016-10-17T16:12:47.556+0800: 19135.115: [GC (CMS Final Remark) [YG occupancy: 404354 K (685696 K)]2016-10-17T16:12:47.556+0800: 19135.115: [Rescan (parallel) , 0.0112303 secs]2016-10-17T16:12:47.568+0800: 19135.126: [weak refs processing, 0.0004154 secs]2016-10-17T16:12:47.568+0800: 19135.127: [class unloading, 0.0135236 secs]2016-10-17T16:12:47.582+0800: 19135.140: [scrub symbol table, 0.0045147 secs]2016-10-17T16:12:47.586+0800: 19135.145: [scrub string table, 0.0007200 secs][1 CMS-remark: 1299551K(1798144K)] 1703906K(2483840K), 0.0308545 secs] [Times: user=0.07 sys=0.00, real=0.03 secs] 
2016-10-17T16:12:47.588+0800: 19135.146: [CMS-concurrent-sweep-start]
2016-10-17T16:12:47.783+0800: 19135.342: [CMS-concurrent-sweep: 0.196/0.196 secs] [Times: user=0.39 sys=0.04, real=0.19 secs] 
2016-10-17T16:12:47.783+0800: 19135.342: [CMS-concurrent-reset-start]
2016-10-17T16:12:47.787+0800: 19135.345: [CMS-concurrent-reset: 0.003/0.003 secs] [Times: user=0.01 sys=0.00, real=0.01 secs] 
2016-10-17T16:12:48.547+0800: 19136.106: [GC (Allocation Failure) 2016-10-17T16:12:48.548+0800: 19136.106: [ParNew: 685696K->70288K(685696K), 0.0224756 secs] 1553621K->1006941K(2483840K), 0.0226035 secs] [Times: user=0.08 sys=0.00, real=0.02 secs] 
2016-10-17T16:12:50.961+0800: 19138.520: [GC (Allocation Failure) 2016-10-17T16:12:50.961+0800: 19138.520: [ParNew: 679824K->76012K(685696K), 0.0152693 secs] 1616477K->1012664K(2483840K), 0.0154176 secs] [Times: user=0.06 sys=0.00, real=0.02 secs] 
2016-10-17T16:12:53.442+0800: 19141.001: [GC (Allocation Failure) 2016-10-17T16:12:53.442+0800: 19141.001: [ParNew: 685548K->70034K(685696K), 0.0209023 secs] 1622200K->1039649K(2483840K), 0.0210507 secs] [Times: user=0.07 sys=0.00, real=0.02 secs] 
2016-10-17T16:12:55.761+0800: 19143.320: [GC (Allocation Failure) 2016-10-17T16:12:55.761+0800: 19143.320: [ParNew: 679570K->75393K(685696K), 0.0193401 secs] 1649185K->1075449K(2483840K), 0.0194837 secs] [Times: user=0.08 sys=0.00, real=0.02 secs] 
2016-10-17T16:12:58.888+0800: 19146.447: [GC (Allocation Failure) 2016-10-17T16:12:58.889+0800: 19146.447: [ParNew: 684929K->76160K(685696K), 0.2099780 secs] 1684985K->1115235K(2483840K), 0.2101564 secs] [Times: user=0.38 sys=0.02, real=0.21 secs] 
2016-10-17T16:13:04.110+0800: 19151.669: [GC (Allocation Failure) 2016-10-17T16:13:04.110+0800: 19151.669: [ParNew: 685463K->76160K(685696K), 0.0302778 secs] 1724539K->1152288K(2483840K), 0.0304190 secs] [Times: user=0.10 sys=0.00, real=0.03 secs] 
2016-10-17T16:13:09.792+0800: 19157.351: [GC (Allocation Failure) 2016-10-17T16:13:09.792+0800: 19157.351: [ParNew: 685675K->76160K(685696K), 0.1686805 secs] 1761804K->1237920K(2483840K), 0.1688339 secs] [Times: user=0.58 sys=0.06, real=0.17 secs] 
2016-10-17T16:13:16.266+0800: 19163.824: [GC (Allocation Failure) 2016-10-17T16:13:16.266+0800: 19163.824: [ParNew: 685502K->76160K(685696K), 0.0376805 secs] 1847263K->1319820K(2483840K), 0.0378484 secs] [Times: user=0.13 sys=0.00, real=0.04 secs] 
2016-10-17T16:13:22.072+0800: 19169.630: [GC (Allocation Failure) 2016-10-17T16:13:22.072+0800: 19169.631: [ParNew: 685628K->76160K(685696K), 0.0358516 secs] 1929288K->1405596K(2483840K), 0.0359994 secs] [Times: user=0.13 sys=0.00, real=0.04 secs] 
2016-10-17T16:13:22.108+0800: 19169.667: [GC (CMS Initial Mark) [1 CMS-initial-mark: 1329436K(1798144K)] 1405852K(2483840K), 0.0028840 secs] [Times: user=0.01 sys=0.00, real=0.00 secs] 
2016-10-17T16:13:22.111+0800: 19169.670: [CMS-concurrent-mark-start]
2016-10-17T16:13:22.276+0800: 19169.834: [CMS-concurrent-mark: 0.164/0.164 secs] [Times: user=0.24 sys=0.01, real=0.16 secs] 
2016-10-17T16:13:22.276+0800: 19169.834: [CMS-concurrent-preclean-start]
2016-10-17T16:13:22.282+0800: 19169.841: [CMS-concurrent-preclean: 0.007/0.007 secs] [Times: user=0.01 sys=0.00, real=0.01 secs] 
2016-10-17T16:13:22.282+0800: 19169.841: [CMS-concurrent-abortable-preclean-start]
2016-10-17T16:13:24.592+0800: 19172.150: [CMS-concurrent-abortable-preclean: 2.307/2.309 secs] [Times: user=3.10 sys=0.22, real=2.31 secs] 
2016-10-17T16:13:24.592+0800: 19172.151: [GC (CMS Final Remark) [YG occupancy: 381284 K (685696 K)]2016-10-17T16:13:24.593+0800: 19172.151: [Rescan (parallel) , 0.0181772 secs]2016-10-17T16:13:24.611+0800: 19172.170: [weak refs processing, 0.0009422 secs]2016-10-17T16:13:24.612+0800: 19172.170: [class unloading, 0.0139309 secs]2016-10-17T16:13:24.626+0800: 19172.184: [scrub symbol table, 0.0052901 secs]2016-10-17T16:13:24.631+0800: 19172.190: [scrub string table, 0.0007393 secs][1 CMS-remark: 1329436K(1798144K)] 1710721K(2483840K), 0.0399783 secs] [Times: user=0.10 sys=0.00, real=0.04 secs] 
2016-10-17T16:13:24.633+0800: 19172.192: [CMS-concurrent-sweep-start]
2016-10-17T16:13:24.823+0800: 19172.381: [CMS-concurrent-sweep: 0.189/0.189 secs] [Times: user=0.22 sys=0.02, real=0.19 secs] 
2016-10-17T16:13:24.823+0800: 19172.381: [CMS-concurrent-reset-start]
2016-10-17T16:13:24.826+0800: 19172.385: [CMS-concurrent-reset: 0.004/0.004 secs] [Times: user=0.01 sys=0.00, real=0.01 secs] 
2016-10-17T16:13:26.828+0800: 19174.387: [GC (Allocation Failure) 2016-10-17T16:13:26.828+0800: 19174.387: [ParNew: 685662K->76160K(685696K), 0.0367354 secs] 1582618K->1050311K(2483840K), 0.0368819 secs] [Times: user=0.13 sys=0.00, real=0.03 secs] 
2016-10-17T16:13:31.238+0800: 19178.797: [GC (Allocation Failure) 2016-10-17T16:13:31.239+0800: 19178.797: [ParNew: 685539K->76160K(685696K), 0.0395905 secs] 1659691K->1146016K(2483840K), 0.0397352 secs] [Times: user=0.14 sys=0.00, real=0.04 secs] 
2016-10-17T16:13:35.737+0800: 19183.295: [GC (Allocation Failure) 2016-10-17T16:13:35.737+0800: 19183.295: [ParNew: 685696K->76160K(685696K), 0.0336784 secs] 1755552K->1220219K(2483840K), 0.0338534 secs] [Times: user=0.13 sys=0.00, real=0.03 secs] 
2016-10-17T16:13:40.206+0800: 19187.765: [GC (Allocation Failure) 2016-10-17T16:13:40.206+0800: 19187.765: [ParNew: 685613K->76160K(685696K), 0.0365004 secs] 1829672K->1306346K(2483840K), 0.0366313 secs] [Times: user=0.14 sys=0.00, real=0.03 secs] 
2016-10-17T16:13:44.527+0800: 19192.086: [GC (Allocation Failure) 2016-10-17T16:13:44.527+0800: 19192.086: [ParNew: 685666K->76160K(685696K), 0.0572043 secs] 1915853K->1398085K(2483840K), 0.0573492 secs] [Times: user=0.20 sys=0.00, real=0.05 secs] 
2016-10-17T16:13:44.585+0800: 19192.144: [GC (CMS Initial Mark) [1 CMS-initial-mark: 1321925K(1798144K)] 1398341K(2483840K), 0.0072769 secs] [Times: user=0.02 sys=0.00, real=0.01 secs] 
2016-10-17T16:13:44.593+0800: 19192.151: [CMS-concurrent-mark-start]
2016-10-17T16:13:44.771+0800: 19192.330: [CMS-concurrent-mark: 0.178/0.178 secs] [Times: user=0.22 sys=0.00, real=0.18 secs] 
2016-10-17T16:13:44.771+0800: 19192.330: [CMS-concurrent-preclean-start]
2016-10-17T16:13:44.776+0800: 19192.335: [CMS-concurrent-preclean: 0.005/0.005 secs] [Times: user=0.01 sys=0.00, real=0.01 secs] 
2016-10-17T16:13:44.776+0800: 19192.335: [CMS-concurrent-abortable-preclean-start]
2016-10-17T16:13:47.427+0800: 19194.986: [CMS-concurrent-abortable-preclean: 2.549/2.651 secs] [Times: user=3.44 sys=0.16, real=2.65 secs] 
2016-10-17T16:13:47.428+0800: 19194.986: [GC (CMS Final Remark) [YG occupancy: 381074 K (685696 K)]2016-10-17T16:13:47.428+0800: 19194.986: [Rescan (parallel) , 0.0214963 secs]2016-10-17T16:13:47.449+0800: 19195.008: [weak refs processing, 0.0015812 secs]2016-10-17T16:13:47.451+0800: 19195.010: [class unloading, 0.0133905 secs]2016-10-17T16:13:47.464+0800: 19195.023: [scrub symbol table, 0.0056539 secs]2016-10-17T16:13:47.470+0800: 19195.029: [scrub string table, 0.0007464 secs][1 CMS-remark: 1321925K(1798144K)] 1703000K(2483840K), 0.0441138 secs] [Times: user=0.11 sys=0.00, real=0.04 secs] 
2016-10-17T16:13:47.472+0800: 19195.031: [CMS-concurrent-sweep-start]
2016-10-17T16:13:47.644+0800: 19195.202: [CMS-concurrent-sweep: 0.171/0.172 secs] [Times: user=0.24 sys=0.01, real=0.17 secs] 
2016-10-17T16:13:47.644+0800: 19195.202: [CMS-concurrent-reset-start]
2016-10-17T16:13:47.647+0800: 19195.206: [CMS-concurrent-reset: 0.003/0.003 secs] [Times: user=0.01 sys=0.00, real=0.01 secs] 
2016-10-17T16:13:49.802+0800: 19197.361: [GC (Allocation Failure) 2016-10-17T16:13:49.802+0800: 19197.361: [ParNew: 685636K->76160K(685696K), 0.0500447 secs] 1696433K->1182261K(2483840K), 0.0501782 secs] [Times: user=0.17 sys=0.00, real=0.05 secs] 
2016-10-17T16:13:55.444+0800: 19203.003: [GC (Allocation Failure) 2016-10-17T16:13:55.444+0800: 19203.003: [ParNew: 685680K->76160K(685696K), 0.0476925 secs] 1791782K->1254002K(2483840K), 0.0478570 secs] [Times: user=0.16 sys=0.00, real=0.05 secs] 
2016-10-17T16:14:03.858+0800: 19211.417: [GC (Allocation Failure) 2016-10-17T16:14:03.859+0800: 19211.417: [ParNew: 685642K->76160K(685696K), 0.0373136 secs] 1863484K->1328816K(2483840K), 0.0374405 secs] [Times: user=0.13 sys=0.00, real=0.04 secs] 
2016-10-17T16:14:08.863+0800: 19216.422: [GC (Allocation Failure) 2016-10-17T16:14:08.863+0800: 19216.422: [ParNew: 685619K->76160K(685696K), 0.0480477 secs] 1938275K->1417269K(2483840K), 0.0482138 secs] [Times: user=0.16 sys=0.00, real=0.05 secs] 
2016-10-17T16:14:08.912+0800: 19216.471: [GC (CMS Initial Mark) [1 CMS-initial-mark: 1341109K(1798144K)] 1417808K(2483840K), 0.0032421 secs] [Times: user=0.02 sys=0.00, real=0.00 secs] 
2016-10-17T16:14:08.915+0800: 19216.474: [CMS-concurrent-mark-start]
2016-10-17T16:14:09.285+0800: 19216.843: [CMS-concurrent-mark: 0.369/0.369 secs] [Times: user=0.47 sys=0.05, real=0.37 secs] 
2016-10-17T16:14:09.285+0800: 19216.843: [CMS-concurrent-preclean-start]
2016-10-17T16:14:09.291+0800: 19216.849: [CMS-concurrent-preclean: 0.006/0.006 secs] [Times: user=0.01 sys=0.00, real=0.01 secs] 
2016-10-17T16:14:09.291+0800: 19216.849: [CMS-concurrent-abortable-preclean-start]
2016-10-17T16:14:12.764+0800: 19220.322: [CMS-concurrent-abortable-preclean: 3.371/3.473 secs] [Times: user=4.22 sys=0.45, real=3.47 secs] 
2016-10-17T16:14:12.764+0800: 19220.323: [GC (CMS Final Remark) [YG occupancy: 386075 K (685696 K)]2016-10-17T16:14:12.764+0800: 19220.323: [Rescan (parallel) , 0.0205759 secs]2016-10-17T16:14:12.785+0800: 19220.344: [weak refs processing, 0.0006313 secs]2016-10-17T16:14:12.785+0800: 19220.344: [class unloading, 0.0336914 secs]2016-10-17T16:14:12.819+0800: 19220.378: [scrub symbol table, 0.0060796 secs]2016-10-17T16:14:12.825+0800: 19220.384: [scrub string table, 0.0007505 secs][1 CMS-remark: 1341109K(1798144K)] 1727185K(2483840K), 0.0719487 secs] [Times: user=0.12 sys=0.00, real=0.08 secs] 
2016-10-17T16:14:12.836+0800: 19220.395: [CMS-concurrent-sweep-start]
2016-10-17T16:14:13.020+0800: 19220.579: [CMS-concurrent-sweep: 0.184/0.184 secs] [Times: user=0.21 sys=0.02, real=0.18 secs] 
2016-10-17T16:14:13.020+0800: 19220.579: [CMS-concurrent-reset-start]
2016-10-17T16:14:13.025+0800: 19220.584: [CMS-concurrent-reset: 0.005/0.005 secs] [Times: user=0.01 sys=0.00, real=0.00 secs] 
2016-10-17T16:14:15.300+0800: 19222.859: [GC (Allocation Failure) 2016-10-17T16:14:15.300+0800: 19222.859: [ParNew: 685584K->76160K(685696K), 0.0401826 secs] 1744223K->1208982K(2483840K), 0.0403190 secs] [Times: user=0.15 sys=0.00, real=0.04 secs] 
2016-10-17T16:14:24.094+0800: 19231.653: [GC (Allocation Failure) 2016-10-17T16:14:24.094+0800: 19231.653: [ParNew: 685632K->76160K(685696K), 0.0466619 secs] 1818455K->1297614K(2483840K), 0.0467909 secs] [Times: user=0.14 sys=0.00, real=0.05 secs] 
2016-10-17T16:14:30.101+0800: 19237.660: [GC (Allocation Failure) 2016-10-17T16:14:30.101+0800: 19237.660: [ParNew: 685696K->76160K(685696K), 0.0358258 secs] 1907150K->1372236K(2483840K), 0.0359623 secs] [Times: user=0.13 sys=0.00, real=0.04 secs] 
2016-10-17T16:14:30.138+0800: 19237.696: [GC (CMS Initial Mark) [1 CMS-initial-mark: 1296076K(1798144K)] 1372781K(2483840K), 0.0032548 secs] [Times: user=0.01 sys=0.00, real=0.00 secs] 
2016-10-17T16:14:30.141+0800: 19237.700: [CMS-concurrent-mark-start]
2016-10-17T16:14:30.417+0800: 19237.975: [CMS-concurrent-mark: 0.276/0.276 secs] [Times: user=0.36 sys=0.00, real=0.28 secs] 
2016-10-17T16:14:30.417+0800: 19237.976: [CMS-concurrent-preclean-start]
2016-10-17T16:14:30.422+0800: 19237.980: [CMS-concurrent-preclean: 0.005/0.005 secs] [Times: user=0.01 sys=0.00, real=0.00 secs] 
2016-10-17T16:14:30.422+0800: 19237.980: [CMS-concurrent-abortable-preclean-start]
2016-10-17T16:14:32.827+0800: 19240.386: [CMS-concurrent-abortable-preclean: 2.403/2.406 secs] [Times: user=3.21 sys=0.17, real=2.41 secs] 
2016-10-17T16:14:32.828+0800: 19240.387: [GC (CMS Final Remark) [YG occupancy: 382237 K (685696 K)]2016-10-17T16:14:32.828+0800: 19240.387: [Rescan (parallel) , 0.0168091 secs]2016-10-17T16:14:32.845+0800: 19240.404: [weak refs processing, 0.0003627 secs]2016-10-17T16:14:32.846+0800: 19240.404: [class unloading, 0.0135129 secs]2016-10-17T16:14:32.859+0800: 19240.418: [scrub symbol table, 0.0045850 secs]2016-10-17T16:14:32.864+0800: 19240.422: [scrub string table, 0.0007147 secs][1 CMS-remark: 1296076K(1798144K)] 1678313K(2483840K), 0.0364227 secs] [Times: user=0.09 sys=0.00, real=0.03 secs] 
2016-10-17T16:14:32.865+0800: 19240.424: [CMS-concurrent-sweep-start]
2016-10-17T16:14:32.958+0800: 19240.517: [CMS-concurrent-sweep: 0.093/0.093 secs] [Times: user=0.12 sys=0.00, real=0.10 secs] 
2016-10-17T16:14:32.958+0800: 19240.517: [CMS-concurrent-reset-start]
2016-10-17T16:14:32.962+0800: 19240.520: [CMS-concurrent-reset: 0.003/0.003 secs] [Times: user=0.00 sys=0.00, real=0.00 secs] 
2016-10-17T16:14:35.321+0800: 19242.880: [GC (Allocation Failure) 2016-10-17T16:14:35.321+0800: 19242.880: [ParNew: 685641K->76160K(685696K), 0.0363731 secs] 1779994K->1251738K(2483840K), 0.0365147 secs] [Times: user=0.13 sys=0.00, real=0.04 secs] 
2016-10-17T16:14:39.376+0800: 19246.935: [GC (Allocation Failure) 2016-10-17T16:14:39.376+0800: 19246.935: [ParNew: 685696K->76160K(685696K), 0.0348528 secs] 1861274K->1336162K(2483840K), 0.0349790 secs] [Times: user=0.14 sys=0.00, real=0.03 secs] 
2016-10-17T16:14:39.412+0800: 19246.970: [GC (CMS Initial Mark) [1 CMS-initial-mark: 1260002K(1798144K)] 1336701K(2483840K), 0.0023953 secs] [Times: user=0.01 sys=0.00, real=0.00 secs] 
2016-10-17T16:14:39.414+0800: 19246.973: [CMS-concurrent-mark-start]
2016-10-17T16:14:39.704+0800: 19247.263: [CMS-concurrent-mark: 0.290/0.290 secs] [Times: user=0.37 sys=0.00, real=0.29 secs] 
2016-10-17T16:14:39.704+0800: 19247.263: [CMS-concurrent-preclean-start]
2016-10-17T16:14:39.710+0800: 19247.268: [CMS-concurrent-preclean: 0.006/0.006 secs] [Times: user=0.01 sys=0.00, real=0.01 secs] 
2016-10-17T16:14:39.710+0800: 19247.268: [CMS-concurrent-abortable-preclean-start]
2016-10-17T16:14:42.082+0800: 19249.641: [CMS-concurrent-abortable-preclean: 2.371/2.372 secs] [Times: user=3.16 sys=0.17, real=2.37 secs] 
2016-10-17T16:14:42.083+0800: 19249.641: [GC (CMS Final Remark) [YG occupancy: 384866 K (685696 K)]2016-10-17T16:14:42.083+0800: 19249.641: [Rescan (parallel) , 0.0160407 secs]2016-10-17T16:14:42.099+0800: 19249.658: [weak refs processing, 0.0002164 secs]2016-10-17T16:14:42.099+0800: 19249.658: [class unloading, 0.0136186 secs]2016-10-17T16:14:42.113+0800: 19249.671: [scrub symbol table, 0.0044219 secs]2016-10-17T16:14:42.117+0800: 19249.676: [scrub string table, 0.0007419 secs][1 CMS-remark: 1260002K(1798144K)] 1644869K(2483840K), 0.0353403 secs] [Times: user=0.08 sys=0.00, real=0.04 secs] 
2016-10-17T16:14:42.118+0800: 19249.677: [CMS-concurrent-sweep-start]
2016-10-17T16:14:42.214+0800: 19249.773: [CMS-concurrent-sweep: 0.096/0.096 secs] [Times: user=0.13 sys=0.00, real=0.09 secs] 
2016-10-17T16:14:42.214+0800: 19249.773: [CMS-concurrent-reset-start]
2016-10-17T16:14:42.218+0800: 19249.777: [CMS-concurrent-reset: 0.003/0.003 secs] [Times: user=0.01 sys=0.00, real=0.01 secs] 
2016-10-17T16:14:44.197+0800: 19251.756: [GC (Allocation Failure) 2016-10-17T16:14:44.197+0800: 19251.756: [ParNew: 685696K->76160K(685696K), 0.0366461 secs] 1784210K->1253964K(2483840K), 0.0368087 secs] [Times: user=0.13 sys=0.00, real=0.03 secs] 
2016-10-17T16:14:48.296+0800: 19255.855: [GC (Allocation Failure) 2016-10-17T16:14:48.296+0800: 19255.855: [ParNew: 685680K->76160K(685696K), 0.0361714 secs] 1863485K->1333299K(2483840K), 0.0362979 secs] [Times: user=0.13 sys=0.00, real=0.03 secs] 
2016-10-17T16:14:51.951+0800: 19259.510: [GC (Allocation Failure) 2016-10-17T16:14:51.951+0800: 19259.510: [ParNew: 685677K->76160K(685696K), 0.0328829 secs] 1942816K->1409321K(2483840K), 0.0330104 secs] [Times: user=0.12 sys=0.00, real=0.03 secs] 
2016-10-17T16:14:51.985+0800: 19259.544: [GC (CMS Initial Mark) [1 CMS-initial-mark: 1333161K(1798144K)] 1409824K(2483840K), 0.0040023 secs] [Times: user=0.01 sys=0.00, real=0.01 secs] 
2016-10-17T16:14:51.989+0800: 19259.548: [CMS-concurrent-mark-start]
2016-10-17T16:14:52.319+0800: 19259.878: [CMS-concurrent-mark: 0.330/0.330 secs] [Times: user=0.52 sys=0.02, real=0.33 secs] 
2016-10-17T16:14:52.319+0800: 19259.878: [CMS-concurrent-preclean-start]
2016-10-17T16:14:52.326+0800: 19259.885: [CMS-concurrent-preclean: 0.007/0.007 secs] [Times: user=0.01 sys=0.00, real=0.01 secs] 
2016-10-17T16:14:52.326+0800: 19259.885: [CMS-concurrent-abortable-preclean-start]
2016-10-17T16:14:54.302+0800: 19261.861: [CMS-concurrent-abortable-preclean: 1.974/1.976 secs] [Times: user=2.66 sys=0.12, real=1.97 secs] 
2016-10-17T16:14:54.303+0800: 19261.862: [GC (CMS Final Remark) [YG occupancy: 381126 K (685696 K)]2016-10-17T16:14:54.303+0800: 19261.862: [Rescan (parallel) , 0.0158564 secs]2016-10-17T16:14:54.319+0800: 19261.878: [weak refs processing, 0.0001954 secs]2016-10-17T16:14:54.319+0800: 19261.878: [class unloading, 0.0130176 secs]2016-10-17T16:14:54.332+0800: 19261.891: [scrub symbol table, 0.0051119 secs]2016-10-17T16:14:54.337+0800: 19261.896: [scrub string table, 0.0008164 secs][1 CMS-remark: 1333161K(1798144K)] 1714288K(2483840K), 0.0353314 secs] [Times: user=0.09 sys=0.00, real=0.04 secs] 
2016-10-17T16:14:54.338+0800: 19261.897: [CMS-concurrent-sweep-start]
2016-10-17T16:14:54.442+0800: 19262.001: [CMS-concurrent-sweep: 0.104/0.104 secs] [Times: user=0.12 sys=0.00, real=0.10 secs] 
2016-10-17T16:14:54.442+0800: 19262.001: [CMS-concurrent-reset-start]
2016-10-17T16:14:54.446+0800: 19262.005: [CMS-concurrent-reset: 0.004/0.004 secs] [Times: user=0.00 sys=0.00, real=0.01 secs] 
2016-10-17T16:14:56.409+0800: 19263.968: [GC (Allocation Failure) 2016-10-17T16:14:56.409+0800: 19263.968: [ParNew: 685678K->76160K(685696K), 0.0333060 secs] 1817399K->1282329K(2483840K), 0.0334343 secs] [Times: user=0.12 sys=0.00, real=0.03 secs] 
2016-10-17T16:15:00.240+0800: 19267.799: [GC (Allocation Failure) 2016-10-17T16:15:00.241+0800: 19267.799: [ParNew: 685696K->76160K(685696K), 0.0445407 secs] 1891865K->1370112K(2483840K), 0.0446922 secs] [Times: user=0.14 sys=0.00, real=0.04 secs] 
2016-10-17T16:15:00.286+0800: 19267.845: [GC (CMS Initial Mark) [1 CMS-initial-mark: 1293952K(1798144K)] 1370598K(2483840K), 0.0021269 secs] [Times: user=0.01 sys=0.00, real=0.01 secs] 
2016-10-17T16:15:00.288+0800: 19267.847: [CMS-concurrent-mark-start]
2016-10-17T16:15:00.507+0800: 19268.066: [CMS-concurrent-mark: 0.219/0.219 secs] [Times: user=0.28 sys=0.01, real=0.22 secs] 
2016-10-17T16:15:00.507+0800: 19268.066: [CMS-concurrent-preclean-start]
2016-10-17T16:15:00.512+0800: 19268.071: [CMS-concurrent-preclean: 0.005/0.005 secs] [Times: user=0.01 sys=0.00, real=0.00 secs] 
2016-10-17T16:15:00.512+0800: 19268.071: [CMS-concurrent-abortable-preclean-start]
2016-10-17T16:15:02.762+0800: 19270.320: [CMS-concurrent-abortable-preclean: 2.247/2.249 secs] [Times: user=2.95 sys=0.25, real=2.25 secs] 
2016-10-17T16:15:02.762+0800: 19270.321: [GC (CMS Final Remark) [YG occupancy: 384228 K (685696 K)]2016-10-17T16:15:02.762+0800: 19270.321: [Rescan (parallel) , 0.0132719 secs]2016-10-17T16:15:02.775+0800: 19270.334: [weak refs processing, 0.0002225 secs]2016-10-17T16:15:02.776+0800: 19270.334: [class unloading, 0.0152017 secs]2016-10-17T16:15:02.791+0800: 19270.350: [scrub symbol table, 0.0051369 secs]2016-10-17T16:15:02.796+0800: 19270.355: [scrub string table, 0.0007283 secs][1 CMS-remark: 1293952K(1798144K)] 1678181K(2483840K), 0.0348509 secs] [Times: user=0.07 sys=0.00, real=0.04 secs] 
2016-10-17T16:15:02.797+0800: 19270.356: [CMS-concurrent-sweep-start]
2016-10-17T16:15:02.975+0800: 19270.534: [CMS-concurrent-sweep: 0.178/0.178 secs] [Times: user=0.26 sys=0.01, real=0.17 secs] 
2016-10-17T16:15:02.975+0800: 19270.534: [CMS-concurrent-reset-start]
2016-10-17T16:15:02.979+0800: 19270.537: [CMS-concurrent-reset: 0.004/0.004 secs] [Times: user=0.01 sys=0.00, real=0.01 secs] 
2016-10-17T16:15:04.358+0800: 19271.917: [GC (Allocation Failure) 2016-10-17T16:15:04.358+0800: 19271.917: [ParNew: 685622K->76160K(685696K), 0.0294584 secs] 1726394K->1190113K(2483840K), 0.0296117 secs] [Times: user=0.11 sys=0.00, real=0.03 secs] 
2016-10-17T16:15:08.552+0800: 19276.110: [GC (Allocation Failure) 2016-10-17T16:15:08.552+0800: 19276.110: [ParNew: 685683K->76160K(685696K), 0.0351784 secs] 1799636K->1270041K(2483840K), 0.0353465 secs] [Times: user=0.13 sys=0.00, real=0.04 secs] 
2016-10-17T16:15:13.407+0800: 19280.966: [GC (Allocation Failure) 2016-10-17T16:15:13.407+0800: 19280.966: [ParNew: 685696K->76160K(685696K), 0.0343513 secs] 1879577K->1356085K(2483840K), 0.0344909 secs] [Times: user=0.12 sys=0.00, real=0.03 secs] 
2016-10-17T16:15:13.444+0800: 19281.003: [GC (CMS Initial Mark) [1 CMS-initial-mark: 1279925K(1798144K)] 1356555K(2483840K), 0.0027341 secs] [Times: user=0.01 sys=0.00, real=0.01 secs] 
2016-10-17T16:15:13.447+0800: 19281.006: [CMS-concurrent-mark-start]
2016-10-17T16:15:13.568+0800: 19281.127: [CMS-concurrent-mark: 0.120/0.121 secs] [Times: user=0.16 sys=0.01, real=0.12 secs] 
2016-10-17T16:15:13.568+0800: 19281.127: [CMS-concurrent-preclean-start]
2016-10-17T16:15:13.573+0800: 19281.132: [CMS-concurrent-preclean: 0.005/0.005 secs] [Times: user=0.01 sys=0.00, real=0.00 secs] 
2016-10-17T16:15:13.573+0800: 19281.132: [CMS-concurrent-abortable-preclean-start]
2016-10-17T16:15:15.801+0800: 19283.359: [CMS-concurrent-abortable-preclean: 2.226/2.228 secs] [Times: user=3.03 sys=0.20, real=2.23 secs] 
2016-10-17T16:15:15.801+0800: 19283.360: [GC (CMS Final Remark) [YG occupancy: 388639 K (685696 K)]2016-10-17T16:15:15.801+0800: 19283.360: [Rescan (parallel) , 0.0134488 secs]2016-10-17T16:15:15.815+0800: 19283.374: [weak refs processing, 0.0002731 secs]2016-10-17T16:15:15.815+0800: 19283.374: [class unloading, 0.0128989 secs]2016-10-17T16:15:15.828+0800: 19283.387: [scrub symbol table, 0.0053874 secs]2016-10-17T16:15:15.834+0800: 19283.392: [scrub string table, 0.0007129 secs][1 CMS-remark: 1279925K(1798144K)] 1668564K(2483840K), 0.0331071 secs] [Times: user=0.07 sys=0.00, real=0.03 secs] 
2016-10-17T16:15:15.835+0800: 19283.393: [CMS-concurrent-sweep-start]
2016-10-17T16:15:16.120+0800: 19283.679: [CMS-concurrent-sweep: 0.285/0.285 secs] [Times: user=0.41 sys=0.02, real=0.29 secs] 
2016-10-17T16:15:16.120+0800: 19283.679: [CMS-concurrent-reset-start]
2016-10-17T16:15:16.124+0800: 19283.682: [CMS-concurrent-reset: 0.004/0.004 secs] [Times: user=0.01 sys=0.00, real=0.00 secs] 
2016-10-17T16:15:18.358+0800: 19285.917: [GC (Allocation Failure) 2016-10-17T16:15:18.358+0800: 19285.917: [ParNew: 685694K->76160K(685696K), 0.0484346 secs] 1669942K->1154181K(2483840K), 0.0485953 secs] [Times: user=0.15 sys=0.00, real=0.05 secs] 
2016-10-17T16:15:26.076+0800: 19293.634: [GC (Allocation Failure) 2016-10-17T16:15:26.076+0800: 19293.634: [ParNew: 685696K->76160K(685696K), 0.0415245 secs] 1763717K->1231828K(2483840K), 0.0416733 secs] [Times: user=0.14 sys=0.00, real=0.05 secs] 
2016-10-17T16:15:31.953+0800: 19299.512: [GC (Allocation Failure) 2016-10-17T16:15:31.954+0800: 19299.512: [ParNew: 685696K->76160K(685696K), 0.0389334 secs] 1841364K->1318339K(2483840K), 0.0390872 secs] [Times: user=0.15 sys=0.00, real=0.04 secs] 
2016-10-17T16:15:36.272+0800: 19303.830: [GC (Allocation Failure) 2016-10-17T16:15:36.272+0800: 19303.830: [ParNew: 685462K->76160K(685696K), 0.0346643 secs] 1927641K->1398926K(2483840K), 0.0347917 secs] [Times: user=0.13 sys=0.00, real=0.04 secs] 
2016-10-17T16:15:36.307+0800: 19303.866: [GC (CMS Initial Mark) [1 CMS-initial-mark: 1322766K(1798144K)] 1399184K(2483840K), 0.0038288 secs] [Times: user=0.01 sys=0.00, real=0.00 secs] 
2016-10-17T16:15:36.311+0800: 19303.870: [CMS-concurrent-mark-start]
2016-10-17T16:15:36.470+0800: 19304.029: [CMS-concurrent-mark: 0.159/0.159 secs] [Times: user=0.23 sys=0.01, real=0.16 secs] 
2016-10-17T16:15:36.470+0800: 19304.029: [CMS-concurrent-preclean-start]
2016-10-17T16:15:36.475+0800: 19304.034: [CMS-concurrent-preclean: 0.005/0.005 secs] [Times: user=0.01 sys=0.00, real=0.00 secs] 
2016-10-17T16:15:36.475+0800: 19304.034: [CMS-concurrent-abortable-preclean-start]
2016-10-17T16:15:39.141+0800: 19306.700: [CMS-concurrent-abortable-preclean: 2.664/2.666 secs] [Times: user=3.56 sys=0.16, real=2.67 secs] 
2016-10-17T16:15:39.142+0800: 19306.701: [GC (CMS Final Remark) [YG occupancy: 383627 K (685696 K)]2016-10-17T16:15:39.142+0800: 19306.701: [Rescan (parallel) , 0.0157610 secs]2016-10-17T16:15:39.158+0800: 19306.717: [weak refs processing, 0.0004790 secs]2016-10-17T16:15:39.158+0800: 19306.717: [class unloading, 0.0131579 secs]2016-10-17T16:15:39.172+0800: 19306.730: [scrub symbol table, 0.0046950 secs]2016-10-17T16:15:39.176+0800: 19306.735: [scrub string table, 0.0007686 secs][1 CMS-remark: 1322766K(1798144K)] 1706393K(2483840K), 0.0354950 secs] [Times: user=0.08 sys=0.00, real=0.04 secs] 
2016-10-17T16:15:39.180+0800: 19306.739: [CMS-concurrent-sweep-start]
2016-10-17T16:15:39.273+0800: 19306.832: [CMS-concurrent-sweep: 0.093/0.093 secs] [Times: user=0.11 sys=0.01, real=0.09 secs] 
2016-10-17T16:15:39.273+0800: 19306.832: [CMS-concurrent-reset-start]
2016-10-17T16:15:39.276+0800: 19306.835: [CMS-concurrent-reset: 0.003/0.003 secs] [Times: user=0.01 sys=0.00, real=0.01 secs] 
2016-10-17T16:15:41.303+0800: 19308.861: [GC (Allocation Failure) 2016-10-17T16:15:41.303+0800: 19308.861: [ParNew: 685666K->76160K(685696K), 0.0437512 secs] 1684941K->1162271K(2483840K), 0.0438771 secs] [Times: user=0.15 sys=0.00, real=0.05 secs] 
2016-10-17T16:15:45.396+0800: 19312.955: [GC (Allocation Failure) 2016-10-17T16:15:45.396+0800: 19312.955: [ParNew: 685622K->76160K(685696K), 0.0370850 secs] 1771734K->1234342K(2483840K), 0.0372410 secs] [Times: user=0.13 sys=0.00, real=0.03 secs] 
2016-10-17T16:15:49.583+0800: 19317.142: [GC (Allocation Failure) 2016-10-17T16:15:49.583+0800: 19317.142: [ParNew: 685696K->76160K(685696K), 0.0503706 secs] 1843878K->1315307K(2483840K), 0.0505078 secs] [Times: user=0.16 sys=0.00, real=0.05 secs] 
2016-10-17T16:15:53.440+0800: 19320.999: [GC (Allocation Failure) 2016-10-17T16:15:53.440+0800: 19320.999: [ParNew: 685549K->76160K(685696K), 0.0385320 secs] 1924697K->1407005K(2483840K), 0.0386959 secs] [Times: user=0.13 sys=0.00, real=0.04 secs] 
2016-10-17T16:15:53.479+0800: 19321.038: [GC (CMS Initial Mark) [1 CMS-initial-mark: 1330845K(1798144K)] 1407261K(2483840K), 0.0027760 secs] [Times: user=0.01 sys=0.00, real=0.00 secs] 
2016-10-17T16:15:53.482+0800: 19321.041: [CMS-concurrent-mark-start]
2016-10-17T16:15:53.683+0800: 19321.242: [CMS-concurrent-mark: 0.202/0.202 secs] [Times: user=0.28 sys=0.01, real=0.20 secs] 
2016-10-17T16:15:53.684+0800: 19321.242: [CMS-concurrent-preclean-start]
2016-10-17T16:15:53.689+0800: 19321.248: [CMS-concurrent-preclean: 0.005/0.005 secs] [Times: user=0.01 sys=0.00, real=0.01 secs] 
2016-10-17T16:15:53.689+0800: 19321.248: [CMS-concurrent-abortable-preclean-start]
2016-10-17T16:15:56.264+0800: 19323.823: [CMS-concurrent-abortable-preclean: 2.573/2.575 secs] [Times: user=3.49 sys=0.18, real=2.57 secs] 
2016-10-17T16:15:56.264+0800: 19323.823: [GC (CMS Final Remark) [YG occupancy: 392745 K (685696 K)]2016-10-17T16:15:56.264+0800: 19323.823: [Rescan (parallel) , 0.0155966 secs]2016-10-17T16:15:56.280+0800: 19323.839: [weak refs processing, 0.0006076 secs]2016-10-17T16:15:56.281+0800: 19323.839: [class unloading, 0.0145115 secs]2016-10-17T16:15:56.295+0800: 19323.854: [scrub symbol table, 0.0042696 secs]2016-10-17T16:15:56.299+0800: 19323.858: [scrub string table, 0.0006888 secs][1 CMS-remark: 1330845K(1798144K)] 1723591K(2483840K), 0.0361694 secs] [Times: user=0.09 sys=0.00, real=0.04 secs] 
2016-10-17T16:15:56.301+0800: 19323.859: [CMS-concurrent-sweep-start]
2016-10-17T16:15:56.380+0800: 19323.939: [CMS-concurrent-sweep: 0.079/0.079 secs] [Times: user=0.11 sys=0.00, real=0.08 secs] 
2016-10-17T16:15:56.380+0800: 19323.939: [CMS-concurrent-reset-start]
2016-10-17T16:15:56.384+0800: 19323.943: [CMS-concurrent-reset: 0.004/0.004 secs] [Times: user=0.01 sys=0.00, real=0.00 secs] 
2016-10-17T16:15:58.526+0800: 19326.085: [GC (Allocation Failure) 2016-10-17T16:15:58.526+0800: 19326.085: [ParNew: 685696K->76160K(685696K), 0.0377662 secs] 1732489K->1208419K(2483840K), 0.0379005 secs] [Times: user=0.14 sys=0.00, real=0.03 secs] 
2016-10-17T16:16:03.258+0800: 19330.817: [GC (Allocation Failure) 2016-10-17T16:16:03.258+0800: 19330.817: [ParNew: 685617K->76160K(685696K), 0.0399930 secs] 1817877K->1286602K(2483840K), 0.0401570 secs] [Times: user=0.13 sys=0.00, real=0.04 secs] 
2016-10-17T16:16:07.554+0800: 19335.113: [GC (Allocation Failure) 2016-10-17T16:16:07.554+0800: 19335.113: [ParNew: 685444K->76160K(685696K), 0.0380422 secs] 1895886K->1370626K(2483840K), 0.0381856 secs] [Times: user=0.14 sys=0.00, real=0.04 secs] 
2016-10-17T16:16:07.593+0800: 19335.152: [GC (CMS Initial Mark) [1 CMS-initial-mark: 1294466K(1798144K)] 1371197K(2483840K), 0.0029686 secs] [Times: user=0.01 sys=0.00, real=0.01 secs] 
2016-10-17T16:16:07.596+0800: 19335.155: [CMS-concurrent-mark-start]
2016-10-17T16:16:07.837+0800: 19335.396: [CMS-concurrent-mark: 0.241/0.241 secs] [Times: user=0.34 sys=0.02, real=0.24 secs] 
2016-10-17T16:16:07.837+0800: 19335.396: [CMS-concurrent-preclean-start]
2016-10-17T16:16:07.842+0800: 19335.401: [CMS-concurrent-preclean: 0.005/0.005 secs] [Times: user=0.01 sys=0.00, real=0.00 secs] 
2016-10-17T16:16:07.842+0800: 19335.401: [CMS-concurrent-abortable-preclean-start]
2016-10-17T16:16:11.479+0800: 19339.038: [CMS-concurrent-abortable-preclean: 3.635/3.637 secs] [Times: user=4.59 sys=0.31, real=3.64 secs] 
2016-10-17T16:16:11.480+0800: 19339.039: [GC (CMS Final Remark) [YG occupancy: 383150 K (685696 K)]2016-10-17T16:16:11.480+0800: 19339.039: [Rescan (parallel) , 0.0143119 secs]2016-10-17T16:16:11.494+0800: 19339.053: [weak refs processing, 0.0003685 secs]2016-10-17T16:16:11.495+0800: 19339.053: [class unloading, 0.0145781 secs]2016-10-17T16:16:11.509+0800: 19339.068: [scrub symbol table, 0.0088669 secs]2016-10-17T16:16:11.518+0800: 19339.077: [scrub string table, 0.0010456 secs][1 CMS-remark: 1294466K(1798144K)] 1677616K(2483840K), 0.0396459 secs] [Times: user=0.09 sys=0.00, real=0.04 secs] 
2016-10-17T16:16:11.520+0800: 19339.079: [CMS-concurrent-sweep-start]
2016-10-17T16:16:11.604+0800: 19339.163: [CMS-concurrent-sweep: 0.084/0.084 secs] [Times: user=0.12 sys=0.00, real=0.08 secs] 
2016-10-17T16:16:11.604+0800: 19339.163: [CMS-concurrent-reset-start]
2016-10-17T16:16:11.608+0800: 19339.167: [CMS-concurrent-reset: 0.003/0.003 secs] [Times: user=0.00 sys=0.00, real=0.01 secs] 
2016-10-17T16:16:13.806+0800: 19341.365: [GC (Allocation Failure) 2016-10-17T16:16:13.806+0800: 19341.365: [ParNew: 685568K->76160K(685696K), 0.1265719 secs] 1739016K->1203285K(2483840K), 0.1267152 secs] [Times: user=0.43 sys=0.05, real=0.12 secs] 
2016-10-17T16:16:18.553+0800: 19346.112: [GC (Allocation Failure) 2016-10-17T16:16:18.553+0800: 19346.112: [ParNew: 685669K->76160K(685696K), 0.0437910 secs] 1812794K->1288828K(2483840K), 0.0439444 secs] [Times: user=0.15 sys=0.00, real=0.05 secs] 
2016-10-17T16:16:27.627+0800: 19355.186: [GC (Allocation Failure) 2016-10-17T16:16:27.627+0800: 19355.186: [ParNew: 685660K->76160K(685696K), 0.0317106 secs] 1898329K->1368683K(2483840K), 0.0318413 secs] [Times: user=0.12 sys=0.00, real=0.03 secs] 
2016-10-17T16:16:27.659+0800: 19355.218: [GC (CMS Initial Mark) [1 CMS-initial-mark: 1292523K(1798144K)] 1368941K(2483840K), 0.0029682 secs] [Times: user=0.01 sys=0.00, real=0.00 secs] 
2016-10-17T16:16:27.662+0800: 19355.221: [CMS-concurrent-mark-start]
2016-10-17T16:16:27.973+0800: 19355.531: [CMS-concurrent-mark: 0.309/0.310 secs] [Times: user=0.41 sys=0.02, real=0.31 secs] 
2016-10-17T16:16:27.973+0800: 19355.531: [CMS-concurrent-preclean-start]
2016-10-17T16:16:27.978+0800: 19355.537: [CMS-concurrent-preclean: 0.005/0.005 secs] [Times: user=0.01 sys=0.00, real=0.01 secs] 
2016-10-17T16:16:27.978+0800: 19355.537: [CMS-concurrent-abortable-preclean-start]
2016-10-17T16:16:30.329+0800: 19357.887: [CMS-concurrent-abortable-preclean: 2.349/2.350 secs] [Times: user=3.08 sys=0.19, real=2.35 secs] 
2016-10-17T16:16:30.433+0800: 19357.992: [GC (CMS Final Remark) [YG occupancy: 384132 K (685696 K)]2016-10-17T16:16:30.433+0800: 19357.992: [Rescan (parallel) , 0.0272654 secs]2016-10-17T16:16:30.461+0800: 19358.019: [weak refs processing, 0.0002931 secs]2016-10-17T16:16:30.461+0800: 19358.020: [class unloading, 0.0133368 secs]2016-10-17T16:16:30.474+0800: 19358.033: [scrub symbol table, 0.0043986 secs]2016-10-17T16:16:30.479+0800: 19358.037: [scrub string table, 0.0007337 secs][1 CMS-remark: 1292523K(1798144K)] 1676655K(2483840K), 0.0464384 secs] [Times: user=0.09 sys=0.00, real=0.05 secs] 
2016-10-17T16:16:30.480+0800: 19358.039: [CMS-concurrent-sweep-start]
2016-10-17T16:16:30.570+0800: 19358.128: [CMS-concurrent-sweep: 0.090/0.090 secs] [Times: user=0.13 sys=0.01, real=0.09 secs] 
2016-10-17T16:16:30.570+0800: 19358.128: [CMS-concurrent-reset-start]
2016-10-17T16:16:30.573+0800: 19358.132: [CMS-concurrent-reset: 0.003/0.003 secs] [Times: user=0.00 sys=0.00, real=0.00 secs] 
2016-10-17T16:16:32.598+0800: 19360.157: [GC (Allocation Failure) 2016-10-17T16:16:32.599+0800: 19360.157: [ParNew: 685643K->76160K(685696K), 0.0330651 secs] 1773502K->1250824K(2483840K), 0.0331950 secs] [Times: user=0.13 sys=0.00, real=0.03 secs] 
2016-10-17T16:16:37.806+0800: 19365.365: [GC (Allocation Failure) 2016-10-17T16:16:37.806+0800: 19365.365: [ParNew: 685526K->76160K(685696K), 0.0566416 secs] 1860191K->1327211K(2483840K), 0.0567892 secs] [Times: user=0.13 sys=0.00, real=0.05 secs] 
2016-10-17T16:16:42.078+0800: 19369.637: [GC (Allocation Failure) 2016-10-17T16:16:42.078+0800: 19369.637: [ParNew: 685692K->76160K(685696K), 0.0484266 secs] 1936744K->1407292K(2483840K), 0.0485691 secs] [Times: user=0.12 sys=0.00, real=0.05 secs] 
2016-10-17T16:16:42.127+0800: 19369.686: [GC (CMS Initial Mark) [1 CMS-initial-mark: 1331132K(1798144K)] 1407814K(2483840K), 0.0028975 secs] [Times: user=0.01 sys=0.00, real=0.00 secs] 
2016-10-17T16:16:42.130+0800: 19369.689: [CMS-concurrent-mark-start]
2016-10-17T16:16:42.411+0800: 19369.969: [CMS-concurrent-mark: 0.280/0.281 secs] [Times: user=0.36 sys=0.00, real=0.28 secs] 
2016-10-17T16:16:42.411+0800: 19369.969: [CMS-concurrent-preclean-start]
2016-10-17T16:16:42.417+0800: 19369.976: [CMS-concurrent-preclean: 0.006/0.006 secs] [Times: user=0.01 sys=0.00, real=0.01 secs] 
2016-10-17T16:16:42.417+0800: 19369.976: [CMS-concurrent-abortable-preclean-start]
2016-10-17T16:16:45.077+0800: 19372.636: [CMS-concurrent-abortable-preclean: 2.658/2.660 secs] [Times: user=3.46 sys=0.18, real=2.66 secs] 
2016-10-17T16:16:45.079+0800: 19372.638: [GC (CMS Final Remark) [YG occupancy: 383556 K (685696 K)]2016-10-17T16:16:45.079+0800: 19372.638: [Rescan (parallel) , 0.0237539 secs]2016-10-17T16:16:45.103+0800: 19372.662: [weak refs processing, 0.0002942 secs]2016-10-17T16:16:45.103+0800: 19372.662: [class unloading, 0.0132588 secs]2016-10-17T16:16:45.116+0800: 19372.675: [scrub symbol table, 0.0052005 secs]2016-10-17T16:16:45.122+0800: 19372.680: [scrub string table, 0.0007140 secs][1 CMS-remark: 1331132K(1798144K)] 1714689K(2483840K), 0.0436125 secs] [Times: user=0.09 sys=0.00, real=0.04 secs] 
2016-10-17T16:16:45.123+0800: 19372.682: [CMS-concurrent-sweep-start]
2016-10-17T16:16:45.231+0800: 19372.790: [CMS-concurrent-sweep: 0.108/0.108 secs] [Times: user=0.14 sys=0.02, real=0.11 secs] 
2016-10-17T16:16:45.231+0800: 19372.790: [CMS-concurrent-reset-start]
2016-10-17T16:16:45.235+0800: 19372.794: [CMS-concurrent-reset: 0.004/0.004 secs] [Times: user=0.01 sys=0.00, real=0.00 secs] 
2016-10-17T16:16:47.397+0800: 19374.956: [GC (Allocation Failure) 2016-10-17T16:16:47.397+0800: 19374.956: [ParNew: 685696K->76160K(685696K), 0.0363729 secs] 1778700K->1246270K(2483840K), 0.0365007 secs] [Times: user=0.13 sys=0.00, real=0.03 secs] 
2016-10-17T16:16:51.531+0800: 19379.089: [GC (Allocation Failure) 2016-10-17T16:16:51.531+0800: 19379.089: [ParNew: 685696K->76160K(685696K), 0.0356573 secs] 1855806K->1332759K(2483840K), 0.0357848 secs] [Times: user=0.12 sys=0.00, real=0.04 secs] 
2016-10-17T16:16:59.511+0800: 19387.070: [GC (Allocation Failure) 2016-10-17T16:16:59.511+0800: 19387.070: [ParNew: 685695K->76160K(685696K), 0.0420315 secs] 1942294K->1414727K(2483840K), 0.0422292 secs] [Times: user=0.16 sys=0.00, real=0.04 secs] 
2016-10-17T16:16:59.554+0800: 19387.113: [GC (CMS Initial Mark) [1 CMS-initial-mark: 1338567K(1798144K)] 1415244K(2483840K), 0.0053723 secs] [Times: user=0.01 sys=0.00, real=0.01 secs] 
2016-10-17T16:16:59.560+0800: 19387.118: [CMS-concurrent-mark-start]
2016-10-17T16:17:00.079+0800: 19387.638: [CMS-concurrent-mark: 0.520/0.520 secs] [Times: user=0.64 sys=0.03, real=0.52 secs] 
2016-10-17T16:17:00.080+0800: 19387.638: [CMS-concurrent-preclean-start]
2016-10-17T16:17:00.085+0800: 19387.644: [CMS-concurrent-preclean: 0.005/0.005 secs] [Times: user=0.01 sys=0.00, real=0.00 secs] 
2016-10-17T16:17:00.085+0800: 19387.644: [CMS-concurrent-abortable-preclean-start]
2016-10-17T16:17:02.930+0800: 19390.488: [CMS-concurrent-abortable-preclean: 2.834/2.845 secs] [Times: user=4.69 sys=0.28, real=2.85 secs] 
2016-10-17T16:17:02.930+0800: 19390.489: [GC (CMS Final Remark) [YG occupancy: 389090 K (685696 K)]2016-10-17T16:17:02.930+0800: 19390.489: [Rescan (parallel) , 0.0122185 secs]2016-10-17T16:17:02.942+0800: 19390.501: [weak refs processing, 0.0003174 secs]2016-10-17T16:17:02.943+0800: 19390.502: [class unloading, 0.0128854 secs]2016-10-17T16:17:02.956+0800: 19390.515: [scrub symbol table, 0.0045732 secs]2016-10-17T16:17:02.960+0800: 19390.519: [scrub string table, 0.0007113 secs][1 CMS-remark: 1338567K(1798144K)] 1727658K(2483840K), 0.0310688 secs] [Times: user=0.07 sys=0.00, real=0.03 secs] 
2016-10-17T16:17:02.961+0800: 19390.520: [CMS-concurrent-sweep-start]
2016-10-17T16:17:03.074+0800: 19390.633: [CMS-concurrent-sweep: 0.112/0.112 secs] [Times: user=0.16 sys=0.00, real=0.11 secs] 
2016-10-17T16:17:03.074+0800: 19390.633: [CMS-concurrent-reset-start]
2016-10-17T16:17:03.077+0800: 19390.636: [CMS-concurrent-reset: 0.003/0.003 secs] [Times: user=0.00 sys=0.00, real=0.01 secs] 
2016-10-17T16:17:05.135+0800: 19392.693: [GC (Allocation Failure) 2016-10-17T16:17:05.135+0800: 19392.693: [ParNew: 685454K->76160K(685696K), 0.0346050 secs] 1780683K->1250883K(2483840K), 0.0347320 secs] [Times: user=0.13 sys=0.00, real=0.04 secs] 
2016-10-17T16:17:09.897+0800: 19397.456: [GC (Allocation Failure) 2016-10-17T16:17:09.897+0800: 19397.456: [ParNew: 685544K->76160K(685696K), 0.0357311 secs] 1860268K->1323251K(2483840K), 0.0359096 secs] [Times: user=0.13 sys=0.00, real=0.03 secs] 
2016-10-17T16:17:14.209+0800: 19401.767: [GC (Allocation Failure) 2016-10-17T16:17:14.209+0800: 19401.767: [ParNew: 685696K->76160K(685696K), 0.0345413 secs] 1932787K->1411947K(2483840K), 0.0346814 secs] [Times: user=0.13 sys=0.00, real=0.03 secs] 
2016-10-17T16:17:14.244+0800: 19401.803: [GC (CMS Initial Mark) [1 CMS-initial-mark: 1335787K(1798144K)] 1412203K(2483840K), 0.0034472 secs] [Times: user=0.01 sys=0.00, real=0.01 secs] 
2016-10-17T16:17:14.248+0800: 19401.806: [CMS-concurrent-mark-start]
2016-10-17T16:17:14.497+0800: 19402.055: [CMS-concurrent-mark: 0.249/0.249 secs] [Times: user=0.34 sys=0.02, real=0.25 secs] 
2016-10-17T16:17:14.497+0800: 19402.055: [CMS-concurrent-preclean-start]
2016-10-17T16:17:14.502+0800: 19402.060: [CMS-concurrent-preclean: 0.005/0.005 secs] [Times: user=0.01 sys=0.00, real=0.00 secs] 
2016-10-17T16:17:14.502+0800: 19402.060: [CMS-concurrent-abortable-preclean-start]
2016-10-17T16:17:16.538+0800: 19404.097: [CMS-concurrent-abortable-preclean: 2.029/2.036 secs] [Times: user=3.10 sys=0.21, real=2.04 secs] 
2016-10-17T16:17:16.539+0800: 19404.097: [GC (CMS Final Remark) [YG occupancy: 385808 K (685696 K)]2016-10-17T16:17:16.539+0800: 19404.098: [Rescan (parallel) , 0.0167147 secs]2016-10-17T16:17:16.555+0800: 19404.114: [weak refs processing, 0.0003752 secs]2016-10-17T16:17:16.556+0800: 19404.115: [class unloading, 0.0138598 secs]2016-10-17T16:17:16.570+0800: 19404.129: [scrub symbol table, 0.0050975 secs]2016-10-17T16:17:16.575+0800: 19404.134: [scrub string table, 0.0007466 secs][1 CMS-remark: 1335787K(1798144K)] 1721596K(2483840K), 0.0371734 secs] [Times: user=0.08 sys=0.00, real=0.04 secs] 
2016-10-17T16:17:16.576+0800: 19404.135: [CMS-concurrent-sweep-start]
2016-10-17T16:17:16.894+0800: 19404.452: [CMS-concurrent-sweep: 0.318/0.318 secs] [Times: user=0.64 sys=0.06, real=0.31 secs] 
2016-10-17T16:17:16.894+0800: 19404.452: [CMS-concurrent-reset-start]
2016-10-17T16:17:16.897+0800: 19404.456: [CMS-concurrent-reset: 0.004/0.004 secs] [Times: user=0.01 sys=0.00, real=0.01 secs] 
2016-10-17T16:17:20.057+0800: 19407.616: [GC (Allocation Failure) 2016-10-17T16:17:20.057+0800: 19407.616: [ParNew: 685638K->76160K(685696K), 0.0417801 secs] 1727957K->1201246K(2483840K), 0.0419007 secs] [Times: user=0.12 sys=0.00, real=0.04 secs] 
2016-10-17T16:17:27.477+0800: 19415.036: [GC (Allocation Failure) 2016-10-17T16:17:27.477+0800: 19415.036: [ParNew: 685696K->76160K(685696K), 0.0289383 secs] 1810782K->1274968K(2483840K), 0.0290691 secs] [Times: user=0.11 sys=0.00, real=0.03 secs] 
2016-10-17T16:17:32.285+0800: 19419.844: [GC (Allocation Failure) 2016-10-17T16:17:32.285+0800: 19419.844: [ParNew: 685696K->76160K(685696K), 0.0306555 secs] 1884504K->1358596K(2483840K), 0.0307811 secs] [Times: user=0.11 sys=0.00, real=0.03 secs] 
2016-10-17T16:17:32.316+0800: 19419.875: [GC (CMS Initial Mark) [1 CMS-initial-mark: 1282436K(1798144K)] 1358984K(2483840K), 0.0027263 secs] [Times: user=0.01 sys=0.00, real=0.00 secs] 
2016-10-17T16:17:32.319+0800: 19419.878: [CMS-concurrent-mark-start]
2016-10-17T16:17:32.458+0800: 19420.017: [CMS-concurrent-mark: 0.139/0.139 secs] [Times: user=0.19 sys=0.02, real=0.14 secs] 
2016-10-17T16:17:32.458+0800: 19420.017: [CMS-concurrent-preclean-start]
2016-10-17T16:17:32.463+0800: 19420.022: [CMS-concurrent-preclean: 0.005/0.005 secs] [Times: user=0.01 sys=0.00, real=0.00 secs] 
2016-10-17T16:17:32.463+0800: 19420.022: [CMS-concurrent-abortable-preclean-start]
2016-10-17T16:17:34.660+0800: 19422.219: [CMS-concurrent-abortable-preclean: 2.196/2.197 secs] [Times: user=2.98 sys=0.11, real=2.20 secs] 
2016-10-17T16:17:34.661+0800: 19422.220: [GC (CMS Final Remark) [YG occupancy: 386906 K (685696 K)]2016-10-17T16:17:34.661+0800: 19422.220: [Rescan (parallel) , 0.0123752 secs]2016-10-17T16:17:34.673+0800: 19422.232: [weak refs processing, 0.0003369 secs]2016-10-17T16:17:34.674+0800: 19422.232: [class unloading, 0.0132215 secs]2016-10-17T16:17:34.687+0800: 19422.246: [scrub symbol table, 0.0049641 secs]2016-10-17T16:17:34.692+0800: 19422.251: [scrub string table, 0.0008102 secs][1 CMS-remark: 1282436K(1798144K)] 1669342K(2483840K), 0.0321736 secs] [Times: user=0.07 sys=0.00, real=0.03 secs] 
2016-10-17T16:17:34.693+0800: 19422.252: [CMS-concurrent-sweep-start]
2016-10-17T16:17:34.945+0800: 19422.504: [CMS-concurrent-sweep: 0.252/0.252 secs] [Times: user=0.36 sys=0.03, real=0.25 secs] 
2016-10-17T16:17:34.945+0800: 19422.504: [CMS-concurrent-reset-start]
2016-10-17T16:17:34.949+0800: 19422.508: [CMS-concurrent-reset: 0.003/0.003 secs] [Times: user=0.01 sys=0.00, real=0.01 secs] 
2016-10-17T16:17:36.655+0800: 19424.214: [GC (Allocation Failure) 2016-10-17T16:17:36.655+0800: 19424.214: [ParNew: 685696K->76160K(685696K), 0.0358262 secs] 1634885K->1119790K(2483840K), 0.0359924 secs] [Times: user=0.11 sys=0.00, real=0.04 secs] 
2016-10-17T16:17:40.760+0800: 19428.319: [GC (Allocation Failure) 2016-10-17T16:17:40.760+0800: 19428.319: [ParNew: 685696K->76160K(685696K), 0.0361293 secs] 1729326K->1199937K(2483840K), 0.0363106 secs] [Times: user=0.12 sys=0.00, real=0.04 secs] 
2016-10-17T16:17:44.784+0800: 19432.343: [GC (Allocation Failure) 2016-10-17T16:17:44.784+0800: 19432.343: [ParNew: 685508K->76160K(685696K), 0.0292796 secs] 1809286K->1276689K(2483840K), 0.0294346 secs] [Times: user=0.11 sys=0.00, real=0.03 secs] 
2016-10-17T16:17:48.848+0800: 19436.406: [GC (Allocation Failure) 2016-10-17T16:17:48.848+0800: 19436.406: [ParNew: 685566K->76160K(685696K), 0.0355371 secs] 1886096K->1361822K(2483840K), 0.0356804 secs] [Times: user=0.13 sys=0.00, real=0.03 secs] 
2016-10-17T16:17:48.884+0800: 19436.443: [GC (CMS Initial Mark) [1 CMS-initial-mark: 1285662K(1798144K)] 1362390K(2483840K), 0.0025993 secs] [Times: user=0.01 sys=0.00, real=0.01 secs] 
2016-10-17T16:17:48.887+0800: 19436.446: [CMS-concurrent-mark-start]
2016-10-17T16:17:49.041+0800: 19436.600: [CMS-concurrent-mark: 0.155/0.155 secs] [Times: user=0.19 sys=0.01, real=0.15 secs] 
2016-10-17T16:17:49.041+0800: 19436.600: [CMS-concurrent-preclean-start]
2016-10-17T16:17:49.047+0800: 19436.606: [CMS-concurrent-preclean: 0.005/0.005 secs] [Times: user=0.01 sys=0.00, real=0.01 secs] 
2016-10-17T16:17:49.047+0800: 19436.606: [CMS-concurrent-abortable-preclean-start]
2016-10-17T16:17:51.377+0800: 19438.936: [CMS-concurrent-abortable-preclean: 2.328/2.330 secs] [Times: user=3.15 sys=0.15, real=2.33 secs] 
2016-10-17T16:17:51.378+0800: 19438.936: [GC (CMS Final Remark) [YG occupancy: 384088 K (685696 K)]2016-10-17T16:17:51.378+0800: 19438.936: [Rescan (parallel) , 0.0140216 secs]2016-10-17T16:17:51.392+0800: 19438.951: [weak refs processing, 0.0003495 secs]2016-10-17T16:17:51.392+0800: 19438.951: [class unloading, 0.0128592 secs]2016-10-17T16:17:51.405+0800: 19438.964: [scrub symbol table, 0.0039412 secs]2016-10-17T16:17:51.409+0800: 19438.968: [scrub string table, 0.0006808 secs][1 CMS-remark: 1285662K(1798144K)] 1669751K(2483840K), 0.0322528 secs] [Times: user=0.08 sys=0.00, real=0.03 secs] 
2016-10-17T16:17:51.410+0800: 19438.969: [CMS-concurrent-sweep-start]
2016-10-17T16:17:51.496+0800: 19439.055: [CMS-concurrent-sweep: 0.086/0.086 secs] [Times: user=0.10 sys=0.00, real=0.09 secs] 
2016-10-17T16:17:51.496+0800: 19439.055: [CMS-concurrent-reset-start]
2016-10-17T16:17:51.500+0800: 19439.059: [CMS-concurrent-reset: 0.003/0.003 secs] [Times: user=0.01 sys=0.00, real=0.00 secs] 
2016-10-17T16:17:53.564+0800: 19441.123: [GC (Allocation Failure) 2016-10-17T16:17:53.564+0800: 19441.123: [ParNew: 685674K->76160K(685696K), 0.0419888 secs] 1690240K->1172673K(2483840K), 0.0421486 secs] [Times: user=0.16 sys=0.00, real=0.05 secs] 
2016-10-17T16:17:58.240+0800: 19445.798: [GC (Allocation Failure) 2016-10-17T16:17:58.240+0800: 19445.798: [ParNew: 685545K->76160K(685696K), 0.0509588 secs] 1782059K->1245390K(2483840K), 0.0511075 secs] [Times: user=0.16 sys=0.00, real=0.05 secs] 
2016-10-17T16:18:02.991+0800: 19450.550: [GC (Allocation Failure) 2016-10-17T16:18:02.991+0800: 19450.550: [ParNew: 685587K->76160K(685696K), 0.0418612 secs] 1854817K->1331985K(2483840K), 0.0419967 secs] [Times: user=0.14 sys=0.00, real=0.04 secs] 
2016-10-17T16:18:07.268+0800: 19454.827: [GC (Allocation Failure) 2016-10-17T16:18:07.268+0800: 19454.827: [ParNew: 685686K->76160K(685696K), 0.0390328 secs] 1941511K->1414828K(2483840K), 0.0391624 secs] [Times: user=0.14 sys=0.00, real=0.04 secs] 
2016-10-17T16:18:07.308+0800: 19454.867: [GC (CMS Initial Mark) [1 CMS-initial-mark: 1338668K(1798144K)] 1415084K(2483840K), 0.0031834 secs] [Times: user=0.01 sys=0.00, real=0.00 secs] 
2016-10-17T16:18:07.311+0800: 19454.870: [CMS-concurrent-mark-start]
2016-10-17T16:18:07.524+0800: 19455.083: [CMS-concurrent-mark: 0.213/0.213 secs] [Times: user=0.27 sys=0.02, real=0.21 secs] 
2016-10-17T16:18:07.524+0800: 19455.083: [CMS-concurrent-preclean-start]
2016-10-17T16:18:07.529+0800: 19455.088: [CMS-concurrent-preclean: 0.005/0.005 secs] [Times: user=0.01 sys=0.00, real=0.01 secs] 
2016-10-17T16:18:07.529+0800: 19455.088: [CMS-concurrent-abortable-preclean-start]
2016-10-17T16:18:11.029+0800: 19458.588: [CMS-concurrent-abortable-preclean: 3.498/3.500 secs] [Times: user=4.35 sys=0.33, real=3.50 secs] 
2016-10-17T16:18:11.030+0800: 19458.589: [GC (CMS Final Remark) [YG occupancy: 383293 K (685696 K)]2016-10-17T16:18:11.030+0800: 19458.589: [Rescan (parallel) , 0.0416523 secs]2016-10-17T16:18:11.072+0800: 19458.631: [weak refs processing, 0.0006204 secs]2016-10-17T16:18:11.073+0800: 19458.631: [class unloading, 0.0197406 secs]2016-10-17T16:18:11.092+0800: 19458.651: [scrub symbol table, 0.0047650 secs]2016-10-17T16:18:11.097+0800: 19458.656: [scrub string table, 0.0007005 secs][1 CMS-remark: 1338668K(1798144K)] 1721962K(2483840K), 0.0680812 secs] [Times: user=0.11 sys=0.00, real=0.07 secs] 
2016-10-17T16:18:11.099+0800: 19458.657: [CMS-concurrent-sweep-start]
2016-10-17T16:18:11.202+0800: 19458.761: [CMS-concurrent-sweep: 0.103/0.103 secs] [Times: user=0.15 sys=0.01, real=0.10 secs] 
2016-10-17T16:18:11.202+0800: 19458.761: [CMS-concurrent-reset-start]
2016-10-17T16:18:11.206+0800: 19458.765: [CMS-concurrent-reset: 0.004/0.004 secs] [Times: user=0.00 sys=0.00, real=0.01 secs] 
2016-10-17T16:18:13.370+0800: 19460.929: [GC (Allocation Failure) 2016-10-17T16:18:13.370+0800: 19460.929: [ParNew: 685674K->76160K(685696K), 0.0380885 secs] 1701134K->1175770K(2483840K), 0.0382603 secs] [Times: user=0.15 sys=0.00, real=0.04 secs] 
2016-10-17T16:18:17.450+0800: 19465.008: [GC (Allocation Failure) 2016-10-17T16:18:17.450+0800: 19465.008: [ParNew: 685684K->76160K(685696K), 0.0367752 secs] 1785295K->1266793K(2483840K), 0.0369021 secs] [Times: user=0.13 sys=0.00, real=0.04 secs] 
2016-10-17T16:18:26.730+0800: 19474.288: [GC (Allocation Failure) 2016-10-17T16:18:26.730+0800: 19474.288: [ParNew: 685630K->76160K(685696K), 0.0659117 secs] 1876263K->1347210K(2483840K), 0.0660496 secs] [Times: user=0.16 sys=0.00, real=0.06 secs] 
2016-10-17T16:18:26.887+0800: 19474.445: [GC (CMS Initial Mark) [1 CMS-initial-mark: 1271050K(1798144K)] 1348038K(2483840K), 0.0092909 secs] [Times: user=0.01 sys=0.00, real=0.01 secs] 
2016-10-17T16:18:26.896+0800: 19474.455: [CMS-concurrent-mark-start]
2016-10-17T16:18:27.153+0800: 19474.712: [CMS-concurrent-mark: 0.257/0.257 secs] [Times: user=0.32 sys=0.02, real=0.25 secs] 
2016-10-17T16:18:27.153+0800: 19474.712: [CMS-concurrent-preclean-start]
2016-10-17T16:18:27.158+0800: 19474.717: [CMS-concurrent-preclean: 0.005/0.005 secs] [Times: user=0.01 sys=0.00, real=0.01 secs] 
2016-10-17T16:18:27.158+0800: 19474.717: [CMS-concurrent-abortable-preclean-start]
2016-10-17T16:18:30.648+0800: 19478.206: [CMS-concurrent-abortable-preclean: 3.487/3.489 secs] [Times: user=4.25 sys=0.44, real=3.49 secs] 
2016-10-17T16:18:30.648+0800: 19478.207: [GC (CMS Final Remark) [YG occupancy: 387039 K (685696 K)]2016-10-17T16:18:30.648+0800: 19478.207: [Rescan (parallel) , 0.0133878 secs]2016-10-17T16:18:30.662+0800: 19478.221: [weak refs processing, 0.0003416 secs]2016-10-17T16:18:30.662+0800: 19478.221: [class unloading, 0.0134249 secs]2016-10-17T16:18:30.676+0800: 19478.234: [scrub symbol table, 0.0043013 secs]2016-10-17T16:18:30.680+0800: 19478.239: [scrub string table, 0.0006882 secs][1 CMS-remark: 1271050K(1798144K)] 1658089K(2483840K), 0.0325447 secs] [Times: user=0.07 sys=0.00, real=0.03 secs] 
2016-10-17T16:18:30.681+0800: 19478.240: [CMS-concurrent-sweep-start]
2016-10-17T16:18:30.774+0800: 19478.333: [CMS-concurrent-sweep: 0.092/0.093 secs] [Times: user=0.13 sys=0.00, real=0.09 secs] 
2016-10-17T16:18:30.774+0800: 19478.333: [CMS-concurrent-reset-start]
2016-10-17T16:18:30.777+0800: 19478.336: [CMS-concurrent-reset: 0.003/0.003 secs] [Times: user=0.00 sys=0.00, real=0.01 secs] 
2016-10-17T16:18:32.796+0800: 19480.355: [GC (Allocation Failure) 2016-10-17T16:18:32.796+0800: 19480.355: [ParNew: 685617K->76160K(685696K), 0.0343261 secs] 1752828K->1223390K(2483840K), 0.0344527 secs] [Times: user=0.12 sys=0.00, real=0.03 secs] 
2016-10-17T16:18:36.867+0800: 19484.425: [GC (Allocation Failure) 2016-10-17T16:18:36.867+0800: 19484.425: [ParNew: 685473K->76160K(685696K), 0.0429864 secs] 1832704K->1307748K(2483840K), 0.0431240 secs] [Times: user=0.14 sys=0.00, real=0.04 secs] 
2016-10-17T16:18:41.094+0800: 19488.653: [GC (Allocation Failure) 2016-10-17T16:18:41.094+0800: 19488.653: [ParNew: 685683K->76160K(685696K), 0.0330503 secs] 1917271K->1383911K(2483840K), 0.0331986 secs] [Times: user=0.12 sys=0.00, real=0.04 secs] 
2016-10-17T16:18:41.152+0800: 19488.710: [GC (CMS Initial Mark) [1 CMS-initial-mark: 1307751K(1798144K)] 1384445K(2483840K), 0.0053729 secs] [Times: user=0.01 sys=0.00, real=0.01 secs] 
2016-10-17T16:18:41.157+0800: 19488.716: [CMS-concurrent-mark-start]
2016-10-17T16:18:41.424+0800: 19488.983: [CMS-concurrent-mark: 0.267/0.267 secs] [Times: user=0.37 sys=0.03, real=0.26 secs] 
2016-10-17T16:18:41.424+0800: 19488.983: [CMS-concurrent-preclean-start]
2016-10-17T16:18:41.430+0800: 19488.988: [CMS-concurrent-preclean: 0.005/0.006 secs] [Times: user=0.00 sys=0.00, real=0.01 secs] 
2016-10-17T16:18:41.430+0800: 19488.988: [CMS-concurrent-abortable-preclean-start]
2016-10-17T16:18:43.134+0800: 19490.692: [CMS-concurrent-abortable-preclean: 1.700/1.704 secs] [Times: user=2.38 sys=0.17, real=1.70 secs] 
2016-10-17T16:18:43.134+0800: 19490.693: [GC (CMS Final Remark) [YG occupancy: 380931 K (685696 K)]2016-10-17T16:18:43.134+0800: 19490.693: [Rescan (parallel) , 0.0219931 secs]2016-10-17T16:18:43.157+0800: 19490.715: [weak refs processing, 0.0003038 secs]2016-10-17T16:18:43.157+0800: 19490.716: [class unloading, 0.0127506 secs]2016-10-17T16:18:43.170+0800: 19490.728: [scrub symbol table, 0.0039841 secs]2016-10-17T16:18:43.174+0800: 19490.732: [scrub string table, 0.0006892 secs][1 CMS-remark: 1307751K(1798144K)] 1688682K(2483840K), 0.0400840 secs] [Times: user=0.11 sys=0.00, real=0.04 secs] 
2016-10-17T16:18:43.175+0800: 19490.733: [CMS-concurrent-sweep-start]
2016-10-17T16:18:43.315+0800: 19490.874: [CMS-concurrent-sweep: 0.140/0.140 secs] [Times: user=0.17 sys=0.01, real=0.14 secs] 
2016-10-17T16:18:43.315+0800: 19490.874: [CMS-concurrent-reset-start]
2016-10-17T16:18:43.318+0800: 19490.877: [CMS-concurrent-reset: 0.003/0.003 secs] [Times: user=0.01 sys=0.00, real=0.01 secs] 
2016-10-17T16:18:45.419+0800: 19492.978: [GC (Allocation Failure) 2016-10-17T16:18:45.419+0800: 19492.978: [ParNew: 685691K->76160K(685696K), 0.0549276 secs] 1753968K->1249669K(2483840K), 0.0550717 secs] [Times: user=0.20 sys=0.00, real=0.05 secs] 
2016-10-17T16:18:49.582+0800: 19497.141: [GC (Allocation Failure) 2016-10-17T16:18:49.583+0800: 19497.141: [ParNew: 685648K->76160K(685696K), 0.0639758 secs] 1859158K->1343680K(2483840K), 0.0641205 secs] [Times: user=0.20 sys=0.00, real=0.07 secs] 
2016-10-17T16:18:49.647+0800: 19497.206: [GC (CMS Initial Mark) [1 CMS-initial-mark: 1267520K(1798144K)] 1344191K(2483840K), 0.0025401 secs] [Times: user=0.01 sys=0.00, real=0.00 secs] 
2016-10-17T16:18:49.650+0800: 19497.209: [CMS-concurrent-mark-start]
2016-10-17T16:18:49.925+0800: 19497.484: [CMS-concurrent-mark: 0.275/0.275 secs] [Times: user=0.35 sys=0.01, real=0.27 secs] 
2016-10-17T16:18:49.925+0800: 19497.484: [CMS-concurrent-preclean-start]
2016-10-17T16:18:49.930+0800: 19497.489: [CMS-concurrent-preclean: 0.005/0.005 secs] [Times: user=0.01 sys=0.00, real=0.01 secs] 
2016-10-17T16:18:49.930+0800: 19497.489: [CMS-concurrent-abortable-preclean-start]
2016-10-17T16:18:52.224+0800: 19499.783: [CMS-concurrent-abortable-preclean: 2.289/2.294 secs] [Times: user=3.01 sys=0.24, real=2.29 secs] 
2016-10-17T16:18:52.225+0800: 19499.784: [GC (CMS Final Remark) [YG occupancy: 390670 K (685696 K)]2016-10-17T16:18:52.225+0800: 19499.784: [Rescan (parallel) , 0.0159974 secs]2016-10-17T16:18:52.241+0800: 19499.800: [weak refs processing, 0.0012754 secs]2016-10-17T16:18:52.242+0800: 19499.801: [class unloading, 0.0146536 secs]2016-10-17T16:18:52.257+0800: 19499.816: [scrub symbol table, 0.0066053 secs]2016-10-17T16:18:52.264+0800: 19499.822: [scrub string table, 0.0010452 secs][1 CMS-remark: 1267520K(1798144K)] 1658190K(2483840K), 0.0405923 secs] [Times: user=0.08 sys=0.00, real=0.04 secs] 
2016-10-17T16:18:52.267+0800: 19499.826: [CMS-concurrent-sweep-start]
2016-10-17T16:18:52.484+0800: 19500.043: [CMS-concurrent-sweep: 0.211/0.217 secs] [Times: user=0.37 sys=0.01, real=0.21 secs] 
2016-10-17T16:18:52.484+0800: 19500.043: [CMS-concurrent-reset-start]
2016-10-17T16:18:52.488+0800: 19500.047: [CMS-concurrent-reset: 0.004/0.004 secs] [Times: user=0.01 sys=0.00, real=0.01 secs] 
2016-10-17T16:18:54.356+0800: 19501.914: [GC (Allocation Failure) 2016-10-17T16:18:54.356+0800: 19501.915: [ParNew: 685568K->76160K(685696K), 0.0389649 secs] 1766977K->1236518K(2483840K), 0.0391508 secs] [Times: user=0.15 sys=0.00, real=0.04 secs] 
2016-10-17T16:18:58.596+0800: 19506.155: [GC (Allocation Failure) 2016-10-17T16:18:58.596+0800: 19506.155: [ParNew: 685448K->76160K(685696K), 0.0418431 secs] 1845806K->1307821K(2483840K), 0.0419806 secs] [Times: user=0.12 sys=0.00, real=0.04 secs] 
2016-10-17T16:19:02.785+0800: 19510.343: [GC (Allocation Failure) 2016-10-17T16:19:02.785+0800: 19510.343: [ParNew: 685696K->76160K(685696K), 0.0407327 secs] 1917357K->1393820K(2483840K), 0.0409123 secs] [Times: user=0.14 sys=0.00, real=0.04 secs] 
2016-10-17T16:19:02.826+0800: 19510.385: [GC (CMS Initial Mark) [1 CMS-initial-mark: 1317660K(1798144K)] 1394209K(2483840K), 0.0042093 secs] [Times: user=0.02 sys=0.00, real=0.00 secs] 
2016-10-17T16:19:02.831+0800: 19510.389: [CMS-concurrent-mark-start]
2016-10-17T16:19:03.122+0800: 19510.681: [CMS-concurrent-mark: 0.291/0.291 secs] [Times: user=0.38 sys=0.01, real=0.29 secs] 
2016-10-17T16:19:03.122+0800: 19510.681: [CMS-concurrent-preclean-start]
2016-10-17T16:19:03.127+0800: 19510.686: [CMS-concurrent-preclean: 0.005/0.005 secs] [Times: user=0.01 sys=0.00, real=0.01 secs] 
2016-10-17T16:19:03.127+0800: 19510.686: [CMS-concurrent-abortable-preclean-start]
2016-10-17T16:19:05.445+0800: 19513.004: [CMS-concurrent-abortable-preclean: 2.317/2.318 secs] [Times: user=3.12 sys=0.15, real=2.31 secs] 
2016-10-17T16:19:05.446+0800: 19513.004: [GC (CMS Final Remark) [YG occupancy: 388542 K (685696 K)]2016-10-17T16:19:05.446+0800: 19513.004: [Rescan (parallel) , 0.0161458 secs]2016-10-17T16:19:05.462+0800: 19513.021: [weak refs processing, 0.0003017 secs]2016-10-17T16:19:05.462+0800: 19513.021: [class unloading, 0.0907514 secs]2016-10-17T16:19:05.553+0800: 19513.112: [scrub symbol table, 0.0041994 secs]2016-10-17T16:19:05.557+0800: 19513.116: [scrub string table, 0.0006981 secs][1 CMS-remark: 1317660K(1798144K)] 1706203K(2483840K), 0.1209171 secs] [Times: user=0.16 sys=0.01, real=0.13 secs] 
2016-10-17T16:19:05.567+0800: 19513.125: [CMS-concurrent-sweep-start]
2016-10-17T16:19:05.701+0800: 19513.260: [CMS-concurrent-sweep: 0.134/0.134 secs] [Times: user=0.18 sys=0.02, real=0.13 secs] 
2016-10-17T16:19:05.701+0800: 19513.260: [CMS-concurrent-reset-start]
2016-10-17T16:19:05.705+0800: 19513.264: [CMS-concurrent-reset: 0.004/0.004 secs] [Times: user=0.01 sys=0.00, real=0.00 secs] 
2016-10-17T16:19:08.220+0800: 19515.779: [GC (Allocation Failure) 2016-10-17T16:19:08.220+0800: 19515.779: [ParNew: 685499K->76160K(685696K), 0.0417335 secs] 1798891K->1281468K(2483840K), 0.0419013 secs] [Times: user=0.15 sys=0.00, real=0.04 secs] 
2016-10-17T16:19:13.834+0800: 19521.392: [GC (Allocation Failure) 2016-10-17T16:19:13.834+0800: 19521.392: [ParNew: 685696K->76160K(685696K), 0.0394867 secs] 1891004K->1344164K(2483840K), 0.0396412 secs] [Times: user=0.13 sys=0.00, real=0.04 secs] 
2016-10-17T16:19:13.875+0800: 19521.434: [GC (CMS Initial Mark) [1 CMS-initial-mark: 1268004K(1798144K)] 1345603K(2483840K), 0.0026948 secs] [Times: user=0.00 sys=0.00, real=0.01 secs] 
2016-10-17T16:19:13.878+0800: 19521.437: [CMS-concurrent-mark-start]
2016-10-17T16:19:14.238+0800: 19521.797: [CMS-concurrent-mark: 0.360/0.360 secs] [Times: user=0.75 sys=0.00, real=0.36 secs] 
2016-10-17T16:19:14.238+0800: 19521.797: [CMS-concurrent-preclean-start]
2016-10-17T16:19:14.242+0800: 19521.800: [CMS-concurrent-preclean: 0.004/0.004 secs] [Times: user=0.01 sys=0.00, real=0.00 secs] 
2016-10-17T16:19:14.242+0800: 19521.801: [CMS-concurrent-abortable-preclean-start]
2016-10-17T16:19:17.212+0800: 19524.771: [GC (Allocation Failure) 2016-10-17T16:19:17.212+0800: 19524.771: [ParNew: 685696K->62460K(685696K), 0.1383286 secs] 1953700K->1391478K(2483840K), 0.1384725 secs] [Times: user=0.29 sys=0.02, real=0.14 secs] 
 CMS: abort preclean due to time 2016-10-17T16:19:19.263+0800: 19526.822: [CMS-concurrent-abortable-preclean: 3.168/5.021 secs] [Times: user=7.21 sys=0.32, real=5.02 secs] 
2016-10-17T16:19:19.264+0800: 19526.822: [GC (CMS Final Remark) [YG occupancy: 237120 K (685696 K)]2016-10-17T16:19:19.264+0800: 19526.822: [Rescan (parallel) , 0.0082377 secs]2016-10-17T16:19:19.272+0800: 19526.831: [weak refs processing, 0.0003158 secs]2016-10-17T16:19:19.272+0800: 19526.831: [class unloading, 0.0190517 secs]2016-10-17T16:19:19.291+0800: 19526.850: [scrub symbol table, 0.0060817 secs]2016-10-17T16:19:19.297+0800: 19526.856: [scrub string table, 0.0009956 secs][1 CMS-remark: 1329017K(1798144K)] 1566138K(2483840K), 0.0351251 secs] [Times: user=0.06 sys=0.00, real=0.04 secs] 
2016-10-17T16:19:19.299+0800: 19526.858: [CMS-concurrent-sweep-start]
2016-10-17T16:19:19.542+0800: 19527.101: [CMS-concurrent-sweep: 0.243/0.243 secs] [Times: user=0.27 sys=0.03, real=0.24 secs] 
2016-10-17T16:19:19.542+0800: 19527.101: [CMS-concurrent-reset-start]
2016-10-17T16:19:19.546+0800: 19527.104: [CMS-concurrent-reset: 0.003/0.003 secs] [Times: user=0.00 sys=0.00, real=0.00 secs] 
2016-10-17T16:19:25.385+0800: 19532.943: [GC (Allocation Failure) 2016-10-17T16:19:25.385+0800: 19532.944: [ParNew: 671784K->76160K(685696K), 0.0260436 secs] 1879117K->1309347K(2483840K), 0.0262080 secs] [Times: user=0.09 sys=0.00, real=0.03 secs] 
2016-10-17T16:19:28.911+0800: 19536.470: [GC (Allocation Failure) 2016-10-17T16:19:28.911+0800: 19536.470: [ParNew: 685611K->76160K(685696K), 0.0357886 secs] 1918798K->1399036K(2483840K), 0.0359322 secs] [Times: user=0.12 sys=0.00, real=0.04 secs] 
2016-10-17T16:19:28.948+0800: 19536.507: [GC (CMS Initial Mark) [1 CMS-initial-mark: 1322876K(1798144K)] 1399558K(2483840K), 0.0019120 secs] [Times: user=0.01 sys=0.00, real=0.00 secs] 
2016-10-17T16:19:28.950+0800: 19536.509: [CMS-concurrent-mark-start]
2016-10-17T16:19:29.171+0800: 19536.730: [CMS-concurrent-mark: 0.221/0.221 secs] [Times: user=0.30 sys=0.03, real=0.22 secs] 
2016-10-17T16:19:29.171+0800: 19536.730: [CMS-concurrent-preclean-start]
2016-10-17T16:19:29.176+0800: 19536.735: [CMS-concurrent-preclean: 0.005/0.005 secs] [Times: user=0.01 sys=0.00, real=0.01 secs] 
2016-10-17T16:19:29.177+0800: 19536.735: [CMS-concurrent-abortable-preclean-start]
2016-10-17T16:19:31.081+0800: 19538.640: [CMS-concurrent-abortable-preclean: 1.901/1.905 secs] [Times: user=2.56 sys=0.13, real=1.90 secs] 
2016-10-17T16:19:31.082+0800: 19538.641: [GC (CMS Final Remark) [YG occupancy: 386761 K (685696 K)]2016-10-17T16:19:31.082+0800: 19538.641: [Rescan (parallel) , 0.0146910 secs]2016-10-17T16:19:31.097+0800: 19538.656: [weak refs processing, 0.0003584 secs]2016-10-17T16:19:31.097+0800: 19538.656: [class unloading, 0.0158687 secs]2016-10-17T16:19:31.113+0800: 19538.672: [scrub symbol table, 0.0059201 secs]2016-10-17T16:19:31.119+0800: 19538.678: [scrub string table, 0.0007541 secs][1 CMS-remark: 1322876K(1798144K)] 1709638K(2483840K), 0.0380498 secs] [Times: user=0.09 sys=0.00, real=0.04 secs] 
2016-10-17T16:19:31.120+0800: 19538.679: [CMS-concurrent-sweep-start]
2016-10-17T16:19:31.338+0800: 19538.896: [CMS-concurrent-sweep: 0.217/0.217 secs] [Times: user=0.30 sys=0.03, real=0.22 secs] 
2016-10-17T16:19:31.338+0800: 19538.896: [CMS-concurrent-reset-start]
2016-10-17T16:19:31.341+0800: 19538.900: [CMS-concurrent-reset: 0.003/0.003 secs] [Times: user=0.00 sys=0.00, real=0.00 secs] 
2016-10-17T16:19:33.197+0800: 19540.756: [GC (Allocation Failure) 2016-10-17T16:19:33.197+0800: 19540.756: [ParNew: 685696K->76160K(685696K), 0.0295754 secs] 1695191K->1175933K(2483840K), 0.0297175 secs] [Times: user=0.11 sys=0.00, real=0.03 secs] 
2016-10-17T16:19:36.828+0800: 19544.387: [GC (Allocation Failure) 2016-10-17T16:19:36.828+0800: 19544.387: [ParNew: 685696K->76160K(685696K), 0.0316772 secs] 1785469K->1269365K(2483840K), 0.0318308 secs] [Times: user=0.12 sys=0.00, real=0.03 secs] 
2016-10-17T16:19:41.251+0800: 19548.810: [GC (Allocation Failure) 2016-10-17T16:19:41.251+0800: 19548.810: [ParNew: 685696K->76160K(685696K), 0.0283909 secs] 1878901K->1354015K(2483840K), 0.0285631 secs] [Times: user=0.11 sys=0.00, real=0.03 secs] 
2016-10-17T16:19:41.280+0800: 19548.839: [GC (CMS Initial Mark) [1 CMS-initial-mark: 1277855K(1798144K)] 1354339K(2483840K), 0.0021530 secs] [Times: user=0.01 sys=0.00, real=0.00 secs] 
2016-10-17T16:19:41.282+0800: 19548.841: [CMS-concurrent-mark-start]
2016-10-17T16:19:41.515+0800: 19549.073: [CMS-concurrent-mark: 0.232/0.232 secs] [Times: user=0.32 sys=0.03, real=0.23 secs] 
2016-10-17T16:19:41.515+0800: 19549.074: [CMS-concurrent-preclean-start]
2016-10-17T16:19:41.520+0800: 19549.079: [CMS-concurrent-preclean: 0.005/0.005 secs] [Times: user=0.00 sys=0.00, real=0.01 secs] 
2016-10-17T16:19:41.520+0800: 19549.079: [CMS-concurrent-abortable-preclean-start]
2016-10-17T16:19:43.567+0800: 19551.126: [CMS-concurrent-abortable-preclean: 2.044/2.047 secs] [Times: user=3.33 sys=0.18, real=2.05 secs] 
2016-10-17T16:19:43.568+0800: 19551.126: [GC (CMS Final Remark) [YG occupancy: 382929 K (685696 K)]2016-10-17T16:19:43.568+0800: 19551.127: [Rescan (parallel) , 0.0136935 secs]2016-10-17T16:19:43.581+0800: 19551.140: [weak refs processing, 0.0004479 secs]2016-10-17T16:19:43.582+0800: 19551.141: [class unloading, 0.0182112 secs]2016-10-17T16:19:43.600+0800: 19551.159: [scrub symbol table, 0.0094931 secs]2016-10-17T16:19:43.610+0800: 19551.169: [scrub string table, 0.0010768 secs][1 CMS-remark: 1277855K(1798144K)] 1660784K(2483840K), 0.0434658 secs] [Times: user=0.09 sys=0.00, real=0.04 secs] 
2016-10-17T16:19:43.611+0800: 19551.170: [CMS-concurrent-sweep-start]
2016-10-17T16:19:43.758+0800: 19551.317: [CMS-concurrent-sweep: 0.147/0.147 secs] [Times: user=0.32 sys=0.02, real=0.15 secs] 
2016-10-17T16:19:43.758+0800: 19551.317: [CMS-concurrent-reset-start]
2016-10-17T16:19:43.762+0800: 19551.320: [CMS-concurrent-reset: 0.004/0.004 secs] [Times: user=0.01 sys=0.00, real=0.00 secs] 
2016-10-17T16:19:44.715+0800: 19552.273: [GC (Allocation Failure) 2016-10-17T16:19:44.715+0800: 19552.273: [ParNew: 685696K->76160K(685696K), 0.0970197 secs] 1722543K->1187909K(2483840K), 0.0971645 secs] [Times: user=0.33 sys=0.03, real=0.10 secs] 
2016-10-17T16:19:46.526+0800: 19554.085: [GC (Allocation Failure) 2016-10-17T16:19:46.526+0800: 19554.085: [ParNew: 685696K->76160K(685696K), 0.0235900 secs] 1797445K->1253611K(2483840K), 0.0237080 secs] [Times: user=0.09 sys=0.00, real=0.02 secs] 
2016-10-17T16:19:49.391+0800: 19556.950: [GC (Allocation Failure) 2016-10-17T16:19:49.391+0800: 19556.950: [ParNew: 685696K->76160K(685696K), 0.0681906 secs] 1863147K->1276773K(2483840K), 0.0683595 secs] [Times: user=0.22 sys=0.00, real=0.07 secs] 
2016-10-17T16:19:53.375+0800: 19560.934: [GC (Allocation Failure) 2016-10-17T16:19:53.375+0800: 19560.934: [ParNew: 685648K->76160K(685696K), 0.0351319 secs] 1886262K->1365911K(2483840K), 0.0352733 secs] [Times: user=0.12 sys=0.00, real=0.04 secs] 
2016-10-17T16:19:53.411+0800: 19560.970: [GC (CMS Initial Mark) [1 CMS-initial-mark: 1289751K(1798144K)] 1366167K(2483840K), 0.0030249 secs] [Times: user=0.01 sys=0.00, real=0.00 secs] 
2016-10-17T16:19:53.415+0800: 19560.973: [CMS-concurrent-mark-start]
2016-10-17T16:19:53.575+0800: 19561.134: [CMS-concurrent-mark: 0.161/0.161 secs] [Times: user=0.24 sys=0.01, real=0.16 secs] 
2016-10-17T16:19:53.575+0800: 19561.134: [CMS-concurrent-preclean-start]
2016-10-17T16:19:53.582+0800: 19561.141: [CMS-concurrent-preclean: 0.007/0.007 secs] [Times: user=0.01 sys=0.00, real=0.01 secs] 
2016-10-17T16:19:53.582+0800: 19561.141: [CMS-concurrent-abortable-preclean-start]
 CMS: abort preclean due to time 2016-10-17T16:19:58.624+0800: 19566.183: [CMS-concurrent-abortable-preclean: 5.033/5.042 secs] [Times: user=5.72 sys=0.37, real=5.04 secs] 
2016-10-17T16:19:58.716+0800: 19566.275: [GC (CMS Final Remark) [YG occupancy: 385615 K (685696 K)]2016-10-17T16:19:58.716+0800: 19566.275: [Rescan (parallel) , 0.0144776 secs]2016-10-17T16:19:58.731+0800: 19566.290: [weak refs processing, 0.0007984 secs]2016-10-17T16:19:58.732+0800: 19566.291: [class unloading, 0.0138967 secs]2016-10-17T16:19:58.746+0800: 19566.305: [scrub symbol table, 0.0040147 secs]2016-10-17T16:19:58.750+0800: 19566.309: [scrub string table, 0.0006893 secs][1 CMS-remark: 1289751K(1798144K)] 1675367K(2483840K), 0.0345532 secs] [Times: user=0.08 sys=0.00, real=0.03 secs] 
2016-10-17T16:19:58.751+0800: 19566.310: [CMS-concurrent-sweep-start]
2016-10-17T16:19:59.090+0800: 19566.649: [CMS-concurrent-sweep: 0.339/0.339 secs] [Times: user=0.38 sys=0.02, real=0.34 secs] 
2016-10-17T16:19:59.090+0800: 19566.649: [CMS-concurrent-reset-start]
2016-10-17T16:19:59.093+0800: 19566.652: [CMS-concurrent-reset: 0.004/0.004 secs] [Times: user=0.01 sys=0.00, real=0.00 secs] 
2016-10-17T16:20:01.974+0800: 19569.532: [GC (Allocation Failure) 2016-10-17T16:20:01.974+0800: 19569.532: [ParNew: 685696K->76160K(685696K), 0.0342603 secs] 1657147K->1137228K(2483840K), 0.0344322 secs] [Times: user=0.12 sys=0.00, real=0.04 secs] 
2016-10-17T16:20:06.375+0800: 19573.933: [GC (Allocation Failure) 2016-10-17T16:20:06.375+0800: 19573.933: [ParNew: 685696K->76160K(685696K), 0.0284756 secs] 1746764K->1227759K(2483840K), 0.0286053 secs] [Times: user=0.11 sys=0.00, real=0.03 secs] 
2016-10-17T16:20:12.404+0800: 19579.963: [GC (Allocation Failure) 2016-10-17T16:20:12.404+0800: 19579.963: [ParNew: 685696K->76160K(685696K), 0.0323086 secs] 1837295K->1317952K(2483840K), 0.0324414 secs] [Times: user=0.11 sys=0.00, real=0.04 secs] 
2016-10-17T16:20:16.903+0800: 19584.462: [GC (Allocation Failure) 2016-10-17T16:20:16.903+0800: 19584.462: [ParNew: 685651K->76160K(685696K), 0.0364694 secs] 1927443K->1407191K(2483840K), 0.0365990 secs] [Times: user=0.13 sys=0.00, real=0.04 secs] 
2016-10-17T16:20:16.941+0800: 19584.499: [GC (CMS Initial Mark) [1 CMS-initial-mark: 1331031K(1798144K)] 1407768K(2483840K), 0.0019757 secs] [Times: user=0.00 sys=0.00, real=0.00 secs] 
2016-10-17T16:20:16.943+0800: 19584.501: [CMS-concurrent-mark-start]
2016-10-17T16:20:17.218+0800: 19584.777: [CMS-concurrent-mark: 0.275/0.275 secs] [Times: user=0.33 sys=0.03, real=0.28 secs] 
2016-10-17T16:20:17.218+0800: 19584.777: [CMS-concurrent-preclean-start]
2016-10-17T16:20:17.223+0800: 19584.782: [CMS-concurrent-preclean: 0.005/0.005 secs] [Times: user=0.01 sys=0.00, real=0.00 secs] 
2016-10-17T16:20:17.223+0800: 19584.782: [CMS-concurrent-abortable-preclean-start]
2016-10-17T16:20:22.099+0800: 19589.658: [CMS-concurrent-abortable-preclean: 4.276/4.876 secs] [Times: user=4.92 sys=0.37, real=4.88 secs] 
2016-10-17T16:20:22.100+0800: 19589.659: [GC (CMS Final Remark) [YG occupancy: 383285 K (685696 K)]2016-10-17T16:20:22.100+0800: 19589.659: [Rescan (parallel) , 0.0317427 secs]2016-10-17T16:20:22.132+0800: 19589.691: [weak refs processing, 0.0008272 secs]2016-10-17T16:20:22.133+0800: 19589.692: [class unloading, 0.0190568 secs]2016-10-17T16:20:22.152+0800: 19589.711: [scrub symbol table, 0.0085887 secs]2016-10-17T16:20:22.161+0800: 19589.719: [scrub string table, 0.0010418 secs][1 CMS-remark: 1331031K(1798144K)] 1714316K(2483840K), 0.0620770 secs] [Times: user=0.10 sys=0.00, real=0.06 secs] 
2016-10-17T16:20:22.163+0800: 19589.722: [CMS-concurrent-sweep-start]
2016-10-17T16:20:22.392+0800: 19589.950: [CMS-concurrent-sweep: 0.216/0.229 secs] [Times: user=0.24 sys=0.01, real=0.23 secs] 
2016-10-17T16:20:22.392+0800: 19589.950: [CMS-concurrent-reset-start]
2016-10-17T16:20:22.395+0800: 19589.954: [CMS-concurrent-reset: 0.004/0.004 secs] [Times: user=0.00 sys=0.00, real=0.00 secs] 
2016-10-17T16:20:26.899+0800: 19594.458: [GC (Allocation Failure) 2016-10-17T16:20:26.899+0800: 19594.458: [ParNew: 685450K->76160K(685696K), 0.0318822 secs] 1655522K->1145181K(2483840K), 0.0320201 secs] [Times: user=0.11 sys=0.00, real=0.03 secs] 
2016-10-17T16:20:32.171+0800: 19599.730: [GC (Allocation Failure) 2016-10-17T16:20:32.171+0800: 19599.730: [ParNew: 685516K->76160K(685696K), 0.0357212 secs] 1754537K->1232654K(2483840K), 0.0358532 secs] [Times: user=0.13 sys=0.00, real=0.04 secs] 
2016-10-17T16:20:35.821+0800: 19603.379: [GC (Allocation Failure) 2016-10-17T16:20:35.821+0800: 19603.379: [ParNew: 685696K->76160K(685696K), 0.0316286 secs] 1842190K->1319100K(2483840K), 0.0317765 secs] [Times: user=0.11 sys=0.00, real=0.03 secs] 
2016-10-17T16:20:39.303+0800: 19606.861: [GC (Allocation Failure) 2016-10-17T16:20:39.303+0800: 19606.861: [ParNew: 685478K->76160K(685696K), 0.0369011 secs] 1928419K->1408658K(2483840K), 0.0370407 secs] [Times: user=0.13 sys=0.00, real=0.04 secs] 
2016-10-17T16:20:39.340+0800: 19606.899: [GC (CMS Initial Mark) [1 CMS-initial-mark: 1332498K(1798144K)] 1408914K(2483840K), 0.0017038 secs] [Times: user=0.01 sys=0.00, real=0.00 secs] 
2016-10-17T16:20:39.342+0800: 19606.901: [CMS-concurrent-mark-start]
2016-10-17T16:20:39.507+0800: 19607.066: [CMS-concurrent-mark: 0.165/0.165 secs] [Times: user=0.23 sys=0.01, real=0.17 secs] 
2016-10-17T16:20:39.507+0800: 19607.066: [CMS-concurrent-preclean-start]
2016-10-17T16:20:39.512+0800: 19607.071: [CMS-concurrent-preclean: 0.005/0.005 secs] [Times: user=0.01 sys=0.00, real=0.00 secs] 
2016-10-17T16:20:39.513+0800: 19607.071: [CMS-concurrent-abortable-preclean-start]
2016-10-17T16:20:40.925+0800: 19608.484: [CMS-concurrent-abortable-preclean: 1.410/1.413 secs] [Times: user=2.04 sys=0.13, real=1.41 secs] 
2016-10-17T16:20:40.926+0800: 19608.485: [GC (CMS Final Remark) [YG occupancy: 382484 K (685696 K)]2016-10-17T16:20:40.926+0800: 19608.485: [Rescan (parallel) , 0.0164246 secs]2016-10-17T16:20:40.942+0800: 19608.501: [weak refs processing, 0.0005720 secs]2016-10-17T16:20:40.943+0800: 19608.502: [class unloading, 0.0131608 secs]2016-10-17T16:20:40.956+0800: 19608.515: [scrub symbol table, 0.0046835 secs]2016-10-17T16:20:40.961+0800: 19608.520: [scrub string table, 0.0006945 secs][1 CMS-remark: 1332498K(1798144K)] 1714983K(2483840K), 0.0361307 secs] [Times: user=0.09 sys=0.00, real=0.03 secs] 
2016-10-17T16:20:40.962+0800: 19608.521: [CMS-concurrent-sweep-start]
2016-10-17T16:20:41.049+0800: 19608.608: [CMS-concurrent-sweep: 0.087/0.087 secs] [Times: user=0.12 sys=0.01, real=0.09 secs] 
2016-10-17T16:20:41.049+0800: 19608.608: [CMS-concurrent-reset-start]
2016-10-17T16:20:41.053+0800: 19608.612: [CMS-concurrent-reset: 0.004/0.004 secs] [Times: user=0.01 sys=0.00, real=0.00 secs] 
2016-10-17T16:20:42.537+0800: 19610.096: [GC (Allocation Failure) 2016-10-17T16:20:42.538+0800: 19610.096: [ParNew: 685668K->76160K(685696K), 0.0345210 secs] 1695153K->1170452K(2483840K), 0.0346576 secs] [Times: user=0.13 sys=0.00, real=0.03 secs] 
2016-10-17T16:20:46.155+0800: 19613.714: [GC (Allocation Failure) 2016-10-17T16:20:46.155+0800: 19613.714: [ParNew: 685696K->76160K(685696K), 0.0343983 secs] 1779988K->1260057K(2483840K), 0.0345522 secs] [Times: user=0.13 sys=0.00, real=0.04 secs] 
2016-10-17T16:20:49.668+0800: 19617.226: [GC (Allocation Failure) 2016-10-17T16:20:49.668+0800: 19617.226: [ParNew: 685695K->76160K(685696K), 0.0302427 secs] 1869592K->1354262K(2483840K), 0.0304130 secs] [Times: user=0.12 sys=0.00, real=0.03 secs] 
2016-10-17T16:20:49.699+0800: 19617.257: [GC (CMS Initial Mark) [1 CMS-initial-mark: 1278102K(1798144K)] 1354878K(2483840K), 0.0021627 secs] [Times: user=0.00 sys=0.00, real=0.00 secs] 
2016-10-17T16:20:49.701+0800: 19617.260: [CMS-concurrent-mark-start]
2016-10-17T16:20:49.894+0800: 19617.452: [CMS-concurrent-mark: 0.193/0.193 secs] [Times: user=0.29 sys=0.02, real=0.19 secs] 
2016-10-17T16:20:49.894+0800: 19617.452: [CMS-concurrent-preclean-start]
2016-10-17T16:20:49.899+0800: 19617.457: [CMS-concurrent-preclean: 0.005/0.005 secs] [Times: user=0.00 sys=0.00, real=0.01 secs] 
2016-10-17T16:20:49.899+0800: 19617.457: [CMS-concurrent-abortable-preclean-start]
2016-10-17T16:20:51.379+0800: 19618.938: [CMS-concurrent-abortable-preclean: 1.478/1.480 secs] [Times: user=2.02 sys=0.19, real=1.48 secs] 
2016-10-17T16:20:51.380+0800: 19618.938: [GC (CMS Final Remark) [YG occupancy: 385351 K (685696 K)]2016-10-17T16:20:51.380+0800: 19618.938: [Rescan (parallel) , 0.0125997 secs]2016-10-17T16:20:51.392+0800: 19618.951: [weak refs processing, 0.0003032 secs]2016-10-17T16:20:51.393+0800: 19618.951: [class unloading, 0.0130561 secs]2016-10-17T16:20:51.406+0800: 19618.964: [scrub symbol table, 0.0050825 secs]2016-10-17T16:20:51.411+0800: 19618.970: [scrub string table, 0.0007308 secs][1 CMS-remark: 1278102K(1798144K)] 1663454K(2483840K), 0.0321614 secs] [Times: user=0.08 sys=0.00, real=0.03 secs] 
2016-10-17T16:20:51.412+0800: 19618.971: [CMS-concurrent-sweep-start]
2016-10-17T16:20:51.488+0800: 19619.047: [CMS-concurrent-sweep: 0.076/0.076 secs] [Times: user=0.11 sys=0.01, real=0.08 secs] 
2016-10-17T16:20:51.488+0800: 19619.047: [CMS-concurrent-reset-start]
2016-10-17T16:20:51.491+0800: 19619.050: [CMS-concurrent-reset: 0.003/0.003 secs] [Times: user=0.00 sys=0.00, real=0.00 secs] 
2016-10-17T16:20:53.193+0800: 19620.752: [GC (Allocation Failure) 2016-10-17T16:20:53.193+0800: 19620.752: [ParNew: 685592K->76160K(685696K), 0.0336133 secs] 1683097K->1158445K(2483840K), 0.0337383 secs] [Times: user=0.13 sys=0.00, real=0.04 secs] 
2016-10-17T16:20:56.509+0800: 19624.067: [GC (Allocation Failure) 2016-10-17T16:20:56.509+0800: 19624.068: [ParNew: 685696K->76160K(685696K), 0.0312817 secs] 1767981K->1256142K(2483840K), 0.0314036 secs] [Times: user=0.11 sys=0.00, real=0.03 secs] 
2016-10-17T16:20:59.809+0800: 19627.368: [GC (Allocation Failure) 2016-10-17T16:20:59.809+0800: 19627.368: [ParNew: 685525K->76160K(685696K), 0.0283575 secs] 1865508K->1335275K(2483840K), 0.0284849 secs] [Times: user=0.10 sys=0.00, real=0.03 secs] 
2016-10-17T16:20:59.838+0800: 19627.397: [GC (CMS Initial Mark) [1 CMS-initial-mark: 1259115K(1798144K)] 1335531K(2483840K), 0.0021137 secs] [Times: user=0.01 sys=0.00, real=0.00 secs] 
2016-10-17T16:20:59.840+0800: 19627.399: [CMS-concurrent-mark-start]
2016-10-17T16:21:00.058+0800: 19627.617: [CMS-concurrent-mark: 0.218/0.218 secs] [Times: user=0.31 sys=0.02, real=0.22 secs] 
2016-10-17T16:21:00.058+0800: 19627.617: [CMS-concurrent-preclean-start]
2016-10-17T16:21:00.064+0800: 19627.622: [CMS-concurrent-preclean: 0.005/0.005 secs] [Times: user=0.00 sys=0.00, real=0.00 secs] 
2016-10-17T16:21:00.064+0800: 19627.622: [CMS-concurrent-abortable-preclean-start]
2016-10-17T16:21:01.783+0800: 19629.342: [CMS-concurrent-abortable-preclean: 1.718/1.719 secs] [Times: user=2.39 sys=0.14, real=1.72 secs] 
2016-10-17T16:21:01.783+0800: 19629.342: [GC (CMS Final Remark) [YG occupancy: 385720 K (685696 K)]2016-10-17T16:21:01.784+0800: 19629.342: [Rescan (parallel) , 0.0130963 secs]2016-10-17T16:21:01.797+0800: 19629.355: [weak refs processing, 0.0003197 secs]2016-10-17T16:21:01.797+0800: 19629.356: [class unloading, 0.0133351 secs]2016-10-17T16:21:01.810+0800: 19629.369: [scrub symbol table, 0.0041410 secs]2016-10-17T16:21:01.815+0800: 19629.373: [scrub string table, 0.0006926 secs][1 CMS-remark: 1259115K(1798144K)] 1644836K(2483840K), 0.0319741 secs] [Times: user=0.07 sys=0.00, real=0.03 secs] 
2016-10-17T16:21:01.816+0800: 19629.375: [CMS-concurrent-sweep-start]
2016-10-17T16:21:01.895+0800: 19629.454: [CMS-concurrent-sweep: 0.080/0.080 secs] [Times: user=0.11 sys=0.00, real=0.08 secs] 
2016-10-17T16:21:01.895+0800: 19629.454: [CMS-concurrent-reset-start]
2016-10-17T16:21:01.899+0800: 19629.458: [CMS-concurrent-reset: 0.003/0.003 secs] [Times: user=0.01 sys=0.00, real=0.01 secs] 
2016-10-17T16:21:03.759+0800: 19631.318: [GC (Allocation Failure) 2016-10-17T16:21:03.759+0800: 19631.318: [ParNew: 685677K->76160K(685696K), 0.0308834 secs] 1703756K->1184380K(2483840K), 0.0310081 secs] [Times: user=0.12 sys=0.00, real=0.03 secs] 
2016-10-17T16:21:07.477+0800: 19635.036: [GC (Allocation Failure) 2016-10-17T16:21:07.477+0800: 19635.036: [ParNew: 685443K->76160K(685696K), 0.0365975 secs] 1793664K->1274291K(2483840K), 0.0367582 secs] [Times: user=0.13 sys=0.00, real=0.03 secs] 
2016-10-17T16:21:11.647+0800: 19639.206: [GC (Allocation Failure) 2016-10-17T16:21:11.647+0800: 19639.206: [ParNew: 685642K->76160K(685696K), 0.0361996 secs] 1883773K->1361704K(2483840K), 0.0363348 secs] [Times: user=0.13 sys=0.00, real=0.03 secs] 
2016-10-17T16:21:11.684+0800: 19639.243: [GC (CMS Initial Mark) [1 CMS-initial-mark: 1285544K(1798144K)] 1362039K(2483840K), 0.0018740 secs] [Times: user=0.01 sys=0.00, real=0.01 secs] 
2016-10-17T16:21:11.686+0800: 19639.245: [CMS-concurrent-mark-start]
2016-10-17T16:21:12.040+0800: 19639.599: [CMS-concurrent-mark: 0.354/0.354 secs] [Times: user=0.45 sys=0.03, real=0.35 secs] 
2016-10-17T16:21:12.040+0800: 19639.599: [CMS-concurrent-preclean-start]
2016-10-17T16:21:12.047+0800: 19639.606: [CMS-concurrent-preclean: 0.007/0.007 secs] [Times: user=0.01 sys=0.00, real=0.01 secs] 
2016-10-17T16:21:12.047+0800: 19639.606: [CMS-concurrent-abortable-preclean-start]
2016-10-17T16:21:13.889+0800: 19641.447: [CMS-concurrent-abortable-preclean: 1.840/1.841 secs] [Times: user=2.53 sys=0.15, real=1.84 secs] 
2016-10-17T16:21:13.889+0800: 19641.448: [GC (CMS Final Remark) [YG occupancy: 381048 K (685696 K)]2016-10-17T16:21:13.889+0800: 19641.448: [Rescan (parallel) , 0.0144275 secs]2016-10-17T16:21:13.904+0800: 19641.463: [weak refs processing, 0.0002550 secs]2016-10-17T16:21:13.904+0800: 19641.463: [class unloading, 0.0133765 secs]2016-10-17T16:21:13.917+0800: 19641.476: [scrub symbol table, 0.0076368 secs]2016-10-17T16:21:13.925+0800: 19641.484: [scrub string table, 0.0007606 secs][1 CMS-remark: 1285544K(1798144K)] 1666592K(2483840K), 0.0368223 secs] [Times: user=0.08 sys=0.00, real=0.04 secs] 
2016-10-17T16:21:13.926+0800: 19641.485: [CMS-concurrent-sweep-start]
2016-10-17T16:21:14.053+0800: 19641.612: [CMS-concurrent-sweep: 0.127/0.127 secs] [Times: user=0.18 sys=0.00, real=0.12 secs] 
2016-10-17T16:21:14.053+0800: 19641.612: [CMS-concurrent-reset-start]
2016-10-17T16:21:14.057+0800: 19641.615: [CMS-concurrent-reset: 0.004/0.004 secs] [Times: user=0.01 sys=0.00, real=0.01 secs] 
2016-10-17T16:21:15.870+0800: 19643.428: [GC (Allocation Failure) 2016-10-17T16:21:15.870+0800: 19643.428: [ParNew: 685657K->76160K(685696K), 0.0359806 secs] 1729510K->1216133K(2483840K), 0.0361252 secs] [Times: user=0.12 sys=0.00, real=0.04 secs] 
2016-10-17T16:21:19.644+0800: 19647.203: [GC (Allocation Failure) 2016-10-17T16:21:19.644+0800: 19647.203: [ParNew: 685696K->76160K(685696K), 0.1638197 secs] 1825669K->1299330K(2483840K), 0.1640061 secs] [Times: user=0.22 sys=0.02, real=0.17 secs] 
2016-10-17T16:21:29.268+0800: 19656.827: [GC (Allocation Failure) 2016-10-17T16:21:29.269+0800: 19656.827: [ParNew: 685683K->76160K(685696K), 0.0371280 secs] 1908853K->1391768K(2483840K), 0.0373021 secs] [Times: user=0.12 sys=0.00, real=0.03 secs] 
2016-10-17T16:21:29.306+0800: 19656.865: [GC (CMS Initial Mark) [1 CMS-initial-mark: 1315608K(1798144K)] 1392097K(2483840K), 0.0028864 secs] [Times: user=0.01 sys=0.00, real=0.00 secs] 
2016-10-17T16:21:29.309+0800: 19656.868: [CMS-concurrent-mark-start]
2016-10-17T16:21:29.582+0800: 19657.141: [CMS-concurrent-mark: 0.272/0.272 secs] [Times: user=0.37 sys=0.03, real=0.27 secs] 
2016-10-17T16:21:29.582+0800: 19657.141: [CMS-concurrent-preclean-start]
2016-10-17T16:21:29.588+0800: 19657.146: [CMS-concurrent-preclean: 0.005/0.006 secs] [Times: user=0.01 sys=0.00, real=0.01 secs] 
2016-10-17T16:21:29.588+0800: 19657.146: [CMS-concurrent-abortable-preclean-start]
2016-10-17T16:21:31.628+0800: 19659.187: [CMS-concurrent-abortable-preclean: 2.038/2.041 secs] [Times: user=2.75 sys=0.15, real=2.04 secs] 
2016-10-17T16:21:31.629+0800: 19659.188: [GC (CMS Final Remark) [YG occupancy: 388983 K (685696 K)]2016-10-17T16:21:31.630+0800: 19659.188: [Rescan (parallel) , 0.0175745 secs]2016-10-17T16:21:31.647+0800: 19659.206: [weak refs processing, 0.0003505 secs]2016-10-17T16:21:31.648+0800: 19659.206: [class unloading, 0.0139382 secs]2016-10-17T16:21:31.661+0800: 19659.220: [scrub symbol table, 0.0041987 secs]2016-10-17T16:21:31.666+0800: 19659.224: [scrub string table, 0.0007040 secs][1 CMS-remark: 1315608K(1798144K)] 1704592K(2483840K), 0.0371851 secs] [Times: user=0.08 sys=0.00, real=0.04 secs] 
2016-10-17T16:21:31.667+0800: 19659.226: [CMS-concurrent-sweep-start]
2016-10-17T16:21:31.757+0800: 19659.315: [CMS-concurrent-sweep: 0.090/0.090 secs] [Times: user=0.13 sys=0.00, real=0.09 secs] 
2016-10-17T16:21:31.757+0800: 19659.316: [CMS-concurrent-reset-start]
2016-10-17T16:21:31.760+0800: 19659.319: [CMS-concurrent-reset: 0.004/0.004 secs] [Times: user=0.01 sys=0.00, real=0.00 secs] 
2016-10-17T16:21:33.401+0800: 19660.960: [GC (Allocation Failure) 2016-10-17T16:21:33.402+0800: 19660.960: [ParNew: 685696K->76160K(685696K), 0.0429106 secs] 1718265K->1194991K(2483840K), 0.0430761 secs] [Times: user=0.15 sys=0.00, real=0.04 secs] 
2016-10-17T16:21:36.663+0800: 19664.222: [GC (Allocation Failure) 2016-10-17T16:21:36.663+0800: 19664.222: [ParNew: 685696K->76160K(685696K), 0.0309906 secs] 1804527K->1285589K(2483840K), 0.0311400 secs] [Times: user=0.11 sys=0.00, real=0.03 secs] 
2016-10-17T16:21:40.278+0800: 19667.837: [GC (Allocation Failure) 2016-10-17T16:21:40.278+0800: 19667.837: [ParNew: 685686K->76160K(685696K), 0.0381231 secs] 1895115K->1373288K(2483840K), 0.0382695 secs] [Times: user=0.11 sys=0.00, real=0.04 secs] 
2016-10-17T16:21:40.317+0800: 19667.876: [GC (CMS Initial Mark) [1 CMS-initial-mark: 1297128K(1798144K)] 1373686K(2483840K), 0.0020838 secs] [Times: user=0.01 sys=0.00, real=0.00 secs] 
2016-10-17T16:21:40.319+0800: 19667.878: [CMS-concurrent-mark-start]
2016-10-17T16:21:40.586+0800: 19668.145: [CMS-concurrent-mark: 0.268/0.268 secs] [Times: user=0.37 sys=0.02, real=0.27 secs] 
2016-10-17T16:21:40.587+0800: 19668.145: [CMS-concurrent-preclean-start]
2016-10-17T16:21:40.593+0800: 19668.151: [CMS-concurrent-preclean: 0.006/0.006 secs] [Times: user=0.01 sys=0.00, real=0.00 secs] 
2016-10-17T16:21:40.593+0800: 19668.152: [CMS-concurrent-abortable-preclean-start]
2016-10-17T16:21:42.217+0800: 19669.776: [CMS-concurrent-abortable-preclean: 1.623/1.624 secs] [Times: user=2.31 sys=0.12, real=1.63 secs] 
2016-10-17T16:21:42.218+0800: 19669.776: [GC (CMS Final Remark) [YG occupancy: 382197 K (685696 K)]2016-10-17T16:21:42.218+0800: 19669.777: [Rescan (parallel) , 0.0135845 secs]2016-10-17T16:21:42.231+0800: 19669.790: [weak refs processing, 0.0002610 secs]2016-10-17T16:21:42.232+0800: 19669.790: [class unloading, 0.0131837 secs]2016-10-17T16:21:42.245+0800: 19669.804: [scrub symbol table, 0.0047095 secs]2016-10-17T16:21:42.250+0800: 19669.808: [scrub string table, 0.0007050 secs][1 CMS-remark: 1297128K(1798144K)] 1679326K(2483840K), 0.0327643 secs] [Times: user=0.07 sys=0.00, real=0.03 secs] 
2016-10-17T16:21:42.251+0800: 19669.810: [CMS-concurrent-sweep-start]
2016-10-17T16:21:42.334+0800: 19669.893: [CMS-concurrent-sweep: 0.083/0.083 secs] [Times: user=0.12 sys=0.01, real=0.08 secs] 
2016-10-17T16:21:42.334+0800: 19669.893: [CMS-concurrent-reset-start]
2016-10-17T16:21:42.337+0800: 19669.896: [CMS-concurrent-reset: 0.003/0.003 secs] [Times: user=0.01 sys=0.00, real=0.01 secs] 
2016-10-17T16:21:44.030+0800: 19671.589: [GC (Allocation Failure) 2016-10-17T16:21:44.030+0800: 19671.589: [ParNew: 685696K->76160K(685696K), 0.0367538 secs] 1743853K->1221935K(2483840K), 0.0368842 secs] [Times: user=0.12 sys=0.00, real=0.04 secs] 
2016-10-17T16:21:47.432+0800: 19674.991: [GC (Allocation Failure) 2016-10-17T16:21:47.432+0800: 19674.991: [ParNew: 685685K->76160K(685696K), 0.0379926 secs] 1831460K->1311384K(2483840K), 0.0381248 secs] [Times: user=0.13 sys=0.00, real=0.04 secs] 
2016-10-17T16:21:51.190+0800: 19678.749: [GC (Allocation Failure) 2016-10-17T16:21:51.190+0800: 19678.749: [ParNew: 685441K->76160K(685696K), 0.0284288 secs] 1920665K->1397090K(2483840K), 0.0285746 secs] [Times: user=0.11 sys=0.00, real=0.03 secs] 
2016-10-17T16:21:51.220+0800: 19678.778: [GC (CMS Initial Mark) [1 CMS-initial-mark: 1320930K(1798144K)] 1397346K(2483840K), 0.0021695 secs] [Times: user=0.01 sys=0.00, real=0.00 secs] 
2016-10-17T16:21:51.222+0800: 19678.781: [CMS-concurrent-mark-start]
2016-10-17T16:21:51.499+0800: 19679.058: [CMS-concurrent-mark: 0.277/0.277 secs] [Times: user=0.40 sys=0.02, real=0.28 secs] 
2016-10-17T16:21:51.499+0800: 19679.058: [CMS-concurrent-preclean-start]
2016-10-17T16:21:51.504+0800: 19679.063: [CMS-concurrent-preclean: 0.005/0.005 secs] [Times: user=0.01 sys=0.00, real=0.00 secs] 
2016-10-17T16:21:51.504+0800: 19679.063: [CMS-concurrent-abortable-preclean-start]
2016-10-17T16:21:53.017+0800: 19680.576: [CMS-concurrent-abortable-preclean: 1.511/1.513 secs] [Times: user=2.17 sys=0.14, real=1.52 secs] 
2016-10-17T16:21:53.018+0800: 19680.577: [GC (CMS Final Remark) [YG occupancy: 386804 K (685696 K)]2016-10-17T16:21:53.018+0800: 19680.577: [Rescan (parallel) , 0.0147936 secs]2016-10-17T16:21:53.033+0800: 19680.592: [weak refs processing, 0.0002495 secs]2016-10-17T16:21:53.033+0800: 19680.592: [class unloading, 0.0133935 secs]2016-10-17T16:21:53.047+0800: 19680.605: [scrub symbol table, 0.0041739 secs]2016-10-17T16:21:53.051+0800: 19680.610: [scrub string table, 0.0007099 secs][1 CMS-remark: 1320930K(1798144K)] 1707734K(2483840K), 0.0336529 secs] [Times: user=0.08 sys=0.00, real=0.03 secs] 
2016-10-17T16:21:53.052+0800: 19680.611: [CMS-concurrent-sweep-start]
2016-10-17T16:21:53.172+0800: 19680.731: [CMS-concurrent-sweep: 0.120/0.120 secs] [Times: user=0.18 sys=0.00, real=0.12 secs] 
2016-10-17T16:21:53.172+0800: 19680.731: [CMS-concurrent-reset-start]
2016-10-17T16:21:53.176+0800: 19680.735: [CMS-concurrent-reset: 0.004/0.004 secs] [Times: user=0.01 sys=0.00, real=0.01 secs] 
2016-10-17T16:21:54.793+0800: 19682.352: [GC (Allocation Failure) 2016-10-17T16:21:54.793+0800: 19682.352: [ParNew: 685462K->76160K(685696K), 0.0358540 secs] 1765408K->1251723K(2483840K), 0.0360488 secs] [Times: user=0.13 sys=0.00, real=0.04 secs] 
2016-10-17T16:21:58.629+0800: 19686.188: [GC (Allocation Failure) 2016-10-17T16:21:58.629+0800: 19686.188: [ParNew: 685696K->76160K(685696K), 0.0349046 secs] 1861259K->1335110K(2483840K), 0.0350511 secs] [Times: user=0.12 sys=0.00, real=0.03 secs] 
2016-10-17T16:21:58.665+0800: 19686.223: [GC (CMS Initial Mark) [1 CMS-initial-mark: 1258950K(1798144K)] 1335479K(2483840K), 0.0017486 secs] [Times: user=0.01 sys=0.00, real=0.01 secs] 
2016-10-17T16:21:58.667+0800: 19686.225: [CMS-concurrent-mark-start]
2016-10-17T16:21:59.065+0800: 19686.624: [CMS-concurrent-mark: 0.398/0.398 secs] [Times: user=0.55 sys=0.06, real=0.39 secs] 
2016-10-17T16:21:59.065+0800: 19686.624: [CMS-concurrent-preclean-start]
2016-10-17T16:21:59.071+0800: 19686.630: [CMS-concurrent-preclean: 0.006/0.006 secs] [Times: user=0.01 sys=0.01, real=0.01 secs] 
2016-10-17T16:21:59.071+0800: 19686.630: [CMS-concurrent-abortable-preclean-start]
2016-10-17T16:22:02.565+0800: 19690.124: [GC (Allocation Failure) 2016-10-17T16:22:02.565+0800: 19690.124: [ParNew: 685599K->76160K(685696K), 0.0335443 secs] 1944549K->1431943K(2483840K), 0.0336844 secs] [Times: user=0.11 sys=0.00, real=0.04 secs] 
 CMS: abort preclean due to time 2016-10-17T16:22:04.136+0800: 19691.695: [CMS-concurrent-abortable-preclean: 5.024/5.065 secs] [Times: user=6.96 sys=0.62, real=5.07 secs] 
2016-10-17T16:22:04.137+0800: 19691.696: [GC (CMS Final Remark) [YG occupancy: 319280 K (685696 K)]2016-10-17T16:22:04.137+0800: 19691.696: [Rescan (parallel) , 0.0144289 secs]2016-10-17T16:22:04.152+0800: 19691.711: [weak refs processing, 0.0003399 secs]2016-10-17T16:22:04.152+0800: 19691.711: [class unloading, 0.0156573 secs]2016-10-17T16:22:04.168+0800: 19691.727: [scrub symbol table, 0.0052143 secs]2016-10-17T16:22:04.173+0800: 19691.732: [scrub string table, 0.0007347 secs][1 CMS-remark: 1355783K(1798144K)] 1675063K(2483840K), 0.0367768 secs] [Times: user=0.08 sys=0.00, real=0.03 secs] 
2016-10-17T16:22:04.174+0800: 19691.733: [CMS-concurrent-sweep-start]
2016-10-17T16:22:04.291+0800: 19691.850: [CMS-concurrent-sweep: 0.117/0.117 secs] [Times: user=0.15 sys=0.01, real=0.12 secs] 
2016-10-17T16:22:04.291+0800: 19691.850: [CMS-concurrent-reset-start]
2016-10-17T16:22:04.295+0800: 19691.854: [CMS-concurrent-reset: 0.004/0.004 secs] [Times: user=0.01 sys=0.00, real=0.00 secs] 
2016-10-17T16:22:06.353+0800: 19693.912: [GC (Allocation Failure) 2016-10-17T16:22:06.353+0800: 19693.912: [ParNew: 685461K->76160K(685696K), 0.0397999 secs] 1878384K->1353630K(2483840K), 0.0399403 secs] [Times: user=0.13 sys=0.01, real=0.04 secs] 
2016-10-17T16:22:06.393+0800: 19693.952: [GC (CMS Initial Mark) [1 CMS-initial-mark: 1277470K(1798144K)] 1353886K(2483840K), 0.0018248 secs] [Times: user=0.01 sys=0.00, real=0.00 secs] 
2016-10-17T16:22:06.395+0800: 19693.954: [CMS-concurrent-mark-start]
2016-10-17T16:22:06.694+0800: 19694.252: [CMS-concurrent-mark: 0.298/0.298 secs] [Times: user=0.43 sys=0.02, real=0.30 secs] 
2016-10-17T16:22:06.694+0800: 19694.253: [CMS-concurrent-preclean-start]
2016-10-17T16:22:06.701+0800: 19694.260: [CMS-concurrent-preclean: 0.007/0.008 secs] [Times: user=0.01 sys=0.00, real=0.01 secs] 
2016-10-17T16:22:06.701+0800: 19694.260: [CMS-concurrent-abortable-preclean-start]
 CMS: abort preclean due to time 2016-10-17T16:22:11.713+0800: 19699.272: [CMS-concurrent-abortable-preclean: 5.008/5.012 secs] [Times: user=6.69 sys=0.42, real=5.01 secs] 
2016-10-17T16:22:11.714+0800: 19699.273: [GC (CMS Final Remark) [YG occupancy: 667245 K (685696 K)]2016-10-17T16:22:11.714+0800: 19699.273: [Rescan (parallel) , 0.0255441 secs]2016-10-17T16:22:11.740+0800: 19699.298: [weak refs processing, 0.0002491 secs]2016-10-17T16:22:11.740+0800: 19699.299: [class unloading, 0.0134036 secs]2016-10-17T16:22:11.753+0800: 19699.312: [scrub symbol table, 0.0046208 secs]2016-10-17T16:22:11.758+0800: 19699.317: [scrub string table, 0.0007255 secs][1 CMS-remark: 1277470K(1798144K)] 1944715K(2483840K), 0.0448351 secs] [Times: user=0.12 sys=0.00, real=0.05 secs] 
2016-10-17T16:22:11.759+0800: 19699.318: [CMS-concurrent-sweep-start]
2016-10-17T16:22:11.858+0800: 19699.417: [CMS-concurrent-sweep: 0.099/0.099 secs] [Times: user=0.14 sys=0.00, real=0.10 secs] 
2016-10-17T16:22:11.858+0800: 19699.417: [CMS-concurrent-reset-start]
2016-10-17T16:22:11.861+0800: 19699.420: [CMS-concurrent-reset: 0.004/0.004 secs] [Times: user=0.01 sys=0.00, real=0.00 secs] 
2016-10-17T16:22:11.916+0800: 19699.475: [GC (Allocation Failure) 2016-10-17T16:22:11.916+0800: 19699.475: [ParNew: 685696K->76160K(685696K), 0.0331574 secs] 1763472K->1240963K(2483840K), 0.0332915 secs] [Times: user=0.12 sys=0.00, real=0.03 secs] 
2016-10-17T16:22:15.980+0800: 19703.538: [GC (Allocation Failure) 2016-10-17T16:22:15.980+0800: 19703.538: [ParNew: 685696K->76160K(685696K), 0.0379223 secs] 1850499K->1336076K(2483840K), 0.0380471 secs] [Times: user=0.13 sys=0.00, real=0.04 secs] 
2016-10-17T16:22:16.018+0800: 19703.577: [GC (CMS Initial Mark) [1 CMS-initial-mark: 1259916K(1798144K)] 1336412K(2483840K), 0.0028879 secs] [Times: user=0.01 sys=0.00, real=0.00 secs] 
2016-10-17T16:22:16.021+0800: 19703.580: [CMS-concurrent-mark-start]
2016-10-17T16:22:16.334+0800: 19703.893: [CMS-concurrent-mark: 0.312/0.312 secs] [Times: user=0.46 sys=0.02, real=0.31 secs] 
2016-10-17T16:22:16.334+0800: 19703.893: [CMS-concurrent-preclean-start]
2016-10-17T16:22:16.339+0800: 19703.898: [CMS-concurrent-preclean: 0.005/0.005 secs] [Times: user=0.01 sys=0.00, real=0.01 secs] 
2016-10-17T16:22:16.339+0800: 19703.898: [CMS-concurrent-abortable-preclean-start]
 CMS: abort preclean due to time 2016-10-17T16:22:21.360+0800: 19708.919: [CMS-concurrent-abortable-preclean: 4.735/5.021 secs] [Times: user=6.04 sys=0.29, real=5.02 secs] 
2016-10-17T16:22:21.361+0800: 19708.920: [GC (CMS Final Remark) [YG occupancy: 601289 K (685696 K)]2016-10-17T16:22:21.361+0800: 19708.920: [Rescan (parallel) , 0.0462387 secs]2016-10-17T16:22:21.407+0800: 19708.966: [weak refs processing, 0.0002429 secs]2016-10-17T16:22:21.408+0800: 19708.966: [class unloading, 0.0155319 secs]2016-10-17T16:22:21.423+0800: 19708.982: [scrub symbol table, 0.0061015 secs]2016-10-17T16:22:21.429+0800: 19708.988: [scrub string table, 0.0008783 secs][1 CMS-remark: 1259916K(1798144K)] 1861205K(2483840K), 0.0693168 secs] [Times: user=0.13 sys=0.00, real=0.07 secs] 
2016-10-17T16:22:21.430+0800: 19708.989: [CMS-concurrent-sweep-start]
2016-10-17T16:22:21.630+0800: 19709.189: [CMS-concurrent-sweep: 0.200/0.200 secs] [Times: user=0.23 sys=0.01, real=0.20 secs] 
2016-10-17T16:22:21.630+0800: 19709.189: [CMS-concurrent-reset-start]
2016-10-17T16:22:21.634+0800: 19709.193: [CMS-concurrent-reset: 0.004/0.004 secs] [Times: user=0.01 sys=0.00, real=0.00 secs] 
2016-10-17T16:22:22.253+0800: 19709.811: [GC (Allocation Failure) 2016-10-17T16:22:22.253+0800: 19709.811: [ParNew: 685593K->76160K(685696K), 0.0454188 secs] 1783673K->1258378K(2483840K), 0.0455795 secs] [Times: user=0.12 sys=0.00, real=0.05 secs] 
2016-10-17T16:22:25.852+0800: 19713.410: [GC (Allocation Failure) 2016-10-17T16:22:25.852+0800: 19713.410: [ParNew: 685696K->76160K(685696K), 0.0323440 secs] 1867914K->1349159K(2483840K), 0.0324760 secs] [Times: user=0.12 sys=0.00, real=0.03 secs] 
2016-10-17T16:22:25.885+0800: 19713.443: [GC (CMS Initial Mark) [1 CMS-initial-mark: 1272999K(1798144K)] 1349415K(2483840K), 0.0017175 secs] [Times: user=0.00 sys=0.00, real=0.01 secs] 
2016-10-17T16:22:25.887+0800: 19713.445: [CMS-concurrent-mark-start]
2016-10-17T16:22:26.245+0800: 19713.804: [CMS-concurrent-mark: 0.359/0.359 secs] [Times: user=0.49 sys=0.04, real=0.35 secs] 
2016-10-17T16:22:26.245+0800: 19713.804: [CMS-concurrent-preclean-start]
2016-10-17T16:22:26.251+0800: 19713.810: [CMS-concurrent-preclean: 0.006/0.006 secs] [Times: user=0.01 sys=0.00, real=0.01 secs] 
2016-10-17T16:22:26.251+0800: 19713.810: [CMS-concurrent-abortable-preclean-start]
2016-10-17T16:22:27.493+0800: 19715.051: [CMS-concurrent-abortable-preclean: 1.235/1.241 secs] [Times: user=2.21 sys=0.12, real=1.24 secs] 
2016-10-17T16:22:27.494+0800: 19715.052: [GC (CMS Final Remark) [YG occupancy: 384212 K (685696 K)]2016-10-17T16:22:27.494+0800: 19715.052: [Rescan (parallel) , 0.0129212 secs]2016-10-17T16:22:27.507+0800: 19715.065: [weak refs processing, 0.0002589 secs]2016-10-17T16:22:27.507+0800: 19715.066: [class unloading, 0.0140745 secs]2016-10-17T16:22:27.521+0800: 19715.080: [scrub symbol table, 0.0039685 secs]2016-10-17T16:22:27.525+0800: 19715.084: [scrub string table, 0.0006841 secs][1 CMS-remark: 1272999K(1798144K)] 1657211K(2483840K), 0.0322231 secs] [Times: user=0.07 sys=0.00, real=0.04 secs] 
2016-10-17T16:22:27.526+0800: 19715.085: [CMS-concurrent-sweep-start]
2016-10-17T16:22:27.641+0800: 19715.200: [CMS-concurrent-sweep: 0.115/0.115 secs] [Times: user=0.28 sys=0.01, real=0.11 secs] 
2016-10-17T16:22:27.642+0800: 19715.200: [CMS-concurrent-reset-start]
2016-10-17T16:22:27.645+0800: 19715.204: [CMS-concurrent-reset: 0.004/0.004 secs] [Times: user=0.01 sys=0.00, real=0.00 secs] 
2016-10-17T16:22:29.086+0800: 19716.645: [GC (Allocation Failure) 2016-10-17T16:22:29.086+0800: 19716.645: [ParNew: 685582K->76160K(685696K), 0.0306496 secs] 1798808K->1271191K(2483840K), 0.0307708 secs] [Times: user=0.10 sys=0.00, real=0.03 secs] 
2016-10-17T16:22:32.217+0800: 19719.776: [GC (Allocation Failure) 2016-10-17T16:22:32.217+0800: 19719.776: [ParNew: 685696K->76160K(685696K), 0.0409092 secs] 1880727K->1356372K(2483840K), 0.0410373 secs] [Times: user=0.10 sys=0.00, real=0.04 secs] 
2016-10-17T16:22:32.259+0800: 19719.818: [GC (CMS Initial Mark) [1 CMS-initial-mark: 1280212K(1798144K)] 1357161K(2483840K), 0.0035647 secs] [Times: user=0.01 sys=0.01, real=0.00 secs] 
2016-10-17T16:22:32.263+0800: 19719.822: [CMS-concurrent-mark-start]
2016-10-17T16:22:32.471+0800: 19720.030: [CMS-concurrent-mark: 0.208/0.208 secs] [Times: user=0.29 sys=0.02, real=0.21 secs] 
2016-10-17T16:22:32.471+0800: 19720.030: [CMS-concurrent-preclean-start]
2016-10-17T16:22:32.477+0800: 19720.036: [CMS-concurrent-preclean: 0.006/0.006 secs] [Times: user=0.01 sys=0.00, real=0.01 secs] 
2016-10-17T16:22:32.477+0800: 19720.036: [CMS-concurrent-abortable-preclean-start]
2016-10-17T16:22:33.950+0800: 19721.509: [CMS-concurrent-abortable-preclean: 1.472/1.473 secs] [Times: user=2.08 sys=0.11, real=1.47 secs] 
2016-10-17T16:22:33.951+0800: 19721.510: [GC (CMS Final Remark) [YG occupancy: 383724 K (685696 K)]2016-10-17T16:22:33.951+0800: 19721.510: [Rescan (parallel) , 0.0147733 secs]2016-10-17T16:22:33.966+0800: 19721.524: [weak refs processing, 0.0001712 secs]2016-10-17T16:22:33.966+0800: 19721.525: [class unloading, 0.0132898 secs]2016-10-17T16:22:33.979+0800: 19721.538: [scrub symbol table, 0.0046848 secs]2016-10-17T16:22:33.984+0800: 19721.543: [scrub string table, 0.0007265 secs][1 CMS-remark: 1280212K(1798144K)] 1663936K(2483840K), 0.0338904 secs] [Times: user=0.08 sys=0.00, real=0.03 secs] 
2016-10-17T16:22:33.985+0800: 19721.544: [CMS-concurrent-sweep-start]
2016-10-17T16:22:34.154+0800: 19721.712: [CMS-concurrent-sweep: 0.169/0.169 secs] [Times: user=0.24 sys=0.01, real=0.17 secs] 
2016-10-17T16:22:34.154+0800: 19721.712: [CMS-concurrent-reset-start]
2016-10-17T16:22:34.157+0800: 19721.716: [CMS-concurrent-reset: 0.004/0.004 secs] [Times: user=0.01 sys=0.00, real=0.01 secs] 
2016-10-17T16:22:35.665+0800: 19723.224: [GC (Allocation Failure) 2016-10-17T16:22:35.665+0800: 19723.224: [ParNew: 685686K->76160K(685696K), 0.0321201 secs] 1713672K->1192964K(2483840K), 0.0322503 secs] [Times: user=0.11 sys=0.00, real=0.04 secs] 
2016-10-17T16:22:38.835+0800: 19726.393: [GC (Allocation Failure) 2016-10-17T16:22:38.835+0800: 19726.394: [ParNew: 685696K->76160K(685696K), 0.0324669 secs] 1802500K->1285935K(2483840K), 0.0326100 secs] [Times: user=0.12 sys=0.00, real=0.04 secs] 
2016-10-17T16:22:42.084+0800: 19729.643: [GC (Allocation Failure) 2016-10-17T16:22:42.084+0800: 19729.643: [ParNew: 685547K->76160K(685696K), 0.0313572 secs] 1895322K->1374156K(2483840K), 0.0314892 secs] [Times: user=0.11 sys=0.00, real=0.03 secs] 
2016-10-17T16:22:42.116+0800: 19729.675: [GC (CMS Initial Mark) [1 CMS-initial-mark: 1297996K(1798144K)] 1374412K(2483840K), 0.0017543 secs] [Times: user=0.01 sys=0.00, real=0.00 secs] 
2016-10-17T16:22:42.118+0800: 19729.677: [CMS-concurrent-mark-start]
2016-10-17T16:22:42.341+0800: 19729.900: [CMS-concurrent-mark: 0.223/0.223 secs] [Times: user=0.31 sys=0.03, real=0.22 secs] 
2016-10-17T16:22:42.341+0800: 19729.900: [CMS-concurrent-preclean-start]
2016-10-17T16:22:42.348+0800: 19729.907: [CMS-concurrent-preclean: 0.006/0.007 secs] [Times: user=0.01 sys=0.00, real=0.01 secs] 
2016-10-17T16:22:42.348+0800: 19729.907: [CMS-concurrent-abortable-preclean-start]
2016-10-17T16:22:43.969+0800: 19731.528: [CMS-concurrent-abortable-preclean: 1.620/1.622 secs] [Times: user=2.30 sys=0.12, real=1.62 secs] 
2016-10-17T16:22:43.970+0800: 19731.529: [GC (CMS Final Remark) [YG occupancy: 382801 K (685696 K)]2016-10-17T16:22:43.970+0800: 19731.529: [Rescan (parallel) , 0.0134580 secs]2016-10-17T16:22:43.984+0800: 19731.542: [weak refs processing, 0.0002298 secs]2016-10-17T16:22:43.984+0800: 19731.543: [class unloading, 0.0140793 secs]2016-10-17T16:22:43.998+0800: 19731.557: [scrub symbol table, 0.0047729 secs]2016-10-17T16:22:44.003+0800: 19731.562: [scrub string table, 0.0007374 secs][1 CMS-remark: 1297996K(1798144K)] 1680798K(2483840K), 0.0336152 secs] [Times: user=0.07 sys=0.00, real=0.03 secs] 
2016-10-17T16:22:44.004+0800: 19731.563: [CMS-concurrent-sweep-start]
2016-10-17T16:22:44.112+0800: 19731.670: [CMS-concurrent-sweep: 0.108/0.108 secs] [Times: user=0.16 sys=0.00, real=0.11 secs] 
2016-10-17T16:22:44.112+0800: 19731.670: [CMS-concurrent-reset-start]
2016-10-17T16:22:44.116+0800: 19731.674: [CMS-concurrent-reset: 0.004/0.004 secs] [Times: user=0.00 sys=0.00, real=0.00 secs] 
2016-10-17T16:22:45.922+0800: 19733.481: [GC (Allocation Failure) 2016-10-17T16:22:45.922+0800: 19733.481: [ParNew: 685440K->76160K(685696K), 0.0333393 secs] 1704631K->1187752K(2483840K), 0.0334699 secs] [Times: user=0.12 sys=0.00, real=0.03 secs] 
2016-10-17T16:22:48.638+0800: 19736.197: [GC (Allocation Failure) 2016-10-17T16:22:48.638+0800: 19736.197: [ParNew: 685696K->76160K(685696K), 0.0340636 secs] 1797288K->1267376K(2483840K), 0.0342106 secs] [Times: user=0.12 sys=0.00, real=0.03 secs] 
2016-10-17T16:22:51.737+0800: 19739.296: [GC (Allocation Failure) 2016-10-17T16:22:51.737+0800: 19739.296: [ParNew: 685679K->76160K(685696K), 0.0282028 secs] 1876896K->1353297K(2483840K), 0.0283706 secs] [Times: user=0.10 sys=0.00, real=0.03 secs] 
2016-10-17T16:22:51.767+0800: 19739.326: [GC (CMS Initial Mark) [1 CMS-initial-mark: 1277137K(1798144K)] 1354136K(2483840K), 0.0016577 secs] [Times: user=0.01 sys=0.00, real=0.00 secs] 
2016-10-17T16:22:51.769+0800: 19739.328: [CMS-concurrent-mark-start]
2016-10-17T16:22:51.897+0800: 19739.456: [CMS-concurrent-mark: 0.128/0.128 secs] [Times: user=0.18 sys=0.02, real=0.13 secs] 
2016-10-17T16:22:51.897+0800: 19739.456: [CMS-concurrent-preclean-start]
2016-10-17T16:22:51.902+0800: 19739.460: [CMS-concurrent-preclean: 0.005/0.005 secs] [Times: user=0.01 sys=0.00, real=0.00 secs] 
2016-10-17T16:22:51.902+0800: 19739.460: [CMS-concurrent-abortable-preclean-start]
2016-10-17T16:22:53.829+0800: 19741.388: [CMS-concurrent-abortable-preclean: 1.825/1.927 secs] [Times: user=2.55 sys=0.13, real=1.93 secs] 
2016-10-17T16:22:53.830+0800: 19741.389: [GC (CMS Final Remark) [YG occupancy: 383341 K (685696 K)]2016-10-17T16:22:53.830+0800: 19741.389: [Rescan (parallel) , 0.0169925 secs]2016-10-17T16:22:53.847+0800: 19741.406: [weak refs processing, 0.0003354 secs]2016-10-17T16:22:53.847+0800: 19741.406: [class unloading, 0.0133850 secs]2016-10-17T16:22:53.861+0800: 19741.420: [scrub symbol table, 0.0075873 secs]2016-10-17T16:22:53.868+0800: 19741.427: [scrub string table, 0.0007658 secs][1 CMS-remark: 1277137K(1798144K)] 1660478K(2483840K), 0.0395576 secs] [Times: user=0.09 sys=0.00, real=0.04 secs] 
2016-10-17T16:22:53.870+0800: 19741.428: [CMS-concurrent-sweep-start]
2016-10-17T16:22:54.236+0800: 19741.795: [CMS-concurrent-sweep: 0.366/0.366 secs] [Times: user=0.44 sys=0.03, real=0.37 secs] 
2016-10-17T16:22:54.236+0800: 19741.795: [CMS-concurrent-reset-start]
2016-10-17T16:22:54.240+0800: 19741.799: [CMS-concurrent-reset: 0.004/0.004 secs] [Times: user=0.01 sys=0.00, real=0.00 secs] 
2016-10-17T16:22:58.918+0800: 19746.476: [GC (Allocation Failure) 2016-10-17T16:22:58.918+0800: 19746.476: [ParNew: 685651K->76160K(685696K), 0.1452449 secs] 1630534K->1115118K(2483840K), 0.1454027 secs] [Times: user=0.41 sys=0.04, real=0.14 secs] 
2016-10-17T16:23:04.095+0800: 19751.653: [GC (Allocation Failure) 2016-10-17T16:23:04.095+0800: 19751.653: [ParNew: 685679K->76160K(685696K), 0.0309926 secs] 1724637K->1204323K(2483840K), 0.0311614 secs] [Times: user=0.12 sys=0.00, real=0.04 secs] 
2016-10-17T16:23:07.386+0800: 19754.945: [GC (Allocation Failure) 2016-10-17T16:23:07.386+0800: 19754.945: [ParNew: 685684K->76160K(685696K), 0.0297733 secs] 1813848K->1299958K(2483840K), 0.0299135 secs] [Times: user=0.11 sys=0.00, real=0.03 secs] 
2016-10-17T16:23:11.659+0800: 19759.218: [GC (Allocation Failure) 2016-10-17T16:23:11.659+0800: 19759.218: [ParNew: 685696K->76160K(685696K), 0.0294416 secs] 1909494K->1388508K(2483840K), 0.0296592 secs] [Times: user=0.12 sys=0.00, real=0.03 secs] 
2016-10-17T16:23:11.690+0800: 19759.248: [GC (CMS Initial Mark) [1 CMS-initial-mark: 1312348K(1798144K)] 1388764K(2483840K), 0.0017141 secs] [Times: user=0.00 sys=0.00, real=0.00 secs] 
2016-10-17T16:23:11.691+0800: 19759.250: [CMS-concurrent-mark-start]
2016-10-17T16:23:11.838+0800: 19759.397: [CMS-concurrent-mark: 0.146/0.146 secs] [Times: user=0.21 sys=0.00, real=0.15 secs] 
2016-10-17T16:23:11.838+0800: 19759.397: [CMS-concurrent-preclean-start]
2016-10-17T16:23:11.843+0800: 19759.402: [CMS-concurrent-preclean: 0.005/0.005 secs] [Times: user=0.00 sys=0.00, real=0.00 secs] 
2016-10-17T16:23:11.843+0800: 19759.402: [CMS-concurrent-abortable-preclean-start]
2016-10-17T16:23:13.850+0800: 19761.409: [CMS-concurrent-abortable-preclean: 2.005/2.007 secs] [Times: user=2.83 sys=0.20, real=2.01 secs] 
2016-10-17T16:23:13.850+0800: 19761.409: [GC (CMS Final Remark) [YG occupancy: 383462 K (685696 K)]2016-10-17T16:23:13.850+0800: 19761.409: [Rescan (parallel) , 0.0187457 secs]2016-10-17T16:23:13.869+0800: 19761.428: [weak refs processing, 0.0005864 secs]2016-10-17T16:23:13.870+0800: 19761.429: [class unloading, 0.0128677 secs]2016-10-17T16:23:13.883+0800: 19761.441: [scrub symbol table, 0.0040285 secs]2016-10-17T16:23:13.887+0800: 19761.446: [scrub string table, 0.0006862 secs][1 CMS-remark: 1312348K(1798144K)] 1695811K(2483840K), 0.0374987 secs] [Times: user=0.10 sys=0.00, real=0.04 secs] 
2016-10-17T16:23:13.888+0800: 19761.447: [CMS-concurrent-sweep-start]
2016-10-17T16:23:14.052+0800: 19761.611: [CMS-concurrent-sweep: 0.164/0.164 secs] [Times: user=0.24 sys=0.03, real=0.16 secs] 
2016-10-17T16:23:14.052+0800: 19761.611: [CMS-concurrent-reset-start]
2016-10-17T16:23:14.055+0800: 19761.614: [CMS-concurrent-reset: 0.004/0.004 secs] [Times: user=0.01 sys=0.00, real=0.00 secs] 
2016-10-17T16:23:16.023+0800: 19763.582: [GC (Allocation Failure) 2016-10-17T16:23:16.024+0800: 19763.582: [ParNew: 685696K->76160K(685696K), 0.0384624 secs] 1677193K->1156323K(2483840K), 0.0386411 secs] [Times: user=0.15 sys=0.00, real=0.04 secs] 
2016-10-17T16:23:22.833+0800: 19770.391: [GC (Allocation Failure) 2016-10-17T16:23:22.833+0800: 19770.391: [ParNew: 685696K->76160K(685696K), 0.0811785 secs] 1765859K->1254818K(2483840K), 0.0813693 secs] [Times: user=0.14 sys=0.00, real=0.08 secs] 
2016-10-17T16:23:29.055+0800: 19776.613: [GC (Allocation Failure) 2016-10-17T16:23:29.055+0800: 19776.613: [ParNew: 685596K->76160K(685696K), 0.0394506 secs] 1864254K->1338119K(2483840K), 0.0395777 secs] [Times: user=0.12 sys=0.00, real=0.04 secs] 
2016-10-17T16:23:29.095+0800: 19776.654: [GC (CMS Initial Mark) [1 CMS-initial-mark: 1261959K(1798144K)] 1338376K(2483840K), 0.0017969 secs] [Times: user=0.00 sys=0.00, real=0.01 secs] 
2016-10-17T16:23:29.097+0800: 19776.655: [CMS-concurrent-mark-start]
2016-10-17T16:23:29.262+0800: 19776.821: [CMS-concurrent-mark: 0.166/0.166 secs] [Times: user=0.24 sys=0.01, real=0.16 secs] 
2016-10-17T16:23:29.262+0800: 19776.821: [CMS-concurrent-preclean-start]
2016-10-17T16:23:29.267+0800: 19776.826: [CMS-concurrent-preclean: 0.005/0.005 secs] [Times: user=0.01 sys=0.00, real=0.01 secs] 
2016-10-17T16:23:29.268+0800: 19776.826: [CMS-concurrent-abortable-preclean-start]
2016-10-17T16:23:30.895+0800: 19778.454: [CMS-concurrent-abortable-preclean: 1.625/1.628 secs] [Times: user=2.30 sys=0.14, real=1.62 secs] 
2016-10-17T16:23:30.896+0800: 19778.455: [GC (CMS Final Remark) [YG occupancy: 382033 K (685696 K)]2016-10-17T16:23:30.896+0800: 19778.455: [Rescan (parallel) , 0.0136292 secs]2016-10-17T16:23:30.910+0800: 19778.469: [weak refs processing, 0.0006918 secs]2016-10-17T16:23:30.910+0800: 19778.469: [class unloading, 0.0140628 secs]2016-10-17T16:23:30.925+0800: 19778.483: [scrub symbol table, 0.0048453 secs]2016-10-17T16:23:30.929+0800: 19778.488: [scrub string table, 0.0007027 secs][1 CMS-remark: 1261959K(1798144K)] 1643993K(2483840K), 0.0345649 secs] [Times: user=0.08 sys=0.00, real=0.03 secs] 
2016-10-17T16:23:30.931+0800: 19778.490: [CMS-concurrent-sweep-start]
2016-10-17T16:23:31.007+0800: 19778.565: [CMS-concurrent-sweep: 0.076/0.076 secs] [Times: user=0.11 sys=0.01, real=0.08 secs] 
2016-10-17T16:23:31.007+0800: 19778.565: [CMS-concurrent-reset-start]
2016-10-17T16:23:31.010+0800: 19778.569: [CMS-concurrent-reset: 0.004/0.004 secs] [Times: user=0.00 sys=0.00, real=0.00 secs] 
2016-10-17T16:23:32.656+0800: 19780.215: [GC (Allocation Failure) 2016-10-17T16:23:32.656+0800: 19780.215: [ParNew: 685515K->76160K(685696K), 0.0425434 secs] 1666090K->1155081K(2483840K), 0.0426962 secs] [Times: user=0.12 sys=0.00, real=0.04 secs] 
2016-10-17T16:23:36.010+0800: 19783.568: [GC (Allocation Failure) 2016-10-17T16:23:36.010+0800: 19783.568: [ParNew: 685696K->76160K(685696K), 0.0383965 secs] 1764617K->1233492K(2483840K), 0.0385428 secs] [Times: user=0.13 sys=0.00, real=0.04 secs] 
2016-10-17T16:23:39.329+0800: 19786.888: [GC (Allocation Failure) 2016-10-17T16:23:39.329+0800: 19786.888: [ParNew: 685696K->76160K(685696K), 0.0304877 secs] 1843028K->1323310K(2483840K), 0.0306269 secs] [Times: user=0.11 sys=0.00, real=0.03 secs] 
2016-10-17T16:23:42.580+0800: 19790.139: [GC (Allocation Failure) 2016-10-17T16:23:42.580+0800: 19790.139: [ParNew: 685616K->76160K(685696K), 0.0411502 secs] 1932766K->1432746K(2483840K), 0.0412846 secs] [Times: user=0.16 sys=0.00, real=0.04 secs] 
2016-10-17T16:23:42.622+0800: 19790.181: [GC (CMS Initial Mark) [1 CMS-initial-mark: 1356586K(1798144K)] 1433002K(2483840K), 0.0093319 secs] [Times: user=0.02 sys=0.00, real=0.01 secs] 
2016-10-17T16:23:42.631+0800: 19790.190: [CMS-concurrent-mark-start]
2016-10-17T16:23:42.802+0800: 19790.361: [CMS-concurrent-mark: 0.171/0.171 secs] [Times: user=0.23 sys=0.03, real=0.17 secs] 
2016-10-17T16:23:42.802+0800: 19790.361: [CMS-concurrent-preclean-start]
2016-10-17T16:23:42.809+0800: 19790.367: [CMS-concurrent-preclean: 0.006/0.006 secs] [Times: user=0.01 sys=0.00, real=0.01 secs] 
2016-10-17T16:23:42.809+0800: 19790.367: [CMS-concurrent-abortable-preclean-start]
2016-10-17T16:23:44.543+0800: 19792.102: [CMS-concurrent-abortable-preclean: 1.734/1.734 secs] [Times: user=2.44 sys=0.20, real=1.73 secs] 
2016-10-17T16:23:44.544+0800: 19792.103: [GC (CMS Final Remark) [YG occupancy: 428567 K (685696 K)]2016-10-17T16:23:44.544+0800: 19792.103: [Rescan (parallel) , 0.0183392 secs]2016-10-17T16:23:44.562+0800: 19792.121: [weak refs processing, 0.0011003 secs]2016-10-17T16:23:44.563+0800: 19792.122: [class unloading, 0.0131553 secs]2016-10-17T16:23:44.577+0800: 19792.135: [scrub symbol table, 0.0048728 secs]2016-10-17T16:23:44.581+0800: 19792.140: [scrub string table, 0.0007385 secs][1 CMS-remark: 1356586K(1798144K)] 1785154K(2483840K), 0.0392850 secs] [Times: user=0.10 sys=0.00, real=0.04 secs] 
2016-10-17T16:23:44.583+0800: 19792.142: [CMS-concurrent-sweep-start]
2016-10-17T16:23:44.739+0800: 19792.298: [CMS-concurrent-sweep: 0.156/0.156 secs] [Times: user=0.23 sys=0.01, real=0.16 secs] 
2016-10-17T16:23:44.739+0800: 19792.298: [CMS-concurrent-reset-start]
2016-10-17T16:23:44.743+0800: 19792.301: [CMS-concurrent-reset: 0.004/0.004 secs] [Times: user=0.00 sys=0.00, real=0.00 secs] 
2016-10-17T16:23:46.000+0800: 19793.559: [GC (Allocation Failure) 2016-10-17T16:23:46.000+0800: 19793.559: [ParNew: 685696K->76160K(685696K), 0.0695636 secs] 1694836K->1190127K(2483840K), 0.0697035 secs] [Times: user=0.21 sys=0.00, real=0.07 secs] 
2016-10-17T16:23:49.471+0800: 19797.030: [GC (Allocation Failure) 2016-10-17T16:23:49.471+0800: 19797.030: [ParNew: 685696K->76160K(685696K), 0.0282432 secs] 1799663K->1264604K(2483840K), 0.0284111 secs] [Times: user=0.11 sys=0.00, real=0.03 secs] 
2016-10-17T16:23:52.692+0800: 19800.251: [GC (Allocation Failure) 2016-10-17T16:23:52.692+0800: 19800.251: [ParNew: 685696K->76160K(685696K), 0.0334060 secs] 1874140K->1355423K(2483840K), 0.0335479 secs] [Times: user=0.12 sys=0.00, real=0.04 secs] 
2016-10-17T16:23:52.726+0800: 19800.285: [GC (CMS Initial Mark) [1 CMS-initial-mark: 1279263K(1798144K)] 1355679K(2483840K), 0.0028408 secs] [Times: user=0.01 sys=0.00, real=0.00 secs] 
2016-10-17T16:23:52.729+0800: 19800.288: [CMS-concurrent-mark-start]
2016-10-17T16:23:52.932+0800: 19800.490: [CMS-concurrent-mark: 0.202/0.202 secs] [Times: user=0.29 sys=0.01, real=0.20 secs] 
2016-10-17T16:23:52.932+0800: 19800.490: [CMS-concurrent-preclean-start]
2016-10-17T16:23:52.937+0800: 19800.495: [CMS-concurrent-preclean: 0.005/0.005 secs] [Times: user=0.01 sys=0.00, real=0.01 secs] 
2016-10-17T16:23:52.937+0800: 19800.496: [CMS-concurrent-abortable-preclean-start]
2016-10-17T16:23:54.482+0800: 19802.041: [CMS-concurrent-abortable-preclean: 1.444/1.545 secs] [Times: user=2.10 sys=0.12, real=1.54 secs] 
2016-10-17T16:23:54.483+0800: 19802.042: [GC (CMS Final Remark) [YG occupancy: 397129 K (685696 K)]2016-10-17T16:23:54.483+0800: 19802.042: [Rescan (parallel) , 0.0154987 secs]2016-10-17T16:23:54.498+0800: 19802.057: [weak refs processing, 0.0003631 secs]2016-10-17T16:23:54.499+0800: 19802.057: [class unloading, 0.0182440 secs]2016-10-17T16:23:54.517+0800: 19802.076: [scrub symbol table, 0.0048958 secs]2016-10-17T16:23:54.522+0800: 19802.081: [scrub string table, 0.0007381 secs][1 CMS-remark: 1279263K(1798144K)] 1676393K(2483840K), 0.0485889 secs] [Times: user=0.10 sys=0.00, real=0.05 secs] 
2016-10-17T16:23:54.532+0800: 19802.090: [CMS-concurrent-sweep-start]
2016-10-17T16:23:54.611+0800: 19802.170: [CMS-concurrent-sweep: 0.079/0.079 secs] [Times: user=0.11 sys=0.01, real=0.08 secs] 
2016-10-17T16:23:54.611+0800: 19802.170: [CMS-concurrent-reset-start]
2016-10-17T16:23:54.615+0800: 19802.173: [CMS-concurrent-reset: 0.004/0.004 secs] [Times: user=0.00 sys=0.00, real=0.00 secs] 
2016-10-17T16:23:56.180+0800: 19803.739: [GC (Allocation Failure) 2016-10-17T16:23:56.180+0800: 19803.739: [ParNew: 685502K->76160K(685696K), 0.0380817 secs] 1683359K->1167279K(2483840K), 0.0382704 secs] [Times: user=0.13 sys=0.00, real=0.04 secs] 
2016-10-17T16:23:59.795+0800: 19807.354: [GC (Allocation Failure) 2016-10-17T16:23:59.795+0800: 19807.354: [ParNew: 685603K->76160K(685696K), 0.0365130 secs] 1776723K->1255086K(2483840K), 0.0366549 secs] [Times: user=0.11 sys=0.00, real=0.04 secs] 
2016-10-17T16:24:03.094+0800: 19810.653: [GC (Allocation Failure) 2016-10-17T16:24:03.094+0800: 19810.653: [ParNew: 685696K->76160K(685696K), 0.0353067 secs] 1864622K->1351957K(2483840K), 0.0355028 secs] [Times: user=0.13 sys=0.00, real=0.04 secs] 
2016-10-17T16:24:03.131+0800: 19810.689: [GC (CMS Initial Mark) [1 CMS-initial-mark: 1275797K(1798144K)] 1352268K(2483840K), 0.0028486 secs] [Times: user=0.01 sys=0.00, real=0.00 secs] 
2016-10-17T16:24:03.134+0800: 19810.692: [CMS-concurrent-mark-start]
2016-10-17T16:24:03.361+0800: 19810.920: [CMS-concurrent-mark: 0.227/0.227 secs] [Times: user=0.32 sys=0.03, real=0.23 secs] 
2016-10-17T16:24:03.361+0800: 19810.920: [CMS-concurrent-preclean-start]
2016-10-17T16:24:03.367+0800: 19810.926: [CMS-concurrent-preclean: 0.006/0.006 secs] [Times: user=0.00 sys=0.00, real=0.01 secs] 
2016-10-17T16:24:03.367+0800: 19810.926: [CMS-concurrent-abortable-preclean-start]
2016-10-17T16:24:04.786+0800: 19812.344: [CMS-concurrent-abortable-preclean: 1.417/1.419 secs] [Times: user=1.97 sys=0.20, real=1.41 secs] 
2016-10-17T16:24:04.786+0800: 19812.345: [GC (CMS Final Remark) [YG occupancy: 388801 K (685696 K)]2016-10-17T16:24:04.786+0800: 19812.345: [Rescan (parallel) , 0.0132241 secs]2016-10-17T16:24:04.800+0800: 19812.358: [weak refs processing, 0.0003422 secs]2016-10-17T16:24:04.800+0800: 19812.359: [class unloading, 0.0133405 secs]2016-10-17T16:24:04.813+0800: 19812.372: [scrub symbol table, 0.0042051 secs]2016-10-17T16:24:04.817+0800: 19812.376: [scrub string table, 0.0006890 secs][1 CMS-remark: 1275797K(1798144K)] 1664598K(2483840K), 0.0321892 secs] [Times: user=0.07 sys=0.00, real=0.03 secs] 
2016-10-17T16:24:04.819+0800: 19812.377: [CMS-concurrent-sweep-start]
2016-10-17T16:24:04.905+0800: 19812.464: [CMS-concurrent-sweep: 0.086/0.086 secs] [Times: user=0.11 sys=0.02, real=0.08 secs] 
2016-10-17T16:24:04.905+0800: 19812.464: [CMS-concurrent-reset-start]
2016-10-17T16:24:04.909+0800: 19812.468: [CMS-concurrent-reset: 0.004/0.004 secs] [Times: user=0.01 sys=0.00, real=0.01 secs] 
2016-10-17T16:24:06.391+0800: 19813.950: [GC (Allocation Failure) 2016-10-17T16:24:06.391+0800: 19813.950: [ParNew: 685599K->76160K(685696K), 0.0357574 secs] 1719869K->1195212K(2483840K), 0.0358864 secs] [Times: user=0.13 sys=0.00, real=0.04 secs] 
2016-10-17T16:24:10.302+0800: 19817.861: [GC (Allocation Failure) 2016-10-17T16:24:10.302+0800: 19817.861: [ParNew: 685695K->76160K(685696K), 0.0353597 secs] 1804748K->1289140K(2483840K), 0.0355351 secs] [Times: user=0.12 sys=0.00, real=0.04 secs] 
2016-10-17T16:24:14.110+0800: 19821.669: [GC (Allocation Failure) 2016-10-17T16:24:14.110+0800: 19821.669: [ParNew: 685514K->76160K(685696K), 0.0289654 secs] 1898495K->1376004K(2483840K), 0.0291041 secs] [Times: user=0.11 sys=0.00, real=0.03 secs] 
2016-10-17T16:24:14.140+0800: 19821.699: [GC (CMS Initial Mark) [1 CMS-initial-mark: 1299844K(1798144K)] 1376260K(2483840K), 0.0023451 secs] [Times: user=0.00 sys=0.00, real=0.00 secs] 
2016-10-17T16:24:14.142+0800: 19821.701: [CMS-concurrent-mark-start]
2016-10-17T16:24:14.377+0800: 19821.936: [CMS-concurrent-mark: 0.235/0.235 secs] [Times: user=0.34 sys=0.02, real=0.24 secs] 
2016-10-17T16:24:14.377+0800: 19821.936: [CMS-concurrent-preclean-start]
2016-10-17T16:24:14.383+0800: 19821.942: [CMS-concurrent-preclean: 0.006/0.006 secs] [Times: user=0.01 sys=0.00, real=0.00 secs] 
2016-10-17T16:24:14.383+0800: 19821.942: [CMS-concurrent-abortable-preclean-start]
2016-10-17T16:24:16.228+0800: 19823.787: [CMS-concurrent-abortable-preclean: 1.744/1.845 secs] [Times: user=2.38 sys=0.14, real=1.85 secs] 
2016-10-17T16:24:16.229+0800: 19823.787: [GC (CMS Final Remark) [YG occupancy: 383861 K (685696 K)]2016-10-17T16:24:16.229+0800: 19823.787: [Rescan (parallel) , 0.0136576 secs]2016-10-17T16:24:16.242+0800: 19823.801: [weak refs processing, 0.0003189 secs]2016-10-17T16:24:16.243+0800: 19823.802: [class unloading, 0.0129209 secs]2016-10-17T16:24:16.256+0800: 19823.814: [scrub symbol table, 0.0048794 secs]2016-10-17T16:24:16.261+0800: 19823.819: [scrub string table, 0.0007409 secs][1 CMS-remark: 1299844K(1798144K)] 1683705K(2483840K), 0.0329241 secs] [Times: user=0.07 sys=0.00, real=0.03 secs] 
2016-10-17T16:24:16.262+0800: 19823.821: [CMS-concurrent-sweep-start]
2016-10-17T16:24:16.349+0800: 19823.908: [CMS-concurrent-sweep: 0.088/0.088 secs] [Times: user=0.13 sys=0.00, real=0.09 secs] 
2016-10-17T16:24:16.349+0800: 19823.908: [CMS-concurrent-reset-start]
2016-10-17T16:24:16.353+0800: 19823.912: [CMS-concurrent-reset: 0.004/0.004 secs] [Times: user=0.01 sys=0.00, real=0.00 secs] 
2016-10-17T16:24:17.769+0800: 19825.327: [GC (Allocation Failure) 2016-10-17T16:24:17.769+0800: 19825.327: [ParNew: 685661K->76160K(685696K), 0.0354082 secs] 1704824K->1193977K(2483840K), 0.0355341 secs] [Times: user=0.11 sys=0.00, real=0.03 secs] 
2016-10-17T16:24:24.300+0800: 19831.859: [GC (Allocation Failure) 2016-10-17T16:24:24.300+0800: 19831.859: [ParNew: 685696K->76160K(685696K), 0.0449110 secs] 1803513K->1277991K(2483840K), 0.0450536 secs] [Times: user=0.12 sys=0.00, real=0.04 secs] 
2016-10-17T16:24:29.917+0800: 19837.476: [GC (Allocation Failure) 2016-10-17T16:24:29.917+0800: 19837.476: [ParNew: 685545K->76160K(685696K), 0.0302035 secs] 1887376K->1373068K(2483840K), 0.0303491 secs] [Times: user=0.11 sys=0.00, real=0.03 secs] 
2016-10-17T16:24:29.948+0800: 19837.507: [GC (CMS Initial Mark) [1 CMS-initial-mark: 1296908K(1798144K)] 1373324K(2483840K), 0.0017610 secs] [Times: user=0.01 sys=0.00, real=0.00 secs] 
2016-10-17T16:24:29.950+0800: 19837.509: [CMS-concurrent-mark-start]
2016-10-17T16:24:30.212+0800: 19837.770: [CMS-concurrent-mark: 0.262/0.262 secs] [Times: user=0.38 sys=0.02, real=0.26 secs] 
2016-10-17T16:24:30.212+0800: 19837.771: [CMS-concurrent-preclean-start]
2016-10-17T16:24:30.217+0800: 19837.776: [CMS-concurrent-preclean: 0.005/0.005 secs] [Times: user=0.00 sys=0.00, real=0.01 secs] 
2016-10-17T16:24:30.217+0800: 19837.776: [CMS-concurrent-abortable-preclean-start]
2016-10-17T16:24:31.542+0800: 19839.101: [CMS-concurrent-abortable-preclean: 1.322/1.325 secs] [Times: user=1.90 sys=0.14, real=1.32 secs] 
2016-10-17T16:24:31.543+0800: 19839.101: [GC (CMS Final Remark) [YG occupancy: 383869 K (685696 K)]2016-10-17T16:24:31.543+0800: 19839.101: [Rescan (parallel) , 0.0124284 secs]2016-10-17T16:24:31.555+0800: 19839.114: [weak refs processing, 0.0003303 secs]2016-10-17T16:24:31.555+0800: 19839.114: [class unloading, 0.0167580 secs]2016-10-17T16:24:31.572+0800: 19839.131: [scrub symbol table, 0.0045509 secs]2016-10-17T16:24:31.577+0800: 19839.136: [scrub string table, 0.0010032 secs][1 CMS-remark: 1296908K(1798144K)] 1680778K(2483840K), 0.0355612 secs] [Times: user=0.08 sys=0.00, real=0.04 secs] 
2016-10-17T16:24:31.578+0800: 19839.137: [CMS-concurrent-sweep-start]
2016-10-17T16:24:31.670+0800: 19839.229: [CMS-concurrent-sweep: 0.092/0.092 secs] [Times: user=0.13 sys=0.01, real=0.09 secs] 
2016-10-17T16:24:31.670+0800: 19839.229: [CMS-concurrent-reset-start]
2016-10-17T16:24:31.674+0800: 19839.233: [CMS-concurrent-reset: 0.004/0.004 secs] [Times: user=0.00 sys=0.00, real=0.00 secs] 
2016-10-17T16:24:33.063+0800: 19840.622: [GC (Allocation Failure) 2016-10-17T16:24:33.063+0800: 19840.622: [ParNew: 685694K->76160K(685696K), 0.0337568 secs] 1741489K->1218817K(2483840K), 0.0339152 secs] [Times: user=0.12 sys=0.00, real=0.04 secs] 
2016-10-17T16:24:36.459+0800: 19844.018: [GC (Allocation Failure) 2016-10-17T16:24:36.459+0800: 19844.018: [ParNew: 685590K->76160K(685696K), 0.0386349 secs] 1828248K->1312529K(2483840K), 0.0387855 secs] [Times: user=0.13 sys=0.00, real=0.04 secs] 
2016-10-17T16:24:39.846+0800: 19847.405: [GC (Allocation Failure) 2016-10-17T16:24:39.846+0800: 19847.405: [ParNew: 685696K->76160K(685696K), 0.0345110 secs] 1922065K->1403133K(2483840K), 0.0346493 secs] [Times: user=0.11 sys=0.00, real=0.04 secs] 
2016-10-17T16:24:39.881+0800: 19847.440: [GC (CMS Initial Mark) [1 CMS-initial-mark: 1326973K(1798144K)] 1403389K(2483840K), 0.0021891 secs] [Times: user=0.01 sys=0.00, real=0.00 secs] 
2016-10-17T16:24:39.883+0800: 19847.442: [CMS-concurrent-mark-start]
2016-10-17T16:24:40.146+0800: 19847.705: [CMS-concurrent-mark: 0.263/0.263 secs] [Times: user=0.39 sys=0.02, real=0.27 secs] 
2016-10-17T16:24:40.146+0800: 19847.705: [CMS-concurrent-preclean-start]
2016-10-17T16:24:40.152+0800: 19847.710: [CMS-concurrent-preclean: 0.005/0.005 secs] [Times: user=0.01 sys=0.00, real=0.00 secs] 
2016-10-17T16:24:40.152+0800: 19847.711: [CMS-concurrent-abortable-preclean-start]
2016-10-17T16:24:43.258+0800: 19850.817: [GC (Allocation Failure) 2016-10-17T16:24:43.258+0800: 19850.817: [ParNew: 685515K->76160K(685696K), 0.0424165 secs] 2012489K->1489362K(2483840K), 0.0425714 secs] [Times: user=0.12 sys=0.00, real=0.04 secs] 
2016-10-17T16:24:45.012+0800: 19852.571: [CMS-concurrent-abortable-preclean: 4.711/4.860 secs] [Times: user=6.93 sys=0.44, real=4.86 secs] 
2016-10-17T16:24:45.013+0800: 19852.572: [GC (CMS Final Remark) [YG occupancy: 383197 K (685696 K)]2016-10-17T16:24:45.013+0800: 19852.572: [Rescan (parallel) , 0.0184154 secs]2016-10-17T16:24:45.032+0800: 19852.590: [weak refs processing, 0.0003135 secs]2016-10-17T16:24:45.032+0800: 19852.591: [class unloading, 0.0173406 secs]2016-10-17T16:24:45.049+0800: 19852.608: [scrub symbol table, 0.0055714 secs]2016-10-17T16:24:45.055+0800: 19852.614: [scrub string table, 0.0010066 secs][1 CMS-remark: 1413202K(1798144K)] 1796399K(2483840K), 0.0430276 secs] [Times: user=0.10 sys=0.00, real=0.05 secs] 
2016-10-17T16:24:45.059+0800: 19852.618: [CMS-concurrent-sweep-start]
2016-10-17T16:24:45.149+0800: 19852.707: [CMS-concurrent-sweep: 0.090/0.090 secs] [Times: user=0.12 sys=0.01, real=0.09 secs] 
2016-10-17T16:24:45.149+0800: 19852.708: [CMS-concurrent-reset-start]
2016-10-17T16:24:45.152+0800: 19852.711: [CMS-concurrent-reset: 0.003/0.003 secs] [Times: user=0.01 sys=0.00, real=0.00 secs] 
2016-10-17T16:24:46.615+0800: 19854.174: [GC (Allocation Failure) 2016-10-17T16:24:46.615+0800: 19854.174: [ParNew: 685561K->76160K(685696K), 0.0359614 secs] 1856716K->1339774K(2483840K), 0.0360996 secs] [Times: user=0.12 sys=0.00, real=0.04 secs] 
2016-10-17T16:24:46.652+0800: 19854.211: [GC (CMS Initial Mark) [1 CMS-initial-mark: 1263614K(1798144K)] 1340370K(2483840K), 0.0025559 secs] [Times: user=0.01 sys=0.00, real=0.00 secs] 
2016-10-17T16:24:46.655+0800: 19854.214: [CMS-concurrent-mark-start]
2016-10-17T16:24:46.954+0800: 19854.513: [CMS-concurrent-mark: 0.300/0.300 secs] [Times: user=0.44 sys=0.03, real=0.30 secs] 
2016-10-17T16:24:46.954+0800: 19854.513: [CMS-concurrent-preclean-start]
2016-10-17T16:24:46.960+0800: 19854.519: [CMS-concurrent-preclean: 0.006/0.006 secs] [Times: user=0.01 sys=0.00, real=0.01 secs] 
2016-10-17T16:24:46.960+0800: 19854.519: [CMS-concurrent-abortable-preclean-start]
2016-10-17T16:24:49.903+0800: 19857.462: [GC (Allocation Failure) 2016-10-17T16:24:49.903+0800: 19857.462: [ParNew: 685590K->76160K(685696K), 0.0319530 secs] 1949205K->1424684K(2483840K), 0.0320989 secs] [Times: user=0.11 sys=0.00, real=0.03 secs] 
2016-10-17T16:24:51.681+0800: 19859.240: [CMS-concurrent-abortable-preclean: 4.661/4.721 secs] [Times: user=6.65 sys=0.58, real=4.72 secs] 
2016-10-17T16:24:51.682+0800: 19859.240: [GC (CMS Final Remark) [YG occupancy: 385634 K (685696 K)]2016-10-17T16:24:51.682+0800: 19859.240: [Rescan (parallel) , 0.0143263 secs]2016-10-17T16:24:51.696+0800: 19859.255: [weak refs processing, 0.0003370 secs]2016-10-17T16:24:51.696+0800: 19859.255: [class unloading, 0.0179162 secs]2016-10-17T16:24:51.714+0800: 19859.273: [scrub symbol table, 0.0055577 secs]2016-10-17T16:24:51.720+0800: 19859.279: [scrub string table, 0.0009838 secs][1 CMS-remark: 1348524K(1798144K)] 1734159K(2483840K), 0.0395503 secs] [Times: user=0.08 sys=0.00, real=0.04 secs] 
2016-10-17T16:24:51.721+0800: 19859.280: [CMS-concurrent-sweep-start]
2016-10-17T16:24:51.814+0800: 19859.373: [CMS-concurrent-sweep: 0.093/0.093 secs] [Times: user=0.14 sys=0.00, real=0.09 secs] 
2016-10-17T16:24:51.814+0800: 19859.373: [CMS-concurrent-reset-start]
2016-10-17T16:24:51.818+0800: 19859.376: [CMS-concurrent-reset: 0.004/0.004 secs] [Times: user=0.01 sys=0.00, real=0.01 secs] 
2016-10-17T16:24:53.572+0800: 19861.131: [GC (Allocation Failure) 2016-10-17T16:24:53.573+0800: 19861.131: [ParNew: 685464K->76160K(685696K), 0.0288843 secs] 1833988K->1317396K(2483840K), 0.0290577 secs] [Times: user=0.11 sys=0.00, real=0.03 secs] 
2016-10-17T16:24:56.660+0800: 19864.219: [GC (Allocation Failure) 2016-10-17T16:24:56.661+0800: 19864.219: [ParNew: 685696K->76160K(685696K), 0.0375997 secs] 1926932K->1405097K(2483840K), 0.0377671 secs] [Times: user=0.13 sys=0.00, real=0.04 secs] 
2016-10-17T16:24:56.699+0800: 19864.258: [GC (CMS Initial Mark) [1 CMS-initial-mark: 1328937K(1798144K)] 1405353K(2483840K), 0.0023077 secs] [Times: user=0.01 sys=0.00, real=0.00 secs] 
2016-10-17T16:24:56.701+0800: 19864.260: [CMS-concurrent-mark-start]
2016-10-17T16:24:56.993+0800: 19864.552: [CMS-concurrent-mark: 0.292/0.292 secs] [Times: user=0.42 sys=0.02, real=0.29 secs] 
2016-10-17T16:24:56.993+0800: 19864.552: [CMS-concurrent-preclean-start]
2016-10-17T16:24:57.000+0800: 19864.559: [CMS-concurrent-preclean: 0.007/0.007 secs] [Times: user=0.01 sys=0.00, real=0.01 secs] 
2016-10-17T16:24:57.000+0800: 19864.559: [CMS-concurrent-abortable-preclean-start]
2016-10-17T16:25:00.311+0800: 19867.869: [GC (Allocation Failure) 2016-10-17T16:25:00.311+0800: 19867.870: [ParNew: 685642K->76160K(685696K), 0.0349594 secs] 2014580K->1499798K(2483840K), 0.0351037 secs] [Times: user=0.12 sys=0.00, real=0.04 secs] 
 CMS: abort preclean due to time 2016-10-17T16:25:02.004+0800: 19869.563: [CMS-concurrent-abortable-preclean: 4.761/5.004 secs] [Times: user=6.95 sys=0.40, real=5.00 secs] 
2016-10-17T16:25:02.005+0800: 19869.564: [GC (CMS Final Remark) [YG occupancy: 354849 K (685696 K)]2016-10-17T16:25:02.005+0800: 19869.564: [Rescan (parallel) , 0.0126665 secs]2016-10-17T16:25:02.018+0800: 19869.576: [weak refs processing, 0.0002903 secs]2016-10-17T16:25:02.018+0800: 19869.577: [class unloading, 0.0134590 secs]2016-10-17T16:25:02.031+0800: 19869.590: [scrub symbol table, 0.0046412 secs]2016-10-17T16:25:02.036+0800: 19869.595: [scrub string table, 0.0007174 secs][1 CMS-remark: 1423638K(1798144K)] 1778488K(2483840K), 0.0321208 secs] [Times: user=0.07 sys=0.00, real=0.04 secs] 
2016-10-17T16:25:02.037+0800: 19869.596: [CMS-concurrent-sweep-start]
2016-10-17T16:25:02.141+0800: 19869.699: [CMS-concurrent-sweep: 0.103/0.103 secs] [Times: user=0.14 sys=0.01, real=0.10 secs] 
2016-10-17T16:25:02.141+0800: 19869.699: [CMS-concurrent-reset-start]
2016-10-17T16:25:02.144+0800: 19869.703: [CMS-concurrent-reset: 0.004/0.004 secs] [Times: user=0.00 sys=0.00, real=0.00 secs] 
2016-10-17T16:25:03.851+0800: 19871.410: [GC (Allocation Failure) 2016-10-17T16:25:03.851+0800: 19871.410: [ParNew: 685696K->76160K(685696K), 0.0335696 secs] 1867806K->1344736K(2483840K), 0.0337305 secs] [Times: user=0.13 sys=0.00, real=0.03 secs] 
2016-10-17T16:25:03.886+0800: 19871.445: [GC (CMS Initial Mark) [1 CMS-initial-mark: 1268576K(1798144K)] 1345064K(2483840K), 0.0036508 secs] [Times: user=0.01 sys=0.00, real=0.01 secs] 
2016-10-17T16:25:03.890+0800: 19871.448: [CMS-concurrent-mark-start]
2016-10-17T16:25:04.194+0800: 19871.752: [CMS-concurrent-mark: 0.304/0.304 secs] [Times: user=0.40 sys=0.00, real=0.30 secs] 
2016-10-17T16:25:04.194+0800: 19871.753: [CMS-concurrent-preclean-start]
2016-10-17T16:25:04.199+0800: 19871.758: [CMS-concurrent-preclean: 0.005/0.005 secs] [Times: user=0.01 sys=0.00, real=0.01 secs] 
2016-10-17T16:25:04.199+0800: 19871.758: [CMS-concurrent-abortable-preclean-start]
2016-10-17T16:25:05.664+0800: 19873.223: [CMS-concurrent-abortable-preclean: 1.464/1.465 secs] [Times: user=2.13 sys=0.11, real=1.46 secs] 
2016-10-17T16:25:05.665+0800: 19873.223: [GC (CMS Final Remark) [YG occupancy: 391756 K (685696 K)]2016-10-17T16:25:05.665+0800: 19873.223: [Rescan (parallel) , 0.0132472 secs]2016-10-17T16:25:05.678+0800: 19873.237: [weak refs processing, 0.0002646 secs]2016-10-17T16:25:05.678+0800: 19873.237: [class unloading, 0.0140489 secs]2016-10-17T16:25:05.692+0800: 19873.251: [scrub symbol table, 0.0042378 secs]2016-10-17T16:25:05.697+0800: 19873.255: [scrub string table, 0.0006890 secs][1 CMS-remark: 1268576K(1798144K)] 1660332K(2483840K), 0.0327678 secs] [Times: user=0.07 sys=0.00, real=0.04 secs] 
2016-10-17T16:25:05.698+0800: 19873.256: [CMS-concurrent-sweep-start]
2016-10-17T16:25:05.795+0800: 19873.354: [CMS-concurrent-sweep: 0.098/0.098 secs] [Times: user=0.14 sys=0.01, real=0.09 secs] 
2016-10-17T16:25:05.796+0800: 19873.354: [CMS-concurrent-reset-start]
2016-10-17T16:25:05.799+0800: 19873.358: [CMS-concurrent-reset: 0.004/0.004 secs] [Times: user=0.01 sys=0.00, real=0.01 secs] 
2016-10-17T16:25:07.287+0800: 19874.845: [GC (Allocation Failure) 2016-10-17T16:25:07.287+0800: 19874.846: [ParNew: 685570K->76160K(685696K), 0.0361890 secs] 1792356K->1272602K(2483840K), 0.0363233 secs] [Times: user=0.12 sys=0.00, real=0.03 secs] 
2016-10-17T16:25:11.669+0800: 19879.228: [GC (Allocation Failure) 2016-10-17T16:25:11.669+0800: 19879.228: [ParNew: 685696K->76160K(685696K), 0.0316701 secs] 1882138K->1362759K(2483840K), 0.0318144 secs] [Times: user=0.12 sys=0.00, real=0.03 secs] 
2016-10-17T16:25:11.702+0800: 19879.261: [GC (CMS Initial Mark) [1 CMS-initial-mark: 1286599K(1798144K)] 1363291K(2483840K), 0.0019954 secs] [Times: user=0.01 sys=0.00, real=0.00 secs] 
2016-10-17T16:25:11.704+0800: 19879.263: [CMS-concurrent-mark-start]
2016-10-17T16:25:12.053+0800: 19879.612: [CMS-concurrent-mark: 0.349/0.349 secs] [Times: user=0.50 sys=0.03, real=0.35 secs] 
2016-10-17T16:25:12.053+0800: 19879.612: [CMS-concurrent-preclean-start]
2016-10-17T16:25:12.058+0800: 19879.617: [CMS-concurrent-preclean: 0.005/0.005 secs] [Times: user=0.01 sys=0.00, real=0.01 secs] 
2016-10-17T16:25:12.058+0800: 19879.617: [CMS-concurrent-abortable-preclean-start]
2016-10-17T16:25:13.612+0800: 19881.171: [CMS-concurrent-abortable-preclean: 1.553/1.554 secs] [Times: user=2.27 sys=0.13, real=1.55 secs] 
2016-10-17T16:25:13.613+0800: 19881.172: [GC (CMS Final Remark) [YG occupancy: 384041 K (685696 K)]2016-10-17T16:25:13.613+0800: 19881.172: [Rescan (parallel) , 0.1430508 secs]2016-10-17T16:25:13.756+0800: 19881.315: [weak refs processing, 0.0001678 secs]2016-10-17T16:25:13.756+0800: 19881.315: [class unloading, 0.0135073 secs]2016-10-17T16:25:13.770+0800: 19881.329: [scrub symbol table, 0.0046955 secs]2016-10-17T16:25:13.774+0800: 19881.333: [scrub string table, 0.0006974 secs][1 CMS-remark: 1286599K(1798144K)] 1670641K(2483840K), 0.1623864 secs] [Times: user=0.52 sys=0.07, real=0.16 secs] 
2016-10-17T16:25:13.776+0800: 19881.334: [CMS-concurrent-sweep-start]
2016-10-17T16:25:13.880+0800: 19881.439: [CMS-concurrent-sweep: 0.104/0.104 secs] [Times: user=0.15 sys=0.01, real=0.11 secs] 
2016-10-17T16:25:13.880+0800: 19881.439: [CMS-concurrent-reset-start]
2016-10-17T16:25:13.883+0800: 19881.442: [CMS-concurrent-reset: 0.004/0.004 secs] [Times: user=0.01 sys=0.00, real=0.00 secs] 
2016-10-17T16:25:15.653+0800: 19883.212: [GC (Allocation Failure) 2016-10-17T16:25:15.653+0800: 19883.212: [ParNew: 685533K->76160K(685696K), 0.0359823 secs] 1772792K->1252901K(2483840K), 0.0361148 secs] [Times: user=0.13 sys=0.00, real=0.04 secs] 
2016-10-17T16:25:19.064+0800: 19886.623: [GC (Allocation Failure) 2016-10-17T16:25:19.064+0800: 19886.623: [ParNew: 685696K->76160K(685696K), 0.0517888 secs] 1862437K->1355630K(2483840K), 0.0519274 secs] [Times: user=0.12 sys=0.00, real=0.06 secs] 
2016-10-17T16:25:19.116+0800: 19886.675: [GC (CMS Initial Mark) [1 CMS-initial-mark: 1279470K(1798144K)] 1356195K(2483840K), 0.0022780 secs] [Times: user=0.01 sys=0.00, real=0.00 secs] 
2016-10-17T16:25:19.119+0800: 19886.678: [CMS-concurrent-mark-start]
2016-10-17T16:25:19.460+0800: 19887.019: [CMS-concurrent-mark: 0.341/0.341 secs] [Times: user=0.48 sys=0.02, real=0.34 secs] 
2016-10-17T16:25:19.460+0800: 19887.019: [CMS-concurrent-preclean-start]
2016-10-17T16:25:19.465+0800: 19887.024: [CMS-concurrent-preclean: 0.005/0.005 secs] [Times: user=0.01 sys=0.00, real=0.00 secs] 
2016-10-17T16:25:19.465+0800: 19887.024: [CMS-concurrent-abortable-preclean-start]
2016-10-17T16:25:24.205+0800: 19891.764: [GC (Allocation Failure) 2016-10-17T16:25:24.205+0800: 19891.764: [ParNew: 685651K->76160K(685696K), 0.0341509 secs] 1965121K->1429167K(2483840K), 0.0342813 secs] [Times: user=0.12 sys=0.00, real=0.04 secs] 
 CMS: abort preclean due to time 2016-10-17T16:25:24.493+0800: 19892.051: [CMS-concurrent-abortable-preclean: 4.983/5.027 secs] [Times: user=7.56 sys=0.33, real=5.03 secs] 
2016-10-17T16:25:24.494+0800: 19892.053: [GC (CMS Final Remark) [YG occupancy: 123590 K (685696 K)]2016-10-17T16:25:24.494+0800: 19892.053: [Rescan (parallel) , 0.0046228 secs]2016-10-17T16:25:24.499+0800: 19892.057: [weak refs processing, 0.0002573 secs]2016-10-17T16:25:24.499+0800: 19892.058: [class unloading, 0.0163456 secs]2016-10-17T16:25:24.515+0800: 19892.074: [scrub symbol table, 0.0068907 secs]2016-10-17T16:25:24.522+0800: 19892.081: [scrub string table, 0.0007837 secs][1 CMS-remark: 1353007K(1798144K)] 1476597K(2483840K), 0.0292466 secs] [Times: user=0.04 sys=0.00, real=0.03 secs] 
2016-10-17T16:25:24.523+0800: 19892.082: [CMS-concurrent-sweep-start]
2016-10-17T16:25:24.644+0800: 19892.202: [CMS-concurrent-sweep: 0.120/0.120 secs] [Times: user=0.23 sys=0.02, real=0.12 secs] 
2016-10-17T16:25:24.644+0800: 19892.202: [CMS-concurrent-reset-start]
2016-10-17T16:25:24.648+0800: 19892.206: [CMS-concurrent-reset: 0.004/0.004 secs] [Times: user=0.01 sys=0.00, real=0.01 secs] 
2016-10-17T16:25:26.333+0800: 19893.892: [GC (Allocation Failure) 2016-10-17T16:25:26.333+0800: 19893.892: [ParNew: 685696K->71154K(685696K), 0.0447698 secs] 1877265K->1334716K(2483840K), 0.0448970 secs] [Times: user=0.11 sys=0.00, real=0.05 secs] 
2016-10-17T16:25:26.379+0800: 19893.937: [GC (CMS Initial Mark) [1 CMS-initial-mark: 1263562K(1798144K)] 1335106K(2483840K), 0.0014114 secs] [Times: user=0.00 sys=0.00, real=0.00 secs] 
2016-10-17T16:25:26.380+0800: 19893.939: [CMS-concurrent-mark-start]
2016-10-17T16:25:26.626+0800: 19894.185: [CMS-concurrent-mark: 0.246/0.246 secs] [Times: user=0.55 sys=0.02, real=0.25 secs] 
2016-10-17T16:25:26.627+0800: 19894.185: [CMS-concurrent-preclean-start]
2016-10-17T16:25:26.632+0800: 19894.191: [CMS-concurrent-preclean: 0.005/0.005 secs] [Times: user=0.01 sys=0.00, real=0.00 secs] 
2016-10-17T16:25:26.632+0800: 19894.191: [CMS-concurrent-abortable-preclean-start]
2016-10-17T16:25:28.231+0800: 19895.790: [GC (Allocation Failure) 2016-10-17T16:25:28.231+0800: 19895.790: [ParNew: 680531K->48160K(685696K), 0.0181514 secs] 1944094K->1349044K(2483840K), 0.0182880 secs] [Times: user=0.06 sys=0.00, real=0.02 secs] 
2016-10-17T16:25:29.229+0800: 19896.788: [CMS-concurrent-abortable-preclean: 2.273/2.597 secs] [Times: user=5.56 sys=0.33, real=2.60 secs] 
2016-10-17T16:25:29.234+0800: 19896.793: [GC (CMS Final Remark) [YG occupancy: 360431 K (685696 K)]2016-10-17T16:25:29.234+0800: 19896.793: [Rescan (parallel) , 0.0100202 secs]2016-10-17T16:25:29.244+0800: 19896.803: [weak refs processing, 0.0002017 secs]2016-10-17T16:25:29.245+0800: 19896.803: [class unloading, 0.0127095 secs]2016-10-17T16:25:29.257+0800: 19896.816: [scrub symbol table, 0.0041859 secs]2016-10-17T16:25:29.261+0800: 19896.820: [scrub string table, 0.0006931 secs][1 CMS-remark: 1300883K(1798144K)] 1661314K(2483840K), 0.0280915 secs] [Times: user=0.06 sys=0.00, real=0.03 secs] 
2016-10-17T16:25:29.262+0800: 19896.821: [CMS-concurrent-sweep-start]
2016-10-17T16:25:29.448+0800: 19897.006: [CMS-concurrent-sweep: 0.185/0.185 secs] [Times: user=0.45 sys=0.02, real=0.19 secs] 
2016-10-17T16:25:29.448+0800: 19897.006: [CMS-concurrent-reset-start]
2016-10-17T16:25:29.451+0800: 19897.010: [CMS-concurrent-reset: 0.004/0.004 secs] [Times: user=0.01 sys=0.00, real=0.00 secs] 
2016-10-17T16:25:29.960+0800: 19897.518: [GC (Allocation Failure) 2016-10-17T16:25:29.960+0800: 19897.519: [ParNew: 657527K->76160K(685696K), 0.0143240 secs] 1745220K->1165892K(2483840K), 0.0144699 secs] [Times: user=0.06 sys=0.00, real=0.01 secs] 
2016-10-17T16:25:32.923+0800: 19900.482: [GC (Allocation Failure) 2016-10-17T16:25:32.923+0800: 19900.482: [ParNew: 685468K->76160K(685696K), 0.0255874 secs] 1775200K->1236167K(2483840K), 0.0257324 secs] [Times: user=0.10 sys=0.00, real=0.03 secs] 
2016-10-17T16:25:36.169+0800: 19903.728: [GC (Allocation Failure) 2016-10-17T16:25:36.169+0800: 19903.728: [ParNew: 685644K->76160K(685696K), 0.0309006 secs] 1845652K->1323944K(2483840K), 0.0310449 secs] [Times: user=0.12 sys=0.00, real=0.03 secs] 
2016-10-17T16:25:39.264+0800: 19906.823: [GC (Allocation Failure) 2016-10-17T16:25:39.264+0800: 19906.823: [ParNew: 685696K->76160K(685696K), 0.0297645 secs] 1933480K->1415622K(2483840K), 0.0299303 secs] [Times: user=0.10 sys=0.00, real=0.03 secs] 
2016-10-17T16:25:39.295+0800: 19906.854: [GC (CMS Initial Mark) [1 CMS-initial-mark: 1339462K(1798144K)] 1416134K(2483840K), 0.0016145 secs] [Times: user=0.01 sys=0.00, real=0.01 secs] 
2016-10-17T16:25:39.297+0800: 19906.856: [CMS-concurrent-mark-start]
2016-10-17T16:25:39.529+0800: 19907.087: [CMS-concurrent-mark: 0.232/0.232 secs] [Times: user=0.34 sys=0.02, real=0.23 secs] 
2016-10-17T16:25:39.529+0800: 19907.087: [CMS-concurrent-preclean-start]
2016-10-17T16:25:39.534+0800: 19907.093: [CMS-concurrent-preclean: 0.005/0.005 secs] [Times: user=0.00 sys=0.00, real=0.00 secs] 
2016-10-17T16:25:39.534+0800: 19907.093: [CMS-concurrent-abortable-preclean-start]
2016-10-17T16:25:41.188+0800: 19908.746: [CMS-concurrent-abortable-preclean: 1.552/1.654 secs] [Times: user=2.11 sys=0.20, real=1.66 secs] 
2016-10-17T16:25:41.188+0800: 19908.747: [GC (CMS Final Remark) [YG occupancy: 382742 K (685696 K)]2016-10-17T16:25:41.188+0800: 19908.747: [Rescan (parallel) , 0.0118184 secs]2016-10-17T16:25:41.200+0800: 19908.759: [weak refs processing, 0.0002833 secs]2016-10-17T16:25:41.200+0800: 19908.759: [class unloading, 0.0128443 secs]2016-10-17T16:25:41.213+0800: 19908.772: [scrub symbol table, 0.0040805 secs]2016-10-17T16:25:41.217+0800: 19908.776: [scrub string table, 0.0006803 secs][1 CMS-remark: 1339462K(1798144K)] 1722205K(2483840K), 0.0300626 secs] [Times: user=0.07 sys=0.00, real=0.03 secs] 
2016-10-17T16:25:41.219+0800: 19908.777: [CMS-concurrent-sweep-start]
2016-10-17T16:25:41.323+0800: 19908.882: [CMS-concurrent-sweep: 0.105/0.105 secs] [Times: user=0.14 sys=0.02, real=0.10 secs] 
2016-10-17T16:25:41.324+0800: 19908.882: [CMS-concurrent-reset-start]
2016-10-17T16:25:41.327+0800: 19908.886: [CMS-concurrent-reset: 0.004/0.004 secs] [Times: user=0.01 sys=0.00, real=0.01 secs] 
2016-10-17T16:25:42.842+0800: 19910.400: [GC (Allocation Failure) 2016-10-17T16:25:42.842+0800: 19910.400: [ParNew: 685636K->76160K(685696K), 0.0333550 secs] 1712695K->1198704K(2483840K), 0.0335163 secs] [Times: user=0.12 sys=0.00, real=0.03 secs] 
2016-10-17T16:25:45.371+0800: 19912.930: [GC (Allocation Failure) 2016-10-17T16:25:45.371+0800: 19912.930: [ParNew: 685696K->76160K(685696K), 0.0337360 secs] 1808240K->1277545K(2483840K), 0.0338749 secs] [Times: user=0.12 sys=0.00, real=0.03 secs] 
2016-10-17T16:25:46.981+0800: 19914.540: [GC (Allocation Failure) 2016-10-17T16:25:46.981+0800: 19914.540: [ParNew: 685620K->76160K(685696K), 0.0345625 secs] 1887006K->1338934K(2483840K), 0.0346949 secs] [Times: user=0.10 sys=0.00, real=0.03 secs] 
2016-10-17T16:25:47.017+0800: 19914.576: [GC (CMS Initial Mark) [1 CMS-initial-mark: 1262774K(1798144K)] 1344027K(2483840K), 0.0016696 secs] [Times: user=0.01 sys=0.00, real=0.00 secs] 
2016-10-17T16:25:47.019+0800: 19914.578: [CMS-concurrent-mark-start]
2016-10-17T16:25:47.190+0800: 19914.748: [CMS-concurrent-mark: 0.170/0.170 secs] [Times: user=0.39 sys=0.01, real=0.17 secs] 
2016-10-17T16:25:47.190+0800: 19914.748: [CMS-concurrent-preclean-start]
2016-10-17T16:25:47.195+0800: 19914.754: [CMS-concurrent-preclean: 0.005/0.005 secs] [Times: user=0.02 sys=0.00, real=0.00 secs] 
2016-10-17T16:25:47.195+0800: 19914.754: [CMS-concurrent-abortable-preclean-start]
2016-10-17T16:25:47.831+0800: 19915.390: [CMS-concurrent-abortable-preclean: 0.535/0.636 secs] [Times: user=1.43 sys=0.06, real=0.64 secs] 
2016-10-17T16:25:47.832+0800: 19915.391: [GC (CMS Final Remark) [YG occupancy: 383879 K (685696 K)]2016-10-17T16:25:47.832+0800: 19915.391: [Rescan (parallel) , 0.0114960 secs]2016-10-17T16:25:47.843+0800: 19915.402: [weak refs processing, 0.0004836 secs]2016-10-17T16:25:47.844+0800: 19915.403: [class unloading, 0.0133145 secs]2016-10-17T16:25:47.857+0800: 19915.416: [scrub symbol table, 0.0047942 secs]2016-10-17T16:25:47.862+0800: 19915.421: [scrub string table, 0.0007168 secs][1 CMS-remark: 1262774K(1798144K)] 1646653K(2483840K), 0.0313431 secs] [Times: user=0.07 sys=0.00, real=0.03 secs] 
2016-10-17T16:25:47.863+0800: 19915.422: [CMS-concurrent-sweep-start]
2016-10-17T16:25:48.143+0800: 19915.701: [CMS-concurrent-sweep: 0.279/0.279 secs] [Times: user=0.69 sys=0.01, real=0.28 secs] 
2016-10-17T16:25:48.143+0800: 19915.702: [CMS-concurrent-reset-start]
2016-10-17T16:25:48.147+0800: 19915.705: [CMS-concurrent-reset: 0.004/0.004 secs] [Times: user=0.01 sys=0.00, real=0.01 secs] 
2016-10-17T16:25:48.671+0800: 19916.230: [GC (Allocation Failure) 2016-10-17T16:25:48.671+0800: 19916.230: [ParNew: 685696K->53662K(685696K), 0.0228492 secs] 1695202K->1100979K(2483840K), 0.0229815 secs] [Times: user=0.07 sys=0.00, real=0.02 secs] 
2016-10-17T16:25:50.574+0800: 19918.133: [GC (Allocation Failure) 2016-10-17T16:25:50.574+0800: 19918.133: [ParNew: 663109K->58963K(685696K), 0.0151168 secs] 1710425K->1141162K(2483840K), 0.0152472 secs] [Times: user=0.06 sys=0.00, real=0.02 secs] 
2016-10-17T16:25:53.949+0800: 19921.507: [GC (Allocation Failure) 2016-10-17T16:25:53.949+0800: 19921.507: [ParNew: 668499K->76160K(685696K), 0.0293797 secs] 1750698K->1222425K(2483840K), 0.0295478 secs] [Times: user=0.11 sys=0.01, real=0.03 secs] 
2016-10-17T16:26:01.594+0800: 19929.153: [GC (Allocation Failure) 2016-10-17T16:26:01.594+0800: 19929.153: [ParNew: 685645K->76160K(685696K), 0.0428888 secs] 1831910K->1315191K(2483840K), 0.0430239 secs] [Times: user=0.14 sys=0.00, real=0.05 secs] 
2016-10-17T16:26:05.526+0800: 19933.085: [GC (Allocation Failure) 2016-10-17T16:26:05.526+0800: 19933.085: [ParNew: 685535K->76160K(685696K), 0.0295859 secs] 1924566K->1403942K(2483840K), 0.0297175 secs] [Times: user=0.10 sys=0.00, real=0.03 secs] 
2016-10-17T16:26:05.557+0800: 19933.115: [GC (CMS Initial Mark) [1 CMS-initial-mark: 1327782K(1798144K)] 1404198K(2483840K), 0.0024329 secs] [Times: user=0.01 sys=0.00, real=0.00 secs] 
2016-10-17T16:26:05.559+0800: 19933.118: [CMS-concurrent-mark-start]
2016-10-17T16:26:05.700+0800: 19933.258: [CMS-concurrent-mark: 0.140/0.140 secs] [Times: user=0.20 sys=0.01, real=0.14 secs] 
2016-10-17T16:26:05.700+0800: 19933.259: [CMS-concurrent-preclean-start]
2016-10-17T16:26:05.705+0800: 19933.264: [CMS-concurrent-preclean: 0.005/0.005 secs] [Times: user=0.01 sys=0.00, real=0.00 secs] 
2016-10-17T16:26:05.705+0800: 19933.264: [CMS-concurrent-abortable-preclean-start]
2016-10-17T16:26:07.184+0800: 19934.743: [CMS-concurrent-abortable-preclean: 1.478/1.479 secs] [Times: user=2.11 sys=0.11, real=1.48 secs] 
2016-10-17T16:26:07.185+0800: 19934.743: [GC (CMS Final Remark) [YG occupancy: 383245 K (685696 K)]2016-10-17T16:26:07.185+0800: 19934.743: [Rescan (parallel) , 0.0141926 secs]2016-10-17T16:26:07.199+0800: 19934.758: [weak refs processing, 0.0006275 secs]2016-10-17T16:26:07.200+0800: 19934.758: [class unloading, 0.0131934 secs]2016-10-17T16:26:07.213+0800: 19934.772: [scrub symbol table, 0.0058850 secs]2016-10-17T16:26:07.219+0800: 19934.777: [scrub string table, 0.0007067 secs][1 CMS-remark: 1327782K(1798144K)] 1711027K(2483840K), 0.0352666 secs] [Times: user=0.08 sys=0.00, real=0.04 secs] 
2016-10-17T16:26:07.220+0800: 19934.779: [CMS-concurrent-sweep-start]
2016-10-17T16:26:07.320+0800: 19934.879: [CMS-concurrent-sweep: 0.099/0.100 secs] [Times: user=0.15 sys=0.00, real=0.10 secs] 
2016-10-17T16:26:07.320+0800: 19934.879: [CMS-concurrent-reset-start]
2016-10-17T16:26:07.323+0800: 19934.882: [CMS-concurrent-reset: 0.003/0.003 secs] [Times: user=0.00 sys=0.00, real=0.00 secs] 
2016-10-17T16:26:09.188+0800: 19936.746: [GC (Allocation Failure) 2016-10-17T16:26:09.188+0800: 19936.746: [ParNew: 685696K->76160K(685696K), 0.0313825 secs] 1643001K->1126005K(2483840K), 0.0315169 secs] [Times: user=0.11 sys=0.00, real=0.03 secs] 
2016-10-17T16:26:14.012+0800: 19941.571: [GC (Allocation Failure) 2016-10-17T16:26:14.012+0800: 19941.571: [ParNew: 685661K->76160K(685696K), 0.0317060 secs] 1735507K->1217785K(2483840K), 0.0318529 secs] [Times: user=0.12 sys=0.00, real=0.03 secs] 
2016-10-17T16:26:17.765+0800: 19945.324: [GC (Allocation Failure) 2016-10-17T16:26:17.765+0800: 19945.324: [ParNew: 685582K->76160K(685696K), 0.0512468 secs] 1827207K->1308701K(2483840K), 0.0514016 secs] [Times: user=0.14 sys=0.00, real=0.06 secs] 
2016-10-17T16:26:28.721+0800: 19956.280: [GC (Allocation Failure) 2016-10-17T16:26:28.721+0800: 19956.280: [ParNew: 685492K->76160K(685696K), 0.2105060 secs] 1918033K->1403908K(2483840K), 0.2106889 secs] [Times: user=0.43 sys=0.03, real=0.21 secs] 
2016-10-17T16:26:28.933+0800: 19956.492: [GC (CMS Initial Mark) [1 CMS-initial-mark: 1327748K(1798144K)] 1405019K(2483840K), 0.0041616 secs] [Times: user=0.01 sys=0.00, real=0.01 secs] 
2016-10-17T16:26:28.938+0800: 19956.497: [CMS-concurrent-mark-start]
2016-10-17T16:26:29.101+0800: 19956.660: [CMS-concurrent-mark: 0.163/0.163 secs] [Times: user=0.23 sys=0.02, real=0.16 secs] 
2016-10-17T16:26:29.101+0800: 19956.660: [CMS-concurrent-preclean-start]
2016-10-17T16:26:29.107+0800: 19956.666: [CMS-concurrent-preclean: 0.006/0.006 secs] [Times: user=0.00 sys=0.00, real=0.01 secs] 
2016-10-17T16:26:29.107+0800: 19956.666: [CMS-concurrent-abortable-preclean-start]
2016-10-17T16:26:30.622+0800: 19958.181: [CMS-concurrent-abortable-preclean: 1.514/1.515 secs] [Times: user=2.12 sys=0.13, real=1.51 secs] 
2016-10-17T16:26:30.623+0800: 19958.181: [GC (CMS Final Remark) [YG occupancy: 385545 K (685696 K)]2016-10-17T16:26:30.623+0800: 19958.181: [Rescan (parallel) , 0.0116147 secs]2016-10-17T16:26:30.634+0800: 19958.193: [weak refs processing, 0.0006019 secs]2016-10-17T16:26:30.635+0800: 19958.194: [class unloading, 0.0141061 secs]2016-10-17T16:26:30.649+0800: 19958.208: [scrub symbol table, 0.0052377 secs]2016-10-17T16:26:30.654+0800: 19958.213: [scrub string table, 0.0007161 secs][1 CMS-remark: 1327748K(1798144K)] 1713293K(2483840K), 0.0329391 secs] [Times: user=0.07 sys=0.00, real=0.03 secs] 
2016-10-17T16:26:30.656+0800: 19958.215: [CMS-concurrent-sweep-start]
2016-10-17T16:26:30.739+0800: 19958.298: [CMS-concurrent-sweep: 0.083/0.083 secs] [Times: user=0.12 sys=0.00, real=0.08 secs] 
2016-10-17T16:26:30.739+0800: 19958.298: [CMS-concurrent-reset-start]
2016-10-17T16:26:30.742+0800: 19958.301: [CMS-concurrent-reset: 0.003/0.003 secs] [Times: user=0.00 sys=0.00, real=0.00 secs] 
2016-10-17T16:26:32.197+0800: 19959.755: [GC (Allocation Failure) 2016-10-17T16:26:32.197+0800: 19959.755: [ParNew: 685642K->76160K(685696K), 0.0357990 secs] 1687907K->1165436K(2483840K), 0.0359301 secs] [Times: user=0.13 sys=0.00, real=0.03 secs] 
2016-10-17T16:26:35.376+0800: 19962.934: [GC (Allocation Failure) 2016-10-17T16:26:35.376+0800: 19962.934: [ParNew: 685463K->76160K(685696K), 0.0425550 secs] 1774740K->1261161K(2483840K), 0.0427068 secs] [Times: user=0.11 sys=0.00, real=0.05 secs] 
2016-10-17T16:26:38.726+0800: 19966.285: [GC (Allocation Failure) 2016-10-17T16:26:38.726+0800: 19966.285: [ParNew: 685695K->76160K(685696K), 0.0360667 secs] 1870696K->1359662K(2483840K), 0.0361981 secs] [Times: user=0.11 sys=0.00, real=0.03 secs] 
2016-10-17T16:26:38.763+0800: 19966.322: [GC (CMS Initial Mark) [1 CMS-initial-mark: 1283502K(1798144K)] 1359918K(2483840K), 0.0016179 secs] [Times: user=0.01 sys=0.00, real=0.00 secs] 
2016-10-17T16:26:38.765+0800: 19966.324: [CMS-concurrent-mark-start]
2016-10-17T16:26:38.963+0800: 19966.522: [CMS-concurrent-mark: 0.198/0.198 secs] [Times: user=0.27 sys=0.02, real=0.20 secs] 
2016-10-17T16:26:38.963+0800: 19966.522: [CMS-concurrent-preclean-start]
2016-10-17T16:26:38.969+0800: 19966.528: [CMS-concurrent-preclean: 0.006/0.006 secs] [Times: user=0.01 sys=0.00, real=0.01 secs] 
2016-10-17T16:26:38.969+0800: 19966.528: [CMS-concurrent-abortable-preclean-start]
2016-10-17T16:26:40.407+0800: 19967.966: [CMS-concurrent-abortable-preclean: 1.437/1.438 secs] [Times: user=1.99 sys=0.21, real=1.44 secs] 
2016-10-17T16:26:40.408+0800: 19967.966: [GC (CMS Final Remark) [YG occupancy: 382539 K (685696 K)]2016-10-17T16:26:40.408+0800: 19967.966: [Rescan (parallel) , 0.0125385 secs]2016-10-17T16:26:40.420+0800: 19967.979: [weak refs processing, 0.0005530 secs]2016-10-17T16:26:40.421+0800: 19967.980: [class unloading, 0.0143302 secs]2016-10-17T16:26:40.435+0800: 19967.994: [scrub symbol table, 0.0042563 secs]2016-10-17T16:26:40.439+0800: 19967.998: [scrub string table, 0.0006965 secs][1 CMS-remark: 1283502K(1798144K)] 1666041K(2483840K), 0.0328658 secs] [Times: user=0.07 sys=0.00, real=0.03 secs] 
2016-10-17T16:26:40.441+0800: 19968.000: [CMS-concurrent-sweep-start]
2016-10-17T16:26:40.521+0800: 19968.079: [CMS-concurrent-sweep: 0.080/0.080 secs] [Times: user=0.10 sys=0.02, real=0.08 secs] 
2016-10-17T16:26:40.521+0800: 19968.080: [CMS-concurrent-reset-start]
2016-10-17T16:26:40.525+0800: 19968.083: [CMS-concurrent-reset: 0.004/0.004 secs] [Times: user=0.01 sys=0.00, real=0.00 secs] 
2016-10-17T16:26:42.214+0800: 19969.773: [GC (Allocation Failure) 2016-10-17T16:26:42.214+0800: 19969.773: [ParNew: 685488K->76160K(685696K), 0.0431842 secs] 1689234K->1170208K(2483840K), 0.0433258 secs] [Times: user=0.15 sys=0.00, real=0.05 secs] 
2016-10-17T16:26:45.634+0800: 19973.193: [GC (Allocation Failure) 2016-10-17T16:26:45.634+0800: 19973.193: [ParNew: 685696K->76160K(685696K), 0.0370126 secs] 1779744K->1254838K(2483840K), 0.0371607 secs] [Times: user=0.11 sys=0.00, real=0.04 secs] 
2016-10-17T16:26:48.742+0800: 19976.300: [GC (Allocation Failure) 2016-10-17T16:26:48.742+0800: 19976.300: [ParNew: 685696K->76160K(685696K), 0.0310510 secs] 1864374K->1341742K(2483840K), 0.0311836 secs] [Times: user=0.12 sys=0.00, real=0.03 secs] 
2016-10-17T16:26:48.773+0800: 19976.332: [GC (CMS Initial Mark) [1 CMS-initial-mark: 1265582K(1798144K)] 1342193K(2483840K), 0.0018600 secs] [Times: user=0.01 sys=0.00, real=0.00 secs] 
2016-10-17T16:26:48.775+0800: 19976.334: [CMS-concurrent-mark-start]
2016-10-17T16:26:48.995+0800: 19976.554: [CMS-concurrent-mark: 0.220/0.220 secs] [Times: user=0.31 sys=0.02, real=0.22 secs] 
2016-10-17T16:26:48.995+0800: 19976.554: [CMS-concurrent-preclean-start]
2016-10-17T16:26:49.001+0800: 19976.560: [CMS-concurrent-preclean: 0.006/0.006 secs] [Times: user=0.01 sys=0.01, real=0.01 secs] 
2016-10-17T16:26:49.001+0800: 19976.560: [CMS-concurrent-abortable-preclean-start]
2016-10-17T16:26:50.487+0800: 19978.045: [CMS-concurrent-abortable-preclean: 1.484/1.485 secs] [Times: user=2.05 sys=0.18, real=1.49 secs] 
2016-10-17T16:26:50.487+0800: 19978.046: [GC (CMS Final Remark) [YG occupancy: 382904 K (685696 K)]2016-10-17T16:26:50.487+0800: 19978.046: [Rescan (parallel) , 0.0129138 secs]2016-10-17T16:26:50.500+0800: 19978.059: [weak refs processing, 0.0003657 secs]2016-10-17T16:26:50.501+0800: 19978.059: [class unloading, 0.0171482 secs]2016-10-17T16:26:50.518+0800: 19978.077: [scrub symbol table, 0.0053484 secs]2016-10-17T16:26:50.523+0800: 19978.082: [scrub string table, 0.0009061 secs][1 CMS-remark: 1265582K(1798144K)] 1648487K(2483840K), 0.0370708 secs] [Times: user=0.08 sys=0.00, real=0.03 secs] 
2016-10-17T16:26:50.525+0800: 19978.084: [CMS-concurrent-sweep-start]
2016-10-17T16:26:50.602+0800: 19978.161: [CMS-concurrent-sweep: 0.077/0.077 secs] [Times: user=0.11 sys=0.01, real=0.08 secs] 
2016-10-17T16:26:50.603+0800: 19978.161: [CMS-concurrent-reset-start]
2016-10-17T16:26:50.606+0800: 19978.165: [CMS-concurrent-reset: 0.004/0.004 secs] [Times: user=0.00 sys=0.00, real=0.01 secs] 
2016-10-17T16:26:52.382+0800: 19979.941: [GC (Allocation Failure) 2016-10-17T16:26:52.382+0800: 19979.941: [ParNew: 685696K->76160K(685696K), 0.0374081 secs] 1707962K->1191240K(2483840K), 0.0375549 secs] [Times: user=0.13 sys=0.00, real=0.04 secs] 
2016-10-17T16:26:55.736+0800: 19983.295: [GC (Allocation Failure) 2016-10-17T16:26:55.736+0800: 19983.295: [ParNew: 685461K->76160K(685696K), 0.0318463 secs] 1800542K->1280589K(2483840K), 0.0320061 secs] [Times: user=0.11 sys=0.00, real=0.03 secs] 
2016-10-17T16:26:59.007+0800: 19986.566: [GC (Allocation Failure) 2016-10-17T16:26:59.007+0800: 19986.566: [ParNew: 685688K->76160K(685696K), 0.0411257 secs] 1890117K->1371097K(2483840K), 0.0412600 secs] [Times: user=0.11 sys=0.00, real=0.04 secs] 
2016-10-17T16:26:59.049+0800: 19986.608: [GC (CMS Initial Mark) [1 CMS-initial-mark: 1294937K(1798144K)] 1371353K(2483840K), 0.0022953 secs] [Times: user=0.00 sys=0.00, real=0.00 secs] 
2016-10-17T16:26:59.051+0800: 19986.610: [CMS-concurrent-mark-start]
2016-10-17T16:26:59.290+0800: 19986.849: [CMS-concurrent-mark: 0.239/0.239 secs] [Times: user=0.34 sys=0.04, real=0.24 secs] 
2016-10-17T16:26:59.290+0800: 19986.849: [CMS-concurrent-preclean-start]
2016-10-17T16:26:59.296+0800: 19986.855: [CMS-concurrent-preclean: 0.006/0.006 secs] [Times: user=0.00 sys=0.00, real=0.01 secs] 
2016-10-17T16:26:59.296+0800: 19986.855: [CMS-concurrent-abortable-preclean-start]
2016-10-17T16:27:00.797+0800: 19988.356: [CMS-concurrent-abortable-preclean: 1.499/1.500 secs] [Times: user=2.07 sys=0.16, real=1.50 secs] 
2016-10-17T16:27:00.798+0800: 19988.357: [GC (CMS Final Remark) [YG occupancy: 389853 K (685696 K)]2016-10-17T16:27:00.798+0800: 19988.357: [Rescan (parallel) , 0.0113157 secs]2016-10-17T16:27:00.809+0800: 19988.368: [weak refs processing, 0.0002351 secs]2016-10-17T16:27:00.810+0800: 19988.368: [class unloading, 0.0135836 secs]2016-10-17T16:27:00.823+0800: 19988.382: [scrub symbol table, 0.0042966 secs]2016-10-17T16:27:00.828+0800: 19988.386: [scrub string table, 0.0007141 secs][1 CMS-remark: 1294937K(1798144K)] 1684790K(2483840K), 0.0304450 secs] [Times: user=0.06 sys=0.00, real=0.03 secs] 
2016-10-17T16:27:00.829+0800: 19988.387: [CMS-concurrent-sweep-start]
2016-10-17T16:27:00.909+0800: 19988.468: [CMS-concurrent-sweep: 0.080/0.080 secs] [Times: user=0.12 sys=0.01, real=0.08 secs] 
2016-10-17T16:27:00.909+0800: 19988.468: [CMS-concurrent-reset-start]
2016-10-17T16:27:00.912+0800: 19988.471: [CMS-concurrent-reset: 0.003/0.003 secs] [Times: user=0.00 sys=0.00, real=0.00 secs] 
2016-10-17T16:27:02.431+0800: 19989.990: [GC (Allocation Failure) 2016-10-17T16:27:02.431+0800: 19989.990: [ParNew: 685605K->76160K(685696K), 0.0302732 secs] 1701973K->1184725K(2483840K), 0.0304078 secs] [Times: user=0.11 sys=0.00, real=0.03 secs] 
2016-10-17T16:27:05.716+0800: 19993.275: [GC (Allocation Failure) 2016-10-17T16:27:05.716+0800: 19993.275: [ParNew: 685696K->76160K(685696K), 0.0336479 secs] 1794261K->1279041K(2483840K), 0.0337811 secs] [Times: user=0.12 sys=0.00, real=0.03 secs] 
2016-10-17T16:27:09.141+0800: 19996.700: [GC (Allocation Failure) 2016-10-17T16:27:09.141+0800: 19996.700: [ParNew: 685696K->76160K(685696K), 0.0338766 secs] 1888577K->1364882K(2483840K), 0.0340390 secs] [Times: user=0.13 sys=0.00, real=0.03 secs] 
2016-10-17T16:27:09.176+0800: 19996.735: [GC (CMS Initial Mark) [1 CMS-initial-mark: 1288722K(1798144K)] 1365204K(2483840K), 0.0028051 secs] [Times: user=0.01 sys=0.00, real=0.00 secs] 
2016-10-17T16:27:09.179+0800: 19996.738: [CMS-concurrent-mark-start]
2016-10-17T16:27:09.418+0800: 19996.977: [CMS-concurrent-mark: 0.239/0.239 secs] [Times: user=0.35 sys=0.02, real=0.24 secs] 
2016-10-17T16:27:09.418+0800: 19996.977: [CMS-concurrent-preclean-start]
2016-10-17T16:27:09.424+0800: 19996.983: [CMS-concurrent-preclean: 0.005/0.006 secs] [Times: user=0.01 sys=0.00, real=0.00 secs] 
2016-10-17T16:27:09.424+0800: 19996.983: [CMS-concurrent-abortable-preclean-start]
2016-10-17T16:27:11.757+0800: 19999.316: [CMS-concurrent-abortable-preclean: 2.332/2.333 secs] [Times: user=3.04 sys=0.22, real=2.34 secs] 
2016-10-17T16:27:11.759+0800: 19999.318: [GC (CMS Final Remark) [YG occupancy: 387395 K (685696 K)]2016-10-17T16:27:11.759+0800: 19999.318: [Rescan (parallel) , 0.0189761 secs]2016-10-17T16:27:11.778+0800: 19999.337: [weak refs processing, 0.0003261 secs]2016-10-17T16:27:11.778+0800: 19999.337: [class unloading, 0.0189240 secs]2016-10-17T16:27:11.797+0800: 19999.356: [scrub symbol table, 0.0832953 secs]2016-10-17T16:27:11.881+0800: 19999.439: [scrub string table, 0.0012479 secs][1 CMS-remark: 1288722K(1798144K)] 1676117K(2483840K), 0.1235547 secs] [Times: user=0.17 sys=0.01, real=0.12 secs] 
2016-10-17T16:27:11.883+0800: 19999.441: [CMS-concurrent-sweep-start]
2016-10-17T16:27:11.996+0800: 19999.555: [CMS-concurrent-sweep: 0.113/0.113 secs] [Times: user=0.16 sys=0.01, real=0.12 secs] 
2016-10-17T16:27:11.996+0800: 19999.555: [CMS-concurrent-reset-start]
2016-10-17T16:27:12.000+0800: 19999.559: [CMS-concurrent-reset: 0.004/0.004 secs] [Times: user=0.00 sys=0.00, real=0.00 secs] 
2016-10-17T16:27:14.209+0800: 20001.768: [GC (Allocation Failure) 2016-10-17T16:27:14.209+0800: 20001.768: [ParNew: 685696K->76160K(685696K), 0.0382387 secs] 1732071K->1219059K(2483840K), 0.0383891 secs] [Times: user=0.13 sys=0.00, real=0.04 secs] 
2016-10-17T16:27:17.914+0800: 20005.473: [GC (Allocation Failure) 2016-10-17T16:27:17.914+0800: 20005.473: [ParNew: 685548K->76160K(685696K), 0.0294766 secs] 1828448K->1305803K(2483840K), 0.0296571 secs] [Times: user=0.10 sys=0.00, real=0.03 secs] 
2016-10-17T16:27:23.691+0800: 20011.250: [GC (Allocation Failure) 2016-10-17T16:27:23.692+0800: 20011.250: [ParNew: 685655K->76160K(685696K), 0.0426084 secs] 1915298K->1396144K(2483840K), 0.0427588 secs] [Times: user=0.12 sys=0.00, real=0.04 secs] 
2016-10-17T16:27:23.735+0800: 20011.294: [GC (CMS Initial Mark) [1 CMS-initial-mark: 1319984K(1798144K)] 1396450K(2483840K), 0.0031428 secs] [Times: user=0.01 sys=0.00, real=0.01 secs] 
2016-10-17T16:27:23.738+0800: 20011.297: [CMS-concurrent-mark-start]
2016-10-17T16:27:24.047+0800: 20011.606: [CMS-concurrent-mark: 0.309/0.309 secs] [Times: user=0.41 sys=0.02, real=0.31 secs] 
2016-10-17T16:27:24.047+0800: 20011.606: [CMS-concurrent-preclean-start]
2016-10-17T16:27:24.053+0800: 20011.612: [CMS-concurrent-preclean: 0.006/0.006 secs] [Times: user=0.01 sys=0.00, real=0.00 secs] 
2016-10-17T16:27:24.053+0800: 20011.612: [CMS-concurrent-abortable-preclean-start]
2016-10-17T16:27:27.707+0800: 20015.266: [CMS-concurrent-abortable-preclean: 3.652/3.654 secs] [Times: user=4.61 sys=0.29, real=3.66 secs] 
2016-10-17T16:27:27.709+0800: 20015.267: [GC (CMS Final Remark) [YG occupancy: 381867 K (685696 K)]2016-10-17T16:27:27.709+0800: 20015.267: [Rescan (parallel) , 0.0148168 secs]2016-10-17T16:27:27.724+0800: 20015.282: [weak refs processing, 0.0003476 secs]2016-10-17T16:27:27.724+0800: 20015.283: [class unloading, 0.0142254 secs]2016-10-17T16:27:27.738+0800: 20015.297: [scrub symbol table, 0.0069311 secs]2016-10-17T16:27:27.745+0800: 20015.304: [scrub string table, 0.0007361 secs][1 CMS-remark: 1319984K(1798144K)] 1701852K(2483840K), 0.0374889 secs] [Times: user=0.08 sys=0.00, real=0.04 secs] 
2016-10-17T16:27:27.747+0800: 20015.306: [CMS-concurrent-sweep-start]
2016-10-17T16:27:27.849+0800: 20015.408: [CMS-concurrent-sweep: 0.102/0.102 secs] [Times: user=0.13 sys=0.02, real=0.10 secs] 
2016-10-17T16:27:27.849+0800: 20015.408: [CMS-concurrent-reset-start]
2016-10-17T16:27:27.853+0800: 20015.412: [CMS-concurrent-reset: 0.004/0.004 secs] [Times: user=0.00 sys=0.00, real=0.00 secs] 
2016-10-17T16:27:31.059+0800: 20018.617: [GC (Allocation Failure) 2016-10-17T16:27:31.059+0800: 20018.617: [ParNew: 685452K->76160K(685696K), 0.0372337 secs] 1723257K->1204788K(2483840K), 0.0373791 secs] [Times: user=0.12 sys=0.00, real=0.04 secs] 
2016-10-17T16:27:34.626+0800: 20022.184: [GC (Allocation Failure) 2016-10-17T16:27:34.626+0800: 20022.185: [ParNew: 685560K->76160K(685696K), 0.0432778 secs] 1814189K->1297254K(2483840K), 0.0434180 secs] [Times: user=0.11 sys=0.00, real=0.05 secs] 
2016-10-17T16:27:38.189+0800: 20025.748: [GC (Allocation Failure) 2016-10-17T16:27:38.189+0800: 20025.748: [ParNew: 685683K->76160K(685696K), 0.0401937 secs] 1906777K->1393664K(2483840K), 0.0403264 secs] [Times: user=0.11 sys=0.00, real=0.04 secs] 
2016-10-17T16:27:38.231+0800: 20025.790: [GC (CMS Initial Mark) [1 CMS-initial-mark: 1317504K(1798144K)] 1394162K(2483840K), 0.0024252 secs] [Times: user=0.01 sys=0.00, real=0.00 secs] 
2016-10-17T16:27:38.234+0800: 20025.793: [CMS-concurrent-mark-start]
2016-10-17T16:27:38.524+0800: 20026.083: [CMS-concurrent-mark: 0.290/0.290 secs] [Times: user=0.40 sys=0.03, real=0.29 secs] 
2016-10-17T16:27:38.524+0800: 20026.083: [CMS-concurrent-preclean-start]
2016-10-17T16:27:38.531+0800: 20026.089: [CMS-concurrent-preclean: 0.006/0.006 secs] [Times: user=0.01 sys=0.00, real=0.01 secs] 
2016-10-17T16:27:38.531+0800: 20026.089: [CMS-concurrent-abortable-preclean-start]
2016-10-17T16:27:39.955+0800: 20027.514: [CMS-concurrent-abortable-preclean: 1.423/1.425 secs] [Times: user=1.96 sys=0.15, real=1.42 secs] 
2016-10-17T16:27:39.956+0800: 20027.515: [GC (CMS Final Remark) [YG occupancy: 384103 K (685696 K)]2016-10-17T16:27:39.956+0800: 20027.515: [Rescan (parallel) , 0.0151152 secs]2016-10-17T16:27:39.971+0800: 20027.530: [weak refs processing, 0.0004420 secs]2016-10-17T16:27:39.972+0800: 20027.530: [class unloading, 0.0198912 secs]2016-10-17T16:27:39.992+0800: 20027.550: [scrub symbol table, 0.0091342 secs]2016-10-17T16:27:40.001+0800: 20027.560: [scrub string table, 0.0010776 secs][1 CMS-remark: 1317504K(1798144K)] 1701607K(2483840K), 0.0461510 secs] [Times: user=0.09 sys=0.00, real=0.04 secs] 
2016-10-17T16:27:40.004+0800: 20027.563: [CMS-concurrent-sweep-start]
2016-10-17T16:27:40.146+0800: 20027.704: [CMS-concurrent-sweep: 0.142/0.142 secs] [Times: user=0.21 sys=0.01, real=0.14 secs] 
2016-10-17T16:27:40.146+0800: 20027.705: [CMS-concurrent-reset-start]
2016-10-17T16:27:40.149+0800: 20027.708: [CMS-concurrent-reset: 0.003/0.003 secs] [Times: user=0.01 sys=0.00, real=0.00 secs] 
2016-10-17T16:27:41.637+0800: 20029.196: [GC (Allocation Failure) 2016-10-17T16:27:41.637+0800: 20029.196: [ParNew: 685665K->76160K(685696K), 0.0299305 secs] 1761019K->1234004K(2483840K), 0.0300826 secs] [Times: user=0.11 sys=0.00, real=0.03 secs] 
2016-10-17T16:27:44.895+0800: 20032.454: [GC (Allocation Failure) 2016-10-17T16:27:44.895+0800: 20032.454: [ParNew: 685660K->76160K(685696K), 0.0336464 secs] 1843505K->1326754K(2483840K), 0.0337907 secs] [Times: user=0.12 sys=0.00, real=0.04 secs] 
2016-10-17T16:27:48.296+0800: 20035.855: [GC (Allocation Failure) 2016-10-17T16:27:48.296+0800: 20035.855: [ParNew: 685613K->76160K(685696K), 0.0350269 secs] 1936207K->1421952K(2483840K), 0.0351622 secs] [Times: user=0.13 sys=0.00, real=0.03 secs] 
2016-10-17T16:27:48.332+0800: 20035.890: [GC (CMS Initial Mark) [1 CMS-initial-mark: 1345792K(1798144K)] 1422208K(2483840K), 0.0016920 secs] [Times: user=0.01 sys=0.00, real=0.00 secs] 
2016-10-17T16:27:48.334+0800: 20035.892: [CMS-concurrent-mark-start]
2016-10-17T16:27:48.618+0800: 20036.177: [CMS-concurrent-mark: 0.285/0.285 secs] [Times: user=0.41 sys=0.01, real=0.29 secs] 
2016-10-17T16:27:48.619+0800: 20036.177: [CMS-concurrent-preclean-start]
2016-10-17T16:27:48.624+0800: 20036.183: [CMS-concurrent-preclean: 0.005/0.006 secs] [Times: user=0.01 sys=0.00, real=0.00 secs] 
2016-10-17T16:27:48.624+0800: 20036.183: [CMS-concurrent-abortable-preclean-start]
2016-10-17T16:27:49.969+0800: 20037.528: [CMS-concurrent-abortable-preclean: 1.344/1.345 secs] [Times: user=1.92 sys=0.10, real=1.35 secs] 
2016-10-17T16:27:49.970+0800: 20037.529: [GC (CMS Final Remark) [YG occupancy: 387056 K (685696 K)]2016-10-17T16:27:49.970+0800: 20037.529: [Rescan (parallel) , 0.0172379 secs]2016-10-17T16:27:49.987+0800: 20037.546: [weak refs processing, 0.0002426 secs]2016-10-17T16:27:49.988+0800: 20037.546: [class unloading, 0.0139546 secs]2016-10-17T16:27:50.002+0800: 20037.560: [scrub symbol table, 0.0051279 secs]2016-10-17T16:27:50.007+0800: 20037.566: [scrub string table, 0.0006980 secs][1 CMS-remark: 1345792K(1798144K)] 1732849K(2483840K), 0.0376478 secs] [Times: user=0.07 sys=0.00, real=0.04 secs] 
2016-10-17T16:27:50.008+0800: 20037.567: [CMS-concurrent-sweep-start]
2016-10-17T16:27:50.107+0800: 20037.666: [CMS-concurrent-sweep: 0.099/0.099 secs] [Times: user=0.14 sys=0.00, real=0.10 secs] 
2016-10-17T16:27:50.107+0800: 20037.666: [CMS-concurrent-reset-start]
2016-10-17T16:27:50.111+0800: 20037.669: [CMS-concurrent-reset: 0.004/0.004 secs] [Times: user=0.01 sys=0.00, real=0.00 secs] 
2016-10-17T16:27:51.552+0800: 20039.111: [GC (Allocation Failure) 2016-10-17T16:27:51.552+0800: 20039.111: [ParNew: 685537K->76160K(685696K), 0.0379041 secs] 1750223K->1242130K(2483840K), 0.0380572 secs] [Times: user=0.11 sys=0.00, real=0.04 secs] 
2016-10-17T16:27:54.903+0800: 20042.462: [GC (Allocation Failure) 2016-10-17T16:27:54.903+0800: 20042.462: [ParNew: 685696K->76160K(685696K), 0.0407275 secs] 1851666K->1317147K(2483840K), 0.0408978 secs] [Times: user=0.11 sys=0.00, real=0.04 secs] 
2016-10-17T16:27:58.807+0800: 20046.366: [GC (Allocation Failure) 2016-10-17T16:27:58.808+0800: 20046.366: [ParNew: 685665K->76160K(685696K), 0.0380907 secs] 1926653K->1411523K(2483840K), 0.0382529 secs] [Times: user=0.15 sys=0.00, real=0.03 secs] 
2016-10-17T16:27:58.846+0800: 20046.405: [GC (CMS Initial Mark) [1 CMS-initial-mark: 1335363K(1798144K)] 1411843K(2483840K), 0.0020897 secs] [Times: user=0.00 sys=0.00, real=0.00 secs] 
2016-10-17T16:27:58.849+0800: 20046.407: [CMS-concurrent-mark-start]
2016-10-17T16:27:59.310+0800: 20046.869: [CMS-concurrent-mark: 0.462/0.462 secs] [Times: user=0.62 sys=0.04, real=0.46 secs] 
2016-10-17T16:27:59.310+0800: 20046.869: [CMS-concurrent-preclean-start]
2016-10-17T16:27:59.318+0800: 20046.877: [CMS-concurrent-preclean: 0.008/0.008 secs] [Times: user=0.01 sys=0.01, real=0.01 secs] 
2016-10-17T16:27:59.318+0800: 20046.877: [CMS-concurrent-abortable-preclean-start]
2016-10-17T16:28:03.045+0800: 20050.604: [GC (Allocation Failure) 2016-10-17T16:28:03.045+0800: 20050.604: [ParNew: 685467K->76160K(685696K), 0.0286399 secs] 2020831K->1499066K(2483840K), 0.0287768 secs] [Times: user=0.11 sys=0.00, real=0.03 secs] 
 CMS: abort preclean due to time 2016-10-17T16:28:04.370+0800: 20051.929: [CMS-concurrent-abortable-preclean: 4.817/5.052 secs] [Times: user=6.84 sys=0.39, real=5.05 secs] 
2016-10-17T16:28:04.371+0800: 20051.930: [GC (CMS Final Remark) [YG occupancy: 300046 K (685696 K)]2016-10-17T16:28:04.371+0800: 20051.930: [Rescan (parallel) , 0.0143899 secs]2016-10-17T16:28:04.386+0800: 20051.944: [weak refs processing, 0.0002595 secs]2016-10-17T16:28:04.386+0800: 20051.945: [class unloading, 0.0168469 secs]2016-10-17T16:28:04.403+0800: 20051.962: [scrub symbol table, 0.0091206 secs]2016-10-17T16:28:04.412+0800: 20051.971: [scrub string table, 0.0008983 secs][1 CMS-remark: 1422906K(1798144K)] 1722952K(2483840K), 0.0418625 secs] [Times: user=0.08 sys=0.00, real=0.04 secs] 
2016-10-17T16:28:04.413+0800: 20051.972: [CMS-concurrent-sweep-start]
2016-10-17T16:28:04.509+0800: 20052.068: [CMS-concurrent-sweep: 0.096/0.096 secs] [Times: user=0.13 sys=0.01, real=0.10 secs] 
2016-10-17T16:28:04.510+0800: 20052.068: [CMS-concurrent-reset-start]
2016-10-17T16:28:04.513+0800: 20052.072: [CMS-concurrent-reset: 0.003/0.003 secs] [Times: user=0.01 sys=0.00, real=0.00 secs] 
2016-10-17T16:28:06.544+0800: 20054.103: [GC (Allocation Failure) 2016-10-17T16:28:06.544+0800: 20054.103: [ParNew: 685665K->76160K(685696K), 0.0314195 secs] 1867162K->1349722K(2483840K), 0.0315520 secs] [Times: user=0.11 sys=0.00, real=0.03 secs] 
2016-10-17T16:28:06.576+0800: 20054.135: [GC (CMS Initial Mark) [1 CMS-initial-mark: 1273562K(1798144K)] 1349978K(2483840K), 0.0022340 secs] [Times: user=0.01 sys=0.00, real=0.00 secs] 
2016-10-17T16:28:06.579+0800: 20054.138: [CMS-concurrent-mark-start]
2016-10-17T16:28:06.905+0800: 20054.463: [CMS-concurrent-mark: 0.326/0.326 secs] [Times: user=0.44 sys=0.06, real=0.32 secs] 
2016-10-17T16:28:06.905+0800: 20054.464: [CMS-concurrent-preclean-start]
2016-10-17T16:28:06.911+0800: 20054.470: [CMS-concurrent-preclean: 0.006/0.007 secs] [Times: user=0.01 sys=0.00, real=0.01 secs] 
2016-10-17T16:28:06.911+0800: 20054.470: [CMS-concurrent-abortable-preclean-start]
2016-10-17T16:28:10.343+0800: 20057.902: [GC (Allocation Failure) 2016-10-17T16:28:10.343+0800: 20057.902: [ParNew: 685604K->76160K(685696K), 0.0324569 secs] 1959167K->1439433K(2483840K), 0.0326038 secs] [Times: user=0.12 sys=0.00, real=0.03 secs] 
 CMS: abort preclean due to time 2016-10-17T16:28:11.960+0800: 20059.519: [CMS-concurrent-abortable-preclean: 5.010/5.049 secs] [Times: user=6.88 sys=0.57, real=5.05 secs] 
2016-10-17T16:28:12.058+0800: 20059.616: [GC (CMS Final Remark) [YG occupancy: 226676 K (685696 K)]2016-10-17T16:28:12.058+0800: 20059.616: [Rescan (parallel) , 0.0120812 secs]2016-10-17T16:28:12.070+0800: 20059.629: [weak refs processing, 0.0002463 secs]2016-10-17T16:28:12.070+0800: 20059.629: [class unloading, 0.0204500 secs]2016-10-17T16:28:12.091+0800: 20059.649: [scrub symbol table, 0.0073378 secs]2016-10-17T16:28:12.098+0800: 20059.657: [scrub string table, 0.0010611 secs][1 CMS-remark: 1363273K(1798144K)] 1589949K(2483840K), 0.0415605 secs] [Times: user=0.08 sys=0.00, real=0.04 secs] 
2016-10-17T16:28:12.099+0800: 20059.658: [CMS-concurrent-sweep-start]
2016-10-17T16:28:12.234+0800: 20059.793: [CMS-concurrent-sweep: 0.135/0.135 secs] [Times: user=0.19 sys=0.00, real=0.13 secs] 
2016-10-17T16:28:12.234+0800: 20059.793: [CMS-concurrent-reset-start]
2016-10-17T16:28:12.238+0800: 20059.797: [CMS-concurrent-reset: 0.004/0.004 secs] [Times: user=0.01 sys=0.00, real=0.01 secs] 
2016-10-17T16:28:15.257+0800: 20062.816: [GC (Allocation Failure) 2016-10-17T16:28:15.257+0800: 20062.816: [ParNew: 685453K->76160K(685696K), 0.0314988 secs] 1847443K->1328679K(2483840K), 0.0316551 secs] [Times: user=0.11 sys=0.00, real=0.03 secs] 
2016-10-17T16:28:18.345+0800: 20065.904: [GC (Allocation Failure) 2016-10-17T16:28:18.345+0800: 20065.904: [ParNew: 685645K->76160K(685696K), 0.0309966 secs] 1938164K->1418383K(2483840K), 0.0311272 secs] [Times: user=0.11 sys=0.00, real=0.04 secs] 
2016-10-17T16:28:18.377+0800: 20065.936: [GC (CMS Initial Mark) [1 CMS-initial-mark: 1342223K(1798144K)] 1418767K(2483840K), 0.0022287 secs] [Times: user=0.00 sys=0.00, real=0.00 secs] 
2016-10-17T16:28:18.380+0800: 20065.938: [CMS-concurrent-mark-start]
2016-10-17T16:28:18.703+0800: 20066.262: [CMS-concurrent-mark: 0.323/0.323 secs] [Times: user=0.45 sys=0.02, real=0.32 secs] 
2016-10-17T16:28:18.703+0800: 20066.262: [CMS-concurrent-preclean-start]
2016-10-17T16:28:18.709+0800: 20066.268: [CMS-concurrent-preclean: 0.006/0.006 secs] [Times: user=0.01 sys=0.00, real=0.01 secs] 
2016-10-17T16:28:18.709+0800: 20066.268: [CMS-concurrent-abortable-preclean-start]
2016-10-17T16:28:20.793+0800: 20068.352: [CMS-concurrent-abortable-preclean: 1.882/2.084 secs] [Times: user=2.52 sys=0.11, real=2.08 secs] 
2016-10-17T16:28:20.875+0800: 20068.433: [GC (CMS Final Remark) [YG occupancy: 382158 K (685696 K)]2016-10-17T16:28:20.875+0800: 20068.433: [Rescan (parallel) , 0.0208440 secs]2016-10-17T16:28:20.896+0800: 20068.454: [weak refs processing, 0.0003423 secs]2016-10-17T16:28:20.896+0800: 20068.455: [class unloading, 0.0184251 secs]2016-10-17T16:28:20.914+0800: 20068.473: [scrub symbol table, 0.0070604 secs]2016-10-17T16:28:20.921+0800: 20068.480: [scrub string table, 0.0010683 secs][1 CMS-remark: 1342223K(1798144K)] 1724382K(2483840K), 0.0481769 secs] [Times: user=0.08 sys=0.00, real=0.05 secs] 
2016-10-17T16:28:20.923+0800: 20068.482: [CMS-concurrent-sweep-start]
2016-10-17T16:28:21.038+0800: 20068.596: [CMS-concurrent-sweep: 0.114/0.114 secs] [Times: user=0.15 sys=0.00, real=0.12 secs] 
2016-10-17T16:28:21.038+0800: 20068.596: [CMS-concurrent-reset-start]
2016-10-17T16:28:21.041+0800: 20068.600: [CMS-concurrent-reset: 0.003/0.003 secs] [Times: user=0.00 sys=0.00, real=0.00 secs] 
2016-10-17T16:28:24.213+0800: 20071.771: [GC (Allocation Failure) 2016-10-17T16:28:24.213+0800: 20071.772: [ParNew: 685641K->76160K(685696K), 0.0316529 secs] 1786876K->1272241K(2483840K), 0.0317901 secs] [Times: user=0.12 sys=0.00, real=0.03 secs] 
2016-10-17T16:28:27.477+0800: 20075.036: [GC (Allocation Failure) 2016-10-17T16:28:27.477+0800: 20075.036: [ParNew: 685696K->76160K(685696K), 0.0334770 secs] 1881777K->1367422K(2483840K), 0.0336111 secs] [Times: user=0.12 sys=0.00, real=0.03 secs] 
2016-10-17T16:28:27.511+0800: 20075.070: [GC (CMS Initial Mark) [1 CMS-initial-mark: 1291262K(1798144K)] 1367678K(2483840K), 0.0017089 secs] [Times: user=0.00 sys=0.00, real=0.00 secs] 
2016-10-17T16:28:27.513+0800: 20075.072: [CMS-concurrent-mark-start]
2016-10-17T16:28:27.861+0800: 20075.420: [CMS-concurrent-mark: 0.348/0.348 secs] [Times: user=0.51 sys=0.04, real=0.35 secs] 
2016-10-17T16:28:27.861+0800: 20075.420: [CMS-concurrent-preclean-start]
2016-10-17T16:28:27.868+0800: 20075.426: [CMS-concurrent-preclean: 0.006/0.006 secs] [Times: user=0.00 sys=0.00, real=0.01 secs] 
2016-10-17T16:28:27.868+0800: 20075.426: [CMS-concurrent-abortable-preclean-start]
2016-10-17T16:28:30.467+0800: 20078.026: [GC (Allocation Failure) 2016-10-17T16:28:30.467+0800: 20078.026: [ParNew: 685576K->76160K(685696K), 0.0260252 secs] 1976838K->1437453K(2483840K), 0.0261567 secs] [Times: user=0.09 sys=0.00, real=0.02 secs] 
2016-10-17T16:28:32.121+0800: 20079.680: [CMS-concurrent-abortable-preclean: 4.214/4.254 secs] [Times: user=6.88 sys=0.49, real=4.25 secs] 
2016-10-17T16:28:32.122+0800: 20079.681: [GC (CMS Final Remark) [YG occupancy: 385303 K (685696 K)]2016-10-17T16:28:32.122+0800: 20079.681: [Rescan (parallel) , 0.0113856 secs]2016-10-17T16:28:32.133+0800: 20079.692: [weak refs processing, 0.0002605 secs]2016-10-17T16:28:32.134+0800: 20079.692: [class unloading, 0.0142594 secs]2016-10-17T16:28:32.148+0800: 20079.707: [scrub symbol table, 0.0056919 secs]2016-10-17T16:28:32.154+0800: 20079.712: [scrub string table, 0.0007736 secs][1 CMS-remark: 1361293K(1798144K)] 1746597K(2483840K), 0.0326945 secs] [Times: user=0.06 sys=0.00, real=0.03 secs] 
2016-10-17T16:28:32.155+0800: 20079.714: [CMS-concurrent-sweep-start]
2016-10-17T16:28:32.257+0800: 20079.816: [CMS-concurrent-sweep: 0.102/0.102 secs] [Times: user=0.16 sys=0.00, real=0.11 secs] 
2016-10-17T16:28:32.257+0800: 20079.816: [CMS-concurrent-reset-start]
2016-10-17T16:28:32.261+0800: 20079.820: [CMS-concurrent-reset: 0.004/0.004 secs] [Times: user=0.00 sys=0.00, real=0.00 secs] 
2016-10-17T16:28:33.511+0800: 20081.070: [GC (Allocation Failure) 2016-10-17T16:28:33.511+0800: 20081.070: [ParNew: 685696K->76160K(685696K), 0.0312765 secs] 1883521K->1363128K(2483840K), 0.0314113 secs] [Times: user=0.11 sys=0.00, real=0.03 secs] 
2016-10-17T16:28:33.543+0800: 20081.102: [GC (CMS Initial Mark) [1 CMS-initial-mark: 1286968K(1798144K)] 1363384K(2483840K), 0.0025379 secs] [Times: user=0.01 sys=0.00, real=0.00 secs] 
2016-10-17T16:28:33.545+0800: 20081.104: [CMS-concurrent-mark-start]
2016-10-17T16:28:33.759+0800: 20081.318: [CMS-concurrent-mark: 0.214/0.214 secs] [Times: user=0.31 sys=0.01, real=0.22 secs] 
2016-10-17T16:28:33.759+0800: 20081.318: [CMS-concurrent-preclean-start]
2016-10-17T16:28:33.765+0800: 20081.324: [CMS-concurrent-preclean: 0.005/0.005 secs] [Times: user=0.01 sys=0.00, real=0.00 secs] 
2016-10-17T16:28:33.765+0800: 20081.324: [CMS-concurrent-abortable-preclean-start]
2016-10-17T16:28:35.097+0800: 20082.656: [CMS-concurrent-abortable-preclean: 1.331/1.332 secs] [Times: user=1.90 sys=0.12, real=1.34 secs] 
2016-10-17T16:28:35.098+0800: 20082.657: [GC (CMS Final Remark) [YG occupancy: 389407 K (685696 K)]2016-10-17T16:28:35.098+0800: 20082.657: [Rescan (parallel) , 0.0144102 secs]2016-10-17T16:28:35.112+0800: 20082.671: [weak refs processing, 0.0001854 secs]2016-10-17T16:28:35.113+0800: 20082.671: [class unloading, 0.0138434 secs]2016-10-17T16:28:35.126+0800: 20082.685: [scrub symbol table, 0.0044822 secs]2016-10-17T16:28:35.131+0800: 20082.690: [scrub string table, 0.0007411 secs][1 CMS-remark: 1286968K(1798144K)] 1676376K(2483840K), 0.0340031 secs] [Times: user=0.08 sys=0.00, real=0.03 secs] 
2016-10-17T16:28:35.132+0800: 20082.691: [CMS-concurrent-sweep-start]
2016-10-17T16:28:35.304+0800: 20082.863: [CMS-concurrent-sweep: 0.172/0.172 secs] [Times: user=0.26 sys=0.01, real=0.17 secs] 
2016-10-17T16:28:35.304+0800: 20082.863: [CMS-concurrent-reset-start]
2016-10-17T16:28:35.307+0800: 20082.866: [CMS-concurrent-reset: 0.003/0.003 secs] [Times: user=0.00 sys=0.00, real=0.01 secs] 
2016-10-17T16:28:36.613+0800: 20084.172: [GC (Allocation Failure) 2016-10-17T16:28:36.613+0800: 20084.172: [ParNew: 685696K->76160K(685696K), 0.0339449 secs] 1721690K->1206786K(2483840K), 0.0340750 secs] [Times: user=0.12 sys=0.00, real=0.04 secs] 
2016-10-17T16:28:39.629+0800: 20087.188: [GC (Allocation Failure) 2016-10-17T16:28:39.629+0800: 20087.188: [ParNew: 685644K->76160K(685696K), 0.0320495 secs] 1816271K->1296276K(2483840K), 0.0322040 secs] [Times: user=0.11 sys=0.00, real=0.03 secs] 
2016-10-17T16:28:42.466+0800: 20090.025: [GC (Allocation Failure) 2016-10-17T16:28:42.466+0800: 20090.025: [ParNew: 685696K->76160K(685696K), 0.0525071 secs] 1905812K->1404614K(2483840K), 0.0526524 secs] [Times: user=0.18 sys=0.00, real=0.05 secs] 
2016-10-17T16:28:42.520+0800: 20090.078: [GC (CMS Initial Mark) [1 CMS-initial-mark: 1328454K(1798144K)] 1404910K(2483840K), 0.0059209 secs] [Times: user=0.02 sys=0.00, real=0.00 secs] 
2016-10-17T16:28:42.526+0800: 20090.085: [CMS-concurrent-mark-start]
2016-10-17T16:28:42.738+0800: 20090.297: [CMS-concurrent-mark: 0.212/0.212 secs] [Times: user=0.28 sys=0.01, real=0.21 secs] 
2016-10-17T16:28:42.738+0800: 20090.297: [CMS-concurrent-preclean-start]
2016-10-17T16:28:42.744+0800: 20090.303: [CMS-concurrent-preclean: 0.006/0.006 secs] [Times: user=0.00 sys=0.00, real=0.00 secs] 
2016-10-17T16:28:42.744+0800: 20090.303: [CMS-concurrent-abortable-preclean-start]
2016-10-17T16:28:44.295+0800: 20091.854: [CMS-concurrent-abortable-preclean: 1.550/1.551 secs] [Times: user=2.15 sys=0.20, real=1.55 secs] 
2016-10-17T16:28:44.296+0800: 20091.854: [GC (CMS Final Remark) [YG occupancy: 413180 K (685696 K)]2016-10-17T16:28:44.296+0800: 20091.854: [Rescan (parallel) , 0.0169563 secs]2016-10-17T16:28:44.313+0800: 20091.871: [weak refs processing, 0.0018433 secs]2016-10-17T16:28:44.315+0800: 20091.873: [class unloading, 0.0133022 secs]2016-10-17T16:28:44.328+0800: 20091.887: [scrub symbol table, 0.0043877 secs]2016-10-17T16:28:44.332+0800: 20091.891: [scrub string table, 0.0007066 secs][1 CMS-remark: 1328454K(1798144K)] 1741635K(2483840K), 0.0388128 secs] [Times: user=0.09 sys=0.00, real=0.04 secs] 
2016-10-17T16:28:44.335+0800: 20091.893: [CMS-concurrent-sweep-start]
2016-10-17T16:28:44.500+0800: 20092.059: [CMS-concurrent-sweep: 0.166/0.166 secs] [Times: user=0.24 sys=0.01, real=0.17 secs] 
2016-10-17T16:28:44.500+0800: 20092.059: [CMS-concurrent-reset-start]
2016-10-17T16:28:44.504+0800: 20092.063: [CMS-concurrent-reset: 0.003/0.003 secs] [Times: user=0.01 sys=0.00, real=0.00 secs] 
2016-10-17T16:28:45.700+0800: 20093.259: [GC (Allocation Failure) 2016-10-17T16:28:45.700+0800: 20093.259: [ParNew: 685511K->76160K(685696K), 0.0687003 secs] 1708446K->1193610K(2483840K), 0.0688357 secs] [Times: user=0.19 sys=0.00, real=0.07 secs] 
2016-10-17T16:28:48.813+0800: 20096.372: [GC (Allocation Failure) 2016-10-17T16:28:48.813+0800: 20096.372: [ParNew: 685627K->76160K(685696K), 0.0331855 secs] 1803077K->1287029K(2483840K), 0.0333327 secs] [Times: user=0.12 sys=0.00, real=0.04 secs] 
2016-10-17T16:28:51.478+0800: 20099.037: [GC (Allocation Failure) 2016-10-17T16:28:51.478+0800: 20099.037: [ParNew: 685696K->76160K(685696K), 0.0324921 secs] 1896565K->1369864K(2483840K), 0.0326190 secs] [Times: user=0.11 sys=0.00, real=0.03 secs] 
2016-10-17T16:28:51.511+0800: 20099.070: [GC (CMS Initial Mark) [1 CMS-initial-mark: 1293704K(1798144K)] 1370120K(2483840K), 0.0018014 secs] [Times: user=0.01 sys=0.00, real=0.00 secs] 
2016-10-17T16:28:51.513+0800: 20099.072: [CMS-concurrent-mark-start]
2016-10-17T16:28:51.770+0800: 20099.329: [CMS-concurrent-mark: 0.257/0.257 secs] [Times: user=0.35 sys=0.00, real=0.26 secs] 
2016-10-17T16:28:51.770+0800: 20099.329: [CMS-concurrent-preclean-start]
2016-10-17T16:28:51.776+0800: 20099.335: [CMS-concurrent-preclean: 0.005/0.005 secs] [Times: user=0.00 sys=0.00, real=0.00 secs] 
2016-10-17T16:28:51.776+0800: 20099.335: [CMS-concurrent-abortable-preclean-start]
2016-10-17T16:28:53.775+0800: 20101.334: [CMS-concurrent-abortable-preclean: 1.992/1.999 secs] [Times: user=2.68 sys=0.18, real=1.99 secs] 
2016-10-17T16:28:53.776+0800: 20101.334: [GC (CMS Final Remark) [YG occupancy: 390275 K (685696 K)]2016-10-17T16:28:53.776+0800: 20101.334: [Rescan (parallel) , 0.0157861 secs]2016-10-17T16:28:53.792+0800: 20101.350: [weak refs processing, 0.0004138 secs]2016-10-17T16:28:53.792+0800: 20101.351: [class unloading, 0.0222438 secs]2016-10-17T16:28:53.814+0800: 20101.373: [scrub symbol table, 0.0051414 secs]2016-10-17T16:28:53.819+0800: 20101.378: [scrub string table, 0.0007818 secs][1 CMS-remark: 1293704K(1798144K)] 1683980K(2483840K), 0.0548634 secs] [Times: user=0.10 sys=0.00, real=0.06 secs] 
2016-10-17T16:28:53.831+0800: 20101.390: [CMS-concurrent-sweep-start]
2016-10-17T16:28:53.951+0800: 20101.509: [CMS-concurrent-sweep: 0.120/0.120 secs] [Times: user=0.16 sys=0.01, real=0.12 secs] 
2016-10-17T16:28:53.951+0800: 20101.510: [CMS-concurrent-reset-start]
2016-10-17T16:28:53.954+0800: 20101.513: [CMS-concurrent-reset: 0.004/0.004 secs] [Times: user=0.01 sys=0.00, real=0.00 secs] 
2016-10-17T16:28:57.160+0800: 20104.719: [GC (Allocation Failure) 2016-10-17T16:28:57.160+0800: 20104.719: [ParNew: 685671K->76160K(685696K), 0.0352789 secs] 1739229K->1214159K(2483840K), 0.0354566 secs] [Times: user=0.13 sys=0.00, real=0.03 secs] 
2016-10-17T16:29:01.940+0800: 20109.499: [GC (Allocation Failure) 2016-10-17T16:29:01.940+0800: 20109.499: [ParNew: 685529K->76160K(685696K), 0.1268189 secs] 1823528K->1307003K(2483840K), 0.1269739 secs] [Times: user=0.31 sys=0.03, real=0.13 secs] 
2016-10-17T16:29:04.915+0800: 20112.474: [GC (Allocation Failure) 2016-10-17T16:29:04.915+0800: 20112.474: [ParNew: 685491K->76160K(685696K), 0.0294842 secs] 1916334K->1400444K(2483840K), 0.0296210 secs] [Times: user=0.11 sys=0.00, real=0.03 secs] 
2016-10-17T16:29:04.945+0800: 20112.504: [GC (CMS Initial Mark) [1 CMS-initial-mark: 1324284K(1798144K)] 1400700K(2483840K), 0.0025273 secs] [Times: user=0.01 sys=0.00, real=0.01 secs] 
2016-10-17T16:29:04.948+0800: 20112.507: [CMS-concurrent-mark-start]
2016-10-17T16:29:05.098+0800: 20112.657: [CMS-concurrent-mark: 0.150/0.150 secs] [Times: user=0.21 sys=0.01, real=0.15 secs] 
2016-10-17T16:29:05.098+0800: 20112.657: [CMS-concurrent-preclean-start]
2016-10-17T16:29:05.103+0800: 20112.662: [CMS-concurrent-preclean: 0.005/0.005 secs] [Times: user=0.01 sys=0.00, real=0.00 secs] 
2016-10-17T16:29:05.103+0800: 20112.662: [CMS-concurrent-abortable-preclean-start]
2016-10-17T16:29:06.405+0800: 20113.964: [CMS-concurrent-abortable-preclean: 1.300/1.303 secs] [Times: user=1.90 sys=0.11, real=1.30 secs] 
2016-10-17T16:29:06.406+0800: 20113.965: [GC (CMS Final Remark) [YG occupancy: 386329 K (685696 K)]2016-10-17T16:29:06.406+0800: 20113.965: [Rescan (parallel) , 0.0117708 secs]2016-10-17T16:29:06.418+0800: 20113.977: [weak refs processing, 0.0008405 secs]2016-10-17T16:29:06.419+0800: 20113.978: [class unloading, 0.0135009 secs]2016-10-17T16:29:06.432+0800: 20113.991: [scrub symbol table, 0.0047626 secs]2016-10-17T16:29:06.437+0800: 20113.996: [scrub string table, 0.0007143 secs][1 CMS-remark: 1324284K(1798144K)] 1710613K(2483840K), 0.0323354 secs] [Times: user=0.06 sys=0.00, real=0.03 secs] 
2016-10-17T16:29:06.439+0800: 20113.997: [CMS-concurrent-sweep-start]
2016-10-17T16:29:06.631+0800: 20114.190: [CMS-concurrent-sweep: 0.192/0.192 secs] [Times: user=0.26 sys=0.02, real=0.19 secs] 
2016-10-17T16:29:06.631+0800: 20114.190: [CMS-concurrent-reset-start]
2016-10-17T16:29:06.635+0800: 20114.194: [CMS-concurrent-reset: 0.004/0.004 secs] [Times: user=0.00 sys=0.00, real=0.00 secs] 
2016-10-17T16:29:07.997+0800: 20115.556: [GC (Allocation Failure) 2016-10-17T16:29:07.997+0800: 20115.556: [ParNew: 685696K->76160K(685696K), 0.0374878 secs] 1634930K->1128978K(2483840K), 0.0376427 secs] [Times: user=0.14 sys=0.00, real=0.03 secs] 
2016-10-17T16:29:11.849+0800: 20119.408: [GC (Allocation Failure) 2016-10-17T16:29:11.849+0800: 20119.408: [ParNew: 685696K->76160K(685696K), 0.0322557 secs] 1738514K->1210012K(2483840K), 0.0323815 secs] [Times: user=0.12 sys=0.00, real=0.03 secs] 
2016-10-17T16:29:15.655+0800: 20123.214: [GC (Allocation Failure) 2016-10-17T16:29:15.655+0800: 20123.214: [ParNew: 685663K->76160K(685696K), 0.0300232 secs] 1819515K->1300596K(2483840K), 0.0301455 secs] [Times: user=0.10 sys=0.00, real=0.03 secs] 
2016-10-17T16:29:20.787+0800: 20128.346: [GC (Allocation Failure) 2016-10-17T16:29:20.787+0800: 20128.346: [ParNew: 685696K->76160K(685696K), 0.0603030 secs] 1910132K->1397617K(2483840K), 0.0604836 secs] [Times: user=0.17 sys=0.00, real=0.06 secs] 
2016-10-17T16:29:20.848+0800: 20128.407: [GC (CMS Initial Mark) [1 CMS-initial-mark: 1321457K(1798144K)] 1397974K(2483840K), 0.0029673 secs] [Times: user=0.01 sys=0.00, real=0.00 secs] 
2016-10-17T16:29:20.852+0800: 20128.410: [CMS-concurrent-mark-start]
2016-10-17T16:29:21.217+0800: 20128.776: [CMS-concurrent-mark: 0.365/0.365 secs] [Times: user=0.42 sys=0.02, real=0.37 secs] 
2016-10-17T16:29:21.217+0800: 20128.776: [CMS-concurrent-preclean-start]
2016-10-17T16:29:21.224+0800: 20128.783: [CMS-concurrent-preclean: 0.007/0.007 secs] [Times: user=0.01 sys=0.00, real=0.00 secs] 
2016-10-17T16:29:21.224+0800: 20128.783: [CMS-concurrent-abortable-preclean-start]
2016-10-17T16:29:25.839+0800: 20133.397: [CMS-concurrent-abortable-preclean: 4.291/4.615 secs] [Times: user=4.84 sys=0.47, real=4.62 secs] 
2016-10-17T16:29:25.840+0800: 20133.398: [GC (CMS Final Remark) [YG occupancy: 384349 K (685696 K)]2016-10-17T16:29:25.840+0800: 20133.399: [Rescan (parallel) , 0.0128939 secs]2016-10-17T16:29:25.853+0800: 20133.411: [weak refs processing, 0.0003122 secs]2016-10-17T16:29:25.853+0800: 20133.412: [class unloading, 0.0146304 secs]2016-10-17T16:29:25.868+0800: 20133.426: [scrub symbol table, 0.0054503 secs]2016-10-17T16:29:25.873+0800: 20133.432: [scrub string table, 0.0008893 secs][1 CMS-remark: 1321457K(1798144K)] 1705806K(2483840K), 0.0345968 secs] [Times: user=0.07 sys=0.00, real=0.03 secs] 
2016-10-17T16:29:25.874+0800: 20133.433: [CMS-concurrent-sweep-start]
2016-10-17T16:29:25.958+0800: 20133.517: [CMS-concurrent-sweep: 0.084/0.084 secs] [Times: user=0.13 sys=0.00, real=0.09 secs] 
2016-10-17T16:29:25.958+0800: 20133.517: [CMS-concurrent-reset-start]
2016-10-17T16:29:25.962+0800: 20133.521: [CMS-concurrent-reset: 0.003/0.003 secs] [Times: user=0.00 sys=0.00, real=0.00 secs] 
2016-10-17T16:29:28.737+0800: 20136.296: [GC (Allocation Failure) 2016-10-17T16:29:28.737+0800: 20136.296: [ParNew: 685696K->76160K(685696K), 0.0306109 secs] 1686012K->1181612K(2483840K), 0.0307544 secs] [Times: user=0.09 sys=0.00, real=0.03 secs] 
2016-10-17T16:29:31.598+0800: 20139.157: [GC (Allocation Failure) 2016-10-17T16:29:31.598+0800: 20139.157: [ParNew: 685482K->76160K(685696K), 0.0310242 secs] 1790935K->1258807K(2483840K), 0.0311527 secs] [Times: user=0.11 sys=0.00, real=0.03 secs] 
2016-10-17T16:29:34.709+0800: 20142.268: [GC (Allocation Failure) 2016-10-17T16:29:34.709+0800: 20142.268: [ParNew: 685693K->76160K(685696K), 0.0382841 secs] 1868340K->1353562K(2483840K), 0.0384138 secs] [Times: user=0.12 sys=0.00, real=0.04 secs] 
2016-10-17T16:29:34.748+0800: 20142.307: [GC (CMS Initial Mark) [1 CMS-initial-mark: 1277402K(1798144K)] 1353993K(2483840K), 0.0022177 secs] [Times: user=0.00 sys=0.00, real=0.00 secs] 
2016-10-17T16:29:34.750+0800: 20142.309: [CMS-concurrent-mark-start]
2016-10-17T16:29:34.928+0800: 20142.487: [CMS-concurrent-mark: 0.178/0.178 secs] [Times: user=0.27 sys=0.01, real=0.18 secs] 
2016-10-17T16:29:34.928+0800: 20142.487: [CMS-concurrent-preclean-start]
2016-10-17T16:29:34.933+0800: 20142.492: [CMS-concurrent-preclean: 0.005/0.005 secs] [Times: user=0.00 sys=0.00, real=0.00 secs] 
2016-10-17T16:29:34.933+0800: 20142.492: [CMS-concurrent-abortable-preclean-start]
2016-10-17T16:29:36.247+0800: 20143.806: [CMS-concurrent-abortable-preclean: 1.312/1.314 secs] [Times: user=1.90 sys=0.13, real=1.32 secs] 
2016-10-17T16:29:36.247+0800: 20143.806: [GC (CMS Final Remark) [YG occupancy: 386707 K (685696 K)]2016-10-17T16:29:36.247+0800: 20143.806: [Rescan (parallel) , 0.0130740 secs]2016-10-17T16:29:36.260+0800: 20143.819: [weak refs processing, 0.0006539 secs]2016-10-17T16:29:36.261+0800: 20143.820: [class unloading, 0.0156388 secs]2016-10-17T16:29:36.277+0800: 20143.836: [scrub symbol table, 0.0046745 secs]2016-10-17T16:29:36.282+0800: 20143.840: [scrub string table, 0.0007117 secs][1 CMS-remark: 1277402K(1798144K)] 1664109K(2483840K), 0.0354484 secs] [Times: user=0.08 sys=0.00, real=0.03 secs] 
2016-10-17T16:29:36.283+0800: 20143.842: [CMS-concurrent-sweep-start]
2016-10-17T16:29:36.378+0800: 20143.936: [CMS-concurrent-sweep: 0.095/0.095 secs] [Times: user=0.13 sys=0.01, real=0.10 secs] 
2016-10-17T16:29:36.378+0800: 20143.937: [CMS-concurrent-reset-start]
2016-10-17T16:29:36.381+0800: 20143.940: [CMS-concurrent-reset: 0.003/0.003 secs] [Times: user=0.01 sys=0.00, real=0.00 secs] 
2016-10-17T16:29:37.818+0800: 20145.377: [GC (Allocation Failure) 2016-10-17T16:29:37.818+0800: 20145.377: [ParNew: 685473K->76160K(685696K), 0.0339958 secs] 1679444K->1158122K(2483840K), 0.0341296 secs] [Times: user=0.12 sys=0.00, real=0.03 secs] 
2016-10-17T16:29:41.027+0800: 20148.585: [GC (Allocation Failure) 2016-10-17T16:29:41.027+0800: 20148.585: [ParNew: 685594K->76160K(685696K), 0.0315988 secs] 1767556K->1250399K(2483840K), 0.0317253 secs] [Times: user=0.11 sys=0.00, real=0.03 secs] 
2016-10-17T16:29:44.186+0800: 20151.745: [GC (Allocation Failure) 2016-10-17T16:29:44.186+0800: 20151.745: [ParNew: 685570K->76160K(685696K), 0.0342686 secs] 1859809K->1342385K(2483840K), 0.0344060 secs] [Times: user=0.13 sys=0.00, real=0.03 secs] 
2016-10-17T16:29:44.221+0800: 20151.780: [GC (CMS Initial Mark) [1 CMS-initial-mark: 1266225K(1798144K)] 1342641K(2483840K), 0.0028990 secs] [Times: user=0.01 sys=0.00, real=0.00 secs] 
2016-10-17T16:29:44.224+0800: 20151.783: [CMS-concurrent-mark-start]
2016-10-17T16:29:44.427+0800: 20151.985: [CMS-concurrent-mark: 0.202/0.202 secs] [Times: user=0.29 sys=0.02, real=0.21 secs] 
2016-10-17T16:29:44.427+0800: 20151.985: [CMS-concurrent-preclean-start]
2016-10-17T16:29:44.432+0800: 20151.991: [CMS-concurrent-preclean: 0.006/0.006 secs] [Times: user=0.01 sys=0.00, real=0.00 secs] 
2016-10-17T16:29:44.432+0800: 20151.991: [CMS-concurrent-abortable-preclean-start]
2016-10-17T16:29:45.841+0800: 20153.400: [CMS-concurrent-abortable-preclean: 1.408/1.409 secs] [Times: user=2.03 sys=0.13, real=1.41 secs] 
2016-10-17T16:29:45.842+0800: 20153.401: [GC (CMS Final Remark) [YG occupancy: 381319 K (685696 K)]2016-10-17T16:29:45.842+0800: 20153.401: [Rescan (parallel) , 0.0119576 secs]2016-10-17T16:29:45.854+0800: 20153.413: [weak refs processing, 0.0004771 secs]2016-10-17T16:29:45.854+0800: 20153.413: [class unloading, 0.0166992 secs]2016-10-17T16:29:45.871+0800: 20153.430: [scrub symbol table, 0.0068750 secs]2016-10-17T16:29:45.878+0800: 20153.437: [scrub string table, 0.0010686 secs][1 CMS-remark: 1266225K(1798144K)] 1647545K(2483840K), 0.0376562 secs] [Times: user=0.07 sys=0.00, real=0.04 secs] 
2016-10-17T16:29:45.880+0800: 20153.439: [CMS-concurrent-sweep-start]
2016-10-17T16:29:45.967+0800: 20153.526: [CMS-concurrent-sweep: 0.087/0.087 secs] [Times: user=0.13 sys=0.01, real=0.09 secs] 
2016-10-17T16:29:45.967+0800: 20153.526: [CMS-concurrent-reset-start]
2016-10-17T16:29:45.970+0800: 20153.529: [CMS-concurrent-reset: 0.003/0.003 secs] [Times: user=0.01 sys=0.00, real=0.00 secs] 
2016-10-17T16:29:47.506+0800: 20155.065: [GC (Allocation Failure) 2016-10-17T16:29:47.506+0800: 20155.065: [ParNew: 685534K->76160K(685696K), 0.0390823 secs] 1671119K->1153139K(2483840K), 0.0392100 secs] [Times: user=0.13 sys=0.00, real=0.03 secs] 
2016-10-17T16:29:50.699+0800: 20158.258: [GC (Allocation Failure) 2016-10-17T16:29:50.699+0800: 20158.258: [ParNew: 685603K->76160K(685696K), 0.0358027 secs] 1762583K->1241359K(2483840K), 0.0359370 secs] [Times: user=0.14 sys=0.00, real=0.03 secs] 
2016-10-17T16:29:53.736+0800: 20161.295: [GC (Allocation Failure) 2016-10-17T16:29:53.736+0800: 20161.295: [ParNew: 685480K->76160K(685696K), 0.0344124 secs] 1850680K->1334790K(2483840K), 0.0345562 secs] [Times: user=0.12 sys=0.00, real=0.04 secs] 
2016-10-17T16:29:56.906+0800: 20164.465: [GC (Allocation Failure) 2016-10-17T16:29:56.906+0800: 20164.465: [ParNew: 685696K->76160K(685696K), 0.0407064 secs] 1944326K->1424537K(2483840K), 0.0408375 secs] [Times: user=0.14 sys=0.00, real=0.04 secs] 
2016-10-17T16:29:56.948+0800: 20164.506: [GC (CMS Initial Mark) [1 CMS-initial-mark: 1348377K(1798144K)] 1424846K(2483840K), 0.0019844 secs] [Times: user=0.00 sys=0.00, real=0.00 secs] 
2016-10-17T16:29:56.950+0800: 20164.509: [CMS-concurrent-mark-start]
2016-10-17T16:29:57.197+0800: 20164.755: [CMS-concurrent-mark: 0.247/0.247 secs] [Times: user=0.37 sys=0.00, real=0.25 secs] 
2016-10-17T16:29:57.197+0800: 20164.755: [CMS-concurrent-preclean-start]
2016-10-17T16:29:57.202+0800: 20164.761: [CMS-concurrent-preclean: 0.005/0.006 secs] [Times: user=0.01 sys=0.00, real=0.00 secs] 
2016-10-17T16:29:57.202+0800: 20164.761: [CMS-concurrent-abortable-preclean-start]
2016-10-17T16:29:58.792+0800: 20166.351: [CMS-concurrent-abortable-preclean: 1.488/1.590 secs] [Times: user=2.18 sys=0.12, real=1.59 secs] 
2016-10-17T16:29:58.793+0800: 20166.352: [GC (CMS Final Remark) [YG occupancy: 386853 K (685696 K)]2016-10-17T16:29:58.793+0800: 20166.352: [Rescan (parallel) , 0.0115241 secs]2016-10-17T16:29:58.805+0800: 20166.363: [weak refs processing, 0.0004449 secs]2016-10-17T16:29:58.805+0800: 20166.364: [class unloading, 0.0131356 secs]2016-10-17T16:29:58.818+0800: 20166.377: [scrub symbol table, 0.0050130 secs]2016-10-17T16:29:58.823+0800: 20166.382: [scrub string table, 0.0007520 secs][1 CMS-remark: 1348377K(1798144K)] 1735230K(2483840K), 0.0314166 secs] [Times: user=0.07 sys=0.00, real=0.03 secs] 
2016-10-17T16:29:58.825+0800: 20166.383: [CMS-concurrent-sweep-start]
2016-10-17T16:29:58.925+0800: 20166.484: [CMS-concurrent-sweep: 0.101/0.101 secs] [Times: user=0.15 sys=0.00, real=0.10 secs] 
2016-10-17T16:29:58.926+0800: 20166.484: [CMS-concurrent-reset-start]
2016-10-17T16:29:58.929+0800: 20166.488: [CMS-concurrent-reset: 0.004/0.004 secs] [Times: user=0.00 sys=0.00, real=0.01 secs] 
2016-10-17T16:30:00.485+0800: 20168.044: [GC (Allocation Failure) 2016-10-17T16:30:00.485+0800: 20168.044: [ParNew: 685468K->76160K(685696K), 0.0423230 secs] 1712845K->1194140K(2483840K), 0.0425492 secs] [Times: user=0.13 sys=0.00, real=0.05 secs] 
2016-10-17T16:30:03.705+0800: 20171.264: [GC (Allocation Failure) 2016-10-17T16:30:03.705+0800: 20171.264: [ParNew: 685644K->76160K(685696K), 0.0335922 secs] 1803624K->1285740K(2483840K), 0.0337495 secs] [Times: user=0.12 sys=0.00, real=0.04 secs] 
2016-10-17T16:30:06.776+0800: 20174.335: [GC (Allocation Failure) 2016-10-17T16:30:06.776+0800: 20174.335: [ParNew: 685643K->76160K(685696K), 0.0376686 secs] 1895224K->1379489K(2483840K), 0.0378904 secs] [Times: user=0.13 sys=0.00, real=0.03 secs] 
2016-10-17T16:30:06.815+0800: 20174.373: [GC (CMS Initial Mark) [1 CMS-initial-mark: 1303329K(1798144K)] 1380126K(2483840K), 0.0016900 secs] [Times: user=0.01 sys=0.00, real=0.01 secs] 
2016-10-17T16:30:06.816+0800: 20174.375: [CMS-concurrent-mark-start]
2016-10-17T16:30:07.056+0800: 20174.614: [CMS-concurrent-mark: 0.239/0.239 secs] [Times: user=0.35 sys=0.02, real=0.23 secs] 
2016-10-17T16:30:07.056+0800: 20174.614: [CMS-concurrent-preclean-start]
2016-10-17T16:30:07.061+0800: 20174.620: [CMS-concurrent-preclean: 0.005/0.005 secs] [Times: user=0.00 sys=0.00, real=0.01 secs] 
2016-10-17T16:30:07.061+0800: 20174.620: [CMS-concurrent-abortable-preclean-start]
2016-10-17T16:30:08.524+0800: 20176.083: [CMS-concurrent-abortable-preclean: 1.461/1.463 secs] [Times: user=2.11 sys=0.10, real=1.46 secs] 
2016-10-17T16:30:08.524+0800: 20176.083: [GC (CMS Final Remark) [YG occupancy: 387325 K (685696 K)]2016-10-17T16:30:08.525+0800: 20176.083: [Rescan (parallel) , 0.0160129 secs]2016-10-17T16:30:08.541+0800: 20176.099: [weak refs processing, 0.0003105 secs]2016-10-17T16:30:08.541+0800: 20176.100: [class unloading, 0.0131253 secs]2016-10-17T16:30:08.554+0800: 20176.113: [scrub symbol table, 0.0043797 secs]2016-10-17T16:30:08.558+0800: 20176.117: [scrub string table, 0.0006999 secs][1 CMS-remark: 1303329K(1798144K)] 1690655K(2483840K), 0.0348807 secs] [Times: user=0.07 sys=0.00, real=0.04 secs] 
2016-10-17T16:30:08.560+0800: 20176.118: [CMS-concurrent-sweep-start]
2016-10-17T16:30:08.648+0800: 20176.206: [CMS-concurrent-sweep: 0.088/0.088 secs] [Times: user=0.12 sys=0.01, real=0.09 secs] 
2016-10-17T16:30:08.648+0800: 20176.207: [CMS-concurrent-reset-start]
2016-10-17T16:30:08.651+0800: 20176.210: [CMS-concurrent-reset: 0.003/0.003 secs] [Times: user=0.00 sys=0.00, real=0.00 secs] 
2016-10-17T16:30:10.098+0800: 20177.657: [GC (Allocation Failure) 2016-10-17T16:30:10.099+0800: 20177.657: [ParNew: 685664K->76160K(685696K), 0.0308808 secs] 1708343K->1188707K(2483840K), 0.0310285 secs] [Times: user=0.10 sys=0.01, real=0.03 secs] 
2016-10-17T16:30:13.958+0800: 20181.517: [GC (Allocation Failure) 2016-10-17T16:30:13.958+0800: 20181.517: [ParNew: 685696K->76160K(685696K), 0.0370022 secs] 1798243K->1282297K(2483840K), 0.0371567 secs] [Times: user=0.13 sys=0.00, real=0.03 secs] 
2016-10-17T16:30:17.308+0800: 20184.867: [GC (Allocation Failure) 2016-10-17T16:30:17.308+0800: 20184.867: [ParNew: 685691K->76160K(685696K), 0.0498327 secs] 1891828K->1376250K(2483840K), 0.0499720 secs] [Times: user=0.12 sys=0.00, real=0.05 secs] 
2016-10-17T16:30:17.358+0800: 20184.917: [GC (CMS Initial Mark) [1 CMS-initial-mark: 1300090K(1798144K)] 1376550K(2483840K), 0.0019020 secs] [Times: user=0.01 sys=0.00, real=0.00 secs] 
2016-10-17T16:30:17.360+0800: 20184.919: [CMS-concurrent-mark-start]
2016-10-17T16:30:17.608+0800: 20185.167: [CMS-concurrent-mark: 0.248/0.248 secs] [Times: user=0.36 sys=0.02, real=0.25 secs] 
2016-10-17T16:30:17.608+0800: 20185.167: [CMS-concurrent-preclean-start]
2016-10-17T16:30:17.614+0800: 20185.173: [CMS-concurrent-preclean: 0.005/0.005 secs] [Times: user=0.01 sys=0.00, real=0.00 secs] 
2016-10-17T16:30:17.614+0800: 20185.173: [CMS-concurrent-abortable-preclean-start]
2016-10-17T16:30:19.012+0800: 20186.571: [CMS-concurrent-abortable-preclean: 1.297/1.399 secs] [Times: user=1.90 sys=0.12, real=1.40 secs] 
2016-10-17T16:30:19.014+0800: 20186.573: [GC (CMS Final Remark) [YG occupancy: 383558 K (685696 K)]2016-10-17T16:30:19.014+0800: 20186.573: [Rescan (parallel) , 0.0151027 secs]2016-10-17T16:30:19.029+0800: 20186.588: [weak refs processing, 0.0003664 secs]2016-10-17T16:30:19.030+0800: 20186.589: [class unloading, 0.0189919 secs]2016-10-17T16:30:19.049+0800: 20186.608: [scrub symbol table, 0.0079443 secs]2016-10-17T16:30:19.057+0800: 20186.616: [scrub string table, 0.0010487 secs][1 CMS-remark: 1300090K(1798144K)] 1683648K(2483840K), 0.0439208 secs] [Times: user=0.09 sys=0.00, real=0.05 secs] 
2016-10-17T16:30:19.058+0800: 20186.617: [CMS-concurrent-sweep-start]
2016-10-17T16:30:19.142+0800: 20186.701: [CMS-concurrent-sweep: 0.084/0.084 secs] [Times: user=0.13 sys=0.00, real=0.08 secs] 
2016-10-17T16:30:19.142+0800: 20186.701: [CMS-concurrent-reset-start]
2016-10-17T16:30:19.145+0800: 20186.704: [CMS-concurrent-reset: 0.003/0.003 secs] [Times: user=0.01 sys=0.00, real=0.00 secs] 
2016-10-17T16:30:21.096+0800: 20188.655: [GC (Allocation Failure) 2016-10-17T16:30:21.096+0800: 20188.655: [ParNew: 685587K->76160K(685696K), 0.0464512 secs] 1743378K->1221294K(2483840K), 0.0466356 secs] [Times: user=0.12 sys=0.00, real=0.04 secs] 
2016-10-17T16:30:28.865+0800: 20196.424: [GC (Allocation Failure) 2016-10-17T16:30:28.865+0800: 20196.424: [ParNew: 685460K->76160K(685696K), 0.0802463 secs] 1830594K->1313504K(2483840K), 0.0804114 secs] [Times: user=0.11 sys=0.00, real=0.08 secs] 
2016-10-17T16:30:32.664+0800: 20200.223: [GC (Allocation Failure) 2016-10-17T16:30:32.664+0800: 20200.223: [ParNew: 685696K->76160K(685696K), 0.0479056 secs] 1923040K->1413134K(2483840K), 0.0480544 secs] [Times: user=0.09 sys=0.00, real=0.05 secs] 
2016-10-17T16:30:32.713+0800: 20200.271: [GC (CMS Initial Mark) [1 CMS-initial-mark: 1336974K(1798144K)] 1413390K(2483840K), 0.0026972 secs] [Times: user=0.01 sys=0.00, real=0.00 secs] 
2016-10-17T16:30:32.715+0800: 20200.274: [CMS-concurrent-mark-start]
2016-10-17T16:30:32.981+0800: 20200.540: [CMS-concurrent-mark: 0.265/0.265 secs] [Times: user=0.39 sys=0.02, real=0.27 secs] 
2016-10-17T16:30:32.981+0800: 20200.540: [CMS-concurrent-preclean-start]
2016-10-17T16:30:32.988+0800: 20200.547: [CMS-concurrent-preclean: 0.007/0.007 secs] [Times: user=0.01 sys=0.00, real=0.01 secs] 
2016-10-17T16:30:32.988+0800: 20200.547: [CMS-concurrent-abortable-preclean-start]
2016-10-17T16:30:34.449+0800: 20202.008: [CMS-concurrent-abortable-preclean: 1.359/1.461 secs] [Times: user=1.98 sys=0.10, real=1.46 secs] 
2016-10-17T16:30:34.450+0800: 20202.008: [GC (CMS Final Remark) [YG occupancy: 387640 K (685696 K)]2016-10-17T16:30:34.450+0800: 20202.009: [Rescan (parallel) , 0.0215607 secs]2016-10-17T16:30:34.471+0800: 20202.030: [weak refs processing, 0.0003180 secs]2016-10-17T16:30:34.472+0800: 20202.030: [class unloading, 0.0131984 secs]2016-10-17T16:30:34.485+0800: 20202.044: [scrub symbol table, 0.0041476 secs]2016-10-17T16:30:34.489+0800: 20202.048: [scrub string table, 0.0006944 secs][1 CMS-remark: 1336974K(1798144K)] 1724614K(2483840K), 0.0402767 secs] [Times: user=0.07 sys=0.00, real=0.04 secs] 
2016-10-17T16:30:34.490+0800: 20202.049: [CMS-concurrent-sweep-start]
2016-10-17T16:30:34.610+0800: 20202.169: [CMS-concurrent-sweep: 0.120/0.120 secs] [Times: user=0.18 sys=0.00, real=0.12 secs] 
2016-10-17T16:30:34.610+0800: 20202.169: [CMS-concurrent-reset-start]
2016-10-17T16:30:34.614+0800: 20202.173: [CMS-concurrent-reset: 0.003/0.003 secs] [Times: user=0.01 sys=0.00, real=0.00 secs] 
2016-10-17T16:30:36.088+0800: 20203.647: [GC (Allocation Failure) 2016-10-17T16:30:36.088+0800: 20203.647: [ParNew: 685696K->76160K(685696K), 0.0487762 secs] 1743050K->1220577K(2483840K), 0.0489435 secs] [Times: user=0.16 sys=0.00, real=0.05 secs] 
2016-10-17T16:30:39.446+0800: 20207.005: [GC (Allocation Failure) 2016-10-17T16:30:39.446+0800: 20207.005: [ParNew: 685696K->76160K(685696K), 0.0274266 secs] 1830113K->1305708K(2483840K), 0.0275702 secs] [Times: user=0.11 sys=0.00, real=0.02 secs] 
2016-10-17T16:30:42.434+0800: 20209.992: [GC (Allocation Failure) 2016-10-17T16:30:42.434+0800: 20209.992: [ParNew: 685696K->76160K(685696K), 0.0564157 secs] 1915244K->1397158K(2483840K), 0.0565692 secs] [Times: user=0.11 sys=0.00, real=0.06 secs] 
2016-10-17T16:30:42.491+0800: 20210.050: [GC (CMS Initial Mark) [1 CMS-initial-mark: 1320998K(1798144K)] 1397776K(2483840K), 0.0026829 secs] [Times: user=0.01 sys=0.00, real=0.00 secs] 
2016-10-17T16:30:42.494+0800: 20210.052: [CMS-concurrent-mark-start]
2016-10-17T16:30:42.784+0800: 20210.342: [CMS-concurrent-mark: 0.290/0.290 secs] [Times: user=0.36 sys=0.01, real=0.29 secs] 
2016-10-17T16:30:42.784+0800: 20210.342: [CMS-concurrent-preclean-start]
2016-10-17T16:30:42.790+0800: 20210.349: [CMS-concurrent-preclean: 0.006/0.006 secs] [Times: user=0.01 sys=0.00, real=0.01 secs] 
2016-10-17T16:30:42.790+0800: 20210.349: [CMS-concurrent-abortable-preclean-start]
2016-10-17T16:30:44.280+0800: 20211.839: [CMS-concurrent-abortable-preclean: 1.489/1.490 secs] [Times: user=2.17 sys=0.09, real=1.49 secs] 
2016-10-17T16:30:44.281+0800: 20211.839: [GC (CMS Final Remark) [YG occupancy: 382303 K (685696 K)]2016-10-17T16:30:44.281+0800: 20211.839: [Rescan (parallel) , 0.0131322 secs]2016-10-17T16:30:44.294+0800: 20211.852: [weak refs processing, 0.0002888 secs]2016-10-17T16:30:44.294+0800: 20211.853: [class unloading, 0.0135173 secs]2016-10-17T16:30:44.308+0800: 20211.866: [scrub symbol table, 0.0048206 secs]2016-10-17T16:30:44.312+0800: 20211.871: [scrub string table, 0.0007138 secs][1 CMS-remark: 1320998K(1798144K)] 1703301K(2483840K), 0.0328260 secs] [Times: user=0.07 sys=0.00, real=0.03 secs] 
2016-10-17T16:30:44.314+0800: 20211.872: [CMS-concurrent-sweep-start]
2016-10-17T16:30:44.416+0800: 20211.975: [CMS-concurrent-sweep: 0.103/0.103 secs] [Times: user=0.15 sys=0.01, real=0.11 secs] 
2016-10-17T16:30:44.416+0800: 20211.975: [CMS-concurrent-reset-start]
2016-10-17T16:30:44.420+0800: 20211.978: [CMS-concurrent-reset: 0.003/0.003 secs] [Times: user=0.01 sys=0.00, real=0.00 secs] 
2016-10-17T16:30:45.843+0800: 20213.401: [GC (Allocation Failure) 2016-10-17T16:30:45.843+0800: 20213.401: [ParNew: 685488K->76160K(685696K), 0.0598853 secs] 1765280K->1259974K(2483840K), 0.0600002 secs] [Times: user=0.14 sys=0.00, real=0.06 secs] 
2016-10-17T16:30:49.027+0800: 20216.586: [GC (Allocation Failure) 2016-10-17T16:30:49.027+0800: 20216.586: [ParNew: 685696K->76160K(685696K), 0.0274689 secs] 1869510K->1338789K(2483840K), 0.0276022 secs] [Times: user=0.10 sys=0.00, real=0.02 secs] 
2016-10-17T16:30:49.055+0800: 20216.614: [GC (CMS Initial Mark) [1 CMS-initial-mark: 1262629K(1798144K)] 1339045K(2483840K), 0.0016843 secs] [Times: user=0.01 sys=0.00, real=0.01 secs] 
2016-10-17T16:30:49.057+0800: 20216.616: [CMS-concurrent-mark-start]
2016-10-17T16:30:49.350+0800: 20216.909: [CMS-concurrent-mark: 0.293/0.293 secs] [Times: user=0.42 sys=0.02, real=0.29 secs] 
2016-10-17T16:30:49.350+0800: 20216.909: [CMS-concurrent-preclean-start]
2016-10-17T16:30:49.356+0800: 20216.914: [CMS-concurrent-preclean: 0.005/0.006 secs] [Times: user=0.01 sys=0.00, real=0.00 secs] 
2016-10-17T16:30:49.356+0800: 20216.914: [CMS-concurrent-abortable-preclean-start]
2016-10-17T16:30:52.483+0800: 20220.042: [GC (Allocation Failure) 2016-10-17T16:30:52.483+0800: 20220.042: [ParNew: 685696K->76160K(685696K), 0.0309836 secs] 1948325K->1429004K(2483840K), 0.0311229 secs] [Times: user=0.11 sys=0.00, real=0.03 secs] 
2016-10-17T16:30:54.184+0800: 20221.743: [CMS-concurrent-abortable-preclean: 4.588/4.828 secs] [Times: user=6.80 sys=0.38, real=4.83 secs] 
2016-10-17T16:30:54.184+0800: 20221.743: [GC (CMS Final Remark) [YG occupancy: 384863 K (685696 K)]2016-10-17T16:30:54.184+0800: 20221.743: [Rescan (parallel) , 0.0114989 secs]2016-10-17T16:30:54.196+0800: 20221.755: [weak refs processing, 0.0001728 secs]2016-10-17T16:30:54.196+0800: 20221.755: [class unloading, 0.0134574 secs]2016-10-17T16:30:54.210+0800: 20221.768: [scrub symbol table, 0.0046772 secs]2016-10-17T16:30:54.214+0800: 20221.773: [scrub string table, 0.0008081 secs][1 CMS-remark: 1352844K(1798144K)] 1737708K(2483840K), 0.0309144 secs] [Times: user=0.06 sys=0.00, real=0.03 secs] 
2016-10-17T16:30:54.216+0800: 20221.774: [CMS-concurrent-sweep-start]
2016-10-17T16:30:54.315+0800: 20221.873: [CMS-concurrent-sweep: 0.099/0.099 secs] [Times: user=0.14 sys=0.02, real=0.10 secs] 
2016-10-17T16:30:54.315+0800: 20221.874: [CMS-concurrent-reset-start]
2016-10-17T16:30:54.318+0800: 20221.877: [CMS-concurrent-reset: 0.003/0.003 secs] [Times: user=0.00 sys=0.00, real=0.01 secs] 
2016-10-17T16:30:55.738+0800: 20223.297: [GC (Allocation Failure) 2016-10-17T16:30:55.738+0800: 20223.297: [ParNew: 685696K->76160K(685696K), 0.0357247 secs] 1839914K->1325473K(2483840K), 0.0358582 secs] [Times: user=0.12 sys=0.00, real=0.03 secs] 
2016-10-17T16:30:58.616+0800: 20226.175: [GC (Allocation Failure) 2016-10-17T16:30:58.616+0800: 20226.175: [ParNew: 685696K->76160K(685696K), 0.0679934 secs] 1935009K->1412927K(2483840K), 0.0681272 secs] [Times: user=0.10 sys=0.00, real=0.06 secs] 
2016-10-17T16:30:58.688+0800: 20226.247: [GC (CMS Initial Mark) [1 CMS-initial-mark: 1336767K(1798144K)] 1413526K(2483840K), 0.0031158 secs] [Times: user=0.00 sys=0.00, real=0.00 secs] 
2016-10-17T16:30:58.697+0800: 20226.256: [CMS-concurrent-mark-start]
2016-10-17T16:30:59.027+0800: 20226.586: [CMS-concurrent-mark: 0.330/0.330 secs] [Times: user=0.45 sys=0.01, real=0.33 secs] 
2016-10-17T16:30:59.027+0800: 20226.586: [CMS-concurrent-preclean-start]
2016-10-17T16:30:59.033+0800: 20226.591: [CMS-concurrent-preclean: 0.006/0.006 secs] [Times: user=0.01 sys=0.00, real=0.00 secs] 
2016-10-17T16:30:59.033+0800: 20226.592: [CMS-concurrent-abortable-preclean-start]
2016-10-17T16:31:00.525+0800: 20228.083: [CMS-concurrent-abortable-preclean: 1.490/1.492 secs] [Times: user=2.14 sys=0.10, real=1.49 secs] 
2016-10-17T16:31:00.525+0800: 20228.084: [GC (CMS Final Remark) [YG occupancy: 381988 K (685696 K)]2016-10-17T16:31:00.525+0800: 20228.084: [Rescan (parallel) , 0.0118992 secs]2016-10-17T16:31:00.537+0800: 20228.096: [weak refs processing, 0.0002704 secs]2016-10-17T16:31:00.537+0800: 20228.096: [class unloading, 0.0134758 secs]2016-10-17T16:31:00.551+0800: 20228.110: [scrub symbol table, 0.0043168 secs]2016-10-17T16:31:00.555+0800: 20228.114: [scrub string table, 0.0006901 secs][1 CMS-remark: 1336767K(1798144K)] 1718755K(2483840K), 0.0309900 secs] [Times: user=0.07 sys=0.00, real=0.04 secs] 
2016-10-17T16:31:00.556+0800: 20228.115: [CMS-concurrent-sweep-start]
2016-10-17T16:31:00.661+0800: 20228.220: [CMS-concurrent-sweep: 0.105/0.105 secs] [Times: user=0.12 sys=0.01, real=0.10 secs] 
2016-10-17T16:31:00.661+0800: 20228.220: [CMS-concurrent-reset-start]
2016-10-17T16:31:00.665+0800: 20228.224: [CMS-concurrent-reset: 0.003/0.003 secs] [Times: user=0.01 sys=0.00, real=0.00 secs] 
2016-10-17T16:31:02.447+0800: 20230.006: [GC (Allocation Failure) 2016-10-17T16:31:02.448+0800: 20230.006: [ParNew: 685696K->76160K(685696K), 0.0390190 secs] 1781473K->1266441K(2483840K), 0.0391563 secs] [Times: user=0.11 sys=0.00, real=0.04 secs] 
2016-10-17T16:31:05.676+0800: 20233.234: [GC (Allocation Failure) 2016-10-17T16:31:05.676+0800: 20233.235: [ParNew: 685675K->76160K(685696K), 0.0342964 secs] 1875957K->1353299K(2483840K), 0.0345010 secs] [Times: user=0.12 sys=0.00, real=0.04 secs] 
2016-10-17T16:31:05.711+0800: 20233.270: [GC (CMS Initial Mark) [1 CMS-initial-mark: 1277139K(1798144K)] 1353687K(2483840K), 0.0029607 secs] [Times: user=0.01 sys=0.00, real=0.00 secs] 
2016-10-17T16:31:05.714+0800: 20233.273: [CMS-concurrent-mark-start]
2016-10-17T16:31:06.071+0800: 20233.630: [CMS-concurrent-mark: 0.354/0.357 secs] [Times: user=0.50 sys=0.05, real=0.36 secs] 
2016-10-17T16:31:06.071+0800: 20233.630: [CMS-concurrent-preclean-start]
2016-10-17T16:31:06.078+0800: 20233.636: [CMS-concurrent-preclean: 0.006/0.006 secs] [Times: user=0.00 sys=0.00, real=0.01 secs] 
2016-10-17T16:31:06.078+0800: 20233.636: [CMS-concurrent-abortable-preclean-start]
2016-10-17T16:31:09.055+0800: 20236.614: [GC (Allocation Failure) 2016-10-17T16:31:09.055+0800: 20236.614: [ParNew: 685658K->76160K(685696K), 0.0311771 secs] 1962797K->1444111K(2483840K), 0.0313071 secs] [Times: user=0.11 sys=0.00, real=0.04 secs] 
 CMS: abort preclean due to time 2016-10-17T16:31:11.089+0800: 20238.648: [CMS-concurrent-abortable-preclean: 4.872/5.011 secs] [Times: user=6.89 sys=0.55, real=5.01 secs] 
2016-10-17T16:31:11.090+0800: 20238.648: [GC (CMS Final Remark) [YG occupancy: 323962 K (685696 K)]2016-10-17T16:31:11.090+0800: 20238.648: [Rescan (parallel) , 0.0193044 secs]2016-10-17T16:31:11.109+0800: 20238.668: [weak refs processing, 0.0002935 secs]2016-10-17T16:31:11.109+0800: 20238.668: [class unloading, 0.0138035 secs]2016-10-17T16:31:11.123+0800: 20238.682: [scrub symbol table, 0.0046198 secs]2016-10-17T16:31:11.128+0800: 20238.687: [scrub string table, 0.0007739 secs][1 CMS-remark: 1367951K(1798144K)] 1691913K(2483840K), 0.0391638 secs] [Times: user=0.08 sys=0.00, real=0.04 secs] 
2016-10-17T16:31:11.129+0800: 20238.688: [CMS-concurrent-sweep-start]
2016-10-17T16:31:11.243+0800: 20238.802: [CMS-concurrent-sweep: 0.114/0.114 secs] [Times: user=0.17 sys=0.01, real=0.11 secs] 
2016-10-17T16:31:11.243+0800: 20238.802: [CMS-concurrent-reset-start]
2016-10-17T16:31:11.247+0800: 20238.806: [CMS-concurrent-reset: 0.004/0.004 secs] [Times: user=0.00 sys=0.00, real=0.01 secs] 
2016-10-17T16:31:13.750+0800: 20241.309: [GC (Allocation Failure) 2016-10-17T16:31:13.750+0800: 20241.309: [ParNew: 685696K->76160K(685696K), 0.0325940 secs] 1851976K->1333782K(2483840K), 0.0327675 secs] [Times: user=0.13 sys=0.00, real=0.03 secs] 
2016-10-17T16:31:17.672+0800: 20245.231: [GC (Allocation Failure) 2016-10-17T16:31:17.672+0800: 20245.231: [ParNew: 685521K->76160K(685696K), 0.0555030 secs] 1943143K->1431945K(2483840K), 0.0556725 secs] [Times: user=0.14 sys=0.00, real=0.06 secs] 
2016-10-17T16:31:17.729+0800: 20245.288: [GC (CMS Initial Mark) [1 CMS-initial-mark: 1355785K(1798144K)] 1432556K(2483840K), 0.0022370 secs] [Times: user=0.01 sys=0.00, real=0.00 secs] 
2016-10-17T16:31:17.731+0800: 20245.290: [CMS-concurrent-mark-start]
2016-10-17T16:31:18.100+0800: 20245.659: [CMS-concurrent-mark: 0.369/0.369 secs] [Times: user=0.50 sys=0.05, real=0.37 secs] 
2016-10-17T16:31:18.100+0800: 20245.659: [CMS-concurrent-preclean-start]
2016-10-17T16:31:18.106+0800: 20245.665: [CMS-concurrent-preclean: 0.006/0.006 secs] [Times: user=0.01 sys=0.00, real=0.01 secs] 
2016-10-17T16:31:18.106+0800: 20245.665: [CMS-concurrent-abortable-preclean-start]
 CMS: abort preclean due to time 2016-10-17T16:31:23.163+0800: 20250.722: [CMS-concurrent-abortable-preclean: 3.771/5.057 secs] [Times: user=4.28 sys=0.26, real=5.05 secs] 
2016-10-17T16:31:23.164+0800: 20250.723: [GC (CMS Final Remark) [YG occupancy: 497903 K (685696 K)]2016-10-17T16:31:23.164+0800: 20250.723: [Rescan (parallel) , 0.0322354 secs]2016-10-17T16:31:23.196+0800: 20250.755: [weak refs processing, 0.0002647 secs]2016-10-17T16:31:23.196+0800: 20250.755: [class unloading, 0.0134904 secs]2016-10-17T16:31:23.210+0800: 20250.769: [scrub symbol table, 0.0044771 secs]2016-10-17T16:31:23.214+0800: 20250.773: [scrub string table, 0.0007319 secs][1 CMS-remark: 1355785K(1798144K)] 1853689K(2483840K), 0.0515130 secs] [Times: user=0.09 sys=0.00, real=0.05 secs] 
2016-10-17T16:31:23.216+0800: 20250.774: [CMS-concurrent-sweep-start]
2016-10-17T16:31:23.424+0800: 20250.982: [CMS-concurrent-sweep: 0.208/0.208 secs] [Times: user=0.21 sys=0.03, real=0.21 secs] 
2016-10-17T16:31:23.424+0800: 20250.982: [CMS-concurrent-reset-start]
2016-10-17T16:31:23.427+0800: 20250.986: [CMS-concurrent-reset: 0.004/0.004 secs] [Times: user=0.01 sys=0.00, real=0.01 secs] 
2016-10-17T16:31:24.680+0800: 20252.239: [GC (Allocation Failure) 2016-10-17T16:31:24.680+0800: 20252.239: [ParNew: 685498K->76160K(685696K), 0.0552253 secs] 1800102K->1292372K(2483840K), 0.0553614 secs] [Times: user=0.09 sys=0.00, real=0.05 secs] 
2016-10-17T16:31:27.377+0800: 20254.936: [GC (Allocation Failure) 2016-10-17T16:31:27.377+0800: 20254.936: [ParNew: 685457K->76160K(685696K), 0.0298949 secs] 1901669K->1362940K(2483840K), 0.0300461 secs] [Times: user=0.10 sys=0.00, real=0.03 secs] 
2016-10-17T16:31:27.407+0800: 20254.966: [GC (CMS Initial Mark) [1 CMS-initial-mark: 1286780K(1798144K)] 1363198K(2483840K), 0.0015151 secs] [Times: user=0.01 sys=0.00, real=0.00 secs] 
2016-10-17T16:31:27.409+0800: 20254.968: [CMS-concurrent-mark-start]
2016-10-17T16:31:27.778+0800: 20255.336: [CMS-concurrent-mark: 0.368/0.368 secs] [Times: user=0.51 sys=0.04, real=0.37 secs] 
2016-10-17T16:31:27.778+0800: 20255.336: [CMS-concurrent-preclean-start]
2016-10-17T16:31:27.784+0800: 20255.343: [CMS-concurrent-preclean: 0.006/0.006 secs] [Times: user=0.00 sys=0.00, real=0.00 secs] 
2016-10-17T16:31:27.784+0800: 20255.343: [CMS-concurrent-abortable-preclean-start]
2016-10-17T16:31:30.419+0800: 20257.978: [GC (Allocation Failure) 2016-10-17T16:31:30.419+0800: 20257.978: [ParNew: 685696K->76160K(685696K), 0.0292390 secs] 1972476K->1444459K(2483840K), 0.0293751 secs] [Times: user=0.09 sys=0.00, real=0.03 secs] 
2016-10-17T16:31:32.362+0800: 20259.921: [CMS-concurrent-abortable-preclean: 4.435/4.578 secs] [Times: user=6.17 sys=0.42, real=4.58 secs] 
2016-10-17T16:31:32.363+0800: 20259.922: [GC (CMS Final Remark) [YG occupancy: 383354 K (685696 K)]2016-10-17T16:31:32.363+0800: 20259.922: [Rescan (parallel) , 0.0121041 secs]2016-10-17T16:31:32.375+0800: 20259.934: [weak refs processing, 0.0003178 secs]2016-10-17T16:31:32.375+0800: 20259.934: [class unloading, 0.0138090 secs]2016-10-17T16:31:32.389+0800: 20259.948: [scrub symbol table, 0.0041586 secs]2016-10-17T16:31:32.393+0800: 20259.952: [scrub string table, 0.0007082 secs][1 CMS-remark: 1368299K(1798144K)] 1751654K(2483840K), 0.0313802 secs] [Times: user=0.07 sys=0.00, real=0.03 secs] 
2016-10-17T16:31:32.394+0800: 20259.953: [CMS-concurrent-sweep-start]
2016-10-17T16:31:32.569+0800: 20260.127: [CMS-concurrent-sweep: 0.174/0.174 secs] [Times: user=0.21 sys=0.01, real=0.18 secs] 
2016-10-17T16:31:32.569+0800: 20260.127: [CMS-concurrent-reset-start]
2016-10-17T16:31:32.572+0800: 20260.131: [CMS-concurrent-reset: 0.004/0.004 secs] [Times: user=0.01 sys=0.00, real=0.00 secs] 
2016-10-17T16:31:33.860+0800: 20261.419: [GC (Allocation Failure) 2016-10-17T16:31:33.860+0800: 20261.419: [ParNew: 685696K->76160K(685696K), 0.0335307 secs] 1892356K->1376686K(2483840K), 0.0336812 secs] [Times: user=0.12 sys=0.00, real=0.03 secs] 
2016-10-17T16:31:33.895+0800: 20261.453: [GC (CMS Initial Mark) [1 CMS-initial-mark: 1300526K(1798144K)] 1377337K(2483840K), 0.0027445 secs] [Times: user=0.01 sys=0.00, real=0.01 secs] 
2016-10-17T16:31:33.897+0800: 20261.456: [CMS-concurrent-mark-start]
2016-10-17T16:31:34.124+0800: 20261.683: [CMS-concurrent-mark: 0.227/0.227 secs] [Times: user=0.31 sys=0.02, real=0.22 secs] 
2016-10-17T16:31:34.125+0800: 20261.683: [CMS-concurrent-preclean-start]
2016-10-17T16:31:34.130+0800: 20261.689: [CMS-concurrent-preclean: 0.005/0.005 secs] [Times: user=0.01 sys=0.00, real=0.01 secs] 
2016-10-17T16:31:34.130+0800: 20261.689: [CMS-concurrent-abortable-preclean-start]
2016-10-17T16:31:35.418+0800: 20262.977: [CMS-concurrent-abortable-preclean: 1.287/1.288 secs] [Times: user=1.86 sys=0.07, real=1.29 secs] 
2016-10-17T16:31:35.418+0800: 20262.977: [GC (CMS Final Remark) [YG occupancy: 392192 K (685696 K)]2016-10-17T16:31:35.419+0800: 20262.977: [Rescan (parallel) , 0.0127156 secs]2016-10-17T16:31:35.431+0800: 20262.990: [weak refs processing, 0.0002556 secs]2016-10-17T16:31:35.432+0800: 20262.990: [class unloading, 0.0184816 secs]2016-10-17T16:31:35.450+0800: 20263.009: [scrub symbol table, 0.0085279 secs]2016-10-17T16:31:35.459+0800: 20263.017: [scrub string table, 0.0010324 secs][1 CMS-remark: 1300526K(1798144K)] 1692718K(2483840K), 0.0413624 secs] [Times: user=0.08 sys=0.00, real=0.04 secs] 
2016-10-17T16:31:35.460+0800: 20263.019: [CMS-concurrent-sweep-start]
2016-10-17T16:31:35.638+0800: 20263.197: [CMS-concurrent-sweep: 0.178/0.178 secs] [Times: user=0.26 sys=0.01, real=0.18 secs] 
2016-10-17T16:31:35.638+0800: 20263.197: [CMS-concurrent-reset-start]
2016-10-17T16:31:35.642+0800: 20263.200: [CMS-concurrent-reset: 0.003/0.003 secs] [Times: user=0.00 sys=0.00, real=0.00 secs] 
2016-10-17T16:31:36.853+0800: 20264.412: [GC (Allocation Failure) 2016-10-17T16:31:36.853+0800: 20264.412: [ParNew: 685663K->76160K(685696K), 0.0333135 secs] 1693876K->1178809K(2483840K), 0.0334469 secs] [Times: user=0.11 sys=0.00, real=0.04 secs] 
2016-10-17T16:31:39.985+0800: 20267.544: [GC (Allocation Failure) 2016-10-17T16:31:39.985+0800: 20267.544: [ParNew: 685678K->76160K(685696K), 0.0319986 secs] 1788327K->1271307K(2483840K), 0.0321522 secs] [Times: user=0.12 sys=0.00, real=0.04 secs] 
2016-10-17T16:31:42.900+0800: 20270.459: [GC (Allocation Failure) 2016-10-17T16:31:42.900+0800: 20270.459: [ParNew: 685642K->76160K(685696K), 0.0576511 secs] 1880789K->1369520K(2483840K), 0.0578061 secs] [Times: user=0.12 sys=0.00, real=0.06 secs] 
2016-10-17T16:31:42.958+0800: 20270.517: [GC (CMS Initial Mark) [1 CMS-initial-mark: 1293360K(1798144K)] 1369816K(2483840K), 0.0026550 secs] [Times: user=0.01 sys=0.00, real=0.00 secs] 
2016-10-17T16:31:42.961+0800: 20270.520: [CMS-concurrent-mark-start]
2016-10-17T16:31:43.213+0800: 20270.771: [CMS-concurrent-mark: 0.252/0.252 secs] [Times: user=0.38 sys=0.03, real=0.25 secs] 
2016-10-17T16:31:43.213+0800: 20270.772: [CMS-concurrent-preclean-start]
2016-10-17T16:31:43.219+0800: 20270.778: [CMS-concurrent-preclean: 0.006/0.006 secs] [Times: user=0.01 sys=0.00, real=0.01 secs] 
2016-10-17T16:31:43.219+0800: 20270.778: [CMS-concurrent-abortable-preclean-start]
2016-10-17T16:31:44.566+0800: 20272.125: [CMS-concurrent-abortable-preclean: 1.345/1.347 secs] [Times: user=1.94 sys=0.12, real=1.35 secs] 
2016-10-17T16:31:44.567+0800: 20272.125: [GC (CMS Final Remark) [YG occupancy: 389796 K (685696 K)]2016-10-17T16:31:44.567+0800: 20272.125: [Rescan (parallel) , 0.0178286 secs]2016-10-17T16:31:44.585+0800: 20272.143: [weak refs processing, 0.0003729 secs]2016-10-17T16:31:44.585+0800: 20272.144: [class unloading, 0.0141964 secs]2016-10-17T16:31:44.599+0800: 20272.158: [scrub symbol table, 0.0044797 secs]2016-10-17T16:31:44.604+0800: 20272.162: [scrub string table, 0.0007485 secs][1 CMS-remark: 1293360K(1798144K)] 1683157K(2483840K), 0.0381182 secs] [Times: user=0.08 sys=0.00, real=0.03 secs] 
2016-10-17T16:31:44.605+0800: 20272.164: [CMS-concurrent-sweep-start]
2016-10-17T16:31:44.698+0800: 20272.257: [CMS-concurrent-sweep: 0.093/0.093 secs] [Times: user=0.14 sys=0.00, real=0.10 secs] 
2016-10-17T16:31:44.698+0800: 20272.257: [CMS-concurrent-reset-start]
2016-10-17T16:31:44.701+0800: 20272.260: [CMS-concurrent-reset: 0.003/0.003 secs] [Times: user=0.00 sys=0.00, real=0.00 secs] 
2016-10-17T16:31:46.333+0800: 20273.892: [GC (Allocation Failure) 2016-10-17T16:31:46.333+0800: 20273.892: [ParNew: 685662K->76160K(685696K), 0.0453187 secs] 1737999K->1210621K(2483840K), 0.0454414 secs] [Times: user=0.13 sys=0.00, real=0.05 secs] 
2016-10-17T16:31:49.295+0800: 20276.854: [GC (Allocation Failure) 2016-10-17T16:31:49.295+0800: 20276.854: [ParNew: 685478K->76160K(685696K), 0.0329663 secs] 1819939K->1297932K(2483840K), 0.0331008 secs] [Times: user=0.11 sys=0.00, real=0.04 secs] 
2016-10-17T16:31:52.141+0800: 20279.700: [GC (Allocation Failure) 2016-10-17T16:31:52.141+0800: 20279.700: [ParNew: 685696K->76160K(685696K), 0.0294753 secs] 1907468K->1381912K(2483840K), 0.0296187 secs] [Times: user=0.10 sys=0.00, real=0.03 secs] 
2016-10-17T16:31:52.171+0800: 20279.730: [GC (CMS Initial Mark) [1 CMS-initial-mark: 1305752K(1798144K)] 1382168K(2483840K), 0.0024588 secs] [Times: user=0.01 sys=0.00, real=0.00 secs] 
2016-10-17T16:31:52.174+0800: 20279.733: [CMS-concurrent-mark-start]
2016-10-17T16:31:52.318+0800: 20279.877: [CMS-concurrent-mark: 0.144/0.144 secs] [Times: user=0.22 sys=0.01, real=0.15 secs] 
2016-10-17T16:31:52.318+0800: 20279.877: [CMS-concurrent-preclean-start]
2016-10-17T16:31:52.325+0800: 20279.884: [CMS-concurrent-preclean: 0.007/0.007 secs] [Times: user=0.01 sys=0.00, real=0.00 secs] 
2016-10-17T16:31:52.325+0800: 20279.884: [CMS-concurrent-abortable-preclean-start]
2016-10-17T16:31:53.985+0800: 20281.543: [CMS-concurrent-abortable-preclean: 1.656/1.659 secs] [Times: user=2.28 sys=0.15, real=1.66 secs] 
2016-10-17T16:31:53.985+0800: 20281.544: [GC (CMS Final Remark) [YG occupancy: 386224 K (685696 K)]2016-10-17T16:31:53.985+0800: 20281.544: [Rescan (parallel) , 0.0155242 secs]2016-10-17T16:31:54.001+0800: 20281.560: [weak refs processing, 0.0002466 secs]2016-10-17T16:31:54.001+0800: 20281.560: [class unloading, 0.0143181 secs]2016-10-17T16:31:54.016+0800: 20281.574: [scrub symbol table, 0.0055254 secs]2016-10-17T16:31:54.021+0800: 20281.580: [scrub string table, 0.0007447 secs][1 CMS-remark: 1305752K(1798144K)] 1691976K(2483840K), 0.0367466 secs] [Times: user=0.08 sys=0.00, real=0.04 secs] 
2016-10-17T16:31:54.022+0800: 20281.581: [CMS-concurrent-sweep-start]
2016-10-17T16:31:54.361+0800: 20281.920: [CMS-concurrent-sweep: 0.339/0.339 secs] [Times: user=0.43 sys=0.02, real=0.34 secs] 
2016-10-17T16:31:54.362+0800: 20281.920: [CMS-concurrent-reset-start]
2016-10-17T16:31:54.365+0800: 20281.924: [CMS-concurrent-reset: 0.004/0.004 secs] [Times: user=0.01 sys=0.00, real=0.00 secs] 
2016-10-17T16:31:56.987+0800: 20284.546: [GC (Allocation Failure) 2016-10-17T16:31:56.987+0800: 20284.546: [ParNew: 685640K->76160K(685696K), 0.0354289 secs] 1661267K->1143182K(2483840K), 0.0356042 secs] [Times: user=0.13 sys=0.00, real=0.03 secs] 
2016-10-17T16:32:03.132+0800: 20290.690: [GC (Allocation Failure) 2016-10-17T16:32:03.132+0800: 20290.690: [ParNew: 685661K->76160K(685696K), 0.0499138 secs] 1752684K->1234801K(2483840K), 0.0500867 secs] [Times: user=0.13 sys=0.00, real=0.05 secs] 
2016-10-17T16:32:07.769+0800: 20295.327: [GC (Allocation Failure) 2016-10-17T16:32:07.769+0800: 20295.328: [ParNew: 685642K->76160K(685696K), 0.0452418 secs] 1844283K->1346761K(2483840K), 0.0454034 secs] [Times: user=0.13 sys=0.00, real=0.04 secs] 
2016-10-17T16:32:07.815+0800: 20295.373: [GC (CMS Initial Mark) [1 CMS-initial-mark: 1270601K(1798144K)] 1347365K(2483840K), 0.0021435 secs] [Times: user=0.00 sys=0.00, real=0.01 secs] 
2016-10-17T16:32:07.817+0800: 20295.376: [CMS-concurrent-mark-start]
2016-10-17T16:32:07.977+0800: 20295.536: [CMS-concurrent-mark: 0.160/0.160 secs] [Times: user=0.22 sys=0.01, real=0.16 secs] 
2016-10-17T16:32:07.977+0800: 20295.536: [CMS-concurrent-preclean-start]
2016-10-17T16:32:07.983+0800: 20295.542: [CMS-concurrent-preclean: 0.006/0.006 secs] [Times: user=0.01 sys=0.01, real=0.00 secs] 
2016-10-17T16:32:07.984+0800: 20295.542: [CMS-concurrent-abortable-preclean-start]
2016-10-17T16:32:09.921+0800: 20297.480: [CMS-concurrent-abortable-preclean: 1.836/1.938 secs] [Times: user=2.60 sys=0.15, real=1.94 secs] 
2016-10-17T16:32:09.922+0800: 20297.481: [GC (CMS Final Remark) [YG occupancy: 383208 K (685696 K)]2016-10-17T16:32:09.922+0800: 20297.481: [Rescan (parallel) , 0.0144531 secs]2016-10-17T16:32:09.937+0800: 20297.495: [weak refs processing, 0.0007029 secs]2016-10-17T16:32:09.937+0800: 20297.496: [class unloading, 0.0157426 secs]2016-10-17T16:32:09.953+0800: 20297.512: [scrub symbol table, 0.0054666 secs]2016-10-17T16:32:09.959+0800: 20297.517: [scrub string table, 0.0009531 secs][1 CMS-remark: 1270601K(1798144K)] 1653809K(2483840K), 0.0380606 secs] [Times: user=0.09 sys=0.00, real=0.04 secs] 
2016-10-17T16:32:09.961+0800: 20297.519: [CMS-concurrent-sweep-start]
2016-10-17T16:32:10.158+0800: 20297.717: [CMS-concurrent-sweep: 0.197/0.197 secs] [Times: user=0.21 sys=0.01, real=0.20 secs] 
2016-10-17T16:32:10.158+0800: 20297.717: [CMS-concurrent-reset-start]
2016-10-17T16:32:10.162+0800: 20297.720: [CMS-concurrent-reset: 0.003/0.003 secs] [Times: user=0.00 sys=0.00, real=0.00 secs] 
2016-10-17T16:32:12.756+0800: 20300.314: [GC (Allocation Failure) 2016-10-17T16:32:12.756+0800: 20300.315: [ParNew: 685636K->76160K(685696K), 0.0337179 secs] 1675436K->1150851K(2483840K), 0.0338821 secs] [Times: user=0.10 sys=0.00, real=0.04 secs] 
2016-10-17T16:32:16.461+0800: 20304.020: [GC (Allocation Failure) 2016-10-17T16:32:16.461+0800: 20304.020: [ParNew: 685658K->76160K(685696K), 0.0404355 secs] 1760349K->1231733K(2483840K), 0.0405690 secs] [Times: user=0.14 sys=0.00, real=0.04 secs] 
2016-10-17T16:32:23.647+0800: 20311.206: [GC (Allocation Failure) 2016-10-17T16:32:23.647+0800: 20311.206: [ParNew: 685696K->76160K(685696K), 0.0649773 secs] 1841269K->1327692K(2483840K), 0.0651402 secs] [Times: user=0.13 sys=0.00, real=0.06 secs] 
2016-10-17T16:32:29.668+0800: 20317.227: [GC (Allocation Failure) 2016-10-17T16:32:29.668+0800: 20317.227: [ParNew: 685696K->76160K(685696K), 0.0453370 secs] 1937228K->1432947K(2483840K), 0.0454684 secs] [Times: user=0.12 sys=0.00, real=0.04 secs] 
2016-10-17T16:32:29.714+0800: 20317.273: [GC (CMS Initial Mark) [1 CMS-initial-mark: 1356787K(1798144K)] 1433203K(2483840K), 0.0014934 secs] [Times: user=0.01 sys=0.00, real=0.00 secs] 
2016-10-17T16:32:29.715+0800: 20317.274: [CMS-concurrent-mark-start]
2016-10-17T16:32:29.905+0800: 20317.464: [CMS-concurrent-mark: 0.189/0.189 secs] [Times: user=0.26 sys=0.03, real=0.19 secs] 
2016-10-17T16:32:29.905+0800: 20317.464: [CMS-concurrent-preclean-start]
2016-10-17T16:32:29.911+0800: 20317.470: [CMS-concurrent-preclean: 0.006/0.006 secs] [Times: user=0.01 sys=0.00, real=0.01 secs] 
2016-10-17T16:32:29.911+0800: 20317.470: [CMS-concurrent-abortable-preclean-start]
2016-10-17T16:32:31.870+0800: 20319.429: [CMS-concurrent-abortable-preclean: 1.647/1.960 secs] [Times: user=2.26 sys=0.12, real=1.96 secs] 
2016-10-17T16:32:31.871+0800: 20319.430: [GC (CMS Final Remark) [YG occupancy: 384710 K (685696 K)]2016-10-17T16:32:31.871+0800: 20319.430: [Rescan (parallel) , 0.0126787 secs]2016-10-17T16:32:31.884+0800: 20319.443: [weak refs processing, 0.0006457 secs]2016-10-17T16:32:31.885+0800: 20319.443: [class unloading, 0.0127135 secs]2016-10-17T16:32:31.897+0800: 20319.456: [scrub symbol table, 0.0040348 secs]2016-10-17T16:32:31.901+0800: 20319.460: [scrub string table, 0.0006890 secs][1 CMS-remark: 1356787K(1798144K)] 1741497K(2483840K), 0.0314206 secs] [Times: user=0.08 sys=0.00, real=0.03 secs] 
2016-10-17T16:32:31.903+0800: 20319.461: [CMS-concurrent-sweep-start]
2016-10-17T16:32:31.983+0800: 20319.541: [CMS-concurrent-sweep: 0.080/0.080 secs] [Times: user=0.12 sys=0.00, real=0.08 secs] 
2016-10-17T16:32:31.983+0800: 20319.541: [CMS-concurrent-reset-start]
2016-10-17T16:32:31.986+0800: 20319.545: [CMS-concurrent-reset: 0.003/0.003 secs] [Times: user=0.00 sys=0.00, real=0.01 secs] 
2016-10-17T16:32:33.256+0800: 20320.814: [GC (Allocation Failure) 2016-10-17T16:32:33.256+0800: 20320.814: [ParNew: 685473K->76160K(685696K), 0.0327969 secs] 1678449K->1149684K(2483840K), 0.0329206 secs] [Times: user=0.10 sys=0.00, real=0.04 secs] 
2016-10-17T16:32:36.178+0800: 20323.737: [GC (Allocation Failure) 2016-10-17T16:32:36.178+0800: 20323.737: [ParNew: 685447K->76160K(685696K), 0.0333826 secs] 1758972K->1242213K(2483840K), 0.0335625 secs] [Times: user=0.12 sys=0.00, real=0.03 secs] 
2016-10-17T16:32:38.966+0800: 20326.524: [GC (Allocation Failure) 2016-10-17T16:32:38.966+0800: 20326.524: [ParNew: 685696K->76160K(685696K), 0.0282945 secs] 1851749K->1334866K(2483840K), 0.0284165 secs] [Times: user=0.11 sys=0.00, real=0.03 secs] 
2016-10-17T16:32:38.995+0800: 20326.553: [GC (CMS Initial Mark) [1 CMS-initial-mark: 1258706K(1798144K)] 1335471K(2483840K), 0.0016952 secs] [Times: user=0.00 sys=0.00, real=0.01 secs] 
2016-10-17T16:32:38.996+0800: 20326.555: [CMS-concurrent-mark-start]
2016-10-17T16:32:39.186+0800: 20326.745: [CMS-concurrent-mark: 0.190/0.190 secs] [Times: user=0.28 sys=0.02, real=0.19 secs] 
2016-10-17T16:32:39.186+0800: 20326.745: [CMS-concurrent-preclean-start]
2016-10-17T16:32:39.192+0800: 20326.751: [CMS-concurrent-preclean: 0.005/0.005 secs] [Times: user=0.01 sys=0.00, real=0.00 secs] 
2016-10-17T16:32:39.192+0800: 20326.751: [CMS-concurrent-abortable-preclean-start]
2016-10-17T16:32:40.396+0800: 20327.954: [CMS-concurrent-abortable-preclean: 1.202/1.204 secs] [Times: user=1.77 sys=0.09, real=1.20 secs] 
2016-10-17T16:32:40.396+0800: 20327.955: [GC (CMS Final Remark) [YG occupancy: 381187 K (685696 K)]2016-10-17T16:32:40.396+0800: 20327.955: [Rescan (parallel) , 0.0122911 secs]2016-10-17T16:32:40.409+0800: 20327.967: [weak refs processing, 0.0004319 secs]2016-10-17T16:32:40.409+0800: 20327.968: [class unloading, 0.0129294 secs]2016-10-17T16:32:40.422+0800: 20327.981: [scrub symbol table, 0.0041652 secs]2016-10-17T16:32:40.426+0800: 20327.985: [scrub string table, 0.0006967 secs][1 CMS-remark: 1258706K(1798144K)] 1639894K(2483840K), 0.0310035 secs] [Times: user=0.07 sys=0.00, real=0.03 secs] 
2016-10-17T16:32:40.428+0800: 20327.986: [CMS-concurrent-sweep-start]
2016-10-17T16:32:40.505+0800: 20328.063: [CMS-concurrent-sweep: 0.077/0.077 secs] [Times: user=0.11 sys=0.00, real=0.07 secs] 
2016-10-17T16:32:40.505+0800: 20328.063: [CMS-concurrent-reset-start]
2016-10-17T16:32:40.508+0800: 20328.067: [CMS-concurrent-reset: 0.004/0.004 secs] [Times: user=0.00 sys=0.00, real=0.01 secs] 
2016-10-17T16:32:41.915+0800: 20329.474: [GC (Allocation Failure) 2016-10-17T16:32:41.915+0800: 20329.474: [ParNew: 685445K->76160K(685696K), 0.0300596 secs] 1663210K->1144546K(2483840K), 0.0301869 secs] [Times: user=0.11 sys=0.00, real=0.03 secs] 
2016-10-17T16:32:44.912+0800: 20332.471: [GC (Allocation Failure) 2016-10-17T16:32:44.912+0800: 20332.471: [ParNew: 685696K->76160K(685696K), 0.0316559 secs] 1754082K->1238281K(2483840K), 0.0318012 secs] [Times: user=0.12 sys=0.00, real=0.03 secs] 
2016-10-17T16:32:47.876+0800: 20335.434: [GC (Allocation Failure) 2016-10-17T16:32:47.876+0800: 20335.434: [ParNew: 685696K->76160K(685696K), 0.0339330 secs] 1847817K->1329200K(2483840K), 0.0340653 secs] [Times: user=0.12 sys=0.00, real=0.04 secs] 
2016-10-17T16:32:50.976+0800: 20338.534: [GC (Allocation Failure) 2016-10-17T16:32:50.976+0800: 20338.535: [ParNew: 685696K->76160K(685696K), 0.0299307 secs] 1938736K->1421532K(2483840K), 0.0300899 secs] [Times: user=0.11 sys=0.00, real=0.04 secs] 
2016-10-17T16:32:51.006+0800: 20338.565: [GC (CMS Initial Mark) [1 CMS-initial-mark: 1345372K(1798144K)] 1421831K(2483840K), 0.0018018 secs] [Times: user=0.00 sys=0.00, real=0.00 secs] 
2016-10-17T16:32:51.008+0800: 20338.567: [CMS-concurrent-mark-start]
2016-10-17T16:32:51.248+0800: 20338.807: [CMS-concurrent-mark: 0.239/0.239 secs] [Times: user=0.36 sys=0.02, real=0.24 secs] 
2016-10-17T16:32:51.248+0800: 20338.807: [CMS-concurrent-preclean-start]
2016-10-17T16:32:51.256+0800: 20338.815: [CMS-concurrent-preclean: 0.008/0.009 secs] [Times: user=0.01 sys=0.00, real=0.01 secs] 
2016-10-17T16:32:51.257+0800: 20338.815: [CMS-concurrent-abortable-preclean-start]
2016-10-17T16:32:52.555+0800: 20340.114: [CMS-concurrent-abortable-preclean: 1.297/1.299 secs] [Times: user=1.89 sys=0.11, real=1.29 secs] 
2016-10-17T16:32:52.556+0800: 20340.115: [GC (CMS Final Remark) [YG occupancy: 384111 K (685696 K)]2016-10-17T16:32:52.556+0800: 20340.115: [Rescan (parallel) , 0.0118190 secs]2016-10-17T16:32:52.568+0800: 20340.127: [weak refs processing, 0.0003806 secs]2016-10-17T16:32:52.568+0800: 20340.127: [class unloading, 0.0145539 secs]2016-10-17T16:32:52.583+0800: 20340.142: [scrub symbol table, 0.0043684 secs]2016-10-17T16:32:52.587+0800: 20340.146: [scrub string table, 0.0007015 secs][1 CMS-remark: 1345372K(1798144K)] 1729483K(2483840K), 0.0322555 secs] [Times: user=0.07 sys=0.00, real=0.03 secs] 
2016-10-17T16:32:52.589+0800: 20340.147: [CMS-concurrent-sweep-start]
2016-10-17T16:32:52.673+0800: 20340.232: [CMS-concurrent-sweep: 0.085/0.085 secs] [Times: user=0.12 sys=0.00, real=0.08 secs] 
2016-10-17T16:32:52.673+0800: 20340.232: [CMS-concurrent-reset-start]
2016-10-17T16:32:52.677+0800: 20340.236: [CMS-concurrent-reset: 0.004/0.004 secs] [Times: user=0.01 sys=0.00, real=0.01 secs] 
2016-10-17T16:32:53.996+0800: 20341.555: [GC (Allocation Failure) 2016-10-17T16:32:53.996+0800: 20341.555: [ParNew: 685480K->76160K(685696K), 0.0375121 secs] 1710394K->1193246K(2483840K), 0.0376779 secs] [Times: user=0.14 sys=0.00, real=0.03 secs] 
2016-10-17T16:32:56.852+0800: 20344.411: [GC (Allocation Failure) 2016-10-17T16:32:56.852+0800: 20344.411: [ParNew: 685696K->76160K(685696K), 0.0319075 secs] 1802782K->1286562K(2483840K), 0.0320344 secs] [Times: user=0.12 sys=0.00, real=0.03 secs] 
2016-10-17T16:33:00.327+0800: 20347.886: [GC (Allocation Failure) 2016-10-17T16:33:00.328+0800: 20347.886: [ParNew: 685642K->76160K(685696K), 0.0280952 secs] 1896044K->1376364K(2483840K), 0.0282253 secs] [Times: user=0.11 sys=0.00, real=0.02 secs] 
2016-10-17T16:33:00.356+0800: 20347.915: [GC (CMS Initial Mark) [1 CMS-initial-mark: 1300204K(1798144K)] 1376620K(2483840K), 0.0018587 secs] [Times: user=0.01 sys=0.00, real=0.00 secs] 
2016-10-17T16:33:00.358+0800: 20347.917: [CMS-concurrent-mark-start]
2016-10-17T16:33:00.583+0800: 20348.142: [CMS-concurrent-mark: 0.225/0.225 secs] [Times: user=0.33 sys=0.02, real=0.22 secs] 
2016-10-17T16:33:00.583+0800: 20348.142: [CMS-concurrent-preclean-start]
2016-10-17T16:33:00.589+0800: 20348.148: [CMS-concurrent-preclean: 0.006/0.006 secs] [Times: user=0.00 sys=0.00, real=0.01 secs] 
2016-10-17T16:33:00.589+0800: 20348.148: [CMS-concurrent-abortable-preclean-start]
2016-10-17T16:33:01.869+0800: 20349.428: [CMS-concurrent-abortable-preclean: 1.279/1.280 secs] [Times: user=1.85 sys=0.11, real=1.28 secs] 
2016-10-17T16:33:01.870+0800: 20349.429: [GC (CMS Final Remark) [YG occupancy: 381427 K (685696 K)]2016-10-17T16:33:01.870+0800: 20349.429: [Rescan (parallel) , 0.0136094 secs]2016-10-17T16:33:01.884+0800: 20349.443: [weak refs processing, 0.0003112 secs]2016-10-17T16:33:01.884+0800: 20349.443: [class unloading, 0.0152752 secs]2016-10-17T16:33:01.899+0800: 20349.458: [scrub symbol table, 0.0043460 secs]2016-10-17T16:33:01.904+0800: 20349.463: [scrub string table, 0.0007759 secs][1 CMS-remark: 1300204K(1798144K)] 1681632K(2483840K), 0.0347076 secs] [Times: user=0.08 sys=0.00, real=0.03 secs] 
2016-10-17T16:33:01.905+0800: 20349.464: [CMS-concurrent-sweep-start]
2016-10-17T16:33:01.993+0800: 20349.552: [CMS-concurrent-sweep: 0.088/0.088 secs] [Times: user=0.12 sys=0.01, real=0.09 secs] 
2016-10-17T16:33:01.993+0800: 20349.552: [CMS-concurrent-reset-start]
2016-10-17T16:33:01.997+0800: 20349.556: [CMS-concurrent-reset: 0.004/0.004 secs] [Times: user=0.00 sys=0.00, real=0.01 secs] 
2016-10-17T16:33:03.616+0800: 20351.174: [GC (Allocation Failure) 2016-10-17T16:33:03.616+0800: 20351.175: [ParNew: 685696K->76160K(685696K), 0.0387497 secs] 1705248K->1197422K(2483840K), 0.0388883 secs] [Times: user=0.11 sys=0.00, real=0.04 secs] 
2016-10-17T16:33:06.485+0800: 20354.044: [GC (Allocation Failure) 2016-10-17T16:33:06.485+0800: 20354.044: [ParNew: 685682K->76160K(685696K), 0.0306086 secs] 1806945K->1281144K(2483840K), 0.0307368 secs] [Times: user=0.11 sys=0.00, real=0.03 secs] 
2016-10-17T16:33:09.824+0800: 20357.383: [GC (Allocation Failure) 2016-10-17T16:33:09.824+0800: 20357.383: [ParNew: 685468K->76160K(685696K), 0.0363616 secs] 1890452K->1373301K(2483840K), 0.0365245 secs] [Times: user=0.14 sys=0.00, real=0.04 secs] 
2016-10-17T16:33:09.862+0800: 20357.420: [GC (CMS Initial Mark) [1 CMS-initial-mark: 1297141K(1798144K)] 1373896K(2483840K), 0.0024635 secs] [Times: user=0.01 sys=0.00, real=0.00 secs] 
2016-10-17T16:33:09.864+0800: 20357.423: [CMS-concurrent-mark-start]
2016-10-17T16:33:10.144+0800: 20357.703: [CMS-concurrent-mark: 0.280/0.280 secs] [Times: user=0.39 sys=0.04, real=0.28 secs] 
2016-10-17T16:33:10.144+0800: 20357.703: [CMS-concurrent-preclean-start]
2016-10-17T16:33:10.150+0800: 20357.709: [CMS-concurrent-preclean: 0.006/0.006 secs] [Times: user=0.01 sys=0.00, real=0.01 secs] 
2016-10-17T16:33:10.150+0800: 20357.709: [CMS-concurrent-abortable-preclean-start]
2016-10-17T16:33:11.916+0800: 20359.475: [CMS-concurrent-abortable-preclean: 1.764/1.766 secs] [Times: user=2.41 sys=0.20, real=1.77 secs] 
2016-10-17T16:33:11.917+0800: 20359.476: [GC (CMS Final Remark) [YG occupancy: 383534 K (685696 K)]2016-10-17T16:33:11.917+0800: 20359.476: [Rescan (parallel) , 0.0134382 secs]2016-10-17T16:33:11.931+0800: 20359.489: [weak refs processing, 0.0002827 secs]2016-10-17T16:33:11.931+0800: 20359.490: [class unloading, 0.0138056 secs]2016-10-17T16:33:11.945+0800: 20359.503: [scrub symbol table, 0.0047300 secs]2016-10-17T16:33:11.949+0800: 20359.508: [scrub string table, 0.0007295 secs][1 CMS-remark: 1297141K(1798144K)] 1680676K(2483840K), 0.0333665 secs] [Times: user=0.08 sys=0.00, real=0.03 secs] 
2016-10-17T16:33:11.951+0800: 20359.509: [CMS-concurrent-sweep-start]
2016-10-17T16:33:12.042+0800: 20359.601: [CMS-concurrent-sweep: 0.092/0.092 secs] [Times: user=0.12 sys=0.02, real=0.09 secs] 
2016-10-17T16:33:12.042+0800: 20359.601: [CMS-concurrent-reset-start]
2016-10-17T16:33:12.046+0800: 20359.605: [CMS-concurrent-reset: 0.004/0.004 secs] [Times: user=0.01 sys=0.00, real=0.01 secs] 
2016-10-17T16:33:13.519+0800: 20361.078: [GC (Allocation Failure) 2016-10-17T16:33:13.519+0800: 20361.078: [ParNew: 685647K->76160K(685696K), 0.0332877 secs] 1702189K->1183111K(2483840K), 0.0334359 secs] [Times: user=0.12 sys=0.00, real=0.03 secs] 
2016-10-17T16:33:16.595+0800: 20364.154: [GC (Allocation Failure) 2016-10-17T16:33:16.595+0800: 20364.154: [ParNew: 685632K->76160K(685696K), 0.1730440 secs] 1792584K->1279184K(2483840K), 0.1731684 secs] [Times: user=0.34 sys=0.03, real=0.18 secs] 
2016-10-17T16:33:19.702+0800: 20367.261: [GC (Allocation Failure) 2016-10-17T16:33:19.702+0800: 20367.261: [ParNew: 685642K->76160K(685696K), 0.0305727 secs] 1888667K->1366341K(2483840K), 0.0306946 secs] [Times: user=0.11 sys=0.00, real=0.03 secs] 
2016-10-17T16:33:19.733+0800: 20367.292: [GC (CMS Initial Mark) [1 CMS-initial-mark: 1290181K(1798144K)] 1366912K(2483840K), 0.0017104 secs] [Times: user=0.01 sys=0.00, real=0.00 secs] 
2016-10-17T16:33:19.735+0800: 20367.294: [CMS-concurrent-mark-start]
2016-10-17T16:33:20.006+0800: 20367.565: [CMS-concurrent-mark: 0.271/0.271 secs] [Times: user=0.38 sys=0.02, real=0.28 secs] 
2016-10-17T16:33:20.006+0800: 20367.565: [CMS-concurrent-preclean-start]
2016-10-17T16:33:20.012+0800: 20367.571: [CMS-concurrent-preclean: 0.005/0.006 secs] [Times: user=0.01 sys=0.00, real=0.00 secs] 
2016-10-17T16:33:20.012+0800: 20367.571: [CMS-concurrent-abortable-preclean-start]
2016-10-17T16:33:23.337+0800: 20370.896: [CMS-concurrent-abortable-preclean: 3.223/3.325 secs] [Times: user=3.97 sys=0.25, real=3.33 secs] 
2016-10-17T16:33:23.338+0800: 20370.897: [GC (CMS Final Remark) [YG occupancy: 386334 K (685696 K)]2016-10-17T16:33:23.338+0800: 20370.897: [Rescan (parallel) , 0.1240135 secs]2016-10-17T16:33:23.462+0800: 20371.021: [weak refs processing, 0.0004078 secs]2016-10-17T16:33:23.462+0800: 20371.021: [class unloading, 0.0146161 secs]2016-10-17T16:33:23.477+0800: 20371.036: [scrub symbol table, 0.0043503 secs]2016-10-17T16:33:23.481+0800: 20371.040: [scrub string table, 0.0007823 secs][1 CMS-remark: 1290181K(1798144K)] 1676516K(2483840K), 0.1445541 secs] [Times: user=0.35 sys=0.04, real=0.14 secs] 
2016-10-17T16:33:23.483+0800: 20371.042: [CMS-concurrent-sweep-start]
2016-10-17T16:33:23.614+0800: 20371.173: [CMS-concurrent-sweep: 0.131/0.131 secs] [Times: user=0.18 sys=0.00, real=0.13 secs] 
2016-10-17T16:33:23.614+0800: 20371.173: [CMS-concurrent-reset-start]
2016-10-17T16:33:23.618+0800: 20371.177: [CMS-concurrent-reset: 0.004/0.004 secs] [Times: user=0.01 sys=0.00, real=0.01 secs] 
2016-10-17T16:33:26.412+0800: 20373.970: [GC (Allocation Failure) 2016-10-17T16:33:26.412+0800: 20373.971: [ParNew: 685696K->76160K(685696K), 0.0368385 secs] 1734916K->1220462K(2483840K), 0.0369892 secs] [Times: user=0.13 sys=0.00, real=0.04 secs] 
2016-10-17T16:33:30.392+0800: 20377.951: [GC (Allocation Failure) 2016-10-17T16:33:30.392+0800: 20377.951: [ParNew: 685696K->76160K(685696K), 0.0340186 secs] 1829998K->1313538K(2483840K), 0.0341516 secs] [Times: user=0.11 sys=0.00, real=0.04 secs] 
2016-10-17T16:33:33.400+0800: 20380.959: [GC (Allocation Failure) 2016-10-17T16:33:33.401+0800: 20380.959: [ParNew: 685599K->76160K(685696K), 0.0511568 secs] 1922977K->1404966K(2483840K), 0.0514079 secs] [Times: user=0.13 sys=0.00, real=0.05 secs] 
2016-10-17T16:33:33.453+0800: 20381.012: [GC (CMS Initial Mark) [1 CMS-initial-mark: 1328806K(1798144K)] 1405224K(2483840K), 0.0029772 secs] [Times: user=0.01 sys=0.00, real=0.01 secs] 
2016-10-17T16:33:33.456+0800: 20381.015: [CMS-concurrent-mark-start]
2016-10-17T16:33:33.741+0800: 20381.300: [CMS-concurrent-mark: 0.285/0.285 secs] [Times: user=0.41 sys=0.01, real=0.28 secs] 
2016-10-17T16:33:33.741+0800: 20381.300: [CMS-concurrent-preclean-start]
2016-10-17T16:33:33.747+0800: 20381.306: [CMS-concurrent-preclean: 0.006/0.006 secs] [Times: user=0.01 sys=0.00, real=0.01 secs] 
2016-10-17T16:33:33.747+0800: 20381.306: [CMS-concurrent-abortable-preclean-start]
2016-10-17T16:33:36.414+0800: 20383.973: [GC (Allocation Failure) 2016-10-17T16:33:36.415+0800: 20383.973: [ParNew: 685696K->76160K(685696K), 0.0333512 secs] 2014502K->1494288K(2483840K), 0.0334824 secs] [Times: user=0.13 sys=0.00, real=0.04 secs] 
2016-10-17T16:33:37.866+0800: 20385.425: [CMS-concurrent-abortable-preclean: 4.077/4.118 secs] [Times: user=6.03 sys=0.41, real=4.12 secs] 
2016-10-17T16:33:37.867+0800: 20385.425: [GC (CMS Final Remark) [YG occupancy: 382843 K (685696 K)]2016-10-17T16:33:37.867+0800: 20385.425: [Rescan (parallel) , 0.0118629 secs]2016-10-17T16:33:37.878+0800: 20385.437: [weak refs processing, 0.0004398 secs]2016-10-17T16:33:37.879+0800: 20385.438: [class unloading, 0.0144380 secs]2016-10-17T16:33:37.893+0800: 20385.452: [scrub symbol table, 0.0057932 secs]2016-10-17T16:33:37.899+0800: 20385.458: [scrub string table, 0.0007640 secs][1 CMS-remark: 1418128K(1798144K)] 1800972K(2483840K), 0.0337396 secs] [Times: user=0.07 sys=0.00, real=0.03 secs] 
2016-10-17T16:33:37.900+0800: 20385.459: [CMS-concurrent-sweep-start]
2016-10-17T16:33:38.018+0800: 20385.576: [CMS-concurrent-sweep: 0.117/0.117 secs] [Times: user=0.18 sys=0.00, real=0.12 secs] 
2016-10-17T16:33:38.018+0800: 20385.577: [CMS-concurrent-reset-start]
2016-10-17T16:33:38.021+0800: 20385.580: [CMS-concurrent-reset: 0.004/0.004 secs] [Times: user=0.00 sys=0.00, real=0.00 secs] 
2016-10-17T16:33:39.415+0800: 20386.973: [GC (Allocation Failure) 2016-10-17T16:33:39.415+0800: 20386.973: [ParNew: 685459K->76160K(685696K), 0.0300746 secs] 1820536K->1303700K(2483840K), 0.0302336 secs] [Times: user=0.11 sys=0.00, real=0.03 secs] 
2016-10-17T16:33:42.259+0800: 20389.818: [GC (Allocation Failure) 2016-10-17T16:33:42.259+0800: 20389.818: [ParNew: 685647K->76160K(685696K), 0.0479895 secs] 1913188K->1413370K(2483840K), 0.0481143 secs] [Times: user=0.17 sys=0.00, real=0.05 secs] 
2016-10-17T16:33:42.308+0800: 20389.867: [GC (CMS Initial Mark) [1 CMS-initial-mark: 1337210K(1798144K)] 1413668K(2483840K), 0.0065592 secs] [Times: user=0.03 sys=0.00, real=0.00 secs] 
2016-10-17T16:33:42.315+0800: 20389.874: [CMS-concurrent-mark-start]
2016-10-17T16:33:42.570+0800: 20390.128: [CMS-concurrent-mark: 0.255/0.255 secs] [Times: user=0.37 sys=0.02, real=0.26 secs] 
2016-10-17T16:33:42.570+0800: 20390.128: [CMS-concurrent-preclean-start]
2016-10-17T16:33:42.576+0800: 20390.135: [CMS-concurrent-preclean: 0.007/0.007 secs] [Times: user=0.01 sys=0.00, real=0.01 secs] 
2016-10-17T16:33:42.576+0800: 20390.135: [CMS-concurrent-abortable-preclean-start]
2016-10-17T16:33:45.139+0800: 20392.698: [GC (Allocation Failure) 2016-10-17T16:33:45.139+0800: 20392.698: [ParNew: 685501K->76160K(685696K), 0.0650865 secs] 2022711K->1518743K(2483840K), 0.0652503 secs] [Times: user=0.22 sys=0.00, real=0.06 secs] 
2016-10-17T16:33:47.088+0800: 20394.647: [CMS-concurrent-abortable-preclean: 4.241/4.512 secs] [Times: user=6.39 sys=0.32, real=4.51 secs] 
2016-10-17T16:33:47.089+0800: 20394.648: [GC (CMS Final Remark) [YG occupancy: 384849 K (685696 K)]2016-10-17T16:33:47.089+0800: 20394.648: [Rescan (parallel) , 0.0120026 secs]2016-10-17T16:33:47.101+0800: 20394.660: [weak refs processing, 0.0028423 secs]2016-10-17T16:33:47.104+0800: 20394.663: [class unloading, 0.0154377 secs]2016-10-17T16:33:47.119+0800: 20394.678: [scrub symbol table, 0.0051311 secs]2016-10-17T16:33:47.125+0800: 20394.683: [scrub string table, 0.0007178 secs][1 CMS-remark: 1442583K(1798144K)] 1827432K(2483840K), 0.0378653 secs] [Times: user=0.08 sys=0.00, real=0.04 secs] 
2016-10-17T16:33:47.127+0800: 20394.686: [CMS-concurrent-sweep-start]
2016-10-17T16:33:47.280+0800: 20394.838: [CMS-concurrent-sweep: 0.152/0.152 secs] [Times: user=0.22 sys=0.01, real=0.15 secs] 
2016-10-17T16:33:47.280+0800: 20394.838: [CMS-concurrent-reset-start]
2016-10-17T16:33:47.283+0800: 20394.842: [CMS-concurrent-reset: 0.003/0.003 secs] [Times: user=0.01 sys=0.00, real=0.00 secs] 
2016-10-17T16:33:48.589+0800: 20396.147: [GC (Allocation Failure) 2016-10-17T16:33:48.589+0800: 20396.147: [ParNew: 685458K->76160K(685696K), 0.0310276 secs] 1862121K->1333923K(2483840K), 0.0311617 secs] [Times: user=0.12 sys=0.00, real=0.03 secs] 
2016-10-17T16:33:51.798+0800: 20399.356: [GC (Allocation Failure) 2016-10-17T16:33:51.798+0800: 20399.356: [ParNew: 685673K->76160K(685696K), 0.0327530 secs] 1943436K->1422803K(2483840K), 0.0328971 secs] [Times: user=0.12 sys=0.00, real=0.03 secs] 
2016-10-17T16:33:51.831+0800: 20399.390: [GC (CMS Initial Mark) [1 CMS-initial-mark: 1346643K(1798144K)] 1423185K(2483840K), 0.0018719 secs] [Times: user=0.01 sys=0.00, real=0.00 secs] 
2016-10-17T16:33:51.833+0800: 20399.392: [CMS-concurrent-mark-start]
2016-10-17T16:33:52.127+0800: 20399.686: [CMS-concurrent-mark: 0.294/0.294 secs] [Times: user=0.43 sys=0.01, real=0.30 secs] 
2016-10-17T16:33:52.127+0800: 20399.686: [CMS-concurrent-preclean-start]
2016-10-17T16:33:52.132+0800: 20399.691: [CMS-concurrent-preclean: 0.005/0.005 secs] [Times: user=0.01 sys=0.00, real=0.00 secs] 
2016-10-17T16:33:52.132+0800: 20399.691: [CMS-concurrent-abortable-preclean-start]
2016-10-17T16:33:54.797+0800: 20402.356: [GC (Allocation Failure) 2016-10-17T16:33:54.797+0800: 20402.356: [ParNew: 685696K->76160K(685696K), 0.0465584 secs] 2032339K->1515253K(2483840K), 0.0467044 secs] [Times: user=0.13 sys=0.00, real=0.04 secs] 
2016-10-17T16:33:56.315+0800: 20403.874: [CMS-concurrent-abortable-preclean: 4.123/4.182 secs] [Times: user=6.16 sys=0.36, real=4.18 secs] 
2016-10-17T16:33:56.316+0800: 20403.874: [GC (CMS Final Remark) [YG occupancy: 384713 K (685696 K)]2016-10-17T16:33:56.316+0800: 20403.875: [Rescan (parallel) , 0.0138635 secs]2016-10-17T16:33:56.330+0800: 20403.888: [weak refs processing, 0.0003532 secs]2016-10-17T16:33:56.330+0800: 20403.889: [class unloading, 0.0187960 secs]2016-10-17T16:33:56.349+0800: 20403.908: [scrub symbol table, 0.0042435 secs]2016-10-17T16:33:56.353+0800: 20403.912: [scrub string table, 0.0007010 secs][1 CMS-remark: 1439093K(1798144K)] 1823807K(2483840K), 0.0466864 secs] [Times: user=0.08 sys=0.00, real=0.05 secs] 
2016-10-17T16:33:56.363+0800: 20403.922: [CMS-concurrent-sweep-start]
2016-10-17T16:33:56.488+0800: 20404.046: [CMS-concurrent-sweep: 0.125/0.125 secs] [Times: user=0.19 sys=0.00, real=0.13 secs] 
2016-10-17T16:33:56.488+0800: 20404.046: [CMS-concurrent-reset-start]
2016-10-17T16:33:56.491+0800: 20404.050: [CMS-concurrent-reset: 0.004/0.004 secs] [Times: user=0.01 sys=0.00, real=0.00 secs] 
2016-10-17T16:33:58.041+0800: 20405.600: [GC (Allocation Failure) 2016-10-17T16:33:58.041+0800: 20405.600: [ParNew: 685696K->76160K(685696K), 0.0488658 secs] 1845432K->1335373K(2483840K), 0.0490332 secs] [Times: user=0.15 sys=0.00, real=0.05 secs] 
2016-10-17T16:33:58.091+0800: 20405.650: [GC (CMS Initial Mark) [1 CMS-initial-mark: 1259213K(1798144K)] 1335841K(2483840K), 0.0020967 secs] [Times: user=0.00 sys=0.00, real=0.00 secs] 
2016-10-17T16:33:58.093+0800: 20405.652: [CMS-concurrent-mark-start]
2016-10-17T16:33:58.400+0800: 20405.959: [CMS-concurrent-mark: 0.307/0.307 secs] [Times: user=0.45 sys=0.02, real=0.31 secs] 
2016-10-17T16:33:58.400+0800: 20405.959: [CMS-concurrent-preclean-start]
2016-10-17T16:33:58.405+0800: 20405.964: [CMS-concurrent-preclean: 0.005/0.005 secs] [Times: user=0.00 sys=0.00, real=0.00 secs] 
2016-10-17T16:33:58.406+0800: 20405.964: [CMS-concurrent-abortable-preclean-start]
2016-10-17T16:33:59.724+0800: 20407.283: [CMS-concurrent-abortable-preclean: 1.317/1.319 secs] [Times: user=1.92 sys=0.11, real=1.32 secs] 
2016-10-17T16:33:59.725+0800: 20407.284: [GC (CMS Final Remark) [YG occupancy: 387109 K (685696 K)]2016-10-17T16:33:59.725+0800: 20407.284: [Rescan (parallel) , 0.0136532 secs]2016-10-17T16:33:59.739+0800: 20407.298: [weak refs processing, 0.0003772 secs]2016-10-17T16:33:59.739+0800: 20407.298: [class unloading, 0.0129896 secs]2016-10-17T16:33:59.752+0800: 20407.311: [scrub symbol table, 0.0049368 secs]2016-10-17T16:33:59.757+0800: 20407.316: [scrub string table, 0.0007222 secs][1 CMS-remark: 1259213K(1798144K)] 1646323K(2483840K), 0.0331627 secs] [Times: user=0.08 sys=0.00, real=0.04 secs] 
2016-10-17T16:33:59.759+0800: 20407.317: [CMS-concurrent-sweep-start]
2016-10-17T16:33:59.910+0800: 20407.469: [CMS-concurrent-sweep: 0.152/0.152 secs] [Times: user=0.20 sys=0.01, real=0.15 secs] 
2016-10-17T16:33:59.910+0800: 20407.469: [CMS-concurrent-reset-start]
2016-10-17T16:33:59.914+0800: 20407.473: [CMS-concurrent-reset: 0.004/0.004 secs] [Times: user=0.00 sys=0.00, real=0.00 secs] 
2016-10-17T16:34:01.217+0800: 20408.775: [GC (Allocation Failure) 2016-10-17T16:34:01.217+0800: 20408.775: [ParNew: 685607K->76160K(685696K), 0.0312930 secs] 1782938K->1262748K(2483840K), 0.0314465 secs] [Times: user=0.11 sys=0.00, real=0.03 secs] 
2016-10-17T16:34:04.237+0800: 20411.796: [GC (Allocation Failure) 2016-10-17T16:34:04.237+0800: 20411.796: [ParNew: 685696K->76160K(685696K), 0.0339135 secs] 1872284K->1350112K(2483840K), 0.0340554 secs] [Times: user=0.12 sys=0.00, real=0.03 secs] 
2016-10-17T16:34:04.272+0800: 20411.830: [GC (CMS Initial Mark) [1 CMS-initial-mark: 1273952K(1798144K)] 1350584K(2483840K), 0.0024010 secs] [Times: user=0.00 sys=0.00, real=0.00 secs] 
2016-10-17T16:34:04.274+0800: 20411.833: [CMS-concurrent-mark-start]
2016-10-17T16:34:04.600+0800: 20412.159: [CMS-concurrent-mark: 0.326/0.326 secs] [Times: user=0.45 sys=0.05, real=0.33 secs] 
2016-10-17T16:34:04.600+0800: 20412.159: [CMS-concurrent-preclean-start]
2016-10-17T16:34:04.606+0800: 20412.165: [CMS-concurrent-preclean: 0.006/0.006 secs] [Times: user=0.01 sys=0.00, real=0.01 secs] 
2016-10-17T16:34:04.606+0800: 20412.165: [CMS-concurrent-abortable-preclean-start]
2016-10-17T16:34:07.130+0800: 20414.689: [GC (Allocation Failure) 2016-10-17T16:34:07.130+0800: 20414.689: [ParNew: 685696K->76160K(685696K), 0.0457918 secs] 1959648K->1445023K(2483840K), 0.0459286 secs] [Times: user=0.13 sys=0.00, real=0.05 secs] 
2016-10-17T16:34:08.848+0800: 20416.406: [CMS-concurrent-abortable-preclean: 4.088/4.241 secs] [Times: user=6.20 sys=0.33, real=4.24 secs] 
2016-10-17T16:34:08.849+0800: 20416.407: [GC (CMS Final Remark) [YG occupancy: 385139 K (685696 K)]2016-10-17T16:34:08.849+0800: 20416.407: [Rescan (parallel) , 0.0114839 secs]2016-10-17T16:34:08.860+0800: 20416.419: [weak refs processing, 0.0003235 secs]2016-10-17T16:34:08.860+0800: 20416.419: [class unloading, 0.0138682 secs]2016-10-17T16:34:08.874+0800: 20416.433: [scrub symbol table, 0.0044715 secs]2016-10-17T16:34:08.879+0800: 20416.438: [scrub string table, 0.0007165 secs][1 CMS-remark: 1368863K(1798144K)] 1754003K(2483840K), 0.0312643 secs] [Times: user=0.06 sys=0.00, real=0.03 secs] 
2016-10-17T16:34:08.880+0800: 20416.439: [CMS-concurrent-sweep-start]
2016-10-17T16:34:09.008+0800: 20416.566: [CMS-concurrent-sweep: 0.128/0.128 secs] [Times: user=0.19 sys=0.00, real=0.13 secs] 
2016-10-17T16:34:09.008+0800: 20416.567: [CMS-concurrent-reset-start]
2016-10-17T16:34:09.011+0800: 20416.570: [CMS-concurrent-reset: 0.004/0.004 secs] [Times: user=0.00 sys=0.00, real=0.00 secs] 
2016-10-17T16:34:10.526+0800: 20418.085: [GC (Allocation Failure) 2016-10-17T16:34:10.526+0800: 20418.085: [ParNew: 685491K->76160K(685696K), 0.0370785 secs] 1853139K->1333008K(2483840K), 0.0372391 secs] [Times: user=0.13 sys=0.00, real=0.03 secs] 
2016-10-17T16:34:14.573+0800: 20422.131: [GC (Allocation Failure) 2016-10-17T16:34:14.573+0800: 20422.131: [ParNew: 685696K->76160K(685696K), 0.0353052 secs] 1942544K->1428860K(2483840K), 0.0354469 secs] [Times: user=0.13 sys=0.00, real=0.04 secs] 
2016-10-17T16:34:14.609+0800: 20422.167: [GC (CMS Initial Mark) [1 CMS-initial-mark: 1352700K(1798144K)] 1429288K(2483840K), 0.0023650 secs] [Times: user=0.01 sys=0.00, real=0.00 secs] 
2016-10-17T16:34:14.611+0800: 20422.170: [CMS-concurrent-mark-start]
2016-10-17T16:34:14.940+0800: 20422.499: [CMS-concurrent-mark: 0.327/0.329 secs] [Times: user=0.49 sys=0.03, real=0.33 secs] 
2016-10-17T16:34:14.940+0800: 20422.499: [CMS-concurrent-preclean-start]
2016-10-17T16:34:14.946+0800: 20422.505: [CMS-concurrent-preclean: 0.006/0.006 secs] [Times: user=0.01 sys=0.00, real=0.01 secs] 
2016-10-17T16:34:14.946+0800: 20422.505: [CMS-concurrent-abortable-preclean-start]
2016-10-17T16:34:17.976+0800: 20425.535: [GC (Allocation Failure) 2016-10-17T16:34:17.976+0800: 20425.535: [ParNew: 685669K->76160K(685696K), 0.0353455 secs] 2038369K->1519529K(2483840K), 0.0354769 secs] [Times: user=0.13 sys=0.00, real=0.03 secs] 
 CMS: abort preclean due to time 2016-10-17T16:34:20.072+0800: 20427.631: [CMS-concurrent-abortable-preclean: 4.977/5.126 secs] [Times: user=6.96 sys=0.49, real=5.12 secs] 
2016-10-17T16:34:20.073+0800: 20427.632: [GC (CMS Final Remark) [YG occupancy: 376328 K (685696 K)]2016-10-17T16:34:20.073+0800: 20427.632: [Rescan (parallel) , 0.0318368 secs]2016-10-17T16:34:20.105+0800: 20427.664: [weak refs processing, 0.0003210 secs]2016-10-17T16:34:20.105+0800: 20427.664: [class unloading, 0.0146684 secs]2016-10-17T16:34:20.120+0800: 20427.679: [scrub symbol table, 0.0043863 secs]2016-10-17T16:34:20.125+0800: 20427.683: [scrub string table, 0.0006983 secs][1 CMS-remark: 1443369K(1798144K)] 1819697K(2483840K), 0.0523082 secs] [Times: user=0.09 sys=0.00, real=0.05 secs] 
2016-10-17T16:34:20.126+0800: 20427.684: [CMS-concurrent-sweep-start]
2016-10-17T16:34:20.436+0800: 20427.995: [CMS-concurrent-sweep: 0.311/0.311 secs] [Times: user=0.32 sys=0.03, real=0.32 secs] 
2016-10-17T16:34:20.436+0800: 20427.995: [CMS-concurrent-reset-start]
2016-10-17T16:34:20.440+0800: 20427.999: [CMS-concurrent-reset: 0.003/0.003 secs] [Times: user=0.00 sys=0.00, real=0.00 secs] 
2016-10-17T16:34:23.612+0800: 20431.171: [GC (Allocation Failure) 2016-10-17T16:34:23.612+0800: 20431.171: [ParNew: 685643K->76160K(685696K), 0.0355868 secs] 1887046K->1368901K(2483840K), 0.0357238 secs] [Times: user=0.13 sys=0.00, real=0.04 secs] 
2016-10-17T16:34:23.649+0800: 20431.208: [GC (CMS Initial Mark) [1 CMS-initial-mark: 1292741K(1798144K)] 1369534K(2483840K), 0.0031297 secs] [Times: user=0.01 sys=0.00, real=0.00 secs] 
2016-10-17T16:34:23.652+0800: 20431.211: [CMS-concurrent-mark-start]
2016-10-17T16:34:23.994+0800: 20431.552: [CMS-concurrent-mark: 0.342/0.342 secs] [Times: user=0.48 sys=0.03, real=0.34 secs] 
2016-10-17T16:34:23.994+0800: 20431.552: [CMS-concurrent-preclean-start]
2016-10-17T16:34:23.999+0800: 20431.558: [CMS-concurrent-preclean: 0.005/0.006 secs] [Times: user=0.01 sys=0.00, real=0.01 secs] 
2016-10-17T16:34:23.999+0800: 20431.558: [CMS-concurrent-abortable-preclean-start]
2016-10-17T16:34:26.566+0800: 20434.125: [GC (Allocation Failure) 2016-10-17T16:34:26.566+0800: 20434.125: [ParNew: 685494K->76160K(685696K), 0.1128814 secs] 1978236K->1464720K(2483840K), 0.1131481 secs] [Times: user=0.30 sys=0.03, real=0.11 secs] 
2016-10-17T16:34:27.506+0800: 20435.065: [CMS-concurrent-abortable-preclean: 3.329/3.507 secs] [Times: user=6.70 sys=0.35, real=3.51 secs] 
2016-10-17T16:34:27.507+0800: 20435.066: [GC (CMS Final Remark) [YG occupancy: 390697 K (685696 K)]2016-10-17T16:34:27.507+0800: 20435.066: [Rescan (parallel) , 0.0270305 secs]2016-10-17T16:34:27.534+0800: 20435.093: [weak refs processing, 0.0002727 secs]2016-10-17T16:34:27.534+0800: 20435.093: [class unloading, 0.0134908 secs]2016-10-17T16:34:27.548+0800: 20435.106: [scrub symbol table, 0.0061660 secs]2016-10-17T16:34:27.554+0800: 20435.113: [scrub string table, 0.0007378 secs][1 CMS-remark: 1388560K(1798144K)] 1779257K(2483840K), 0.0480766 secs] [Times: user=0.11 sys=0.01, real=0.04 secs] 
2016-10-17T16:34:27.555+0800: 20435.114: [CMS-concurrent-sweep-start]
2016-10-17T16:34:27.668+0800: 20435.226: [CMS-concurrent-sweep: 0.113/0.113 secs] [Times: user=0.26 sys=0.01, real=0.12 secs] 
2016-10-17T16:34:27.668+0800: 20435.226: [CMS-concurrent-reset-start]
2016-10-17T16:34:27.671+0800: 20435.230: [CMS-concurrent-reset: 0.004/0.004 secs] [Times: user=0.01 sys=0.00, real=0.00 secs] 
2016-10-17T16:34:28.320+0800: 20435.879: [GC (Allocation Failure) 2016-10-17T16:34:28.320+0800: 20435.879: [ParNew: 685661K->63124K(685696K), 0.0241965 secs] 1873714K->1310155K(2483840K), 0.0243388 secs] [Times: user=0.07 sys=0.00, real=0.02 secs] 
2016-10-17T16:34:29.766+0800: 20437.325: [GC (Allocation Failure) 2016-10-17T16:34:29.766+0800: 20437.325: [ParNew: 672660K->76160K(685696K), 0.0114924 secs] 1919691K->1325163K(2483840K), 0.0116116 secs] [Times: user=0.05 sys=0.00, real=0.01 secs] 
2016-10-17T16:34:31.142+0800: 20438.701: [GC (Allocation Failure) 2016-10-17T16:34:31.143+0800: 20438.701: [ParNew: 685696K->76160K(685696K), 0.0195986 secs] 1934699K->1359850K(2483840K), 0.0197386 secs] [Times: user=0.07 sys=0.00, real=0.02 secs] 
2016-10-17T16:34:31.163+0800: 20438.722: [GC (CMS Initial Mark) [1 CMS-initial-mark: 1283690K(1798144K)] 1365763K(2483840K), 0.0017625 secs] [Times: user=0.01 sys=0.00, real=0.00 secs] 
2016-10-17T16:34:31.165+0800: 20438.724: [CMS-concurrent-mark-start]
2016-10-17T16:34:31.398+0800: 20438.957: [CMS-concurrent-mark: 0.233/0.233 secs] [Times: user=0.57 sys=0.01, real=0.24 secs] 
2016-10-17T16:34:31.398+0800: 20438.957: [CMS-concurrent-preclean-start]
2016-10-17T16:34:31.403+0800: 20438.962: [CMS-concurrent-preclean: 0.005/0.005 secs] [Times: user=0.02 sys=0.00, real=0.00 secs] 
2016-10-17T16:34:31.403+0800: 20438.962: [CMS-concurrent-abortable-preclean-start]
2016-10-17T16:34:32.758+0800: 20440.317: [GC (Allocation Failure) 2016-10-17T16:34:32.758+0800: 20440.317: [ParNew: 685696K->76160K(685696K), 0.0230949 secs] 1969386K->1393764K(2483840K), 0.0232284 secs] [Times: user=0.07 sys=0.00, real=0.02 secs] 
2016-10-17T16:34:33.564+0800: 20441.122: [CMS-concurrent-abortable-preclean: 1.984/2.160 secs] [Times: user=4.77 sys=0.23, real=2.16 secs] 
2016-10-17T16:34:33.564+0800: 20441.123: [GC (CMS Final Remark) [YG occupancy: 401831 K (685696 K)]2016-10-17T16:34:33.564+0800: 20441.123: [Rescan (parallel) , 0.0124287 secs]2016-10-17T16:34:33.577+0800: 20441.136: [weak refs processing, 0.0001952 secs]2016-10-17T16:34:33.577+0800: 20441.136: [class unloading, 0.0134693 secs]2016-10-17T16:34:33.590+0800: 20441.149: [scrub symbol table, 0.0053807 secs]2016-10-17T16:34:33.596+0800: 20441.155: [scrub string table, 0.0009923 secs][1 CMS-remark: 1317604K(1798144K)] 1719435K(2483840K), 0.0328205 secs] [Times: user=0.08 sys=0.00, real=0.04 secs] 
2016-10-17T16:34:33.597+0800: 20441.156: [CMS-concurrent-sweep-start]
2016-10-17T16:34:33.785+0800: 20441.344: [CMS-concurrent-sweep: 0.188/0.188 secs] [Times: user=0.44 sys=0.02, real=0.18 secs] 
2016-10-17T16:34:33.785+0800: 20441.344: [CMS-concurrent-reset-start]
2016-10-17T16:34:33.789+0800: 20441.348: [CMS-concurrent-reset: 0.004/0.004 secs] [Times: user=0.01 sys=0.00, real=0.01 secs] 
2016-10-17T16:34:34.278+0800: 20441.837: [GC (Allocation Failure) 2016-10-17T16:34:34.278+0800: 20441.837: [ParNew: 685687K->76160K(685696K), 0.0190889 secs] 1752609K->1179084K(2483840K), 0.0192233 secs] [Times: user=0.07 sys=0.00, real=0.02 secs] 
2016-10-17T16:34:35.686+0800: 20443.245: [GC (Allocation Failure) 2016-10-17T16:34:35.686+0800: 20443.245: [ParNew: 685696K->76160K(685696K), 0.0186879 secs] 1788620K->1214299K(2483840K), 0.0188165 secs] [Times: user=0.07 sys=0.00, real=0.01 secs] 
2016-10-17T16:34:37.648+0800: 20445.207: [GC (Allocation Failure) 2016-10-17T16:34:37.648+0800: 20445.207: [ParNew: 685696K->76160K(685696K), 0.0172601 secs] 1823835K->1254284K(2483840K), 0.0174010 secs] [Times: user=0.06 sys=0.00, real=0.01 secs] 
2016-10-17T16:34:39.297+0800: 20446.856: [GC (Allocation Failure) 2016-10-17T16:34:39.297+0800: 20446.856: [ParNew: 685651K->76160K(685696K), 0.0186922 secs] 1863776K->1286186K(2483840K), 0.0188345 secs] [Times: user=0.07 sys=0.00, real=0.01 secs] 
2016-10-17T16:34:40.584+0800: 20448.143: [GC (Allocation Failure) 2016-10-17T16:34:40.584+0800: 20448.143: [ParNew: 685696K->76160K(685696K), 0.0164319 secs] 1895722K->1316279K(2483840K), 0.0165724 secs] [Times: user=0.06 sys=0.00, real=0.02 secs] 
2016-10-17T16:34:41.914+0800: 20449.473: [GC (Allocation Failure) 2016-10-17T16:34:41.914+0800: 20449.473: [ParNew: 685696K->76160K(685696K), 0.0195876 secs] 1925815K->1347727K(2483840K), 0.0197247 secs] [Times: user=0.08 sys=0.00, real=0.02 secs] 
2016-10-17T16:34:41.935+0800: 20449.493: [GC (CMS Initial Mark) [1 CMS-initial-mark: 1271567K(1798144K)] 1355726K(2483840K), 0.0017288 secs] [Times: user=0.00 sys=0.00, real=0.01 secs] 
2016-10-17T16:34:41.936+0800: 20449.495: [CMS-concurrent-mark-start]
2016-10-17T16:34:42.218+0800: 20449.777: [CMS-concurrent-mark: 0.282/0.282 secs] [Times: user=0.65 sys=0.03, real=0.28 secs] 
2016-10-17T16:34:42.218+0800: 20449.777: [CMS-concurrent-preclean-start]
2016-10-17T16:34:42.224+0800: 20449.783: [CMS-concurrent-preclean: 0.006/0.006 secs] [Times: user=0.01 sys=0.01, real=0.00 secs] 
2016-10-17T16:34:42.225+0800: 20449.783: [CMS-concurrent-abortable-preclean-start]
2016-10-17T16:34:43.557+0800: 20451.115: [GC (Allocation Failure) 2016-10-17T16:34:43.557+0800: 20451.115: [ParNew: 685696K->76160K(685696K), 0.0190414 secs] 1957263K->1380642K(2483840K), 0.0191624 secs] [Times: user=0.07 sys=0.00, real=0.02 secs] 
2016-10-17T16:34:44.585+0800: 20452.144: [CMS-concurrent-abortable-preclean: 2.237/2.360 secs] [Times: user=5.16 sys=0.28, real=2.36 secs] 
2016-10-17T16:34:44.595+0800: 20452.154: [GC (CMS Final Remark) [YG occupancy: 387922 K (685696 K)]2016-10-17T16:34:44.595+0800: 20452.154: [Rescan (parallel) , 0.0145235 secs]2016-10-17T16:34:44.610+0800: 20452.169: [weak refs processing, 0.0006311 secs]2016-10-17T16:34:44.610+0800: 20452.169: [class unloading, 0.0161792 secs]2016-10-17T16:34:44.627+0800: 20452.186: [scrub symbol table, 0.0048672 secs]2016-10-17T16:34:44.632+0800: 20452.190: [scrub string table, 0.0007195 secs][1 CMS-remark: 1304482K(1798144K)] 1692404K(2483840K), 0.0373130 secs] [Times: user=0.06 sys=0.00, real=0.04 secs] 
2016-10-17T16:34:44.633+0800: 20452.191: [CMS-concurrent-sweep-start]
2016-10-17T16:34:44.767+0800: 20452.326: [CMS-concurrent-sweep: 0.135/0.135 secs] [Times: user=0.25 sys=0.00, real=0.14 secs] 
2016-10-17T16:34:44.767+0800: 20452.326: [CMS-concurrent-reset-start]
2016-10-17T16:34:44.771+0800: 20452.330: [CMS-concurrent-reset: 0.004/0.004 secs] [Times: user=0.01 sys=0.00, real=0.00 secs] 
2016-10-17T16:34:45.445+0800: 20453.004: [GC (Allocation Failure) 2016-10-17T16:34:45.445+0800: 20453.004: [ParNew: 685696K->76160K(685696K), 0.0191450 secs] 1748328K->1169882K(2483840K), 0.0192835 secs] [Times: user=0.06 sys=0.00, real=0.02 secs] 
2016-10-17T16:34:46.858+0800: 20454.417: [GC (Allocation Failure) 2016-10-17T16:34:46.858+0800: 20454.417: [ParNew: 685696K->76160K(685696K), 0.0270028 secs] 1779418K->1205690K(2483840K), 0.0271490 secs] [Times: user=0.09 sys=0.00, real=0.02 secs] 
2016-10-17T16:34:48.284+0800: 20455.843: [GC (Allocation Failure) 2016-10-17T16:34:48.285+0800: 20455.843: [ParNew: 685687K->76160K(685696K), 0.0204772 secs] 1815217K->1241676K(2483840K), 0.0207198 secs] [Times: user=0.07 sys=0.00, real=0.02 secs] 
2016-10-17T16:34:49.820+0800: 20457.379: [GC (Allocation Failure) 2016-10-17T16:34:49.820+0800: 20457.379: [ParNew: 685696K->76160K(685696K), 0.0205343 secs] 1851212K->1273873K(2483840K), 0.0206620 secs] [Times: user=0.07 sys=0.00, real=0.02 secs] 
2016-10-17T16:34:51.207+0800: 20458.766: [GC (Allocation Failure) 2016-10-17T16:34:51.207+0800: 20458.766: [ParNew: 685696K->76160K(685696K), 0.0232906 secs] 1883409K->1305483K(2483840K), 0.0234461 secs] [Times: user=0.09 sys=0.00, real=0.02 secs] 
2016-10-17T16:34:52.757+0800: 20460.316: [GC (Allocation Failure) 2016-10-17T16:34:52.757+0800: 20460.316: [ParNew: 685696K->76160K(685696K), 0.0298702 secs] 1915019K->1342810K(2483840K), 0.0300117 secs] [Times: user=0.08 sys=0.00, real=0.03 secs] 
2016-10-17T16:34:52.788+0800: 20460.347: [GC (CMS Initial Mark) [1 CMS-initial-mark: 1266650K(1798144K)] 1350957K(2483840K), 0.0028755 secs] [Times: user=0.00 sys=0.01, real=0.00 secs] 
2016-10-17T16:34:52.791+0800: 20460.350: [CMS-concurrent-mark-start]
2016-10-17T16:34:53.073+0800: 20460.632: [CMS-concurrent-mark: 0.283/0.283 secs] [Times: user=0.62 sys=0.02, real=0.28 secs] 
2016-10-17T16:34:53.073+0800: 20460.632: [CMS-concurrent-preclean-start]
2016-10-17T16:34:53.080+0800: 20460.638: [CMS-concurrent-preclean: 0.006/0.006 secs] [Times: user=0.01 sys=0.00, real=0.01 secs] 
2016-10-17T16:34:53.080+0800: 20460.638: [CMS-concurrent-abortable-preclean-start]
2016-10-17T16:34:54.915+0800: 20462.473: [GC (Allocation Failure) 2016-10-17T16:34:54.915+0800: 20462.473: [ParNew: 685696K->76160K(685696K), 0.0247676 secs] 1952346K->1371726K(2483840K), 0.0249079 secs] [Times: user=0.09 sys=0.00, real=0.03 secs] 
2016-10-17T16:34:55.812+0800: 20463.371: [CMS-concurrent-abortable-preclean: 2.703/2.733 secs] [Times: user=6.07 sys=0.41, real=2.73 secs] 
2016-10-17T16:34:55.813+0800: 20463.372: [GC (CMS Final Remark) [YG occupancy: 386038 K (685696 K)]2016-10-17T16:34:55.813+0800: 20463.372: [Rescan (parallel) , 0.0094450 secs]2016-10-17T16:34:55.823+0800: 20463.382: [weak refs processing, 0.0007405 secs]2016-10-17T16:34:55.824+0800: 20463.382: [class unloading, 0.0160639 secs]2016-10-17T16:34:55.840+0800: 20463.398: [scrub symbol table, 0.0077405 secs]2016-10-17T16:34:55.847+0800: 20463.406: [scrub string table, 0.0010659 secs][1 CMS-remark: 1295566K(1798144K)] 1681604K(2483840K), 0.0357658 secs] [Times: user=0.07 sys=0.00, real=0.04 secs] 
2016-10-17T16:34:55.850+0800: 20463.409: [CMS-concurrent-sweep-start]
2016-10-17T16:34:55.965+0800: 20463.524: [CMS-concurrent-sweep: 0.115/0.115 secs] [Times: user=0.26 sys=0.00, real=0.11 secs] 
2016-10-17T16:34:55.965+0800: 20463.524: [CMS-concurrent-reset-start]
2016-10-17T16:34:55.969+0800: 20463.528: [CMS-concurrent-reset: 0.004/0.004 secs] [Times: user=0.01 sys=0.00, real=0.01 secs] 
2016-10-17T16:34:56.715+0800: 20464.274: [GC (Allocation Failure) 2016-10-17T16:34:56.715+0800: 20464.274: [ParNew: 685696K->76160K(685696K), 0.0267582 secs] 1777160K->1200767K(2483840K), 0.0269159 secs] [Times: user=0.10 sys=0.00, real=0.03 secs] 
2016-10-17T16:34:58.614+0800: 20466.172: [GC (Allocation Failure) 2016-10-17T16:34:58.614+0800: 20466.172: [ParNew: 685503K->71070K(685696K), 0.1753034 secs] 1810111K->1222528K(2483840K), 0.1754475 secs] [Times: user=0.60 sys=0.08, real=0.18 secs] 
2016-10-17T16:35:10.257+0800: 20477.816: [GC (Allocation Failure) 2016-10-17T16:35:10.258+0800: 20477.816: [ParNew: 680522K->67001K(685696K), 0.0178241 secs] 1831981K->1245584K(2483840K), 0.0179593 secs] [Times: user=0.07 sys=0.00, real=0.01 secs] 
2016-10-17T16:35:26.048+0800: 20493.607: [GC (Allocation Failure) 2016-10-17T16:35:26.048+0800: 20493.607: [ParNew: 676537K->76160K(685696K), 0.0337875 secs] 1855120K->1279152K(2483840K), 0.0339705 secs] [Times: user=0.08 sys=0.00, real=0.03 secs] 
2016-10-17T16:35:27.942+0800: 20495.501: [GC (Allocation Failure) 2016-10-17T16:35:27.942+0800: 20495.501: [ParNew: 685696K->62559K(685696K), 0.0168234 secs] 1888688K->1288085K(2483840K), 0.0169651 secs] [Times: user=0.06 sys=0.00, real=0.02 secs] 
2016-10-17T16:35:29.554+0800: 20497.113: [GC (Allocation Failure) 2016-10-17T16:35:29.554+0800: 20497.113: [ParNew: 672095K->76160K(685696K), 0.0214285 secs] 1897621K->1317438K(2483840K), 0.0215534 secs] [Times: user=0.07 sys=0.00, real=0.03 secs] 
2016-10-17T16:35:30.932+0800: 20498.491: [GC (Allocation Failure) 2016-10-17T16:35:30.932+0800: 20498.491: [ParNew: 685696K->76160K(685696K), 0.0227062 secs] 1926974K->1348153K(2483840K), 0.0228699 secs] [Times: user=0.08 sys=0.00, real=0.02 secs] 
2016-10-17T16:35:30.957+0800: 20498.516: [GC (CMS Initial Mark) [1 CMS-initial-mark: 1271993K(1798144K)] 1356653K(2483840K), 0.0018139 secs] [Times: user=0.01 sys=0.00, real=0.00 secs] 
2016-10-17T16:35:30.959+0800: 20498.518: [CMS-concurrent-mark-start]
2016-10-17T16:35:31.118+0800: 20498.676: [CMS-concurrent-mark: 0.159/0.159 secs] [Times: user=0.38 sys=0.01, real=0.16 secs] 
2016-10-17T16:35:31.118+0800: 20498.676: [CMS-concurrent-preclean-start]
2016-10-17T16:35:31.123+0800: 20498.682: [CMS-concurrent-preclean: 0.006/0.006 secs] [Times: user=0.02 sys=0.00, real=0.00 secs] 
2016-10-17T16:35:31.123+0800: 20498.682: [CMS-concurrent-abortable-preclean-start]
2016-10-17T16:35:32.727+0800: 20500.286: [GC (Allocation Failure) 2016-10-17T16:35:32.727+0800: 20500.286: [ParNew: 685696K->76160K(685696K), 0.0234196 secs] 1957689K->1386171K(2483840K), 0.0235491 secs] [Times: user=0.08 sys=0.00, real=0.02 secs] 
2016-10-17T16:35:33.438+0800: 20500.997: [CMS-concurrent-abortable-preclean: 2.187/2.314 secs] [Times: user=5.15 sys=0.26, real=2.32 secs] 
2016-10-17T16:35:33.439+0800: 20500.998: [GC (CMS Final Remark) [YG occupancy: 401564 K (685696 K)]2016-10-17T16:35:33.439+0800: 20500.998: [Rescan (parallel) , 0.0105326 secs]2016-10-17T16:35:33.449+0800: 20501.008: [weak refs processing, 0.0009534 secs]2016-10-17T16:35:33.450+0800: 20501.009: [class unloading, 0.0161904 secs]2016-10-17T16:35:33.467+0800: 20501.025: [scrub symbol table, 0.0041188 secs]2016-10-17T16:35:33.471+0800: 20501.030: [scrub string table, 0.0007134 secs][1 CMS-remark: 1310011K(1798144K)] 1711575K(2483840K), 0.0331980 secs] [Times: user=0.06 sys=0.00, real=0.03 secs] 
2016-10-17T16:35:33.601+0800: 20501.160: [CMS-concurrent-sweep-start]
2016-10-17T16:35:33.838+0800: 20501.397: [CMS-concurrent-sweep: 0.236/0.236 secs] [Times: user=0.54 sys=0.01, real=0.24 secs] 
2016-10-17T16:35:33.838+0800: 20501.397: [CMS-concurrent-reset-start]
2016-10-17T16:35:33.841+0800: 20501.400: [CMS-concurrent-reset: 0.004/0.004 secs] [Times: user=0.01 sys=0.00, real=0.00 secs] 
2016-10-17T16:35:38.527+0800: 20506.086: [GC (Allocation Failure) 2016-10-17T16:35:38.527+0800: 20506.086: [ParNew: 685696K->76160K(685696K), 0.0197925 secs] 1696729K->1119163K(2483840K), 0.0199592 secs] [Times: user=0.07 sys=0.00, real=0.02 secs] 
2016-10-17T16:35:39.850+0800: 20507.409: [GC (Allocation Failure) 2016-10-17T16:35:39.850+0800: 20507.409: [ParNew: 685696K->76160K(685696K), 0.0228341 secs] 1728699K->1159130K(2483840K), 0.0230132 secs] [Times: user=0.08 sys=0.00, real=0.02 secs] 
2016-10-17T16:35:41.374+0800: 20508.932: [GC (Allocation Failure) 2016-10-17T16:35:41.374+0800: 20508.932: [ParNew: 685696K->76160K(685696K), 0.0191105 secs] 1768666K->1188758K(2483840K), 0.0192616 secs] [Times: user=0.07 sys=0.00, real=0.02 secs] 
2016-10-17T16:35:43.693+0800: 20511.251: [GC (Allocation Failure) 2016-10-17T16:35:43.693+0800: 20511.251: [ParNew: 685696K->76160K(685696K), 0.0174107 secs] 1798294K->1218603K(2483840K), 0.0175366 secs] [Times: user=0.07 sys=0.00, real=0.02 secs] 
2016-10-17T16:35:45.050+0800: 20512.608: [GC (Allocation Failure) 2016-10-17T16:35:45.050+0800: 20512.608: [ParNew: 685696K->76160K(685696K), 0.0177815 secs] 1828139K->1236448K(2483840K), 0.0179043 secs] [Times: user=0.07 sys=0.00, real=0.02 secs] 
2016-10-17T16:35:46.500+0800: 20514.058: [GC (Allocation Failure) 2016-10-17T16:35:46.500+0800: 20514.058: [ParNew: 685696K->64722K(685696K), 0.0174442 secs] 1845984K->1246945K(2483840K), 0.0175688 secs] [Times: user=0.07 sys=0.00, real=0.02 secs] 
2016-10-17T16:35:47.790+0800: 20515.349: [GC (Allocation Failure) 2016-10-17T16:35:47.790+0800: 20515.349: [ParNew: 674258K->76160K(685696K), 0.0317727 secs] 1856481K->1286105K(2483840K), 0.0319461 secs] [Times: user=0.08 sys=0.00, real=0.03 secs] 
2016-10-17T16:35:49.332+0800: 20516.891: [GC (Allocation Failure) 2016-10-17T16:35:49.332+0800: 20516.891: [ParNew: 685575K->76160K(685696K), 0.0175300 secs] 1895521K->1316518K(2483840K), 0.0176868 secs] [Times: user=0.07 sys=0.00, real=0.02 secs] 
2016-10-17T16:35:50.795+0800: 20518.353: [GC (Allocation Failure) 2016-10-17T16:35:50.795+0800: 20518.354: [ParNew: 685696K->76160K(685696K), 0.0170389 secs] 1926054K->1347221K(2483840K), 0.0171811 secs] [Times: user=0.07 sys=0.00, real=0.02 secs] 
2016-10-17T16:35:50.813+0800: 20518.371: [GC (CMS Initial Mark) [1 CMS-initial-mark: 1271061K(1798144K)] 1355683K(2483840K), 0.0016079 secs] [Times: user=0.00 sys=0.00, real=0.00 secs] 
2016-10-17T16:35:50.814+0800: 20518.373: [CMS-concurrent-mark-start]
2016-10-17T16:35:50.955+0800: 20518.514: [CMS-concurrent-mark: 0.141/0.141 secs] [Times: user=0.34 sys=0.00, real=0.14 secs] 
2016-10-17T16:35:50.956+0800: 20518.514: [CMS-concurrent-preclean-start]
2016-10-17T16:35:50.961+0800: 20518.520: [CMS-concurrent-preclean: 0.005/0.005 secs] [Times: user=0.02 sys=0.01, real=0.01 secs] 
2016-10-17T16:35:50.961+0800: 20518.520: [CMS-concurrent-abortable-preclean-start]
2016-10-17T16:35:52.320+0800: 20519.878: [GC (Allocation Failure) 2016-10-17T16:35:52.320+0800: 20519.878: [ParNew: 685696K->76160K(685696K), 0.0183867 secs] 1956757K->1373278K(2483840K), 0.0185115 secs] [Times: user=0.07 sys=0.00, real=0.02 secs] 
2016-10-17T16:35:53.212+0800: 20520.771: [CMS-concurrent-abortable-preclean: 2.128/2.251 secs] [Times: user=5.04 sys=0.21, real=2.25 secs] 
2016-10-17T16:35:53.213+0800: 20520.772: [GC (CMS Final Remark) [YG occupancy: 383382 K (685696 K)]2016-10-17T16:35:53.213+0800: 20520.772: [Rescan (parallel) , 0.0088949 secs]2016-10-17T16:35:53.222+0800: 20520.781: [weak refs processing, 0.0005339 secs]2016-10-17T16:35:53.222+0800: 20520.781: [class unloading, 0.0133896 secs]2016-10-17T16:35:53.236+0800: 20520.795: [scrub symbol table, 0.0052911 secs]2016-10-17T16:35:53.241+0800: 20520.800: [scrub string table, 0.0007900 secs][1 CMS-remark: 1297118K(1798144K)] 1680500K(2483840K), 0.0296593 secs] [Times: user=0.06 sys=0.00, real=0.03 secs] 
2016-10-17T16:35:53.243+0800: 20520.802: [CMS-concurrent-sweep-start]
2016-10-17T16:35:53.392+0800: 20520.951: [CMS-concurrent-sweep: 0.149/0.149 secs] [Times: user=0.33 sys=0.03, real=0.15 secs] 
2016-10-17T16:35:53.392+0800: 20520.951: [CMS-concurrent-reset-start]
2016-10-17T16:35:53.397+0800: 20520.956: [CMS-concurrent-reset: 0.004/0.004 secs] [Times: user=0.01 sys=0.00, real=0.01 secs] 
2016-10-17T16:35:54.571+0800: 20522.130: [GC (Allocation Failure) 2016-10-17T16:35:54.571+0800: 20522.130: [ParNew: 685696K->76160K(685696K), 0.0179630 secs] 1269149K->689602K(2483840K), 0.0181323 secs] [Times: user=0.07 sys=0.00, real=0.02 secs] 
2016-10-17T16:35:55.955+0800: 20523.514: [GC (Allocation Failure) 2016-10-17T16:35:55.955+0800: 20523.514: [ParNew: 685696K->76160K(685696K), 0.0281319 secs] 1299138K->723227K(2483840K), 0.0282844 secs] [Times: user=0.09 sys=0.00, real=0.03 secs] 
2016-10-17T16:35:57.608+0800: 20525.166: [GC (Allocation Failure) 2016-10-17T16:35:57.608+0800: 20525.166: [ParNew: 685696K->76160K(685696K), 0.0204340 secs] 1332763K->749002K(2483840K), 0.0205922 secs] [Times: user=0.06 sys=0.00, real=0.02 secs] 
2016-10-17T16:35:59.605+0800: 20527.164: [GC (Allocation Failure) 2016-10-17T16:35:59.605+0800: 20527.164: [ParNew: 685696K->76160K(685696K), 0.0163714 secs] 1358538K->779408K(2483840K), 0.0165246 secs] [Times: user=0.06 sys=0.00, real=0.02 secs] 
2016-10-17T16:36:01.286+0800: 20528.845: [GC (Allocation Failure) 2016-10-17T16:36:01.286+0800: 20528.845: [ParNew: 685696K->76160K(685696K), 0.0170470 secs] 1388944K->807402K(2483840K), 0.0171890 secs] [Times: user=0.06 sys=0.00, real=0.01 secs] 
2016-10-17T16:36:02.655+0800: 20530.214: [GC (Allocation Failure) 2016-10-17T16:36:02.655+0800: 20530.214: [ParNew: 685696K->73671K(685696K), 0.0189331 secs] 1416938K->834165K(2483840K), 0.0190583 secs] [Times: user=0.07 sys=0.00, real=0.02 secs] 
2016-10-17T16:36:04.156+0800: 20531.715: [GC (Allocation Failure) 2016-10-17T16:36:04.156+0800: 20531.715: [ParNew: 683207K->76160K(685696K), 0.0248528 secs] 1443701K->868362K(2483840K), 0.0250417 secs] [Times: user=0.10 sys=0.00, real=0.02 secs] 
2016-10-17T16:36:05.911+0800: 20533.470: [GC (Allocation Failure) 2016-10-17T16:36:05.911+0800: 20533.470: [ParNew: 685696K->76160K(685696K), 4.3792909 secs] 1477898K->900031K(2483840K), 4.3794165 secs] [Times: user=12.76 sys=0.00, real=4.38 secs] 
2016-10-17T16:36:24.733+0800: 20552.291: [GC (Allocation Failure) 2016-10-17T16:36:24.733+0800: 20552.291: [ParNew: 685696K->70216K(685696K), 0.1787994 secs] 1509567K->922876K(2483840K), 0.1789724 secs] [Times: user=0.31 sys=0.04, real=0.18 secs] 
2016-10-17T16:36:28.976+0800: 20556.534: [GC (Allocation Failure) 2016-10-17T16:36:28.976+0800: 20556.535: [ParNew: 679752K->56380K(685696K), 0.0207512 secs] 1532412K->909041K(2483840K), 0.0209261 secs] [Times: user=0.05 sys=0.00, real=0.03 secs] 
2016-10-17T16:36:31.726+0800: 20559.285: [GC (Allocation Failure) 2016-10-17T16:36:31.726+0800: 20559.285: [ParNew: 665832K->52278K(685696K), 0.0166792 secs] 1518493K->929420K(2483840K), 0.0168267 secs] [Times: user=0.07 sys=0.00, real=0.01 secs] 
2016-10-17T16:36:33.662+0800: 20561.221: [GC (Allocation Failure) 2016-10-17T16:36:33.662+0800: 20561.221: [ParNew: 661814K->62573K(685696K), 0.0158722 secs] 1538956K->949375K(2483840K), 0.0160167 secs] [Times: user=0.06 sys=0.00, real=0.02 secs] 
2016-10-17T16:36:35.093+0800: 20562.652: [GC (Allocation Failure) 2016-10-17T16:36:35.093+0800: 20562.652: [ParNew: 672109K->76160K(685696K), 0.0201172 secs] 1558911K->991577K(2483840K), 0.0202732 secs] [Times: user=0.07 sys=0.00, real=0.02 secs] 
2016-10-17T16:36:37.359+0800: 20564.918: [GC (Allocation Failure) 2016-10-17T16:36:37.359+0800: 20564.918: [ParNew: 685696K->69538K(685696K), 0.0190137 secs] 1601113K->1005681K(2483840K), 0.0191466 secs] [Times: user=0.07 sys=0.00, real=0.02 secs] 
2016-10-17T16:36:39.008+0800: 20566.567: [GC (Allocation Failure) 2016-10-17T16:36:39.008+0800: 20566.567: [ParNew: 679074K->76160K(685696K), 0.0191461 secs] 1615217K->1036276K(2483840K), 0.0193001 secs] [Times: user=0.06 sys=0.00, real=0.02 secs] 
2016-10-17T16:36:40.454+0800: 20568.013: [GC (Allocation Failure) 2016-10-17T16:36:40.454+0800: 20568.013: [ParNew: 685646K->76160K(685696K), 0.0186540 secs] 1645763K->1057165K(2483840K), 0.0187724 secs] [Times: user=0.07 sys=0.00, real=0.02 secs] 
2016-10-17T16:36:42.150+0800: 20569.708: [GC (Allocation Failure) 2016-10-17T16:36:42.150+0800: 20569.708: [ParNew: 685696K->54978K(685696K), 0.3859185 secs] 1666701K->1092640K(2483840K), 0.3860635 secs] [Times: user=0.96 sys=0.02, real=0.38 secs] 
2016-10-17T16:36:45.131+0800: 20572.690: [GC (Allocation Failure) 2016-10-17T16:36:45.131+0800: 20572.690: [ParNew: 664514K->72709K(685696K), 0.0161501 secs] 1702176K->1110371K(2483840K), 0.0163052 secs] [Times: user=0.07 sys=0.00, real=0.02 secs] 
2016-10-17T16:36:46.528+0800: 20574.087: [GC (Allocation Failure) 2016-10-17T16:36:46.528+0800: 20574.087: [ParNew: 682190K->73585K(685696K), 0.0190034 secs] 1719852K->1138200K(2483840K), 0.0191298 secs] [Times: user=0.07 sys=0.00, real=0.02 secs] 
2016-10-17T16:36:48.086+0800: 20575.645: [GC (Allocation Failure) 2016-10-17T16:36:48.086+0800: 20575.645: [ParNew: 683121K->76160K(685696K), 0.0267492 secs] 1747736K->1170493K(2483840K), 0.0269000 secs] [Times: user=0.09 sys=0.00, real=0.02 secs] 
2016-10-17T16:36:49.809+0800: 20577.368: [GC (Allocation Failure) 2016-10-17T16:36:49.809+0800: 20577.368: [ParNew: 685696K->66848K(685696K), 0.0180313 secs] 1780029K->1188990K(2483840K), 0.0181578 secs] [Times: user=0.07 sys=0.00, real=0.02 secs] 
2016-10-17T16:36:51.631+0800: 20579.190: [GC (GCLocker Initiated GC) 2016-10-17T16:36:51.631+0800: 20579.190: [ParNew: 676447K->73235K(685696K), 0.0170583 secs] 1798590K->1218872K(2483840K), 0.0171905 secs] [Times: user=0.06 sys=0.00, real=0.02 secs] 
2016-10-17T16:36:55.552+0800: 20583.110: [GC (Allocation Failure) 2016-10-17T16:36:55.552+0800: 20583.111: [ParNew: 682771K->76160K(685696K), 0.0284554 secs] 1828408K->1255040K(2483840K), 0.0286022 secs] [Times: user=0.11 sys=0.00, real=0.03 secs] 
2016-10-17T16:37:00.080+0800: 20587.639: [GC (Allocation Failure) 2016-10-17T16:37:00.080+0800: 20587.639: [ParNew: 685665K->76160K(685696K), 0.0458396 secs] 1864545K->1352409K(2483840K), 0.0460119 secs] [Times: user=0.16 sys=0.00, real=0.05 secs] 
2016-10-17T16:37:00.127+0800: 20587.686: [GC (CMS Initial Mark) [1 CMS-initial-mark: 1276249K(1798144K)] 1352901K(2483840K), 0.0028673 secs] [Times: user=0.01 sys=0.00, real=0.00 secs] 
2016-10-17T16:37:00.130+0800: 20587.689: [CMS-concurrent-mark-start]
2016-10-17T16:37:00.336+0800: 20587.895: [CMS-concurrent-mark: 0.206/0.206 secs] [Times: user=0.27 sys=0.02, real=0.21 secs] 
2016-10-17T16:37:00.336+0800: 20587.895: [CMS-concurrent-preclean-start]
2016-10-17T16:37:00.342+0800: 20587.901: [CMS-concurrent-preclean: 0.006/0.006 secs] [Times: user=0.01 sys=0.00, real=0.00 secs] 
2016-10-17T16:37:00.342+0800: 20587.901: [CMS-concurrent-abortable-preclean-start]
2016-10-17T16:37:02.995+0800: 20590.553: [CMS-concurrent-abortable-preclean: 2.050/2.653 secs] [Times: user=2.82 sys=0.16, real=2.65 secs] 
2016-10-17T16:37:02.995+0800: 20590.554: [GC (CMS Final Remark) [YG occupancy: 385488 K (685696 K)]2016-10-17T16:37:02.995+0800: 20590.554: [Rescan (parallel) , 0.0157992 secs]2016-10-17T16:37:03.011+0800: 20590.570: [weak refs processing, 0.0021144 secs]2016-10-17T16:37:03.013+0800: 20590.572: [class unloading, 0.0136004 secs]2016-10-17T16:37:03.027+0800: 20590.586: [scrub symbol table, 0.0044948 secs]2016-10-17T16:37:03.032+0800: 20590.590: [scrub string table, 0.0007544 secs][1 CMS-remark: 1276249K(1798144K)] 1661737K(2483840K), 0.0383309 secs] [Times: user=0.09 sys=0.00, real=0.04 secs] 
2016-10-17T16:37:03.034+0800: 20590.593: [CMS-concurrent-sweep-start]
2016-10-17T16:37:03.146+0800: 20590.705: [CMS-concurrent-sweep: 0.112/0.112 secs] [Times: user=0.16 sys=0.01, real=0.12 secs] 
2016-10-17T16:37:03.146+0800: 20590.705: [CMS-concurrent-reset-start]
2016-10-17T16:37:03.149+0800: 20590.708: [CMS-concurrent-reset: 0.003/0.003 secs] [Times: user=0.00 sys=0.00, real=0.00 secs] 
2016-10-17T16:37:05.208+0800: 20592.767: [GC (Allocation Failure) 2016-10-17T16:37:05.208+0800: 20592.767: [ParNew: 685696K->76160K(685696K), 0.0305153 secs] 1148442K->615931K(2483840K), 0.0306455 secs] [Times: user=0.11 sys=0.00, real=0.03 secs] 
2016-10-17T16:37:09.512+0800: 20597.070: [GC (Allocation Failure) 2016-10-17T16:37:09.512+0800: 20597.070: [ParNew: 685696K->76160K(685696K), 0.0364048 secs] 1225467K->703890K(2483840K), 0.0365802 secs] [Times: user=0.13 sys=0.00, real=0.04 secs] 
2016-10-17T16:37:15.935+0800: 20603.494: [GC (Allocation Failure) 2016-10-17T16:37:15.935+0800: 20603.494: [ParNew: 685507K->76160K(685696K), 0.0307709 secs] 1313238K->793083K(2483840K), 0.0309156 secs] [Times: user=0.11 sys=0.00, real=0.04 secs] 
2016-10-17T16:37:21.288+0800: 20608.847: [GC (Allocation Failure) 2016-10-17T16:37:21.289+0800: 20608.847: [ParNew: 685696K->76160K(685696K), 0.0394138 secs] 1402619K->878039K(2483840K), 0.0395515 secs] [Times: user=0.13 sys=0.00, real=0.04 secs] 
2016-10-17T16:37:26.855+0800: 20614.413: [GC (Allocation Failure) 2016-10-17T16:37:26.855+0800: 20614.414: [ParNew: 685696K->76160K(685696K), 0.0360300 secs] 1487575K->954404K(2483840K), 0.0361931 secs] [Times: user=0.13 sys=0.00, real=0.04 secs] 
2016-10-17T16:37:31.529+0800: 20619.087: [GC (Allocation Failure) 2016-10-17T16:37:31.529+0800: 20619.087: [ParNew: 685664K->76160K(685696K), 0.0363243 secs] 1563908K->1038171K(2483840K), 0.0364751 secs] [Times: user=0.12 sys=0.00, real=0.03 secs] 
2016-10-17T16:37:35.999+0800: 20623.558: [GC (Allocation Failure) 2016-10-17T16:37:35.999+0800: 20623.558: [ParNew: 685696K->76160K(685696K), 0.0316642 secs] 1647707K->1122978K(2483840K), 0.0318115 secs] [Times: user=0.11 sys=0.00, real=0.03 secs] 
2016-10-17T16:37:40.680+0800: 20628.238: [GC (Allocation Failure) 2016-10-17T16:37:40.680+0800: 20628.239: [ParNew: 685497K->76160K(685696K), 0.0352467 secs] 1732315K->1212087K(2483840K), 0.0353948 secs] [Times: user=0.13 sys=0.00, real=0.03 secs] 
2016-10-17T16:37:44.841+0800: 20632.400: [GC (Allocation Failure) 2016-10-17T16:37:44.841+0800: 20632.400: [ParNew: 685547K->76160K(685696K), 0.0317940 secs] 1821474K->1290185K(2483840K), 0.0319630 secs] [Times: user=0.12 sys=0.00, real=0.03 secs] 
2016-10-17T16:37:49.242+0800: 20636.801: [GC (Allocation Failure) 2016-10-17T16:37:49.242+0800: 20636.801: [ParNew: 685635K->76160K(685696K), 0.0393091 secs] 1899661K->1375597K(2483840K), 0.0394489 secs] [Times: user=0.12 sys=0.00, real=0.04 secs] 
2016-10-17T16:37:49.282+0800: 20636.841: [GC (CMS Initial Mark) [1 CMS-initial-mark: 1299437K(1798144K)] 1376017K(2483840K), 0.0021216 secs] [Times: user=0.01 sys=0.00, real=0.00 secs] 
2016-10-17T16:37:49.284+0800: 20636.843: [CMS-concurrent-mark-start]
2016-10-17T16:37:49.567+0800: 20637.125: [CMS-concurrent-mark: 0.282/0.282 secs] [Times: user=0.37 sys=0.03, real=0.29 secs] 
2016-10-17T16:37:49.567+0800: 20637.125: [CMS-concurrent-preclean-start]
2016-10-17T16:37:49.574+0800: 20637.132: [CMS-concurrent-preclean: 0.007/0.007 secs] [Times: user=0.01 sys=0.00, real=0.00 secs] 
2016-10-17T16:37:49.574+0800: 20637.133: [CMS-concurrent-abortable-preclean-start]
2016-10-17T16:37:51.532+0800: 20639.091: [CMS-concurrent-abortable-preclean: 1.957/1.959 secs] [Times: user=2.74 sys=0.15, real=1.96 secs] 
2016-10-17T16:37:51.533+0800: 20639.092: [GC (CMS Final Remark) [YG occupancy: 386964 K (685696 K)]2016-10-17T16:37:51.533+0800: 20639.092: [Rescan (parallel) , 0.0200078 secs]2016-10-17T16:37:51.553+0800: 20639.112: [weak refs processing, 0.0012678 secs]2016-10-17T16:37:51.554+0800: 20639.113: [class unloading, 0.0136613 secs]2016-10-17T16:37:51.568+0800: 20639.127: [scrub symbol table, 0.0044225 secs]2016-10-17T16:37:51.573+0800: 20639.131: [scrub string table, 0.0007222 secs][1 CMS-remark: 1299437K(1798144K)] 1686402K(2483840K), 0.0411906 secs] [Times: user=0.09 sys=0.00, real=0.04 secs] 
2016-10-17T16:37:51.574+0800: 20639.133: [CMS-concurrent-sweep-start]
2016-10-17T16:37:51.684+0800: 20639.243: [CMS-concurrent-sweep: 0.110/0.110 secs] [Times: user=0.15 sys=0.01, real=0.11 secs] 
2016-10-17T16:37:51.685+0800: 20639.243: [CMS-concurrent-reset-start]
2016-10-17T16:37:51.688+0800: 20639.247: [CMS-concurrent-reset: 0.003/0.003 secs] [Times: user=0.01 sys=0.00, real=0.01 secs] 
2016-10-17T16:37:54.486+0800: 20642.044: [GC (Allocation Failure) 2016-10-17T16:37:54.486+0800: 20642.044: [ParNew: 685645K->76160K(685696K), 0.0435422 secs] 1730981K->1202366K(2483840K), 0.0437587 secs] [Times: user=0.15 sys=0.00, real=0.05 secs] 
2016-10-17T16:38:04.926+0800: 20652.485: [GC (Allocation Failure) 2016-10-17T16:38:04.926+0800: 20652.485: [ParNew: 685524K->76160K(685696K), 0.0353543 secs] 1811731K->1289857K(2483840K), 0.0355500 secs] [Times: user=0.13 sys=0.00, real=0.04 secs] 
2016-10-17T16:38:09.125+0800: 20656.684: [GC (Allocation Failure) 2016-10-17T16:38:09.125+0800: 20656.684: [ParNew: 685690K->76160K(685696K), 0.0498895 secs] 1899388K->1384914K(2483840K), 0.0500352 secs] [Times: user=0.18 sys=0.00, real=0.05 secs] 
2016-10-17T16:38:09.175+0800: 20656.734: [GC (CMS Initial Mark) [1 CMS-initial-mark: 1308754K(1798144K)] 1385328K(2483840K), 0.0123088 secs] [Times: user=0.03 sys=0.00, real=0.02 secs] 
2016-10-17T16:38:09.188+0800: 20656.747: [CMS-concurrent-mark-start]
2016-10-17T16:38:09.471+0800: 20657.030: [CMS-concurrent-mark: 0.283/0.283 secs] [Times: user=0.40 sys=0.01, real=0.28 secs] 
2016-10-17T16:38:09.471+0800: 20657.030: [CMS-concurrent-preclean-start]
2016-10-17T16:38:09.477+0800: 20657.036: [CMS-concurrent-preclean: 0.006/0.006 secs] [Times: user=0.01 sys=0.00, real=0.01 secs] 
2016-10-17T16:38:09.477+0800: 20657.036: [CMS-concurrent-abortable-preclean-start]
2016-10-17T16:38:12.415+0800: 20659.974: [CMS-concurrent-abortable-preclean: 2.937/2.938 secs] [Times: user=4.63 sys=0.26, real=2.93 secs] 
2016-10-17T16:38:12.416+0800: 20659.975: [GC (CMS Final Remark) [YG occupancy: 396684 K (685696 K)]2016-10-17T16:38:12.416+0800: 20659.975: [Rescan (parallel) , 0.0344700 secs]2016-10-17T16:38:12.451+0800: 20660.010: [weak refs processing, 0.0040449 secs]2016-10-17T16:38:12.455+0800: 20660.014: [class unloading, 0.0202285 secs]2016-10-17T16:38:12.475+0800: 20660.034: [scrub symbol table, 0.0076676 secs]2016-10-17T16:38:12.483+0800: 20660.042: [scrub string table, 0.0010273 secs][1 CMS-remark: 1308754K(1798144K)] 1705438K(2483840K), 0.0693037 secs] [Times: user=0.17 sys=0.00, real=0.06 secs] 
2016-10-17T16:38:12.486+0800: 20660.045: [CMS-concurrent-sweep-start]
2016-10-17T16:38:12.758+0800: 20660.317: [CMS-concurrent-sweep: 0.272/0.272 secs] [Times: user=0.41 sys=0.02, real=0.27 secs] 
2016-10-17T16:38:12.758+0800: 20660.317: [CMS-concurrent-reset-start]
2016-10-17T16:38:12.762+0800: 20660.321: [CMS-concurrent-reset: 0.004/0.004 secs] [Times: user=0.01 sys=0.00, real=0.00 secs] 
2016-10-17T16:38:15.872+0800: 20663.430: [GC (Allocation Failure) 2016-10-17T16:38:15.872+0800: 20663.431: [ParNew: 685592K->76160K(685696K), 0.0956294 secs] 1767493K->1264099K(2483840K), 0.0958055 secs] [Times: user=0.21 sys=0.00, real=0.10 secs] 
2016-10-17T16:38:25.237+0800: 20672.796: [GC (Allocation Failure) 2016-10-17T16:38:25.237+0800: 20672.796: [ParNew: 685674K->76160K(685696K), 0.0447745 secs] 1873614K->1335683K(2483840K), 0.0449414 secs] [Times: user=0.13 sys=0.00, real=0.04 secs] 
2016-10-17T16:38:25.283+0800: 20672.841: [GC (CMS Initial Mark) [1 CMS-initial-mark: 1259523K(1798144K)] 1335941K(2483840K), 0.0030094 secs] [Times: user=0.01 sys=0.00, real=0.00 secs] 
2016-10-17T16:38:25.286+0800: 20672.845: [CMS-concurrent-mark-start]
2016-10-17T16:38:25.870+0800: 20673.429: [CMS-concurrent-mark: 0.585/0.585 secs] [Times: user=0.66 sys=0.06, real=0.59 secs] 
2016-10-17T16:38:25.870+0800: 20673.429: [CMS-concurrent-preclean-start]
2016-10-17T16:38:25.876+0800: 20673.434: [CMS-concurrent-preclean: 0.005/0.005 secs] [Times: user=0.01 sys=0.00, real=0.00 secs] 
2016-10-17T16:38:25.876+0800: 20673.435: [CMS-concurrent-abortable-preclean-start]
2016-10-17T16:38:29.455+0800: 20677.014: [CMS-concurrent-abortable-preclean: 3.576/3.580 secs] [Times: user=4.35 sys=0.32, real=3.57 secs] 
2016-10-17T16:38:29.456+0800: 20677.015: [GC (CMS Final Remark) [YG occupancy: 387067 K (685696 K)]2016-10-17T16:38:29.456+0800: 20677.015: [Rescan (parallel) , 0.0182923 secs]2016-10-17T16:38:29.475+0800: 20677.033: [weak refs processing, 0.0004718 secs]2016-10-17T16:38:29.475+0800: 20677.034: [class unloading, 0.0189945 secs]2016-10-17T16:38:29.494+0800: 20677.053: [scrub symbol table, 0.0043131 secs]2016-10-17T16:38:29.499+0800: 20677.057: [scrub string table, 0.0007201 secs][1 CMS-remark: 1259523K(1798144K)] 1646590K(2483840K), 0.0520221 secs] [Times: user=0.11 sys=0.00, real=0.05 secs] 
2016-10-17T16:38:29.509+0800: 20677.068: [CMS-concurrent-sweep-start]
2016-10-17T16:38:29.633+0800: 20677.192: [CMS-concurrent-sweep: 0.124/0.124 secs] [Times: user=0.17 sys=0.00, real=0.12 secs] 
2016-10-17T16:38:29.633+0800: 20677.192: [CMS-concurrent-reset-start]
2016-10-17T16:38:29.636+0800: 20677.195: [CMS-concurrent-reset: 0.004/0.004 secs] [Times: user=0.01 sys=0.01, real=0.01 secs] 
2016-10-17T16:38:31.888+0800: 20679.446: [GC (Allocation Failure) 2016-10-17T16:38:31.888+0800: 20679.447: [ParNew: 685696K->76160K(685696K), 0.0412024 secs] 1782452K->1253436K(2483840K), 0.0413400 secs] [Times: user=0.14 sys=0.00, real=0.04 secs] 
2016-10-17T16:38:36.209+0800: 20683.767: [GC (Allocation Failure) 2016-10-17T16:38:36.209+0800: 20683.767: [ParNew: 685682K->76160K(685696K), 0.0357198 secs] 1862958K->1330410K(2483840K), 0.0358795 secs] [Times: user=0.14 sys=0.00, real=0.03 secs] 
2016-10-17T16:38:40.367+0800: 20687.926: [GC (Allocation Failure) 2016-10-17T16:38:40.367+0800: 20687.926: [ParNew: 685671K->76160K(685696K), 0.0339626 secs] 1939922K->1412201K(2483840K), 0.0341266 secs] [Times: user=0.12 sys=0.00, real=0.03 secs] 
2016-10-17T16:38:40.402+0800: 20687.960: [GC (CMS Initial Mark) [1 CMS-initial-mark: 1336041K(1798144K)] 1412569K(2483840K), 0.0031654 secs] [Times: user=0.02 sys=0.00, real=0.00 secs] 
2016-10-17T16:38:40.405+0800: 20687.964: [CMS-concurrent-mark-start]
2016-10-17T16:38:40.731+0800: 20688.289: [CMS-concurrent-mark: 0.326/0.326 secs] [Times: user=0.42 sys=0.03, real=0.33 secs] 
2016-10-17T16:38:40.731+0800: 20688.290: [CMS-concurrent-preclean-start]
2016-10-17T16:38:40.736+0800: 20688.295: [CMS-concurrent-preclean: 0.005/0.005 secs] [Times: user=0.00 sys=0.00, real=0.01 secs] 
2016-10-17T16:38:40.736+0800: 20688.295: [CMS-concurrent-abortable-preclean-start]
2016-10-17T16:38:42.515+0800: 20690.074: [CMS-concurrent-abortable-preclean: 1.775/1.779 secs] [Times: user=2.54 sys=0.13, real=1.77 secs] 
2016-10-17T16:38:42.516+0800: 20690.075: [GC (CMS Final Remark) [YG occupancy: 382093 K (685696 K)]2016-10-17T16:38:42.516+0800: 20690.075: [Rescan (parallel) , 0.0317398 secs]2016-10-17T16:38:42.548+0800: 20690.107: [weak refs processing, 0.0006198 secs]2016-10-17T16:38:42.549+0800: 20690.107: [class unloading, 0.0178946 secs]2016-10-17T16:38:42.567+0800: 20690.125: [scrub symbol table, 0.0067190 secs]2016-10-17T16:38:42.573+0800: 20690.132: [scrub string table, 0.0010440 secs][1 CMS-remark: 1336041K(1798144K)] 1718134K(2483840K), 0.0585319 secs] [Times: user=0.13 sys=0.00, real=0.05 secs] 
2016-10-17T16:38:42.575+0800: 20690.134: [CMS-concurrent-sweep-start]
2016-10-17T16:38:42.680+0800: 20690.239: [CMS-concurrent-sweep: 0.105/0.105 secs] [Times: user=0.13 sys=0.00, real=0.11 secs] 
2016-10-17T16:38:42.680+0800: 20690.239: [CMS-concurrent-reset-start]
2016-10-17T16:38:42.684+0800: 20690.243: [CMS-concurrent-reset: 0.004/0.004 secs] [Times: user=0.01 sys=0.00, real=0.00 secs] 
2016-10-17T16:38:44.739+0800: 20692.298: [GC (Allocation Failure) 2016-10-17T16:38:44.739+0800: 20692.298: [ParNew: 685674K->76160K(685696K), 0.0835837 secs] 1779815K->1270940K(2483840K), 0.0837611 secs] [Times: user=0.29 sys=0.00, real=0.08 secs] 
2016-10-17T16:38:48.230+0800: 20695.788: [GC (Allocation Failure) 2016-10-17T16:38:48.230+0800: 20695.788: [ParNew: 685696K->76160K(685696K), 0.0628295 secs] 1880476K->1365876K(2483840K), 0.0629627 secs] [Times: user=0.19 sys=0.00, real=0.06 secs] 
2016-10-17T16:38:48.293+0800: 20695.852: [GC (CMS Initial Mark) [1 CMS-initial-mark: 1289716K(1798144K)] 1366132K(2483840K), 0.0019290 secs] [Times: user=0.01 sys=0.00, real=0.00 secs] 
2016-10-17T16:38:48.295+0800: 20695.854: [CMS-concurrent-mark-start]
2016-10-17T16:38:48.516+0800: 20696.075: [CMS-concurrent-mark: 0.221/0.221 secs] [Times: user=0.30 sys=0.03, real=0.23 secs] 
2016-10-17T16:38:48.516+0800: 20696.075: [CMS-concurrent-preclean-start]
2016-10-17T16:38:48.521+0800: 20696.080: [CMS-concurrent-preclean: 0.005/0.005 secs] [Times: user=0.01 sys=0.01, real=0.00 secs] 
2016-10-17T16:38:48.522+0800: 20696.080: [CMS-concurrent-abortable-preclean-start]
2016-10-17T16:38:50.153+0800: 20697.712: [CMS-concurrent-abortable-preclean: 1.630/1.631 secs] [Times: user=2.19 sys=0.23, real=1.63 secs] 
2016-10-17T16:38:50.154+0800: 20697.712: [GC (CMS Final Remark) [YG occupancy: 381410 K (685696 K)]2016-10-17T16:38:50.154+0800: 20697.712: [Rescan (parallel) , 0.0163343 secs]2016-10-17T16:38:50.170+0800: 20697.729: [weak refs processing, 0.0007392 secs]2016-10-17T16:38:50.171+0800: 20697.730: [class unloading, 0.0133787 secs]2016-10-17T16:38:50.184+0800: 20697.743: [scrub symbol table, 0.0061921 secs]2016-10-17T16:38:50.190+0800: 20697.749: [scrub string table, 0.0007131 secs][1 CMS-remark: 1289716K(1798144K)] 1671126K(2483840K), 0.0379546 secs] [Times: user=0.09 sys=0.00, real=0.04 secs] 
2016-10-17T16:38:50.192+0800: 20697.750: [CMS-concurrent-sweep-start]
2016-10-17T16:38:50.431+0800: 20697.990: [CMS-concurrent-sweep: 0.239/0.239 secs] [Times: user=0.33 sys=0.02, real=0.24 secs] 
2016-10-17T16:38:50.431+0800: 20697.990: [CMS-concurrent-reset-start]
2016-10-17T16:38:50.435+0800: 20697.993: [CMS-concurrent-reset: 0.004/0.004 secs] [Times: user=0.00 sys=0.00, real=0.00 secs] 
2016-10-17T16:38:52.003+0800: 20699.562: [GC (Allocation Failure) 2016-10-17T16:38:52.004+0800: 20699.562: [ParNew: 685696K->76160K(685696K), 0.0273775 secs] 1736549K->1198079K(2483840K), 0.0275330 secs] [Times: user=0.11 sys=0.00, real=0.03 secs] 
2016-10-17T16:38:56.076+0800: 20703.635: [GC (Allocation Failure) 2016-10-17T16:38:56.076+0800: 20703.635: [ParNew: 685665K->76160K(685696K), 0.0321501 secs] 1807585K->1284743K(2483840K), 0.0322797 secs] [Times: user=0.11 sys=0.00, real=0.03 secs] 
2016-10-17T16:38:59.884+0800: 20707.443: [GC (Allocation Failure) 2016-10-17T16:38:59.884+0800: 20707.443: [ParNew: 685696K->76160K(685696K), 0.0342000 secs] 1894279K->1364481K(2483840K), 0.0343375 secs] [Times: user=0.13 sys=0.00, real=0.04 secs] 
2016-10-17T16:38:59.919+0800: 20707.478: [GC (CMS Initial Mark) [1 CMS-initial-mark: 1288321K(1798144K)] 1364867K(2483840K), 0.0017784 secs] [Times: user=0.01 sys=0.00, real=0.00 secs] 
2016-10-17T16:38:59.921+0800: 20707.480: [CMS-concurrent-mark-start]
2016-10-17T16:39:00.203+0800: 20707.762: [CMS-concurrent-mark: 0.282/0.282 secs] [Times: user=0.38 sys=0.03, real=0.28 secs] 
2016-10-17T16:39:00.203+0800: 20707.762: [CMS-concurrent-preclean-start]
2016-10-17T16:39:00.210+0800: 20707.768: [CMS-concurrent-preclean: 0.006/0.006 secs] [Times: user=0.01 sys=0.00, real=0.01 secs] 
2016-10-17T16:39:00.210+0800: 20707.769: [CMS-concurrent-abortable-preclean-start]
2016-10-17T16:39:02.003+0800: 20709.562: [CMS-concurrent-abortable-preclean: 1.792/1.794 secs] [Times: user=2.56 sys=0.13, real=1.79 secs] 
2016-10-17T16:39:02.004+0800: 20709.563: [GC (CMS Final Remark) [YG occupancy: 381743 K (685696 K)]2016-10-17T16:39:02.004+0800: 20709.563: [Rescan (parallel) , 0.0179682 secs]2016-10-17T16:39:02.022+0800: 20709.581: [weak refs processing, 0.0005085 secs]2016-10-17T16:39:02.023+0800: 20709.581: [class unloading, 0.0207123 secs]2016-10-17T16:39:02.043+0800: 20709.602: [scrub symbol table, 0.0057603 secs]2016-10-17T16:39:02.049+0800: 20709.608: [scrub string table, 0.0007449 secs][1 CMS-remark: 1288321K(1798144K)] 1670065K(2483840K), 0.0551815 secs] [Times: user=0.12 sys=0.00, real=0.06 secs] 
2016-10-17T16:39:02.060+0800: 20709.618: [CMS-concurrent-sweep-start]
2016-10-17T16:39:02.203+0800: 20709.762: [CMS-concurrent-sweep: 0.144/0.144 secs] [Times: user=0.21 sys=0.01, real=0.14 secs] 
2016-10-17T16:39:02.204+0800: 20709.762: [CMS-concurrent-reset-start]
2016-10-17T16:39:02.207+0800: 20709.766: [CMS-concurrent-reset: 0.003/0.003 secs] [Times: user=0.01 sys=0.00, real=0.01 secs] 
2016-10-17T16:39:04.049+0800: 20711.608: [GC (Allocation Failure) 2016-10-17T16:39:04.049+0800: 20711.608: [ParNew: 685571K->76160K(685696K), 0.0333529 secs] 1732073K->1213486K(2483840K), 0.0334822 secs] [Times: user=0.13 sys=0.00, real=0.03 secs] 
2016-10-17T16:39:07.277+0800: 20714.835: [GC (Allocation Failure) 2016-10-17T16:39:07.277+0800: 20714.836: [ParNew: 685571K->76160K(685696K), 0.0312577 secs] 1822898K->1285589K(2483840K), 0.0314230 secs] [Times: user=0.11 sys=0.00, real=0.03 secs] 
2016-10-17T16:39:11.412+0800: 20718.971: [GC (Allocation Failure) 2016-10-17T16:39:11.412+0800: 20718.971: [ParNew: 685465K->76160K(685696K), 0.1194671 secs] 1894894K->1368300K(2483840K), 0.1196251 secs] [Times: user=0.20 sys=0.01, real=0.12 secs] 
2016-10-17T16:39:11.533+0800: 20719.091: [GC (CMS Initial Mark) [1 CMS-initial-mark: 1292140K(1798144K)] 1368882K(2483840K), 0.0031909 secs] [Times: user=0.01 sys=0.00, real=0.01 secs] 
2016-10-17T16:39:11.536+0800: 20719.095: [CMS-concurrent-mark-start]
2016-10-17T16:39:11.689+0800: 20719.248: [CMS-concurrent-mark: 0.153/0.153 secs] [Times: user=0.21 sys=0.01, real=0.15 secs] 
2016-10-17T16:39:11.690+0800: 20719.248: [CMS-concurrent-preclean-start]
2016-10-17T16:39:11.694+0800: 20719.253: [CMS-concurrent-preclean: 0.004/0.004 secs] [Times: user=0.01 sys=0.00, real=0.00 secs] 
2016-10-17T16:39:11.694+0800: 20719.253: [CMS-concurrent-abortable-preclean-start]
2016-10-17T16:39:15.008+0800: 20722.566: [CMS-concurrent-abortable-preclean: 3.311/3.314 secs] [Times: user=4.19 sys=0.28, real=3.32 secs] 
2016-10-17T16:39:15.009+0800: 20722.567: [GC (CMS Final Remark) [YG occupancy: 386900 K (685696 K)]2016-10-17T16:39:15.009+0800: 20722.567: [Rescan (parallel) , 0.0224369 secs]2016-10-17T16:39:15.031+0800: 20722.590: [weak refs processing, 0.0003139 secs]2016-10-17T16:39:15.031+0800: 20722.590: [class unloading, 0.0134318 secs]2016-10-17T16:39:15.045+0800: 20722.604: [scrub symbol table, 0.0043156 secs]2016-10-17T16:39:15.049+0800: 20722.608: [scrub string table, 0.0007218 secs][1 CMS-remark: 1292140K(1798144K)] 1679040K(2483840K), 0.0416455 secs] [Times: user=0.11 sys=0.00, real=0.04 secs] 
2016-10-17T16:39:15.050+0800: 20722.609: [CMS-concurrent-sweep-start]
2016-10-17T16:39:15.556+0800: 20723.115: [CMS-concurrent-sweep: 0.506/0.506 secs] [Times: user=0.59 sys=0.04, real=0.51 secs] 
2016-10-17T16:39:15.556+0800: 20723.115: [CMS-concurrent-reset-start]
2016-10-17T16:39:15.560+0800: 20723.119: [CMS-concurrent-reset: 0.004/0.004 secs] [Times: user=0.00 sys=0.00, real=0.00 secs] 
2016-10-17T16:39:17.904+0800: 20725.462: [GC (Allocation Failure) 2016-10-17T16:39:17.904+0800: 20725.462: [ParNew: 685672K->76160K(685696K), 0.0469927 secs] 1644981K->1123957K(2483840K), 0.0471381 secs] [Times: user=0.17 sys=0.00, real=0.05 secs] 
2016-10-17T16:39:25.248+0800: 20732.807: [GC (Allocation Failure) 2016-10-17T16:39:25.248+0800: 20732.807: [ParNew: 685696K->76160K(685696K), 0.0600217 secs] 1733493K->1214590K(2483840K), 0.0601790 secs] [Times: user=0.14 sys=0.00, real=0.06 secs] 
2016-10-17T16:39:31.195+0800: 20738.753: [GC (Allocation Failure) 2016-10-17T16:39:31.195+0800: 20738.754: [ParNew: 685696K->76160K(685696K), 0.0409858 secs] 1824126K->1303824K(2483840K), 0.0411548 secs] [Times: user=0.12 sys=0.00, real=0.05 secs] 
2016-10-17T16:39:35.190+0800: 20742.749: [GC (Allocation Failure) 2016-10-17T16:39:35.190+0800: 20742.749: [ParNew: 685473K->76160K(685696K), 0.0277062 secs] 1913138K->1377212K(2483840K), 0.0278331 secs] [Times: user=0.10 sys=0.00, real=0.03 secs] 
2016-10-17T16:39:35.218+0800: 20742.777: [GC (CMS Initial Mark) [1 CMS-initial-mark: 1301052K(1798144K)] 1377806K(2483840K), 0.0026502 secs] [Times: user=0.01 sys=0.00, real=0.00 secs] 
2016-10-17T16:39:35.221+0800: 20742.780: [CMS-concurrent-mark-start]
2016-10-17T16:39:35.371+0800: 20742.930: [CMS-concurrent-mark: 0.150/0.150 secs] [Times: user=0.21 sys=0.01, real=0.15 secs] 
2016-10-17T16:39:35.371+0800: 20742.930: [CMS-concurrent-preclean-start]
2016-10-17T16:39:35.376+0800: 20742.935: [CMS-concurrent-preclean: 0.005/0.005 secs] [Times: user=0.01 sys=0.00, real=0.01 secs] 
2016-10-17T16:39:35.376+0800: 20742.935: [CMS-concurrent-abortable-preclean-start]
2016-10-17T16:39:37.132+0800: 20744.691: [CMS-concurrent-abortable-preclean: 1.754/1.756 secs] [Times: user=2.51 sys=0.13, real=1.75 secs] 
2016-10-17T16:39:37.133+0800: 20744.691: [GC (CMS Final Remark) [YG occupancy: 381498 K (685696 K)]2016-10-17T16:39:37.133+0800: 20744.691: [Rescan (parallel) , 0.0153695 secs]2016-10-17T16:39:37.148+0800: 20744.707: [weak refs processing, 0.0010205 secs]2016-10-17T16:39:37.149+0800: 20744.708: [class unloading, 0.0138802 secs]2016-10-17T16:39:37.163+0800: 20744.722: [scrub symbol table, 0.0059107 secs]2016-10-17T16:39:37.169+0800: 20744.728: [scrub string table, 0.0007566 secs][1 CMS-remark: 1301052K(1798144K)] 1682551K(2483840K), 0.0377576 secs] [Times: user=0.09 sys=0.00, real=0.04 secs] 
2016-10-17T16:39:37.171+0800: 20744.729: [CMS-concurrent-sweep-start]
2016-10-17T16:39:37.279+0800: 20744.838: [CMS-concurrent-sweep: 0.108/0.108 secs] [Times: user=0.15 sys=0.01, real=0.11 secs] 
2016-10-17T16:39:37.279+0800: 20744.838: [CMS-concurrent-reset-start]
2016-10-17T16:39:37.282+0800: 20744.841: [CMS-concurrent-reset: 0.004/0.004 secs] [Times: user=0.01 sys=0.00, real=0.00 secs] 
2016-10-17T16:39:39.427+0800: 20746.986: [GC (Allocation Failure) 2016-10-17T16:39:39.427+0800: 20746.986: [ParNew: 685696K->76160K(685696K), 0.0319226 secs] 1663124K->1142016K(2483840K), 0.0320529 secs] [Times: user=0.12 sys=0.00, real=0.03 secs] 
2016-10-17T16:39:43.390+0800: 20750.949: [GC (Allocation Failure) 2016-10-17T16:39:43.390+0800: 20750.949: [ParNew: 685663K->76160K(685696K), 0.0334186 secs] 1751520K->1222951K(2483840K), 0.0335484 secs] [Times: user=0.12 sys=0.00, real=0.03 secs] 
2016-10-17T16:39:47.167+0800: 20754.725: [GC (Allocation Failure) 2016-10-17T16:39:47.167+0800: 20754.725: [ParNew: 685676K->76160K(685696K), 0.0350360 secs] 1832467K->1313170K(2483840K), 0.0351725 secs] [Times: user=0.12 sys=0.00, real=0.03 secs] 
2016-10-17T16:39:51.359+0800: 20758.918: [GC (Allocation Failure) 2016-10-17T16:39:51.359+0800: 20758.918: [ParNew: 685696K->76160K(685696K), 0.0325423 secs] 1922706K->1387718K(2483840K), 0.0327032 secs] [Times: user=0.11 sys=0.00, real=0.03 secs] 
2016-10-17T16:39:51.392+0800: 20758.951: [GC (CMS Initial Mark) [1 CMS-initial-mark: 1311558K(1798144K)] 1387974K(2483840K), 0.0019775 secs] [Times: user=0.01 sys=0.00, real=0.00 secs] 
2016-10-17T16:39:51.394+0800: 20758.953: [CMS-concurrent-mark-start]
2016-10-17T16:39:51.575+0800: 20759.134: [CMS-concurrent-mark: 0.181/0.181 secs] [Times: user=0.25 sys=0.02, real=0.18 secs] 
2016-10-17T16:39:51.576+0800: 20759.134: [CMS-concurrent-preclean-start]
2016-10-17T16:39:51.581+0800: 20759.140: [CMS-concurrent-preclean: 0.005/0.006 secs] [Times: user=0.01 sys=0.00, real=0.01 secs] 
2016-10-17T16:39:51.581+0800: 20759.140: [CMS-concurrent-abortable-preclean-start]
2016-10-17T16:39:53.610+0800: 20761.169: [CMS-concurrent-abortable-preclean: 2.025/2.029 secs] [Times: user=2.89 sys=0.16, real=2.03 secs] 
2016-10-17T16:39:53.611+0800: 20761.170: [GC (CMS Final Remark) [YG occupancy: 384738 K (685696 K)]2016-10-17T16:39:53.611+0800: 20761.170: [Rescan (parallel) , 0.0181197 secs]2016-10-17T16:39:53.629+0800: 20761.188: [weak refs processing, 0.0005925 secs]2016-10-17T16:39:53.630+0800: 20761.189: [class unloading, 0.0186731 secs]2016-10-17T16:39:53.649+0800: 20761.207: [scrub symbol table, 0.0060697 secs]2016-10-17T16:39:53.655+0800: 20761.213: [scrub string table, 0.0010159 secs][1 CMS-remark: 1311558K(1798144K)] 1696297K(2483840K), 0.0450850 secs] [Times: user=0.10 sys=0.00, real=0.05 secs] 
2016-10-17T16:39:53.656+0800: 20761.215: [CMS-concurrent-sweep-start]
2016-10-17T16:39:53.741+0800: 20761.300: [CMS-concurrent-sweep: 0.084/0.084 secs] [Times: user=0.13 sys=0.00, real=0.08 secs] 
2016-10-17T16:39:53.741+0800: 20761.300: [CMS-concurrent-reset-start]
2016-10-17T16:39:53.744+0800: 20761.303: [CMS-concurrent-reset: 0.004/0.004 secs] [Times: user=0.00 sys=0.00, real=0.00 secs] 
2016-10-17T16:39:55.733+0800: 20763.292: [GC (Allocation Failure) 2016-10-17T16:39:55.733+0800: 20763.292: [ParNew: 685479K->76160K(685696K), 0.0337157 secs] 1711757K->1188511K(2483840K), 0.0338774 secs] [Times: user=0.11 sys=0.00, real=0.04 secs] 
2016-10-17T16:40:00.595+0800: 20768.154: [GC (Allocation Failure) 2016-10-17T16:40:00.595+0800: 20768.154: [ParNew: 685696K->76160K(685696K), 0.0380836 secs] 1798047K->1270225K(2483840K), 0.0382483 secs] [Times: user=0.13 sys=0.00, real=0.04 secs] 
2016-10-17T16:40:04.755+0800: 20772.314: [GC (Allocation Failure) 2016-10-17T16:40:04.755+0800: 20772.314: [ParNew: 685692K->76160K(685696K), 0.0325714 secs] 1879758K->1354764K(2483840K), 0.0327059 secs] [Times: user=0.12 sys=0.00, real=0.04 secs] 
2016-10-17T16:40:04.789+0800: 20772.348: [GC (CMS Initial Mark) [1 CMS-initial-mark: 1278604K(1798144K)] 1355183K(2483840K), 0.0025114 secs] [Times: user=0.01 sys=0.00, real=0.00 secs] 
2016-10-17T16:40:04.791+0800: 20772.350: [CMS-concurrent-mark-start]
2016-10-17T16:40:05.013+0800: 20772.572: [CMS-concurrent-mark: 0.222/0.222 secs] [Times: user=0.31 sys=0.02, real=0.22 secs] 
2016-10-17T16:40:05.014+0800: 20772.572: [CMS-concurrent-preclean-start]
2016-10-17T16:40:05.019+0800: 20772.578: [CMS-concurrent-preclean: 0.006/0.006 secs] [Times: user=0.00 sys=0.00, real=0.01 secs] 
2016-10-17T16:40:05.019+0800: 20772.578: [CMS-concurrent-abortable-preclean-start]
2016-10-17T16:40:06.792+0800: 20774.351: [CMS-concurrent-abortable-preclean: 1.771/1.773 secs] [Times: user=2.45 sys=0.23, real=1.77 secs] 
2016-10-17T16:40:06.793+0800: 20774.352: [GC (CMS Final Remark) [YG occupancy: 384226 K (685696 K)]2016-10-17T16:40:06.793+0800: 20774.352: [Rescan (parallel) , 0.0229606 secs]2016-10-17T16:40:06.816+0800: 20774.375: [weak refs processing, 0.0005836 secs]2016-10-17T16:40:06.816+0800: 20774.375: [class unloading, 0.0159359 secs]2016-10-17T16:40:06.832+0800: 20774.391: [scrub symbol table, 0.0089304 secs]2016-10-17T16:40:06.841+0800: 20774.400: [scrub string table, 0.0009743 secs][1 CMS-remark: 1278604K(1798144K)] 1662830K(2483840K), 0.0500659 secs] [Times: user=0.13 sys=0.00, real=0.05 secs] 
2016-10-17T16:40:06.843+0800: 20774.402: [CMS-concurrent-sweep-start]
2016-10-17T16:40:06.933+0800: 20774.492: [CMS-concurrent-sweep: 0.090/0.090 secs] [Times: user=0.12 sys=0.01, real=0.09 secs] 
2016-10-17T16:40:06.934+0800: 20774.492: [CMS-concurrent-reset-start]
2016-10-17T16:40:06.937+0800: 20774.496: [CMS-concurrent-reset: 0.003/0.003 secs] [Times: user=0.01 sys=0.00, real=0.01 secs] 
2016-10-17T16:40:08.888+0800: 20776.447: [GC (Allocation Failure) 2016-10-17T16:40:08.888+0800: 20776.447: [ParNew: 685673K->76160K(685696K), 0.0508500 secs] 1724568K->1203532K(2483840K), 0.0510333 secs] [Times: user=0.18 sys=0.00, real=0.05 secs] 
2016-10-17T16:40:14.048+0800: 20781.607: [GC (Allocation Failure) 2016-10-17T16:40:14.048+0800: 20781.607: [ParNew: 685460K->76160K(685696K), 0.0333807 secs] 1812833K->1286640K(2483840K), 0.0335714 secs] [Times: user=0.12 sys=0.00, real=0.03 secs] 
2016-10-17T16:40:18.723+0800: 20786.281: [GC (Allocation Failure) 2016-10-17T16:40:18.723+0800: 20786.281: [ParNew: 685692K->76160K(685696K), 0.0379561 secs] 1896173K->1371850K(2483840K), 0.0380879 secs] [Times: user=0.13 sys=0.00, real=0.04 secs] 
2016-10-17T16:40:18.761+0800: 20786.320: [GC (CMS Initial Mark) [1 CMS-initial-mark: 1295690K(1798144K)] 1372219K(2483840K), 0.0020803 secs] [Times: user=0.01 sys=0.00, real=0.00 secs] 
2016-10-17T16:40:18.763+0800: 20786.322: [CMS-concurrent-mark-start]
2016-10-17T16:40:18.992+0800: 20786.551: [CMS-concurrent-mark: 0.229/0.229 secs] [Times: user=0.32 sys=0.02, real=0.23 secs] 
2016-10-17T16:40:18.992+0800: 20786.551: [CMS-concurrent-preclean-start]
2016-10-17T16:40:18.998+0800: 20786.557: [CMS-concurrent-preclean: 0.005/0.005 secs] [Times: user=0.01 sys=0.00, real=0.01 secs] 
2016-10-17T16:40:18.998+0800: 20786.557: [CMS-concurrent-abortable-preclean-start]
2016-10-17T16:40:22.031+0800: 20789.589: [CMS-concurrent-abortable-preclean: 2.780/3.033 secs] [Times: user=3.58 sys=0.20, real=3.03 secs] 
2016-10-17T16:40:22.031+0800: 20789.590: [GC (CMS Final Remark) [YG occupancy: 382087 K (685696 K)]2016-10-17T16:40:22.031+0800: 20789.590: [Rescan (parallel) , 0.0299897 secs]2016-10-17T16:40:22.061+0800: 20789.620: [weak refs processing, 0.0007754 secs]2016-10-17T16:40:22.062+0800: 20789.621: [class unloading, 0.0138136 secs]2016-10-17T16:40:22.076+0800: 20789.635: [scrub symbol table, 0.0042770 secs]2016-10-17T16:40:22.080+0800: 20789.639: [scrub string table, 0.0007220 secs][1 CMS-remark: 1295690K(1798144K)] 1677778K(2483840K), 0.0500738 secs] [Times: user=0.10 sys=0.00, real=0.05 secs] 
2016-10-17T16:40:22.082+0800: 20789.641: [CMS-concurrent-sweep-start]
2016-10-17T16:40:22.171+0800: 20789.730: [CMS-concurrent-sweep: 0.089/0.089 secs] [Times: user=0.11 sys=0.00, real=0.09 secs] 
2016-10-17T16:40:22.171+0800: 20789.730: [CMS-concurrent-reset-start]
2016-10-17T16:40:22.175+0800: 20789.734: [CMS-concurrent-reset: 0.004/0.004 secs] [Times: user=0.01 sys=0.00, real=0.00 secs] 
2016-10-17T16:40:25.405+0800: 20792.964: [GC (Allocation Failure) 2016-10-17T16:40:25.406+0800: 20792.964: [ParNew: 685550K->76160K(685696K), 0.0348914 secs] 1740074K->1214332K(2483840K), 0.0350253 secs] [Times: user=0.12 sys=0.00, real=0.04 secs] 
2016-10-17T16:40:29.719+0800: 20797.278: [GC (Allocation Failure) 2016-10-17T16:40:29.719+0800: 20797.278: [ParNew: 685679K->76160K(685696K), 0.0344804 secs] 1823851K->1294020K(2483840K), 0.0346116 secs] [Times: user=0.12 sys=0.00, real=0.03 secs] 
2016-10-17T16:40:33.643+0800: 20801.201: [GC (Allocation Failure) 2016-10-17T16:40:33.643+0800: 20801.201: [ParNew: 685622K->76160K(685696K), 0.0315046 secs] 1903483K->1376088K(2483840K), 0.0316562 secs] [Times: user=0.12 sys=0.00, real=0.03 secs] 
2016-10-17T16:40:33.675+0800: 20801.234: [GC (CMS Initial Mark) [1 CMS-initial-mark: 1299928K(1798144K)] 1376344K(2483840K), 0.0032911 secs] [Times: user=0.01 sys=0.00, real=0.01 secs] 
2016-10-17T16:40:33.678+0800: 20801.237: [CMS-concurrent-mark-start]
2016-10-17T16:40:33.928+0800: 20801.487: [CMS-concurrent-mark: 0.250/0.250 secs] [Times: user=0.34 sys=0.01, real=0.25 secs] 
2016-10-17T16:40:33.928+0800: 20801.487: [CMS-concurrent-preclean-start]
2016-10-17T16:40:33.934+0800: 20801.492: [CMS-concurrent-preclean: 0.005/0.005 secs] [Times: user=0.01 sys=0.00, real=0.00 secs] 
2016-10-17T16:40:33.934+0800: 20801.492: [CMS-concurrent-abortable-preclean-start]
2016-10-17T16:40:35.706+0800: 20803.265: [CMS-concurrent-abortable-preclean: 1.772/1.773 secs] [Times: user=2.56 sys=0.15, real=1.78 secs] 
2016-10-17T16:40:35.707+0800: 20803.266: [GC (CMS Final Remark) [YG occupancy: 383524 K (685696 K)]2016-10-17T16:40:35.707+0800: 20803.266: [Rescan (parallel) , 0.0148496 secs]2016-10-17T16:40:35.722+0800: 20803.281: [weak refs processing, 0.0003082 secs]2016-10-17T16:40:35.722+0800: 20803.281: [class unloading, 0.0134896 secs]2016-10-17T16:40:35.736+0800: 20803.295: [scrub symbol table, 0.0053483 secs]2016-10-17T16:40:35.741+0800: 20803.300: [scrub string table, 0.0008466 secs][1 CMS-remark: 1299928K(1798144K)] 1683452K(2483840K), 0.0352433 secs] [Times: user=0.08 sys=0.00, real=0.03 secs] 
2016-10-17T16:40:35.743+0800: 20803.301: [CMS-concurrent-sweep-start]
2016-10-17T16:40:35.837+0800: 20803.396: [CMS-concurrent-sweep: 0.094/0.095 secs] [Times: user=0.14 sys=0.01, real=0.10 secs] 
2016-10-17T16:40:35.838+0800: 20803.396: [CMS-concurrent-reset-start]
2016-10-17T16:40:35.841+0800: 20803.400: [CMS-concurrent-reset: 0.003/0.003 secs] [Times: user=0.00 sys=0.00, real=0.00 secs] 
2016-10-17T16:40:37.884+0800: 20805.443: [GC (Allocation Failure) 2016-10-17T16:40:37.884+0800: 20805.443: [ParNew: 685655K->76160K(685696K), 0.0363804 secs] 1742190K->1214994K(2483840K), 0.0365364 secs] [Times: user=0.13 sys=0.00, real=0.04 secs] 
2016-10-17T16:40:41.785+0800: 20809.343: [GC (Allocation Failure) 2016-10-17T16:40:41.785+0800: 20809.343: [ParNew: 685645K->76160K(685696K), 0.0275501 secs] 1824479K->1294634K(2483840K), 0.0276692 secs] [Times: user=0.10 sys=0.00, real=0.03 secs] 
2016-10-17T16:40:45.744+0800: 20813.303: [GC (Allocation Failure) 2016-10-17T16:40:45.744+0800: 20813.303: [ParNew: 685696K->76160K(685696K), 0.0334506 secs] 1904170K->1382819K(2483840K), 0.0335987 secs] [Times: user=0.12 sys=0.00, real=0.04 secs] 
2016-10-17T16:40:45.778+0800: 20813.337: [GC (CMS Initial Mark) [1 CMS-initial-mark: 1306659K(1798144K)] 1383095K(2483840K), 0.0028163 secs] [Times: user=0.01 sys=0.00, real=0.00 secs] 
2016-10-17T16:40:45.781+0800: 20813.340: [CMS-concurrent-mark-start]
2016-10-17T16:40:46.085+0800: 20813.644: [CMS-concurrent-mark: 0.303/0.303 secs] [Times: user=0.42 sys=0.04, real=0.30 secs] 
2016-10-17T16:40:46.085+0800: 20813.644: [CMS-concurrent-preclean-start]
2016-10-17T16:40:46.091+0800: 20813.650: [CMS-concurrent-preclean: 0.006/0.006 secs] [Times: user=0.01 sys=0.00, real=0.01 secs] 
2016-10-17T16:40:46.091+0800: 20813.650: [CMS-concurrent-abortable-preclean-start]
2016-10-17T16:40:47.796+0800: 20815.355: [CMS-concurrent-abortable-preclean: 1.703/1.705 secs] [Times: user=2.36 sys=0.23, real=1.71 secs] 
2016-10-17T16:40:47.797+0800: 20815.356: [GC (CMS Final Remark) [YG occupancy: 381230 K (685696 K)]2016-10-17T16:40:47.797+0800: 20815.356: [Rescan (parallel) , 0.0177241 secs]2016-10-17T16:40:47.815+0800: 20815.373: [weak refs processing, 0.0004845 secs]2016-10-17T16:40:47.815+0800: 20815.374: [class unloading, 0.0136065 secs]2016-10-17T16:40:47.829+0800: 20815.387: [scrub symbol table, 0.0051488 secs]2016-10-17T16:40:47.834+0800: 20815.393: [scrub string table, 0.0007512 secs][1 CMS-remark: 1306659K(1798144K)] 1687890K(2483840K), 0.0381462 secs] [Times: user=0.09 sys=0.00, real=0.03 secs] 
2016-10-17T16:40:47.835+0800: 20815.394: [CMS-concurrent-sweep-start]
2016-10-17T16:40:47.938+0800: 20815.496: [CMS-concurrent-sweep: 0.102/0.102 secs] [Times: user=0.14 sys=0.01, real=0.11 secs] 
2016-10-17T16:40:47.938+0800: 20815.496: [CMS-concurrent-reset-start]
2016-10-17T16:40:47.941+0800: 20815.500: [CMS-concurrent-reset: 0.004/0.004 secs] [Times: user=0.00 sys=0.00, real=0.00 secs] 
2016-10-17T16:40:49.718+0800: 20817.277: [GC (Allocation Failure) 2016-10-17T16:40:49.718+0800: 20817.277: [ParNew: 685648K->76160K(685696K), 0.0349223 secs] 1751206K->1233440K(2483840K), 0.0350750 secs] [Times: user=0.12 sys=0.00, real=0.03 secs] 
2016-10-17T16:40:54.982+0800: 20822.541: [GC (Allocation Failure) 2016-10-17T16:40:54.982+0800: 20822.541: [ParNew: 685696K->76160K(685696K), 0.0377159 secs] 1842976K->1308516K(2483840K), 0.0378778 secs] [Times: user=0.14 sys=0.00, real=0.04 secs] 
2016-10-17T16:41:02.579+0800: 20830.138: [GC (Allocation Failure) 2016-10-17T16:41:02.580+0800: 20830.138: [ParNew: 685696K->76160K(685696K), 0.1137565 secs] 1918052K->1388740K(2483840K), 0.1139015 secs] [Times: user=0.22 sys=0.01, real=0.11 secs] 
2016-10-17T16:41:02.694+0800: 20830.253: [GC (CMS Initial Mark) [1 CMS-initial-mark: 1312580K(1798144K)] 1389044K(2483840K), 0.0038616 secs] [Times: user=0.01 sys=0.00, real=0.01 secs] 
2016-10-17T16:41:02.698+0800: 20830.257: [CMS-concurrent-mark-start]
2016-10-17T16:41:03.027+0800: 20830.586: [CMS-concurrent-mark: 0.329/0.329 secs] [Times: user=0.44 sys=0.06, real=0.33 secs] 
2016-10-17T16:41:03.027+0800: 20830.586: [CMS-concurrent-preclean-start]
2016-10-17T16:41:03.036+0800: 20830.595: [CMS-concurrent-preclean: 0.009/0.009 secs] [Times: user=0.02 sys=0.00, real=0.01 secs] 
2016-10-17T16:41:03.036+0800: 20830.595: [CMS-concurrent-abortable-preclean-start]
2016-10-17T16:41:04.724+0800: 20832.283: [CMS-concurrent-abortable-preclean: 1.686/1.688 secs] [Times: user=2.32 sys=0.24, real=1.68 secs] 
2016-10-17T16:41:04.724+0800: 20832.283: [GC (CMS Final Remark) [YG occupancy: 388026 K (685696 K)]2016-10-17T16:41:04.725+0800: 20832.283: [Rescan (parallel) , 0.0440771 secs]2016-10-17T16:41:04.769+0800: 20832.327: [weak refs processing, 0.0003994 secs]2016-10-17T16:41:04.769+0800: 20832.328: [class unloading, 0.0151163 secs]2016-10-17T16:41:04.784+0800: 20832.343: [scrub symbol table, 0.0047579 secs]2016-10-17T16:41:04.789+0800: 20832.348: [scrub string table, 0.0007150 secs][1 CMS-remark: 1312580K(1798144K)] 1700606K(2483840K), 0.0654968 secs] [Times: user=0.09 sys=0.00, real=0.07 secs] 
2016-10-17T16:41:04.790+0800: 20832.349: [CMS-concurrent-sweep-start]
2016-10-17T16:41:04.893+0800: 20832.452: [CMS-concurrent-sweep: 0.102/0.102 secs] [Times: user=0.16 sys=0.00, real=0.10 secs] 
2016-10-17T16:41:04.893+0800: 20832.452: [CMS-concurrent-reset-start]
2016-10-17T16:41:04.896+0800: 20832.455: [CMS-concurrent-reset: 0.003/0.003 secs] [Times: user=0.00 sys=0.00, real=0.01 secs] 
2016-10-17T16:41:06.631+0800: 20834.190: [GC (Allocation Failure) 2016-10-17T16:41:06.631+0800: 20834.190: [ParNew: 685696K->76160K(685696K), 0.0390584 secs] 1795722K->1279827K(2483840K), 0.0392189 secs] [Times: user=0.14 sys=0.00, real=0.04 secs] 
2016-10-17T16:41:11.271+0800: 20838.829: [GC (Allocation Failure) 2016-10-17T16:41:11.271+0800: 20838.829: [ParNew: 685585K->76160K(685696K), 0.0424585 secs] 1889253K->1355575K(2483840K), 0.0426768 secs] [Times: user=0.13 sys=0.00, real=0.04 secs] 
2016-10-17T16:41:11.314+0800: 20838.873: [GC (CMS Initial Mark) [1 CMS-initial-mark: 1279415K(1798144K)] 1355831K(2483840K), 0.0035243 secs] [Times: user=0.01 sys=0.00, real=0.01 secs] 
2016-10-17T16:41:11.318+0800: 20838.876: [CMS-concurrent-mark-start]
2016-10-17T16:41:11.841+0800: 20839.400: [CMS-concurrent-mark: 0.523/0.523 secs] [Times: user=0.65 sys=0.07, real=0.52 secs] 
2016-10-17T16:41:11.841+0800: 20839.400: [CMS-concurrent-preclean-start]
2016-10-17T16:41:11.848+0800: 20839.406: [CMS-concurrent-preclean: 0.006/0.006 secs] [Times: user=0.01 sys=0.00, real=0.01 secs] 
2016-10-17T16:41:11.848+0800: 20839.406: [CMS-concurrent-abortable-preclean-start]
2016-10-17T16:41:14.654+0800: 20842.212: [CMS-concurrent-abortable-preclean: 2.804/2.806 secs] [Times: user=3.49 sys=0.35, real=2.80 secs] 
2016-10-17T16:41:14.654+0800: 20842.213: [GC (CMS Final Remark) [YG occupancy: 385868 K (685696 K)]2016-10-17T16:41:14.654+0800: 20842.213: [Rescan (parallel) , 0.0239947 secs]2016-10-17T16:41:14.678+0800: 20842.237: [weak refs processing, 0.0001774 secs]2016-10-17T16:41:14.679+0800: 20842.237: [class unloading, 0.0135300 secs]2016-10-17T16:41:14.692+0800: 20842.251: [scrub symbol table, 0.0041746 secs]2016-10-17T16:41:14.696+0800: 20842.255: [scrub string table, 0.0007025 secs][1 CMS-remark: 1279415K(1798144K)] 1665283K(2483840K), 0.0428458 secs] [Times: user=0.10 sys=0.00, real=0.05 secs] 
2016-10-17T16:41:14.697+0800: 20842.256: [CMS-concurrent-sweep-start]
2016-10-17T16:41:14.800+0800: 20842.359: [CMS-concurrent-sweep: 0.103/0.103 secs] [Times: user=0.15 sys=0.00, real=0.10 secs] 
2016-10-17T16:41:14.800+0800: 20842.359: [CMS-concurrent-reset-start]
2016-10-17T16:41:14.804+0800: 20842.363: [CMS-concurrent-reset: 0.003/0.003 secs] [Times: user=0.00 sys=0.00, real=0.00 secs] 
2016-10-17T16:41:17.304+0800: 20844.863: [GC (Allocation Failure) 2016-10-17T16:41:17.304+0800: 20844.863: [ParNew: 685688K->76160K(685696K), 0.0485972 secs] 1806724K->1279768K(2483840K), 0.0487670 secs] [Times: user=0.13 sys=0.00, real=0.05 secs] 
2016-10-17T16:41:27.910+0800: 20855.469: [GC (Allocation Failure) 2016-10-17T16:41:27.910+0800: 20855.469: [ParNew: 685696K->76160K(685696K), 0.0381445 secs] 1889304K->1363576K(2483840K), 0.0383721 secs] [Times: user=0.13 sys=0.00, real=0.04 secs] 
2016-10-17T16:41:27.949+0800: 20855.508: [GC (CMS Initial Mark) [1 CMS-initial-mark: 1287416K(1798144K)] 1364585K(2483840K), 0.0028386 secs] [Times: user=0.01 sys=0.00, real=0.00 secs] 
2016-10-17T16:41:27.952+0800: 20855.511: [CMS-concurrent-mark-start]
2016-10-17T16:41:28.547+0800: 20856.105: [CMS-concurrent-mark: 0.591/0.594 secs] [Times: user=0.82 sys=0.07, real=0.60 secs] 
2016-10-17T16:41:28.547+0800: 20856.105: [CMS-concurrent-preclean-start]
2016-10-17T16:41:28.555+0800: 20856.113: [CMS-concurrent-preclean: 0.008/0.008 secs] [Times: user=0.01 sys=0.00, real=0.00 secs] 
2016-10-17T16:41:28.555+0800: 20856.113: [CMS-concurrent-abortable-preclean-start]
2016-10-17T16:41:30.888+0800: 20858.447: [CMS-concurrent-abortable-preclean: 2.331/2.333 secs] [Times: user=2.89 sys=0.20, real=2.34 secs] 
2016-10-17T16:41:30.889+0800: 20858.448: [GC (CMS Final Remark) [YG occupancy: 381278 K (685696 K)]2016-10-17T16:41:30.889+0800: 20858.448: [Rescan (parallel) , 0.0134764 secs]2016-10-17T16:41:30.902+0800: 20858.461: [weak refs processing, 0.0003194 secs]2016-10-17T16:41:30.903+0800: 20858.461: [class unloading, 0.0132915 secs]2016-10-17T16:41:30.916+0800: 20858.475: [scrub symbol table, 0.0040230 secs]2016-10-17T16:41:30.920+0800: 20858.479: [scrub string table, 0.0006752 secs][1 CMS-remark: 1287416K(1798144K)] 1668694K(2483840K), 0.0321367 secs] [Times: user=0.07 sys=0.00, real=0.03 secs] 
2016-10-17T16:41:30.921+0800: 20858.480: [CMS-concurrent-sweep-start]
2016-10-17T16:41:31.041+0800: 20858.600: [CMS-concurrent-sweep: 0.120/0.120 secs] [Times: user=0.17 sys=0.00, real=0.12 secs] 
2016-10-17T16:41:31.042+0800: 20858.600: [CMS-concurrent-reset-start]
2016-10-17T16:41:31.045+0800: 20858.604: [CMS-concurrent-reset: 0.004/0.004 secs] [Times: user=0.00 sys=0.01, real=0.00 secs] 
2016-10-17T16:41:32.796+0800: 20860.355: [GC (Allocation Failure) 2016-10-17T16:41:32.796+0800: 20860.355: [ParNew: 685594K->76160K(685696K), 0.0345724 secs] 1810648K->1282930K(2483840K), 0.0347055 secs] [Times: user=0.13 sys=0.00, real=0.03 secs] 
2016-10-17T16:41:36.485+0800: 20864.044: [GC (Allocation Failure) 2016-10-17T16:41:36.485+0800: 20864.044: [ParNew: 685548K->76160K(685696K), 0.0278692 secs] 1892318K->1357696K(2483840K), 0.0279939 secs] [Times: user=0.10 sys=0.00, real=0.03 secs] 
2016-10-17T16:41:36.514+0800: 20864.073: [GC (CMS Initial Mark) [1 CMS-initial-mark: 1281536K(1798144K)] 1357952K(2483840K), 0.0018624 secs] [Times: user=0.01 sys=0.00, real=0.00 secs] 
2016-10-17T16:41:36.516+0800: 20864.075: [CMS-concurrent-mark-start]
2016-10-17T16:41:36.740+0800: 20864.299: [CMS-concurrent-mark: 0.225/0.225 secs] [Times: user=0.30 sys=0.02, real=0.22 secs] 
2016-10-17T16:41:36.741+0800: 20864.299: [CMS-concurrent-preclean-start]
2016-10-17T16:41:36.746+0800: 20864.305: [CMS-concurrent-preclean: 0.005/0.005 secs] [Times: user=0.01 sys=0.00, real=0.01 secs] 
2016-10-17T16:41:36.746+0800: 20864.305: [CMS-concurrent-abortable-preclean-start]
2016-10-17T16:41:38.556+0800: 20866.115: [CMS-concurrent-abortable-preclean: 1.807/1.811 secs] [Times: user=2.55 sys=0.13, real=1.81 secs] 
2016-10-17T16:41:38.557+0800: 20866.116: [GC (CMS Final Remark) [YG occupancy: 386996 K (685696 K)]2016-10-17T16:41:38.557+0800: 20866.116: [Rescan (parallel) , 0.0194254 secs]2016-10-17T16:41:38.577+0800: 20866.135: [weak refs processing, 0.0004710 secs]2016-10-17T16:41:38.577+0800: 20866.136: [class unloading, 0.0184706 secs]2016-10-17T16:41:38.596+0800: 20866.154: [scrub symbol table, 0.0054388 secs]2016-10-17T16:41:38.601+0800: 20866.160: [scrub string table, 0.0009863 secs][1 CMS-remark: 1281536K(1798144K)] 1668532K(2483840K), 0.0452170 secs] [Times: user=0.09 sys=0.00, real=0.04 secs] 
2016-10-17T16:41:38.602+0800: 20866.161: [CMS-concurrent-sweep-start]
2016-10-17T16:41:38.779+0800: 20866.338: [CMS-concurrent-sweep: 0.176/0.176 secs] [Times: user=0.24 sys=0.01, real=0.18 secs] 
2016-10-17T16:41:38.779+0800: 20866.338: [CMS-concurrent-reset-start]
2016-10-17T16:41:38.782+0800: 20866.341: [CMS-concurrent-reset: 0.003/0.003 secs] [Times: user=0.01 sys=0.00, real=0.00 secs] 
2016-10-17T16:41:40.525+0800: 20868.084: [GC (Allocation Failure) 2016-10-17T16:41:40.525+0800: 20868.084: [ParNew: 685643K->76160K(685696K), 0.0298372 secs] 1716232K->1194420K(2483840K), 0.0299849 secs] [Times: user=0.11 sys=0.00, real=0.03 secs] 
2016-10-17T16:41:44.249+0800: 20871.808: [GC (Allocation Failure) 2016-10-17T16:41:44.249+0800: 20871.808: [ParNew: 685603K->76160K(685696K), 0.0334638 secs] 1803864K->1279279K(2483840K), 0.0335982 secs] [Times: user=0.12 sys=0.00, real=0.03 secs] 
2016-10-17T16:41:48.018+0800: 20875.576: [GC (Allocation Failure) 2016-10-17T16:41:48.018+0800: 20875.576: [ParNew: 685508K->76160K(685696K), 0.0356788 secs] 1888628K->1362567K(2483840K), 0.0358165 secs] [Times: user=0.13 sys=0.00, real=0.03 secs] 
2016-10-17T16:41:48.054+0800: 20875.613: [GC (CMS Initial Mark) [1 CMS-initial-mark: 1286407K(1798144K)] 1362823K(2483840K), 0.0024743 secs] [Times: user=0.00 sys=0.00, real=0.01 secs] 
2016-10-17T16:41:48.057+0800: 20875.615: [CMS-concurrent-mark-start]
2016-10-17T16:41:48.323+0800: 20875.882: [CMS-concurrent-mark: 0.266/0.266 secs] [Times: user=0.37 sys=0.02, real=0.26 secs] 
2016-10-17T16:41:48.323+0800: 20875.882: [CMS-concurrent-preclean-start]
2016-10-17T16:41:48.329+0800: 20875.887: [CMS-concurrent-preclean: 0.005/0.005 secs] [Times: user=0.01 sys=0.00, real=0.01 secs] 
2016-10-17T16:41:48.329+0800: 20875.887: [CMS-concurrent-abortable-preclean-start]
2016-10-17T16:41:49.917+0800: 20877.476: [CMS-concurrent-abortable-preclean: 1.586/1.589 secs] [Times: user=2.71 sys=0.16, real=1.59 secs] 
2016-10-17T16:41:49.918+0800: 20877.477: [GC (CMS Final Remark) [YG occupancy: 383667 K (685696 K)]2016-10-17T16:41:49.918+0800: 20877.477: [Rescan (parallel) , 0.0130160 secs]2016-10-17T16:41:49.931+0800: 20877.490: [weak refs processing, 0.0002811 secs]2016-10-17T16:41:49.931+0800: 20877.490: [class unloading, 0.0133446 secs]2016-10-17T16:41:49.945+0800: 20877.504: [scrub symbol table, 0.0040291 secs]2016-10-17T16:41:49.949+0800: 20877.508: [scrub string table, 0.0006974 secs][1 CMS-remark: 1286407K(1798144K)] 1670075K(2483840K), 0.0317090 secs] [Times: user=0.07 sys=0.00, real=0.03 secs] 
2016-10-17T16:41:49.950+0800: 20877.509: [CMS-concurrent-sweep-start]
2016-10-17T16:41:50.054+0800: 20877.613: [CMS-concurrent-sweep: 0.104/0.104 secs] [Times: user=0.25 sys=0.01, real=0.10 secs] 
2016-10-17T16:41:50.054+0800: 20877.613: [CMS-concurrent-reset-start]
2016-10-17T16:41:50.058+0800: 20877.617: [CMS-concurrent-reset: 0.004/0.004 secs] [Times: user=0.01 sys=0.00, real=0.01 secs] 
2016-10-17T16:41:51.418+0800: 20878.977: [GC (Allocation Failure) 2016-10-17T16:41:51.418+0800: 20878.977: [ParNew: 685467K->76160K(685696K), 0.0288289 secs] 1730753K->1200538K(2483840K), 0.0289618 secs] [Times: user=0.11 sys=0.00, real=0.03 secs] 
2016-10-17T16:41:54.903+0800: 20882.462: [GC (Allocation Failure) 2016-10-17T16:41:54.903+0800: 20882.462: [ParNew: 685640K->76160K(685696K), 0.0295429 secs] 1810018K->1278485K(2483840K), 0.0297403 secs] [Times: user=0.10 sys=0.00, real=0.03 secs] 
2016-10-17T16:41:59.021+0800: 20886.580: [GC (Allocation Failure) 2016-10-17T16:41:59.022+0800: 20886.580: [ParNew: 685502K->76160K(685696K), 0.0410282 secs] 1887827K->1370202K(2483840K), 0.0411847 secs] [Times: user=0.14 sys=0.00, real=0.04 secs] 
2016-10-17T16:41:59.064+0800: 20886.623: [GC (CMS Initial Mark) [1 CMS-initial-mark: 1294042K(1798144K)] 1370460K(2483840K), 0.0025582 secs] [Times: user=0.01 sys=0.00, real=0.01 secs] 
2016-10-17T16:41:59.067+0800: 20886.626: [CMS-concurrent-mark-start]
2016-10-17T16:41:59.270+0800: 20886.829: [CMS-concurrent-mark: 0.203/0.203 secs] [Times: user=0.29 sys=0.01, real=0.20 secs] 
2016-10-17T16:41:59.270+0800: 20886.829: [CMS-concurrent-preclean-start]
2016-10-17T16:41:59.278+0800: 20886.836: [CMS-concurrent-preclean: 0.007/0.007 secs] [Times: user=0.01 sys=0.01, real=0.01 secs] 
2016-10-17T16:41:59.278+0800: 20886.836: [CMS-concurrent-abortable-preclean-start]
2016-10-17T16:42:01.038+0800: 20888.597: [CMS-concurrent-abortable-preclean: 1.757/1.761 secs] [Times: user=2.48 sys=0.14, real=1.76 secs] 
2016-10-17T16:42:01.039+0800: 20888.598: [GC (CMS Final Remark) [YG occupancy: 383115 K (685696 K)]2016-10-17T16:42:01.039+0800: 20888.598: [Rescan (parallel) , 0.0166852 secs]2016-10-17T16:42:01.056+0800: 20888.615: [weak refs processing, 0.0003830 secs]2016-10-17T16:42:01.056+0800: 20888.615: [class unloading, 0.0132188 secs]2016-10-17T16:42:01.069+0800: 20888.628: [scrub symbol table, 0.0043115 secs]2016-10-17T16:42:01.074+0800: 20888.633: [scrub string table, 0.0006954 secs][1 CMS-remark: 1294042K(1798144K)] 1677157K(2483840K), 0.0357264 secs] [Times: user=0.09 sys=0.00, real=0.03 secs] 
2016-10-17T16:42:01.075+0800: 20888.634: [CMS-concurrent-sweep-start]
2016-10-17T16:42:01.318+0800: 20888.877: [CMS-concurrent-sweep: 0.243/0.243 secs] [Times: user=0.35 sys=0.02, real=0.25 secs] 
2016-10-17T16:42:01.318+0800: 20888.877: [CMS-concurrent-reset-start]
2016-10-17T16:42:01.322+0800: 20888.881: [CMS-concurrent-reset: 0.004/0.004 secs] [Times: user=0.00 sys=0.00, real=0.00 secs] 
2016-10-17T16:42:02.911+0800: 20890.470: [GC (Allocation Failure) 2016-10-17T16:42:02.911+0800: 20890.470: [ParNew: 685686K->76160K(685696K), 0.0298490 secs] 1647448K->1121534K(2483840K), 0.0299858 secs] [Times: user=0.11 sys=0.00, real=0.03 secs] 
2016-10-17T16:42:06.822+0800: 20894.380: [GC (Allocation Failure) 2016-10-17T16:42:06.822+0800: 20894.380: [ParNew: 685696K->76160K(685696K), 0.0373630 secs] 1731070K->1209484K(2483840K), 0.0374951 secs] [Times: user=0.13 sys=0.00, real=0.04 secs] 
2016-10-17T16:42:11.244+0800: 20898.803: [GC (Allocation Failure) 2016-10-17T16:42:11.244+0800: 20898.803: [ParNew: 685474K->76160K(685696K), 0.0330130 secs] 1818799K->1287664K(2483840K), 0.0331554 secs] [Times: user=0.13 sys=0.00, real=0.04 secs] 
2016-10-17T16:42:16.931+0800: 20904.490: [GC (Allocation Failure) 2016-10-17T16:42:16.931+0800: 20904.490: [ParNew: 685541K->76160K(685696K), 0.0332139 secs] 1897045K->1372972K(2483840K), 0.0333510 secs] [Times: user=0.11 sys=0.00, real=0.03 secs] 
2016-10-17T16:42:16.965+0800: 20904.524: [GC (CMS Initial Mark) [1 CMS-initial-mark: 1296812K(1798144K)] 1373228K(2483840K), 0.0032426 secs] [Times: user=0.01 sys=0.00, real=0.01 secs] 
2016-10-17T16:42:16.968+0800: 20904.527: [CMS-concurrent-mark-start]
2016-10-17T16:42:17.144+0800: 20904.703: [CMS-concurrent-mark: 0.176/0.176 secs] [Times: user=0.26 sys=0.02, real=0.17 secs] 
2016-10-17T16:42:17.145+0800: 20904.703: [CMS-concurrent-preclean-start]
2016-10-17T16:42:17.150+0800: 20904.709: [CMS-concurrent-preclean: 0.006/0.006 secs] [Times: user=0.01 sys=0.00, real=0.01 secs] 
2016-10-17T16:42:17.151+0800: 20904.709: [CMS-concurrent-abortable-preclean-start]
2016-10-17T16:42:19.517+0800: 20907.076: [CMS-concurrent-abortable-preclean: 2.364/2.367 secs] [Times: user=3.21 sys=0.12, real=2.37 secs] 
2016-10-17T16:42:19.518+0800: 20907.077: [GC (CMS Final Remark) [YG occupancy: 387492 K (685696 K)]2016-10-17T16:42:19.519+0800: 20907.077: [Rescan (parallel) , 0.0200425 secs]2016-10-17T16:42:19.539+0800: 20907.097: [weak refs processing, 0.0006830 secs]2016-10-17T16:42:19.539+0800: 20907.098: [class unloading, 0.0171029 secs]2016-10-17T16:42:19.556+0800: 20907.115: [scrub symbol table, 0.0053814 secs]2016-10-17T16:42:19.562+0800: 20907.121: [scrub string table, 0.0006808 secs][1 CMS-remark: 1296812K(1798144K)] 1684304K(2483840K), 0.0445295 secs] [Times: user=0.10 sys=0.00, real=0.04 secs] 
2016-10-17T16:42:19.563+0800: 20907.122: [CMS-concurrent-sweep-start]
2016-10-17T16:42:19.659+0800: 20907.218: [CMS-concurrent-sweep: 0.096/0.096 secs] [Times: user=0.14 sys=0.01, real=0.10 secs] 
2016-10-17T16:42:19.659+0800: 20907.218: [CMS-concurrent-reset-start]
2016-10-17T16:42:19.664+0800: 20907.222: [CMS-concurrent-reset: 0.004/0.004 secs] [Times: user=0.00 sys=0.00, real=0.00 secs] 
2016-10-17T16:42:23.851+0800: 20911.409: [GC (Allocation Failure) 2016-10-17T16:42:23.851+0800: 20911.409: [ParNew: 685547K->76160K(685696K), 0.1050825 secs] 1697471K->1187193K(2483840K), 0.1052774 secs] [Times: user=0.15 sys=0.00, real=0.11 secs] 
2016-10-17T16:42:32.337+0800: 20919.896: [GC (Allocation Failure) 2016-10-17T16:42:32.337+0800: 20919.896: [ParNew: 685696K->76160K(685696K), 0.0376994 secs] 1796729K->1253784K(2483840K), 0.0378531 secs] [Times: user=0.13 sys=0.00, real=0.03 secs] 
2016-10-17T16:42:36.318+0800: 20923.877: [GC (Allocation Failure) 2016-10-17T16:42:36.318+0800: 20923.877: [ParNew: 685500K->76160K(685696K), 0.0407014 secs] 1863125K->1340022K(2483840K), 0.0408488 secs] [Times: user=0.14 sys=0.00, real=0.04 secs] 
2016-10-17T16:42:36.360+0800: 20923.918: [GC (CMS Initial Mark) [1 CMS-initial-mark: 1263862K(1798144K)] 1340278K(2483840K), 0.0025753 secs] [Times: user=0.01 sys=0.00, real=0.00 secs] 
2016-10-17T16:42:36.362+0800: 20923.921: [CMS-concurrent-mark-start]
2016-10-17T16:42:36.549+0800: 20924.108: [CMS-concurrent-mark: 0.187/0.187 secs] [Times: user=0.27 sys=0.01, real=0.19 secs] 
2016-10-17T16:42:36.550+0800: 20924.108: [CMS-concurrent-preclean-start]
2016-10-17T16:42:36.555+0800: 20924.114: [CMS-concurrent-preclean: 0.006/0.006 secs] [Times: user=0.00 sys=0.00, real=0.00 secs] 
2016-10-17T16:42:36.556+0800: 20924.114: [CMS-concurrent-abortable-preclean-start]
2016-10-17T16:42:38.336+0800: 20925.895: [CMS-concurrent-abortable-preclean: 1.779/1.781 secs] [Times: user=2.58 sys=0.12, real=1.79 secs] 
2016-10-17T16:42:38.337+0800: 20925.896: [GC (CMS Final Remark) [YG occupancy: 386401 K (685696 K)]2016-10-17T16:42:38.337+0800: 20925.896: [Rescan (parallel) , 0.0165198 secs]2016-10-17T16:42:38.354+0800: 20925.912: [weak refs processing, 0.0007530 secs]2016-10-17T16:42:38.354+0800: 20925.913: [class unloading, 0.0133151 secs]2016-10-17T16:42:38.368+0800: 20925.927: [scrub symbol table, 0.0064990 secs]2016-10-17T16:42:38.374+0800: 20925.933: [scrub string table, 0.0012059 secs][1 CMS-remark: 1263862K(1798144K)] 1650263K(2483840K), 0.0392154 secs] [Times: user=0.09 sys=0.00, real=0.04 secs] 
2016-10-17T16:42:38.377+0800: 20925.936: [CMS-concurrent-sweep-start]
2016-10-17T16:42:38.459+0800: 20926.018: [CMS-concurrent-sweep: 0.082/0.082 secs] [Times: user=0.10 sys=0.01, real=0.08 secs] 
2016-10-17T16:42:38.459+0800: 20926.018: [CMS-concurrent-reset-start]
2016-10-17T16:42:38.462+0800: 20926.021: [CMS-concurrent-reset: 0.003/0.003 secs] [Times: user=0.01 sys=0.00, real=0.00 secs] 
2016-10-17T16:42:40.259+0800: 20927.818: [GC (Allocation Failure) 2016-10-17T16:42:40.259+0800: 20927.818: [ParNew: 685681K->76160K(685696K), 0.0336614 secs] 1709945K->1187980K(2483840K), 0.0338036 secs] [Times: user=0.13 sys=0.00, real=0.03 secs] 
2016-10-17T16:42:44.269+0800: 20931.828: [GC (Allocation Failure) 2016-10-17T16:42:44.270+0800: 20931.828: [ParNew: 685625K->76160K(685696K), 0.0310969 secs] 1797446K->1269783K(2483840K), 0.0312440 secs] [Times: user=0.11 sys=0.00, real=0.03 secs] 
2016-10-17T16:42:48.082+0800: 20935.641: [GC (Allocation Failure) 2016-10-17T16:42:48.082+0800: 20935.641: [ParNew: 685600K->76160K(685696K), 0.0337104 secs] 1879224K->1359009K(2483840K), 0.0338664 secs] [Times: user=0.13 sys=0.00, real=0.04 secs] 
2016-10-17T16:42:48.117+0800: 20935.676: [GC (CMS Initial Mark) [1 CMS-initial-mark: 1282849K(1798144K)] 1359265K(2483840K), 0.0026380 secs] [Times: user=0.01 sys=0.00, real=0.00 secs] 
2016-10-17T16:42:48.120+0800: 20935.678: [CMS-concurrent-mark-start]
2016-10-17T16:42:48.343+0800: 20935.901: [CMS-concurrent-mark: 0.223/0.223 secs] [Times: user=0.31 sys=0.02, real=0.22 secs] 
2016-10-17T16:42:48.343+0800: 20935.901: [CMS-concurrent-preclean-start]
2016-10-17T16:42:48.349+0800: 20935.908: [CMS-concurrent-preclean: 0.006/0.006 secs] [Times: user=0.01 sys=0.00, real=0.01 secs] 
2016-10-17T16:42:48.349+0800: 20935.908: [CMS-concurrent-abortable-preclean-start]
2016-10-17T16:42:50.202+0800: 20937.761: [CMS-concurrent-abortable-preclean: 1.851/1.853 secs] [Times: user=2.50 sys=0.28, real=1.85 secs] 
2016-10-17T16:42:50.202+0800: 20937.761: [GC (CMS Final Remark) [YG occupancy: 382590 K (685696 K)]2016-10-17T16:42:50.202+0800: 20937.761: [Rescan (parallel) , 0.0149989 secs]2016-10-17T16:42:50.217+0800: 20937.776: [weak refs processing, 0.0003975 secs]2016-10-17T16:42:50.218+0800: 20937.777: [class unloading, 0.0136870 secs]2016-10-17T16:42:50.232+0800: 20937.790: [scrub symbol table, 0.0047688 secs]2016-10-17T16:42:50.236+0800: 20937.795: [scrub string table, 0.0007608 secs][1 CMS-remark: 1282849K(1798144K)] 1665439K(2483840K), 0.0350579 secs] [Times: user=0.08 sys=0.00, real=0.04 secs] 
2016-10-17T16:42:50.238+0800: 20937.796: [CMS-concurrent-sweep-start]
2016-10-17T16:42:50.332+0800: 20937.890: [CMS-concurrent-sweep: 0.094/0.094 secs] [Times: user=0.13 sys=0.00, real=0.09 secs] 
2016-10-17T16:42:50.332+0800: 20937.890: [CMS-concurrent-reset-start]
2016-10-17T16:42:50.335+0800: 20937.894: [CMS-concurrent-reset: 0.004/0.004 secs] [Times: user=0.01 sys=0.00, real=0.00 secs] 
2016-10-17T16:42:52.145+0800: 20939.704: [GC (Allocation Failure) 2016-10-17T16:42:52.146+0800: 20939.704: [ParNew: 685649K->76160K(685696K), 0.0397157 secs] 1727133K->1199107K(2483840K), 0.0398785 secs] [Times: user=0.14 sys=0.00, real=0.04 secs] 
2016-10-17T16:42:56.148+0800: 20943.707: [GC (Allocation Failure) 2016-10-17T16:42:56.148+0800: 20943.707: [ParNew: 685678K->76160K(685696K), 0.0290796 secs] 1808625K->1279931K(2483840K), 0.0292036 secs] [Times: user=0.12 sys=0.00, real=0.03 secs] 
2016-10-17T16:43:00.889+0800: 20948.448: [GC (Allocation Failure) 2016-10-17T16:43:00.889+0800: 20948.448: [ParNew: 685486K->76160K(685696K), 0.0324760 secs] 1889257K->1363988K(2483840K), 0.0326066 secs] [Times: user=0.12 sys=0.00, real=0.03 secs] 
2016-10-17T16:43:00.922+0800: 20948.481: [GC (CMS Initial Mark) [1 CMS-initial-mark: 1287828K(1798144K)] 1364246K(2483840K), 0.0021076 secs] [Times: user=0.00 sys=0.00, real=0.00 secs] 
2016-10-17T16:43:00.925+0800: 20948.483: [CMS-concurrent-mark-start]
2016-10-17T16:43:01.177+0800: 20948.736: [CMS-concurrent-mark: 0.253/0.253 secs] [Times: user=0.34 sys=0.04, real=0.26 secs] 
2016-10-17T16:43:01.177+0800: 20948.736: [CMS-concurrent-preclean-start]
2016-10-17T16:43:01.184+0800: 20948.743: [CMS-concurrent-preclean: 0.006/0.007 secs] [Times: user=0.01 sys=0.01, real=0.00 secs] 
2016-10-17T16:43:01.184+0800: 20948.743: [CMS-concurrent-abortable-preclean-start]
2016-10-17T16:43:02.787+0800: 20950.345: [CMS-concurrent-abortable-preclean: 1.601/1.603 secs] [Times: user=2.24 sys=0.20, real=1.61 secs] 
2016-10-17T16:43:02.787+0800: 20950.346: [GC (CMS Final Remark) [YG occupancy: 381316 K (685696 K)]2016-10-17T16:43:02.787+0800: 20950.346: [Rescan (parallel) , 0.0173881 secs]2016-10-17T16:43:02.805+0800: 20950.363: [weak refs processing, 0.0003649 secs]2016-10-17T16:43:02.805+0800: 20950.364: [class unloading, 0.0139408 secs]2016-10-17T16:43:02.819+0800: 20950.378: [scrub symbol table, 0.0047308 secs]2016-10-17T16:43:02.824+0800: 20950.383: [scrub string table, 0.0007276 secs][1 CMS-remark: 1287828K(1798144K)] 1669145K(2483840K), 0.0375565 secs] [Times: user=0.10 sys=0.00, real=0.03 secs] 
2016-10-17T16:43:02.825+0800: 20950.384: [CMS-concurrent-sweep-start]
2016-10-17T16:43:02.911+0800: 20950.470: [CMS-concurrent-sweep: 0.086/0.086 secs] [Times: user=0.12 sys=0.00, real=0.09 secs] 
2016-10-17T16:43:02.911+0800: 20950.470: [CMS-concurrent-reset-start]
2016-10-17T16:43:02.914+0800: 20950.473: [CMS-concurrent-reset: 0.003/0.003 secs] [Times: user=0.00 sys=0.00, real=0.00 secs] 
2016-10-17T16:43:04.768+0800: 20952.327: [GC (Allocation Failure) 2016-10-17T16:43:04.768+0800: 20952.327: [ParNew: 685523K->76160K(685696K), 0.0373857 secs] 1732239K->1212933K(2483840K), 0.0375484 secs] [Times: user=0.12 sys=0.00, real=0.04 secs] 
2016-10-17T16:43:08.786+0800: 20956.345: [GC (Allocation Failure) 2016-10-17T16:43:08.786+0800: 20956.345: [ParNew: 685696K->76160K(685696K), 0.0300673 secs] 1822469K->1292809K(2483840K), 0.0302138 secs] [Times: user=0.11 sys=0.00, real=0.03 secs] 
2016-10-17T16:43:13.885+0800: 20961.444: [GC (Allocation Failure) 2016-10-17T16:43:13.885+0800: 20961.444: [ParNew: 685696K->76160K(685696K), 0.0377047 secs] 1902345K->1382024K(2483840K), 0.0378395 secs] [Times: user=0.14 sys=0.00, real=0.04 secs] 
2016-10-17T16:43:13.924+0800: 20961.482: [GC (CMS Initial Mark) [1 CMS-initial-mark: 1305864K(1798144K)] 1382425K(2483840K), 0.0040693 secs] [Times: user=0.01 sys=0.00, real=0.01 secs] 
2016-10-17T16:43:13.928+0800: 20961.487: [CMS-concurrent-mark-start]
2016-10-17T16:43:14.319+0800: 20961.878: [CMS-concurrent-mark: 0.391/0.391 secs] [Times: user=0.49 sys=0.03, real=0.39 secs] 
2016-10-17T16:43:14.319+0800: 20961.878: [CMS-concurrent-preclean-start]
2016-10-17T16:43:14.327+0800: 20961.886: [CMS-concurrent-preclean: 0.008/0.008 secs] [Times: user=0.01 sys=0.00, real=0.01 secs] 
2016-10-17T16:43:14.327+0800: 20961.886: [CMS-concurrent-abortable-preclean-start]
2016-10-17T16:43:17.171+0800: 20964.729: [CMS-concurrent-abortable-preclean: 2.842/2.843 secs] [Times: user=3.72 sys=0.22, real=2.84 secs] 
2016-10-17T16:43:17.172+0800: 20964.730: [GC (CMS Final Remark) [YG occupancy: 389335 K (685696 K)]2016-10-17T16:43:17.172+0800: 20964.730: [Rescan (parallel) , 0.0189829 secs]2016-10-17T16:43:17.191+0800: 20964.749: [weak refs processing, 0.0003318 secs]2016-10-17T16:43:17.191+0800: 20964.750: [class unloading, 0.0166565 secs]2016-10-17T16:43:17.208+0800: 20964.767: [scrub symbol table, 0.0051888 secs]2016-10-17T16:43:17.213+0800: 20964.772: [scrub string table, 0.0007188 secs][1 CMS-remark: 1305864K(1798144K)] 1695200K(2483840K), 0.0422648 secs] [Times: user=0.10 sys=0.00, real=0.04 secs] 
2016-10-17T16:43:17.214+0800: 20964.773: [CMS-concurrent-sweep-start]
2016-10-17T16:43:17.303+0800: 20964.862: [CMS-concurrent-sweep: 0.089/0.089 secs] [Times: user=0.13 sys=0.00, real=0.09 secs] 
2016-10-17T16:43:17.303+0800: 20964.862: [CMS-concurrent-reset-start]
2016-10-17T16:43:17.306+0800: 20964.865: [CMS-concurrent-reset: 0.003/0.003 secs] [Times: user=0.00 sys=0.00, real=0.01 secs] 
2016-10-17T16:43:19.412+0800: 20966.971: [GC (Allocation Failure) 2016-10-17T16:43:19.413+0800: 20966.971: [ParNew: 685696K->76160K(685696K), 0.0417157 secs] 1748217K->1219688K(2483840K), 0.0418520 secs] [Times: user=0.15 sys=0.00, real=0.04 secs] 
2016-10-17T16:43:25.412+0800: 20972.971: [GC (Allocation Failure) 2016-10-17T16:43:25.412+0800: 20972.971: [ParNew: 685696K->76160K(685696K), 0.0427057 secs] 1829224K->1310569K(2483840K), 0.0428332 secs] [Times: user=0.12 sys=0.00, real=0.04 secs] 
2016-10-17T16:43:30.156+0800: 20977.715: [GC (Allocation Failure) 2016-10-17T16:43:30.156+0800: 20977.715: [ParNew: 685696K->76160K(685696K), 0.0313454 secs] 1920105K->1388416K(2483840K), 0.0314795 secs] [Times: user=0.12 sys=0.00, real=0.03 secs] 
2016-10-17T16:43:30.188+0800: 20977.747: [GC (CMS Initial Mark) [1 CMS-initial-mark: 1312256K(1798144K)] 1388822K(2483840K), 0.0025177 secs] [Times: user=0.01 sys=0.00, real=0.00 secs] 
2016-10-17T16:43:30.191+0800: 20977.749: [CMS-concurrent-mark-start]
2016-10-17T16:43:30.481+0800: 20978.040: [CMS-concurrent-mark: 0.290/0.290 secs] [Times: user=0.42 sys=0.02, real=0.29 secs] 
2016-10-17T16:43:30.481+0800: 20978.040: [CMS-concurrent-preclean-start]
2016-10-17T16:43:30.487+0800: 20978.046: [CMS-concurrent-preclean: 0.006/0.006 secs] [Times: user=0.00 sys=0.00, real=0.01 secs] 
2016-10-17T16:43:30.487+0800: 20978.046: [CMS-concurrent-abortable-preclean-start]
2016-10-17T16:43:32.511+0800: 20980.070: [CMS-concurrent-abortable-preclean: 1.816/2.024 secs] [Times: user=2.62 sys=0.14, real=2.02 secs] 
2016-10-17T16:43:32.512+0800: 20980.071: [GC (CMS Final Remark) [YG occupancy: 382415 K (685696 K)]2016-10-17T16:43:32.512+0800: 20980.071: [Rescan (parallel) , 0.0156397 secs]2016-10-17T16:43:32.528+0800: 20980.087: [weak refs processing, 0.0003339 secs]2016-10-17T16:43:32.528+0800: 20980.087: [class unloading, 0.0141978 secs]2016-10-17T16:43:32.542+0800: 20980.101: [scrub symbol table, 0.0060398 secs]2016-10-17T16:43:32.548+0800: 20980.107: [scrub string table, 0.0007257 secs][1 CMS-remark: 1312256K(1798144K)] 1694671K(2483840K), 0.0373518 secs] [Times: user=0.08 sys=0.00, real=0.04 secs] 
2016-10-17T16:43:32.550+0800: 20980.108: [CMS-concurrent-sweep-start]
2016-10-17T16:43:32.645+0800: 20980.204: [CMS-concurrent-sweep: 0.095/0.095 secs] [Times: user=0.14 sys=0.00, real=0.09 secs] 
2016-10-17T16:43:32.645+0800: 20980.204: [CMS-concurrent-reset-start]
2016-10-17T16:43:32.648+0800: 20980.207: [CMS-concurrent-reset: 0.004/0.004 secs] [Times: user=0.00 sys=0.00, real=0.01 secs] 
2016-10-17T16:43:34.822+0800: 20982.380: [GC (Allocation Failure) 2016-10-17T16:43:34.822+0800: 20982.380: [ParNew: 685696K->76160K(685696K), 0.0354131 secs] 1754734K->1226512K(2483840K), 0.0355471 secs] [Times: user=0.13 sys=0.00, real=0.04 secs] 
2016-10-17T16:43:38.817+0800: 20986.376: [GC (Allocation Failure) 2016-10-17T16:43:38.818+0800: 20986.376: [ParNew: 685640K->76160K(685696K), 0.0370514 secs] 1835992K->1311416K(2483840K), 0.0372017 secs] [Times: user=0.13 sys=0.01, real=0.03 secs] 
2016-10-17T16:43:42.684+0800: 20990.243: [GC (Allocation Failure) 2016-10-17T16:43:42.685+0800: 20990.243: [ParNew: 685484K->76160K(685696K), 0.0561145 secs] 1920740K->1415776K(2483840K), 0.0562508 secs] [Times: user=0.20 sys=0.00, real=0.06 secs] 
2016-10-17T16:43:42.741+0800: 20990.300: [GC (CMS Initial Mark) [1 CMS-initial-mark: 1339616K(1798144K)] 1416035K(2483840K), 0.0064522 secs] [Times: user=0.02 sys=0.00, real=0.01 secs] 
2016-10-17T16:43:42.748+0800: 20990.307: [CMS-concurrent-mark-start]
2016-10-17T16:43:43.025+0800: 20990.584: [CMS-concurrent-mark: 0.277/0.277 secs] [Times: user=0.39 sys=0.01, real=0.27 secs] 
2016-10-17T16:43:43.025+0800: 20990.584: [CMS-concurrent-preclean-start]
2016-10-17T16:43:43.031+0800: 20990.590: [CMS-concurrent-preclean: 0.006/0.006 secs] [Times: user=0.01 sys=0.00, real=0.01 secs] 
2016-10-17T16:43:43.031+0800: 20990.590: [CMS-concurrent-abortable-preclean-start]
2016-10-17T16:43:44.971+0800: 20992.530: [CMS-concurrent-abortable-preclean: 1.937/1.940 secs] [Times: user=2.75 sys=0.13, real=1.94 secs] 
2016-10-17T16:43:44.972+0800: 20992.531: [GC (CMS Final Remark) [YG occupancy: 389943 K (685696 K)]2016-10-17T16:43:44.972+0800: 20992.531: [Rescan (parallel) , 0.0299039 secs]2016-10-17T16:43:45.002+0800: 20992.561: [weak refs processing, 0.0027908 secs]2016-10-17T16:43:45.005+0800: 20992.564: [class unloading, 0.0188222 secs]2016-10-17T16:43:45.024+0800: 20992.583: [scrub symbol table, 0.0059440 secs]2016-10-17T16:43:45.030+0800: 20992.588: [scrub string table, 0.0007230 secs][1 CMS-remark: 1339616K(1798144K)] 1729560K(2483840K), 0.0600386 secs] [Times: user=0.14 sys=0.00, real=0.06 secs] 
2016-10-17T16:43:45.032+0800: 20992.591: [CMS-concurrent-sweep-start]
2016-10-17T16:43:45.203+0800: 20992.762: [CMS-concurrent-sweep: 0.171/0.171 secs] [Times: user=0.24 sys=0.01, real=0.17 secs] 
2016-10-17T16:43:45.204+0800: 20992.762: [CMS-concurrent-reset-start]
2016-10-17T16:43:45.207+0800: 20992.766: [CMS-concurrent-reset: 0.003/0.003 secs] [Times: user=0.00 sys=0.00, real=0.01 secs] 
2016-10-17T16:43:47.226+0800: 20994.784: [GC (Allocation Failure) 2016-10-17T16:43:47.226+0800: 20994.785: [ParNew: 685462K->76160K(685696K), 0.0712272 secs] 1754194K->1242210K(2483840K), 0.0713978 secs] [Times: user=0.19 sys=0.00, real=0.08 secs] 
2016-10-17T16:43:51.645+0800: 20999.203: [GC (Allocation Failure) 2016-10-17T16:43:51.645+0800: 20999.203: [ParNew: 685655K->76160K(685696K), 0.0380263 secs] 1851705K->1312273K(2483840K), 0.0381696 secs] [Times: user=0.11 sys=0.00, real=0.04 secs] 
2016-10-17T16:44:00.366+0800: 21007.924: [GC (Allocation Failure) 2016-10-17T16:44:00.366+0800: 21007.925: [ParNew: 685696K->76160K(685696K), 0.0427355 secs] 1921809K->1396716K(2483840K), 0.0428941 secs] [Times: user=0.14 sys=0.00, real=0.05 secs] 
2016-10-17T16:44:00.409+0800: 21007.968: [GC (CMS Initial Mark) [1 CMS-initial-mark: 1320556K(1798144K)] 1396972K(2483840K), 0.0045012 secs] [Times: user=0.01 sys=0.00, real=0.00 secs] 
2016-10-17T16:44:00.414+0800: 21007.973: [CMS-concurrent-mark-start]
2016-10-17T16:44:00.942+0800: 21008.500: [CMS-concurrent-mark: 0.528/0.528 secs] [Times: user=0.62 sys=0.05, real=0.53 secs] 
2016-10-17T16:44:00.942+0800: 21008.500: [CMS-concurrent-preclean-start]
2016-10-17T16:44:00.947+0800: 21008.506: [CMS-concurrent-preclean: 0.005/0.005 secs] [Times: user=0.00 sys=0.00, real=0.01 secs] 
2016-10-17T16:44:00.947+0800: 21008.506: [CMS-concurrent-abortable-preclean-start]
2016-10-17T16:44:04.225+0800: 21011.784: [CMS-concurrent-abortable-preclean: 3.176/3.278 secs] [Times: user=4.08 sys=0.26, real=3.27 secs] 
2016-10-17T16:44:04.226+0800: 21011.784: [GC (CMS Final Remark) [YG occupancy: 383212 K (685696 K)]2016-10-17T16:44:04.226+0800: 21011.784: [Rescan (parallel) , 0.0228889 secs]2016-10-17T16:44:04.249+0800: 21011.808: [weak refs processing, 0.0006981 secs]2016-10-17T16:44:04.249+0800: 21011.808: [class unloading, 0.0985452 secs]2016-10-17T16:44:04.348+0800: 21011.907: [scrub symbol table, 0.0048096 secs]2016-10-17T16:44:04.353+0800: 21011.912: [scrub string table, 0.0007275 secs][1 CMS-remark: 1320556K(1798144K)] 1703768K(2483840K), 0.1373452 secs] [Times: user=0.19 sys=0.00, real=0.14 secs] 
2016-10-17T16:44:04.363+0800: 21011.922: [CMS-concurrent-sweep-start]
2016-10-17T16:44:04.471+0800: 21012.030: [CMS-concurrent-sweep: 0.108/0.108 secs] [Times: user=0.16 sys=0.01, real=0.11 secs] 
2016-10-17T16:44:04.471+0800: 21012.030: [CMS-concurrent-reset-start]
2016-10-17T16:44:04.475+0800: 21012.034: [CMS-concurrent-reset: 0.004/0.004 secs] [Times: user=0.01 sys=0.00, real=0.00 secs] 
2016-10-17T16:44:06.358+0800: 21013.916: [GC (Allocation Failure) 2016-10-17T16:44:06.358+0800: 21013.916: [ParNew: 685685K->76160K(685696K), 0.0402522 secs] 1803402K->1278850K(2483840K), 0.0403824 secs] [Times: user=0.14 sys=0.00, real=0.04 secs] 
2016-10-17T16:44:09.026+0800: 21016.585: [GC (Allocation Failure) 2016-10-17T16:44:09.026+0800: 21016.585: [ParNew: 685696K->76160K(685696K), 0.0300419 secs] 1888386K->1356243K(2483840K), 0.0301801 secs] [Times: user=0.11 sys=0.00, real=0.03 secs] 
2016-10-17T16:44:09.057+0800: 21016.616: [GC (CMS Initial Mark) [1 CMS-initial-mark: 1280083K(1798144K)] 1359338K(2483840K), 0.0015764 secs] [Times: user=0.01 sys=0.00, real=0.00 secs] 
2016-10-17T16:44:09.059+0800: 21016.618: [CMS-concurrent-mark-start]
2016-10-17T16:44:09.388+0800: 21016.947: [CMS-concurrent-mark: 0.329/0.329 secs] [Times: user=0.77 sys=0.02, real=0.33 secs] 
2016-10-17T16:44:09.388+0800: 21016.947: [CMS-concurrent-preclean-start]
2016-10-17T16:44:09.393+0800: 21016.952: [CMS-concurrent-preclean: 0.005/0.005 secs] [Times: user=0.01 sys=0.00, real=0.00 secs] 
2016-10-17T16:44:09.393+0800: 21016.952: [CMS-concurrent-abortable-preclean-start]
2016-10-17T16:44:11.674+0800: 21019.233: [GC (Allocation Failure) 2016-10-17T16:44:11.674+0800: 21019.233: [ParNew: 685696K->54817K(685696K), 0.0236523 secs] 1965779K->1382514K(2483840K), 0.0238015 secs] [Times: user=0.08 sys=0.00, real=0.03 secs] 
 CMS: abort preclean due to time 2016-10-17T16:44:14.403+0800: 21021.962: [CMS-concurrent-abortable-preclean: 4.864/5.010 secs] [Times: user=9.25 sys=0.53, real=5.01 secs] 
2016-10-17T16:44:14.404+0800: 21021.963: [GC (CMS Final Remark) [YG occupancy: 361129 K (685696 K)]2016-10-17T16:44:14.404+0800: 21021.963: [Rescan (parallel) , 0.0161540 secs]2016-10-17T16:44:14.420+0800: 21021.979: [weak refs processing, 0.0003402 secs]2016-10-17T16:44:14.421+0800: 21021.979: [class unloading, 0.1128994 secs]2016-10-17T16:44:14.534+0800: 21022.092: [scrub symbol table, 0.0117087 secs]2016-10-17T16:44:14.545+0800: 21022.104: [scrub string table, 0.0010531 secs][1 CMS-remark: 1327697K(1798144K)] 1688826K(2483840K), 0.1426274 secs] [Times: user=0.18 sys=0.01, real=0.15 secs] 
2016-10-17T16:44:14.547+0800: 21022.106: [CMS-concurrent-sweep-start]
2016-10-17T16:44:14.687+0800: 21022.246: [CMS-concurrent-sweep: 0.140/0.140 secs] [Times: user=0.19 sys=0.02, real=0.14 secs] 
2016-10-17T16:44:14.688+0800: 21022.246: [CMS-concurrent-reset-start]
2016-10-17T16:44:14.691+0800: 21022.250: [CMS-concurrent-reset: 0.004/0.004 secs] [Times: user=0.01 sys=0.00, real=0.00 secs] 
2016-10-17T16:44:17.828+0800: 21025.387: [GC (Allocation Failure) 2016-10-17T16:44:17.828+0800: 21025.387: [ParNew: 664353K->76160K(685696K), 0.0220760 secs] 1871547K->1311436K(2483840K), 0.0222130 secs] [Times: user=0.08 sys=0.00, real=0.02 secs] 
2016-10-17T16:44:27.906+0800: 21035.465: [GC (Allocation Failure) 2016-10-17T16:44:27.907+0800: 21035.465: [ParNew: 685696K->76160K(685696K), 0.0542825 secs] 1920972K->1408034K(2483840K), 0.0544149 secs] [Times: user=0.12 sys=0.01, real=0.05 secs] 
2016-10-17T16:44:27.961+0800: 21035.520: [GC (CMS Initial Mark) [1 CMS-initial-mark: 1331874K(1798144K)] 1408361K(2483840K), 0.0033664 secs] [Times: user=0.01 sys=0.00, real=0.00 secs] 
2016-10-17T16:44:27.965+0800: 21035.524: [CMS-concurrent-mark-start]
2016-10-17T16:44:28.229+0800: 21035.787: [CMS-concurrent-mark: 0.264/0.264 secs] [Times: user=0.34 sys=0.02, real=0.27 secs] 
2016-10-17T16:44:28.229+0800: 21035.787: [CMS-concurrent-preclean-start]
2016-10-17T16:44:28.235+0800: 21035.794: [CMS-concurrent-preclean: 0.006/0.006 secs] [Times: user=0.01 sys=0.00, real=0.00 secs] 
2016-10-17T16:44:28.235+0800: 21035.794: [CMS-concurrent-abortable-preclean-start]
2016-10-17T16:44:31.348+0800: 21038.906: [CMS-concurrent-abortable-preclean: 2.971/3.113 secs] [Times: user=3.63 sys=0.28, real=3.12 secs] 
2016-10-17T16:44:31.348+0800: 21038.907: [GC (CMS Final Remark) [YG occupancy: 382278 K (685696 K)]2016-10-17T16:44:31.348+0800: 21038.907: [Rescan (parallel) , 0.0148866 secs]2016-10-17T16:44:31.363+0800: 21038.922: [weak refs processing, 0.0004237 secs]2016-10-17T16:44:31.364+0800: 21038.923: [class unloading, 0.0135695 secs]2016-10-17T16:44:31.377+0800: 21038.936: [scrub symbol table, 0.0043205 secs]2016-10-17T16:44:31.382+0800: 21038.941: [scrub string table, 0.0006832 secs][1 CMS-remark: 1331874K(1798144K)] 1714153K(2483840K), 0.0343384 secs] [Times: user=0.08 sys=0.00, real=0.03 secs] 
2016-10-17T16:44:31.383+0800: 21038.942: [CMS-concurrent-sweep-start]
2016-10-17T16:44:31.585+0800: 21039.144: [CMS-concurrent-sweep: 0.203/0.203 secs] [Times: user=0.24 sys=0.00, real=0.20 secs] 
2016-10-17T16:44:31.586+0800: 21039.144: [CMS-concurrent-reset-start]
2016-10-17T16:44:31.589+0800: 21039.148: [CMS-concurrent-reset: 0.004/0.004 secs] [Times: user=0.01 sys=0.01, real=0.01 secs] 
2016-10-17T16:44:33.689+0800: 21041.248: [GC (Allocation Failure) 2016-10-17T16:44:33.689+0800: 21041.248: [ParNew: 685696K->76160K(685696K), 0.0397774 secs] 1732116K->1214827K(2483840K), 0.0399102 secs] [Times: user=0.11 sys=0.00, real=0.04 secs] 
2016-10-17T16:44:37.700+0800: 21045.259: [GC (Allocation Failure) 2016-10-17T16:44:37.700+0800: 21045.259: [ParNew: 685684K->76160K(685696K), 0.0308347 secs] 1824351K->1286157K(2483840K), 0.0309763 secs] [Times: user=0.11 sys=0.00, real=0.03 secs] 
2016-10-17T16:44:41.484+0800: 21049.043: [GC (Allocation Failure) 2016-10-17T16:44:41.484+0800: 21049.043: [ParNew: 685696K->76160K(685696K), 0.0494527 secs] 1895693K->1379834K(2483840K), 0.0496157 secs] [Times: user=0.11 sys=0.00, real=0.05 secs] 
2016-10-17T16:44:41.535+0800: 21049.093: [GC (CMS Initial Mark) [1 CMS-initial-mark: 1303674K(1798144K)] 1380193K(2483840K), 0.0029957 secs] [Times: user=0.01 sys=0.00, real=0.01 secs] 
2016-10-17T16:44:41.538+0800: 21049.096: [CMS-concurrent-mark-start]
2016-10-17T16:44:41.776+0800: 21049.335: [CMS-concurrent-mark: 0.238/0.238 secs] [Times: user=0.34 sys=0.01, real=0.24 secs] 
2016-10-17T16:44:41.776+0800: 21049.335: [CMS-concurrent-preclean-start]
2016-10-17T16:44:41.781+0800: 21049.340: [CMS-concurrent-preclean: 0.005/0.005 secs] [Times: user=0.01 sys=0.00, real=0.00 secs] 
2016-10-17T16:44:41.781+0800: 21049.340: [CMS-concurrent-abortable-preclean-start]
2016-10-17T16:44:43.374+0800: 21050.933: [CMS-concurrent-abortable-preclean: 1.488/1.593 secs] [Times: user=2.88 sys=0.11, real=1.59 secs] 
2016-10-17T16:44:43.375+0800: 21050.934: [GC (CMS Final Remark) [YG occupancy: 392287 K (685696 K)]2016-10-17T16:44:43.375+0800: 21050.934: [Rescan (parallel) , 0.0126748 secs]2016-10-17T16:44:43.388+0800: 21050.947: [weak refs processing, 0.0003699 secs]2016-10-17T16:44:43.388+0800: 21050.947: [class unloading, 0.0134634 secs]2016-10-17T16:44:43.402+0800: 21050.961: [scrub symbol table, 0.0055421 secs]2016-10-17T16:44:43.408+0800: 21050.966: [scrub string table, 0.0007152 secs][1 CMS-remark: 1303674K(1798144K)] 1695962K(2483840K), 0.0331877 secs] [Times: user=0.07 sys=0.00, real=0.04 secs] 
2016-10-17T16:44:43.409+0800: 21050.968: [CMS-concurrent-sweep-start]
2016-10-17T16:44:43.522+0800: 21051.080: [CMS-concurrent-sweep: 0.113/0.113 secs] [Times: user=0.23 sys=0.01, real=0.11 secs] 
2016-10-17T16:44:43.522+0800: 21051.081: [CMS-concurrent-reset-start]
2016-10-17T16:44:43.526+0800: 21051.084: [CMS-concurrent-reset: 0.004/0.004 secs] [Times: user=0.00 sys=0.00, real=0.00 secs] 
2016-10-17T16:44:44.790+0800: 21052.348: [GC (Allocation Failure) 2016-10-17T16:44:44.790+0800: 21052.349: [ParNew: 685696K->67294K(685696K), 0.0298037 secs] 1749883K->1197285K(2483840K), 0.0299588 secs] [Times: user=0.11 sys=0.00, real=0.03 secs] 
2016-10-17T16:44:46.898+0800: 21054.457: [GC (Allocation Failure) 2016-10-17T16:44:46.898+0800: 21054.457: [ParNew: 676830K->71866K(685696K), 0.0428548 secs] 1806821K->1255362K(2483840K), 0.0430051 secs] [Times: user=0.09 sys=0.00, real=0.04 secs] 
2016-10-17T16:44:50.201+0800: 21057.760: [GC (Allocation Failure) 2016-10-17T16:44:50.201+0800: 21057.760: [ParNew: 681402K->76160K(685696K), 0.0240639 secs] 1864898K->1288220K(2483840K), 0.0242220 secs] [Times: user=0.07 sys=0.00, real=0.02 secs] 
2016-10-17T16:44:54.089+0800: 21061.647: [GC (Allocation Failure) 2016-10-17T16:44:54.089+0800: 21061.648: [ParNew: 685595K->76160K(685696K), 0.0552711 secs] 1897655K->1378362K(2483840K), 0.0554011 secs] [Times: user=0.12 sys=0.00, real=0.05 secs] 
2016-10-17T16:44:54.145+0800: 21061.704: [GC (CMS Initial Mark) [1 CMS-initial-mark: 1302202K(1798144K)] 1378618K(2483840K), 0.0028567 secs] [Times: user=0.01 sys=0.00, real=0.01 secs] 
2016-10-17T16:44:54.148+0800: 21061.707: [CMS-concurrent-mark-start]
2016-10-17T16:44:54.288+0800: 21061.847: [CMS-concurrent-mark: 0.141/0.141 secs] [Times: user=0.20 sys=0.01, real=0.14 secs] 
2016-10-17T16:44:54.288+0800: 21061.847: [CMS-concurrent-preclean-start]
2016-10-17T16:44:54.294+0800: 21061.853: [CMS-concurrent-preclean: 0.005/0.005 secs] [Times: user=0.01 sys=0.00, real=0.00 secs] 
2016-10-17T16:44:54.294+0800: 21061.853: [CMS-concurrent-abortable-preclean-start]
2016-10-17T16:44:55.959+0800: 21063.517: [CMS-concurrent-abortable-preclean: 1.664/1.665 secs] [Times: user=2.27 sys=0.21, real=1.67 secs] 
2016-10-17T16:44:55.959+0800: 21063.518: [GC (CMS Final Remark) [YG occupancy: 384121 K (685696 K)]2016-10-17T16:44:55.959+0800: 21063.518: [Rescan (parallel) , 0.0230479 secs]2016-10-17T16:44:55.982+0800: 21063.541: [weak refs processing, 0.0007319 secs]2016-10-17T16:44:55.983+0800: 21063.542: [class unloading, 0.0138272 secs]2016-10-17T16:44:55.997+0800: 21063.556: [scrub symbol table, 0.0043079 secs]2016-10-17T16:44:56.001+0800: 21063.560: [scrub string table, 0.0006835 secs][1 CMS-remark: 1302202K(1798144K)] 1686324K(2483840K), 0.0432849 secs] [Times: user=0.10 sys=0.00, real=0.04 secs] 
2016-10-17T16:44:56.003+0800: 21063.562: [CMS-concurrent-sweep-start]
2016-10-17T16:44:56.285+0800: 21063.844: [CMS-concurrent-sweep: 0.282/0.282 secs] [Times: user=0.36 sys=0.01, real=0.28 secs] 
2016-10-17T16:44:56.285+0800: 21063.844: [CMS-concurrent-reset-start]
2016-10-17T16:44:56.289+0800: 21063.848: [CMS-concurrent-reset: 0.004/0.004 secs] [Times: user=0.01 sys=0.00, real=0.01 secs] 
2016-10-17T16:44:57.928+0800: 21065.487: [GC (Allocation Failure) 2016-10-17T16:44:57.928+0800: 21065.487: [ParNew: 685462K->76160K(685696K), 0.0425695 secs] 1669422K->1151431K(2483840K), 0.0427563 secs] [Times: user=0.12 sys=0.00, real=0.04 secs] 
2016-10-17T16:45:01.794+0800: 21069.353: [GC (Allocation Failure) 2016-10-17T16:45:01.794+0800: 21069.353: [ParNew: 685652K->76160K(685696K), 0.0419420 secs] 1760923K->1237108K(2483840K), 0.0421070 secs] [Times: user=0.10 sys=0.00, real=0.05 secs] 
2016-10-17T16:45:05.516+0800: 21073.074: [GC (Allocation Failure) 2016-10-17T16:45:05.516+0800: 21073.074: [ParNew: 685534K->76160K(685696K), 0.0342338 secs] 1846483K->1325559K(2483840K), 0.0343851 secs] [Times: user=0.11 sys=0.00, real=0.04 secs] 
2016-10-17T16:45:09.310+0800: 21076.868: [GC (Allocation Failure) 2016-10-17T16:45:09.310+0800: 21076.869: [ParNew: 685572K->76160K(685696K), 0.0357667 secs] 1934972K->1411082K(2483840K), 0.0359084 secs] [Times: user=0.13 sys=0.00, real=0.03 secs] 
2016-10-17T16:45:09.346+0800: 21076.905: [GC (CMS Initial Mark) [1 CMS-initial-mark: 1334922K(1798144K)] 1411338K(2483840K), 0.0023423 secs] [Times: user=0.01 sys=0.00, real=0.00 secs] 
2016-10-17T16:45:09.349+0800: 21076.907: [CMS-concurrent-mark-start]
2016-10-17T16:45:09.512+0800: 21077.071: [CMS-concurrent-mark: 0.163/0.163 secs] [Times: user=0.23 sys=0.01, real=0.16 secs] 
2016-10-17T16:45:09.512+0800: 21077.071: [CMS-concurrent-preclean-start]
2016-10-17T16:45:09.517+0800: 21077.076: [CMS-concurrent-preclean: 0.005/0.005 secs] [Times: user=0.01 sys=0.00, real=0.01 secs] 
2016-10-17T16:45:09.517+0800: 21077.076: [CMS-concurrent-abortable-preclean-start]
2016-10-17T16:45:12.492+0800: 21080.051: [CMS-concurrent-abortable-preclean: 2.973/2.975 secs] [Times: user=3.82 sys=0.28, real=2.97 secs] 
2016-10-17T16:45:12.493+0800: 21080.052: [GC (CMS Final Remark) [YG occupancy: 385117 K (685696 K)]2016-10-17T16:45:12.493+0800: 21080.052: [Rescan (parallel) , 0.0190579 secs]2016-10-17T16:45:12.513+0800: 21080.071: [weak refs processing, 0.0006395 secs]2016-10-17T16:45:12.513+0800: 21080.072: [class unloading, 0.0160029 secs]2016-10-17T16:45:12.529+0800: 21080.088: [scrub symbol table, 0.0060150 secs]2016-10-17T16:45:12.535+0800: 21080.094: [scrub string table, 0.0009898 secs][1 CMS-remark: 1334922K(1798144K)] 1720040K(2483840K), 0.0433729 secs] [Times: user=0.10 sys=0.00, real=0.05 secs] 
2016-10-17T16:45:12.537+0800: 21080.096: [CMS-concurrent-sweep-start]
2016-10-17T16:45:12.728+0800: 21080.286: [CMS-concurrent-sweep: 0.191/0.191 secs] [Times: user=0.22 sys=0.01, real=0.19 secs] 
2016-10-17T16:45:12.728+0800: 21080.287: [CMS-concurrent-reset-start]
2016-10-17T16:45:12.731+0800: 21080.290: [CMS-concurrent-reset: 0.004/0.004 secs] [Times: user=0.00 sys=0.00, real=0.00 secs] 
2016-10-17T16:45:15.649+0800: 21083.208: [GC (Allocation Failure) 2016-10-17T16:45:15.649+0800: 21083.208: [ParNew: 685639K->76160K(685696K), 0.0335393 secs] 1659780K->1138757K(2483840K), 0.0336809 secs] [Times: user=0.11 sys=0.00, real=0.03 secs] 
2016-10-17T16:45:20.875+0800: 21088.434: [GC (Allocation Failure) 2016-10-17T16:45:20.876+0800: 21088.434: [ParNew: 685672K->76160K(685696K), 0.0362781 secs] 1748269K->1228363K(2483840K), 0.0364134 secs] [Times: user=0.13 sys=0.00, real=0.04 secs] 
2016-10-17T16:45:30.093+0800: 21097.652: [GC (Allocation Failure) 2016-10-17T16:45:30.093+0800: 21097.652: [ParNew: 685656K->76160K(685696K), 0.0389693 secs] 1837859K->1316294K(2483840K), 0.0391524 secs] [Times: user=0.13 sys=0.00, real=0.04 secs] 
2016-10-17T16:45:34.525+0800: 21102.084: [GC (Allocation Failure) 2016-10-17T16:45:34.525+0800: 21102.084: [ParNew: 685545K->76160K(685696K), 0.0338647 secs] 1925679K->1396821K(2483840K), 0.0340271 secs] [Times: user=0.12 sys=0.00, real=0.04 secs] 
2016-10-17T16:45:34.560+0800: 21102.119: [GC (CMS Initial Mark) [1 CMS-initial-mark: 1320661K(1798144K)] 1397077K(2483840K), 0.0041402 secs] [Times: user=0.01 sys=0.00, real=0.00 secs] 
2016-10-17T16:45:34.564+0800: 21102.123: [CMS-concurrent-mark-start]
2016-10-17T16:45:34.761+0800: 21102.320: [CMS-concurrent-mark: 0.197/0.197 secs] [Times: user=0.28 sys=0.02, real=0.20 secs] 
2016-10-17T16:45:34.761+0800: 21102.320: [CMS-concurrent-preclean-start]
2016-10-17T16:45:34.767+0800: 21102.326: [CMS-concurrent-preclean: 0.006/0.006 secs] [Times: user=0.01 sys=0.00, real=0.01 secs] 
2016-10-17T16:45:34.767+0800: 21102.326: [CMS-concurrent-abortable-preclean-start]
2016-10-17T16:45:36.414+0800: 21103.973: [CMS-concurrent-abortable-preclean: 1.646/1.647 secs] [Times: user=2.36 sys=0.14, real=1.64 secs] 
2016-10-17T16:45:36.415+0800: 21103.974: [GC (CMS Final Remark) [YG occupancy: 385485 K (685696 K)]2016-10-17T16:45:36.415+0800: 21103.974: [Rescan (parallel) , 0.0143006 secs]2016-10-17T16:45:36.429+0800: 21103.988: [weak refs processing, 0.0009408 secs]2016-10-17T16:45:36.430+0800: 21103.989: [class unloading, 0.0130022 secs]2016-10-17T16:45:36.443+0800: 21104.002: [scrub symbol table, 0.0042251 secs]2016-10-17T16:45:36.448+0800: 21104.006: [scrub string table, 0.0007133 secs][1 CMS-remark: 1320661K(1798144K)] 1706146K(2483840K), 0.0339902 secs] [Times: user=0.07 sys=0.00, real=0.04 secs] 
2016-10-17T16:45:36.449+0800: 21104.008: [CMS-concurrent-sweep-start]
2016-10-17T16:45:36.542+0800: 21104.101: [CMS-concurrent-sweep: 0.093/0.093 secs] [Times: user=0.12 sys=0.02, real=0.09 secs] 
2016-10-17T16:45:36.542+0800: 21104.101: [CMS-concurrent-reset-start]
2016-10-17T16:45:36.546+0800: 21104.104: [CMS-concurrent-reset: 0.004/0.004 secs] [Times: user=0.01 sys=0.00, real=0.00 secs] 
2016-10-17T16:45:38.240+0800: 21105.799: [GC (Allocation Failure) 2016-10-17T16:45:38.240+0800: 21105.799: [ParNew: 685696K->76160K(685696K), 0.0347688 secs] 1682833K->1167181K(2483840K), 0.0349040 secs] [Times: user=0.13 sys=0.00, real=0.03 secs] 
2016-10-17T16:45:42.070+0800: 21109.629: [GC (Allocation Failure) 2016-10-17T16:45:42.071+0800: 21109.629: [ParNew: 685672K->76160K(685696K), 0.0295243 secs] 1776694K->1245745K(2483840K), 0.0296506 secs] [Times: user=0.10 sys=0.00, real=0.03 secs] 
2016-10-17T16:45:46.100+0800: 21113.658: [GC (Allocation Failure) 2016-10-17T16:45:46.100+0800: 21113.659: [ParNew: 685626K->76160K(685696K), 0.0350142 secs] 1855211K->1331642K(2483840K), 0.0351771 secs] [Times: user=0.13 sys=0.00, real=0.03 secs] 
2016-10-17T16:45:50.048+0800: 21117.607: [GC (Allocation Failure) 2016-10-17T16:45:50.048+0800: 21117.607: [ParNew: 685552K->76160K(685696K), 0.0362311 secs] 1941034K->1420936K(2483840K), 0.0363686 secs] [Times: user=0.13 sys=0.00, real=0.03 secs] 
2016-10-17T16:45:50.085+0800: 21117.644: [GC (CMS Initial Mark) [1 CMS-initial-mark: 1344776K(1798144K)] 1421192K(2483840K), 0.0019196 secs] [Times: user=0.01 sys=0.00, real=0.01 secs] 
2016-10-17T16:45:50.087+0800: 21117.646: [CMS-concurrent-mark-start]
2016-10-17T16:45:50.316+0800: 21117.875: [CMS-concurrent-mark: 0.229/0.229 secs] [Times: user=0.32 sys=0.02, real=0.23 secs] 
2016-10-17T16:45:50.316+0800: 21117.875: [CMS-concurrent-preclean-start]
2016-10-17T16:45:50.322+0800: 21117.881: [CMS-concurrent-preclean: 0.006/0.006 secs] [Times: user=0.01 sys=0.00, real=0.00 secs] 
2016-10-17T16:45:50.322+0800: 21117.881: [CMS-concurrent-abortable-preclean-start]
2016-10-17T16:45:52.019+0800: 21119.578: [CMS-concurrent-abortable-preclean: 1.696/1.697 secs] [Times: user=2.40 sys=0.14, real=1.70 secs] 
2016-10-17T16:45:52.020+0800: 21119.579: [GC (CMS Final Remark) [YG occupancy: 381184 K (685696 K)]2016-10-17T16:45:52.020+0800: 21119.579: [Rescan (parallel) , 0.0144316 secs]2016-10-17T16:45:52.035+0800: 21119.593: [weak refs processing, 0.0005149 secs]2016-10-17T16:45:52.035+0800: 21119.594: [class unloading, 0.0136078 secs]2016-10-17T16:45:52.049+0800: 21119.608: [scrub symbol table, 0.0066930 secs]2016-10-17T16:45:52.055+0800: 21119.614: [scrub string table, 0.0007264 secs][1 CMS-remark: 1344776K(1798144K)] 1725960K(2483840K), 0.0365204 secs] [Times: user=0.08 sys=0.00, real=0.04 secs] 
2016-10-17T16:45:52.057+0800: 21119.616: [CMS-concurrent-sweep-start]
2016-10-17T16:45:52.137+0800: 21119.696: [CMS-concurrent-sweep: 0.081/0.081 secs] [Times: user=0.11 sys=0.01, real=0.08 secs] 
2016-10-17T16:45:52.137+0800: 21119.696: [CMS-concurrent-reset-start]
2016-10-17T16:45:52.141+0800: 21119.700: [CMS-concurrent-reset: 0.003/0.003 secs] [Times: user=0.00 sys=0.00, real=0.00 secs] 
2016-10-17T16:45:53.918+0800: 21121.476: [GC (Allocation Failure) 2016-10-17T16:45:53.918+0800: 21121.476: [ParNew: 685542K->76160K(685696K), 0.0332023 secs] 1709627K->1188140K(2483840K), 0.0333505 secs] [Times: user=0.11 sys=0.00, real=0.03 secs] 
2016-10-17T16:45:58.323+0800: 21125.882: [GC (Allocation Failure) 2016-10-17T16:45:58.323+0800: 21125.882: [ParNew: 685449K->76160K(685696K), 0.0358118 secs] 1797430K->1281033K(2483840K), 0.0359439 secs] [Times: user=0.12 sys=0.00, real=0.04 secs] 
2016-10-17T16:46:02.511+0800: 21130.070: [GC (Allocation Failure) 2016-10-17T16:46:02.511+0800: 21130.070: [ParNew: 685671K->76160K(685696K), 0.0305413 secs] 1890545K->1362142K(2483840K), 0.0306932 secs] [Times: user=0.12 sys=0.00, real=0.03 secs] 
2016-10-17T16:46:02.543+0800: 21130.101: [GC (CMS Initial Mark) [1 CMS-initial-mark: 1285982K(1798144K)] 1362739K(2483840K), 0.0024665 secs] [Times: user=0.01 sys=0.00, real=0.00 secs] 
2016-10-17T16:46:02.545+0800: 21130.104: [CMS-concurrent-mark-start]
2016-10-17T16:46:02.819+0800: 21130.378: [CMS-concurrent-mark: 0.273/0.273 secs] [Times: user=0.36 sys=0.02, real=0.28 secs] 
2016-10-17T16:46:02.819+0800: 21130.378: [CMS-concurrent-preclean-start]
2016-10-17T16:46:02.826+0800: 21130.384: [CMS-concurrent-preclean: 0.007/0.007 secs] [Times: user=0.01 sys=0.01, real=0.00 secs] 
2016-10-17T16:46:02.826+0800: 21130.384: [CMS-concurrent-abortable-preclean-start]
2016-10-17T16:46:04.564+0800: 21132.123: [CMS-concurrent-abortable-preclean: 1.737/1.738 secs] [Times: user=2.35 sys=0.25, real=1.74 secs] 
2016-10-17T16:46:04.565+0800: 21132.123: [GC (CMS Final Remark) [YG occupancy: 386991 K (685696 K)]2016-10-17T16:46:04.565+0800: 21132.123: [Rescan (parallel) , 0.0146064 secs]2016-10-17T16:46:04.579+0800: 21132.138: [weak refs processing, 0.0002997 secs]2016-10-17T16:46:04.580+0800: 21132.138: [class unloading, 0.0134173 secs]2016-10-17T16:46:04.593+0800: 21132.152: [scrub symbol table, 0.0057873 secs]2016-10-17T16:46:04.599+0800: 21132.158: [scrub string table, 0.0007156 secs][1 CMS-remark: 1285982K(1798144K)] 1672973K(2483840K), 0.0351888 secs] [Times: user=0.08 sys=0.00, real=0.04 secs] 
2016-10-17T16:46:04.600+0800: 21132.159: [CMS-concurrent-sweep-start]
2016-10-17T16:46:04.694+0800: 21132.252: [CMS-concurrent-sweep: 0.094/0.094 secs] [Times: user=0.12 sys=0.02, real=0.09 secs] 
2016-10-17T16:46:04.694+0800: 21132.253: [CMS-concurrent-reset-start]
2016-10-17T16:46:04.697+0800: 21132.256: [CMS-concurrent-reset: 0.003/0.003 secs] [Times: user=0.00 sys=0.00, real=0.01 secs] 
2016-10-17T16:46:06.738+0800: 21134.297: [GC (Allocation Failure) 2016-10-17T16:46:06.738+0800: 21134.297: [ParNew: 685696K->76160K(685696K), 0.0320034 secs] 1728049K->1197175K(2483840K), 0.0321359 secs] [Times: user=0.12 sys=0.00, real=0.03 secs] 
2016-10-17T16:46:10.752+0800: 21138.311: [GC (Allocation Failure) 2016-10-17T16:46:10.752+0800: 21138.311: [ParNew: 685462K->76160K(685696K), 0.0436440 secs] 1806477K->1292139K(2483840K), 0.0437966 secs] [Times: user=0.10 sys=0.00, real=0.05 secs] 
2016-10-17T16:46:15.832+0800: 21143.391: [GC (Allocation Failure) 2016-10-17T16:46:15.832+0800: 21143.391: [ParNew: 685668K->76160K(685696K), 0.0375152 secs] 1901647K->1369894K(2483840K), 0.0376663 secs] [Times: user=0.13 sys=0.00, real=0.04 secs] 
2016-10-17T16:46:15.870+0800: 21143.429: [GC (CMS Initial Mark) [1 CMS-initial-mark: 1293734K(1798144K)] 1370272K(2483840K), 0.0035393 secs] [Times: user=0.01 sys=0.00, real=0.00 secs] 
2016-10-17T16:46:15.874+0800: 21143.433: [CMS-concurrent-mark-start]
2016-10-17T16:46:16.150+0800: 21143.709: [CMS-concurrent-mark: 0.276/0.276 secs] [Times: user=0.39 sys=0.01, real=0.28 secs] 
2016-10-17T16:46:16.150+0800: 21143.709: [CMS-concurrent-preclean-start]
2016-10-17T16:46:16.158+0800: 21143.717: [CMS-concurrent-preclean: 0.008/0.008 secs] [Times: user=0.01 sys=0.00, real=0.01 secs] 
2016-10-17T16:46:16.158+0800: 21143.717: [CMS-concurrent-abortable-preclean-start]
2016-10-17T16:46:18.741+0800: 21146.300: [CMS-concurrent-abortable-preclean: 2.581/2.583 secs] [Times: user=3.38 sys=0.18, real=2.58 secs] 
2016-10-17T16:46:18.743+0800: 21146.302: [GC (CMS Final Remark) [YG occupancy: 384529 K (685696 K)]2016-10-17T16:46:18.743+0800: 21146.302: [Rescan (parallel) , 0.0354597 secs]2016-10-17T16:46:18.778+0800: 21146.337: [weak refs processing, 0.0003299 secs]2016-10-17T16:46:18.779+0800: 21146.337: [class unloading, 0.0147487 secs]2016-10-17T16:46:18.793+0800: 21146.352: [scrub symbol table, 0.0050489 secs]2016-10-17T16:46:18.798+0800: 21146.357: [scrub string table, 0.0007442 secs][1 CMS-remark: 1293734K(1798144K)] 1678263K(2483840K), 0.0567144 secs] [Times: user=0.09 sys=0.00, real=0.06 secs] 
2016-10-17T16:46:18.800+0800: 21146.358: [CMS-concurrent-sweep-start]
2016-10-17T16:46:18.899+0800: 21146.458: [CMS-concurrent-sweep: 0.100/0.100 secs] [Times: user=0.12 sys=0.01, real=0.10 secs] 
2016-10-17T16:46:18.899+0800: 21146.458: [CMS-concurrent-reset-start]
2016-10-17T16:46:18.903+0800: 21146.462: [CMS-concurrent-reset: 0.003/0.003 secs] [Times: user=0.01 sys=0.00, real=0.00 secs] 
2016-10-17T16:46:23.488+0800: 21151.047: [GC (Allocation Failure) 2016-10-17T16:46:23.488+0800: 21151.047: [ParNew: 685641K->76160K(685696K), 0.0463720 secs] 1737820K->1213016K(2483840K), 0.0465148 secs] [Times: user=0.13 sys=0.00, real=0.04 secs] 
2016-10-17T16:46:28.357+0800: 21155.916: [GC (Allocation Failure) 2016-10-17T16:46:28.358+0800: 21155.916: [ParNew: 685696K->76160K(685696K), 0.0310917 secs] 1822552K->1298920K(2483840K), 0.0312293 secs] [Times: user=0.12 sys=0.00, real=0.03 secs] 
2016-10-17T16:46:32.170+0800: 21159.729: [GC (Allocation Failure) 2016-10-17T16:46:32.170+0800: 21159.729: [ParNew: 685467K->76160K(685696K), 0.0294487 secs] 1908228K->1380858K(2483840K), 0.0296130 secs] [Times: user=0.11 sys=0.00, real=0.03 secs] 
2016-10-17T16:46:32.200+0800: 21159.759: [GC (CMS Initial Mark) [1 CMS-initial-mark: 1304698K(1798144K)] 1381114K(2483840K), 0.0019104 secs] [Times: user=0.00 sys=0.00, real=0.00 secs] 
2016-10-17T16:46:32.202+0800: 21159.761: [CMS-concurrent-mark-start]
2016-10-17T16:46:32.478+0800: 21160.036: [CMS-concurrent-mark: 0.274/0.275 secs] [Times: user=0.41 sys=0.01, real=0.28 secs] 
2016-10-17T16:46:32.478+0800: 21160.036: [CMS-concurrent-preclean-start]
2016-10-17T16:46:32.486+0800: 21160.044: [CMS-concurrent-preclean: 0.008/0.008 secs] [Times: user=0.01 sys=0.01, real=0.00 secs] 
2016-10-17T16:46:32.486+0800: 21160.044: [CMS-concurrent-abortable-preclean-start]
2016-10-17T16:46:34.165+0800: 21161.724: [CMS-concurrent-abortable-preclean: 1.678/1.680 secs] [Times: user=2.36 sys=0.13, real=1.68 secs] 
2016-10-17T16:46:34.166+0800: 21161.725: [GC (CMS Final Remark) [YG occupancy: 381555 K (685696 K)]2016-10-17T16:46:34.166+0800: 21161.725: [Rescan (parallel) , 0.0151670 secs]2016-10-17T16:46:34.181+0800: 21161.740: [weak refs processing, 0.0003384 secs]2016-10-17T16:46:34.181+0800: 21161.740: [class unloading, 0.0139348 secs]2016-10-17T16:46:34.195+0800: 21161.754: [scrub symbol table, 0.0043623 secs]2016-10-17T16:46:34.200+0800: 21161.759: [scrub string table, 0.0007730 secs][1 CMS-remark: 1304698K(1798144K)] 1686254K(2483840K), 0.0349786 secs] [Times: user=0.09 sys=0.00, real=0.03 secs] 
2016-10-17T16:46:34.201+0800: 21161.760: [CMS-concurrent-sweep-start]
2016-10-17T16:46:34.301+0800: 21161.860: [CMS-concurrent-sweep: 0.100/0.100 secs] [Times: user=0.15 sys=0.00, real=0.10 secs] 
2016-10-17T16:46:34.302+0800: 21161.860: [CMS-concurrent-reset-start]
2016-10-17T16:46:34.305+0800: 21161.864: [CMS-concurrent-reset: 0.004/0.004 secs] [Times: user=0.00 sys=0.00, real=0.00 secs] 
2016-10-17T16:46:36.212+0800: 21163.771: [GC (Allocation Failure) 2016-10-17T16:46:36.212+0800: 21163.771: [ParNew: 685696K->76160K(685696K), 0.0361489 secs] 1751353K->1231667K(2483840K), 0.0363015 secs] [Times: user=0.13 sys=0.00, real=0.04 secs] 
2016-10-17T16:46:40.576+0800: 21168.135: [GC (Allocation Failure) 2016-10-17T16:46:40.576+0800: 21168.135: [ParNew: 685641K->76160K(685696K), 0.0333282 secs] 1841148K->1318587K(2483840K), 0.0334824 secs] [Times: user=0.12 sys=0.00, real=0.03 secs] 
2016-10-17T16:46:44.389+0800: 21171.948: [GC (Allocation Failure) 2016-10-17T16:46:44.389+0800: 21171.948: [ParNew: 685691K->76160K(685696K), 0.0306713 secs] 1928118K->1402094K(2483840K), 0.0308254 secs] [Times: user=0.11 sys=0.00, real=0.03 secs] 
2016-10-17T16:46:44.420+0800: 21171.979: [GC (CMS Initial Mark) [1 CMS-initial-mark: 1325934K(1798144K)] 1402471K(2483840K), 0.0025573 secs] [Times: user=0.01 sys=0.00, real=0.00 secs] 
2016-10-17T16:46:44.423+0800: 21171.982: [CMS-concurrent-mark-start]
2016-10-17T16:46:44.726+0800: 21172.285: [CMS-concurrent-mark: 0.303/0.303 secs] [Times: user=0.41 sys=0.03, real=0.31 secs] 
2016-10-17T16:46:44.726+0800: 21172.285: [CMS-concurrent-preclean-start]
2016-10-17T16:46:44.733+0800: 21172.291: [CMS-concurrent-preclean: 0.007/0.007 secs] [Times: user=0.01 sys=0.00, real=0.00 secs] 
2016-10-17T16:46:44.733+0800: 21172.291: [CMS-concurrent-abortable-preclean-start]
2016-10-17T16:46:46.439+0800: 21173.998: [CMS-concurrent-abortable-preclean: 1.705/1.706 secs] [Times: user=2.41 sys=0.13, real=1.71 secs] 
2016-10-17T16:46:46.440+0800: 21173.998: [GC (CMS Final Remark) [YG occupancy: 382290 K (685696 K)]2016-10-17T16:46:46.440+0800: 21173.998: [Rescan (parallel) , 0.0207749 secs]2016-10-17T16:46:46.460+0800: 21174.019: [weak refs processing, 0.0003674 secs]2016-10-17T16:46:46.461+0800: 21174.020: [class unloading, 0.0135582 secs]2016-10-17T16:46:46.474+0800: 21174.033: [scrub symbol table, 0.0046473 secs]2016-10-17T16:46:46.479+0800: 21174.038: [scrub string table, 0.0007863 secs][1 CMS-remark: 1325934K(1798144K)] 1708224K(2483840K), 0.0406019 secs] [Times: user=0.09 sys=0.00, real=0.04 secs] 
2016-10-17T16:46:46.481+0800: 21174.040: [CMS-concurrent-sweep-start]
2016-10-17T16:46:46.582+0800: 21174.140: [CMS-concurrent-sweep: 0.101/0.101 secs] [Times: user=0.14 sys=0.01, real=0.10 secs] 
2016-10-17T16:46:46.582+0800: 21174.140: [CMS-concurrent-reset-start]
2016-10-17T16:46:46.585+0800: 21174.144: [CMS-concurrent-reset: 0.004/0.004 secs] [Times: user=0.01 sys=0.00, real=0.00 secs] 
2016-10-17T16:46:48.434+0800: 21175.993: [GC (Allocation Failure) 2016-10-17T16:46:48.434+0800: 21175.993: [ParNew: 685696K->76160K(685696K), 0.0406360 secs] 1768352K->1260707K(2483840K), 0.0407848 secs] [Times: user=0.15 sys=0.00, real=0.04 secs] 
2016-10-17T16:46:52.526+0800: 21180.085: [GC (Allocation Failure) 2016-10-17T16:46:52.526+0800: 21180.085: [ParNew: 685696K->76160K(685696K), 0.0379814 secs] 1870243K->1330502K(2483840K), 0.0381675 secs] [Times: user=0.14 sys=0.00, real=0.03 secs] 
2016-10-17T16:47:00.923+0800: 21188.482: [GC (Allocation Failure) 2016-10-17T16:47:00.923+0800: 21188.482: [ParNew: 685696K->76160K(685696K), 0.0338955 secs] 1940038K->1414148K(2483840K), 0.0340300 secs] [Times: user=0.13 sys=0.00, real=0.04 secs] 
2016-10-17T16:47:00.958+0800: 21188.517: [GC (CMS Initial Mark) [1 CMS-initial-mark: 1337988K(1798144K)] 1414459K(2483840K), 0.0025255 secs] [Times: user=0.00 sys=0.00, real=0.00 secs] 
2016-10-17T16:47:00.960+0800: 21188.519: [CMS-concurrent-mark-start]
2016-10-17T16:47:01.297+0800: 21188.856: [CMS-concurrent-mark: 0.336/0.336 secs] [Times: user=0.44 sys=0.03, real=0.34 secs] 
2016-10-17T16:47:01.297+0800: 21188.856: [CMS-concurrent-preclean-start]
2016-10-17T16:47:01.303+0800: 21188.862: [CMS-concurrent-preclean: 0.006/0.006 secs] [Times: user=0.01 sys=0.00, real=0.00 secs] 
2016-10-17T16:47:01.303+0800: 21188.862: [CMS-concurrent-abortable-preclean-start]
2016-10-17T16:47:04.313+0800: 21191.872: [CMS-concurrent-abortable-preclean: 3.008/3.010 secs] [Times: user=3.71 sys=0.33, real=3.01 secs] 
2016-10-17T16:47:04.314+0800: 21191.873: [GC (CMS Final Remark) [YG occupancy: 391157 K (685696 K)]2016-10-17T16:47:04.314+0800: 21191.873: [Rescan (parallel) , 0.0167780 secs]2016-10-17T16:47:04.331+0800: 21191.890: [weak refs processing, 0.0003710 secs]2016-10-17T16:47:04.331+0800: 21191.890: [class unloading, 0.0141773 secs]2016-10-17T16:47:04.345+0800: 21191.904: [scrub symbol table, 0.0046496 secs]2016-10-17T16:47:04.350+0800: 21191.909: [scrub string table, 0.0007132 secs][1 CMS-remark: 1337988K(1798144K)] 1729145K(2483840K), 0.0371141 secs] [Times: user=0.09 sys=0.00, real=0.04 secs] 
2016-10-17T16:47:04.351+0800: 21191.910: [CMS-concurrent-sweep-start]
2016-10-17T16:47:04.451+0800: 21192.010: [CMS-concurrent-sweep: 0.099/0.099 secs] [Times: user=0.14 sys=0.00, real=0.10 secs] 
2016-10-17T16:47:04.451+0800: 21192.010: [CMS-concurrent-reset-start]
2016-10-17T16:47:04.454+0800: 21192.013: [CMS-concurrent-reset: 0.003/0.003 secs] [Times: user=0.00 sys=0.00, real=0.00 secs] 
2016-10-17T16:47:06.364+0800: 21193.923: [GC (Allocation Failure) 2016-10-17T16:47:06.364+0800: 21193.923: [ParNew: 685493K->76160K(685696K), 0.0308177 secs] 1782292K->1264482K(2483840K), 0.0309512 secs] [Times: user=0.11 sys=0.00, real=0.03 secs] 
2016-10-17T16:47:09.744+0800: 21197.303: [GC (Allocation Failure) 2016-10-17T16:47:09.744+0800: 21197.303: [ParNew: 685543K->76160K(685696K), 0.0395980 secs] 1873865K->1343376K(2483840K), 0.0398102 secs] [Times: user=0.12 sys=0.00, real=0.04 secs] 
2016-10-17T16:47:09.785+0800: 21197.343: [GC (CMS Initial Mark) [1 CMS-initial-mark: 1267216K(1798144K)] 1343957K(2483840K), 0.0020176 secs] [Times: user=0.01 sys=0.00, real=0.01 secs] 
2016-10-17T16:47:09.787+0800: 21197.346: [CMS-concurrent-mark-start]
2016-10-17T16:47:10.129+0800: 21197.688: [CMS-concurrent-mark: 0.342/0.342 secs] [Times: user=0.48 sys=0.03, real=0.34 secs] 
2016-10-17T16:47:10.129+0800: 21197.688: [CMS-concurrent-preclean-start]
2016-10-17T16:47:10.136+0800: 21197.695: [CMS-concurrent-preclean: 0.007/0.007 secs] [Times: user=0.02 sys=0.00, real=0.01 secs] 
2016-10-17T16:47:10.136+0800: 21197.695: [CMS-concurrent-abortable-preclean-start]
2016-10-17T16:47:12.939+0800: 21200.498: [CMS-concurrent-abortable-preclean: 2.799/2.803 secs] [Times: user=3.58 sys=0.26, real=2.80 secs] 
2016-10-17T16:47:12.940+0800: 21200.498: [GC (CMS Final Remark) [YG occupancy: 382670 K (685696 K)]2016-10-17T16:47:12.940+0800: 21200.498: [Rescan (parallel) , 0.0161285 secs]2016-10-17T16:47:12.956+0800: 21200.515: [weak refs processing, 0.0002223 secs]2016-10-17T16:47:12.956+0800: 21200.515: [class unloading, 0.0142562 secs]2016-10-17T16:47:12.970+0800: 21200.529: [scrub symbol table, 0.0046132 secs]2016-10-17T16:47:12.975+0800: 21200.534: [scrub string table, 0.0006992 secs][1 CMS-remark: 1267216K(1798144K)] 1649886K(2483840K), 0.0362408 secs] [Times: user=0.08 sys=0.00, real=0.04 secs] 
2016-10-17T16:47:12.976+0800: 21200.535: [CMS-concurrent-sweep-start]
2016-10-17T16:47:13.092+0800: 21200.651: [CMS-concurrent-sweep: 0.116/0.116 secs] [Times: user=0.15 sys=0.01, real=0.11 secs] 
2016-10-17T16:47:13.092+0800: 21200.651: [CMS-concurrent-reset-start]
2016-10-17T16:47:13.096+0800: 21200.655: [CMS-concurrent-reset: 0.003/0.003 secs] [Times: user=0.01 sys=0.00, real=0.01 secs] 
2016-10-17T16:47:15.695+0800: 21203.254: [GC (Allocation Failure) 2016-10-17T16:47:15.695+0800: 21203.254: [ParNew: 685578K->76160K(685696K), 0.0379758 secs] 1829751K->1295188K(2483840K), 0.0381358 secs] [Times: user=0.14 sys=0.00, real=0.04 secs] 
2016-10-17T16:47:23.038+0800: 21210.597: [GC (Allocation Failure) 2016-10-17T16:47:23.038+0800: 21210.597: [ParNew: 685442K->76160K(685696K), 0.0515858 secs] 1904470K->1388265K(2483840K), 0.0517300 secs] [Times: user=0.10 sys=0.00, real=0.05 secs] 
2016-10-17T16:47:23.090+0800: 21210.649: [GC (CMS Initial Mark) [1 CMS-initial-mark: 1312105K(1798144K)] 1388521K(2483840K), 0.0034207 secs] [Times: user=0.01 sys=0.00, real=0.00 secs] 
2016-10-17T16:47:23.094+0800: 21210.652: [CMS-concurrent-mark-start]
2016-10-17T16:47:23.341+0800: 21210.900: [CMS-concurrent-mark: 0.247/0.247 secs] [Times: user=0.33 sys=0.00, real=0.25 secs] 
2016-10-17T16:47:23.341+0800: 21210.900: [CMS-concurrent-preclean-start]
2016-10-17T16:47:23.347+0800: 21210.906: [CMS-concurrent-preclean: 0.006/0.006 secs] [Times: user=0.01 sys=0.00, real=0.01 secs] 
2016-10-17T16:47:23.347+0800: 21210.906: [CMS-concurrent-abortable-preclean-start]
2016-10-17T16:47:28.225+0800: 21215.784: [CMS-concurrent-abortable-preclean: 4.727/4.878 secs] [Times: user=5.74 sys=0.40, real=4.87 secs] 
2016-10-17T16:47:28.226+0800: 21215.785: [GC (CMS Final Remark) [YG occupancy: 381666 K (685696 K)]2016-10-17T16:47:28.226+0800: 21215.785: [Rescan (parallel) , 0.0161175 secs]2016-10-17T16:47:28.242+0800: 21215.801: [weak refs processing, 0.0002399 secs]2016-10-17T16:47:28.243+0800: 21215.801: [class unloading, 0.0140994 secs]2016-10-17T16:47:28.257+0800: 21215.815: [scrub symbol table, 0.0062873 secs]2016-10-17T16:47:28.263+0800: 21215.822: [scrub string table, 0.0007510 secs][1 CMS-remark: 1312105K(1798144K)] 1693771K(2483840K), 0.0378487 secs] [Times: user=0.08 sys=0.00, real=0.03 secs] 
2016-10-17T16:47:28.264+0800: 21215.823: [CMS-concurrent-sweep-start]
2016-10-17T16:47:28.585+0800: 21216.144: [CMS-concurrent-sweep: 0.321/0.321 secs] [Times: user=0.38 sys=0.03, real=0.32 secs] 
2016-10-17T16:47:28.585+0800: 21216.144: [CMS-concurrent-reset-start]
2016-10-17T16:47:28.589+0800: 21216.147: [CMS-concurrent-reset: 0.003/0.003 secs] [Times: user=0.00 sys=0.00, real=0.01 secs] 
2016-10-17T16:47:31.327+0800: 21218.886: [GC (Allocation Failure) 2016-10-17T16:47:31.327+0800: 21218.886: [ParNew: 685553K->76160K(685696K), 0.0336557 secs] 1705490K->1188292K(2483840K), 0.0338738 secs] [Times: user=0.12 sys=0.00, real=0.03 secs] 
2016-10-17T16:47:35.151+0800: 21222.710: [GC (Allocation Failure) 2016-10-17T16:47:35.151+0800: 21222.710: [ParNew: 685696K->76160K(685696K), 0.0300472 secs] 1797828K->1267549K(2483840K), 0.0301816 secs] [Times: user=0.11 sys=0.00, real=0.03 secs] 
2016-10-17T16:47:38.966+0800: 21226.525: [GC (Allocation Failure) 2016-10-17T16:47:38.966+0800: 21226.525: [ParNew: 685696K->76160K(685696K), 0.0355340 secs] 1877085K->1352660K(2483840K), 0.0356671 secs] [Times: user=0.13 sys=0.00, real=0.03 secs] 
2016-10-17T16:47:39.003+0800: 21226.561: [GC (CMS Initial Mark) [1 CMS-initial-mark: 1276500K(1798144K)] 1353072K(2483840K), 0.0042127 secs] [Times: user=0.01 sys=0.00, real=0.01 secs] 
2016-10-17T16:47:39.007+0800: 21226.566: [CMS-concurrent-mark-start]
2016-10-17T16:47:39.273+0800: 21226.832: [CMS-concurrent-mark: 0.266/0.266 secs] [Times: user=0.34 sys=0.06, real=0.26 secs] 
2016-10-17T16:47:39.274+0800: 21226.832: [CMS-concurrent-preclean-start]
2016-10-17T16:47:39.280+0800: 21226.839: [CMS-concurrent-preclean: 0.006/0.006 secs] [Times: user=0.01 sys=0.00, real=0.01 secs] 
2016-10-17T16:47:39.280+0800: 21226.839: [CMS-concurrent-abortable-preclean-start]
2016-10-17T16:47:40.700+0800: 21228.258: [CMS-concurrent-abortable-preclean: 1.312/1.420 secs] [Times: user=2.68 sys=0.21, real=1.42 secs] 
2016-10-17T16:47:40.700+0800: 21228.259: [GC (CMS Final Remark) [YG occupancy: 388096 K (685696 K)]2016-10-17T16:47:40.700+0800: 21228.259: [Rescan (parallel) , 0.0173300 secs]2016-10-17T16:47:40.718+0800: 21228.277: [weak refs processing, 0.0004929 secs]2016-10-17T16:47:40.718+0800: 21228.277: [class unloading, 0.0188834 secs]2016-10-17T16:47:40.737+0800: 21228.296: [scrub symbol table, 0.0066312 secs]2016-10-17T16:47:40.744+0800: 21228.303: [scrub string table, 0.0010732 secs][1 CMS-remark: 1276500K(1798144K)] 1664597K(2483840K), 0.0449102 secs] [Times: user=0.08 sys=0.00, real=0.04 secs] 
2016-10-17T16:47:40.745+0800: 21228.304: [CMS-concurrent-sweep-start]
2016-10-17T16:47:40.857+0800: 21228.415: [CMS-concurrent-sweep: 0.111/0.111 secs] [Times: user=0.26 sys=0.02, real=0.12 secs] 
2016-10-17T16:47:40.857+0800: 21228.415: [CMS-concurrent-reset-start]
2016-10-17T16:47:40.860+0800: 21228.419: [CMS-concurrent-reset: 0.004/0.004 secs] [Times: user=0.01 sys=0.00, real=0.00 secs] 
2016-10-17T16:47:42.415+0800: 21229.974: [GC (Allocation Failure) 2016-10-17T16:47:42.415+0800: 21229.974: [ParNew: 685696K->76160K(685696K), 0.0342206 secs] 1721012K->1187196K(2483840K), 0.0343843 secs] [Times: user=0.12 sys=0.00, real=0.04 secs] 
2016-10-17T16:47:45.891+0800: 21233.450: [GC (Allocation Failure) 2016-10-17T16:47:45.891+0800: 21233.450: [ParNew: 685696K->76160K(685696K), 0.0385606 secs] 1796732K->1273338K(2483840K), 0.0387254 secs] [Times: user=0.12 sys=0.00, real=0.04 secs] 
2016-10-17T16:47:49.750+0800: 21237.308: [GC (Allocation Failure) 2016-10-17T16:47:49.750+0800: 21237.309: [ParNew: 685602K->76160K(685696K), 0.0452030 secs] 1882780K->1359495K(2483840K), 0.0453316 secs] [Times: user=0.11 sys=0.00, real=0.04 secs] 
2016-10-17T16:47:49.796+0800: 21237.355: [GC (CMS Initial Mark) [1 CMS-initial-mark: 1283335K(1798144K)] 1360083K(2483840K), 0.0034796 secs] [Times: user=0.01 sys=0.00, real=0.00 secs] 
2016-10-17T16:47:49.800+0800: 21237.358: [CMS-concurrent-mark-start]
2016-10-17T16:47:49.953+0800: 21237.512: [CMS-concurrent-mark: 0.153/0.153 secs] [Times: user=0.21 sys=0.01, real=0.15 secs] 
2016-10-17T16:47:49.953+0800: 21237.512: [CMS-concurrent-preclean-start]
2016-10-17T16:47:49.959+0800: 21237.518: [CMS-concurrent-preclean: 0.006/0.006 secs] [Times: user=0.01 sys=0.00, real=0.01 secs] 
2016-10-17T16:47:49.959+0800: 21237.518: [CMS-concurrent-abortable-preclean-start]
2016-10-17T16:47:51.584+0800: 21239.143: [CMS-concurrent-abortable-preclean: 1.623/1.625 secs] [Times: user=2.34 sys=0.13, real=1.62 secs] 
2016-10-17T16:47:51.585+0800: 21239.144: [GC (CMS Final Remark) [YG occupancy: 382073 K (685696 K)]2016-10-17T16:47:51.585+0800: 21239.144: [Rescan (parallel) , 0.0141947 secs]2016-10-17T16:47:51.599+0800: 21239.158: [weak refs processing, 0.0004982 secs]2016-10-17T16:47:51.600+0800: 21239.158: [class unloading, 0.0189458 secs]2016-10-17T16:47:51.619+0800: 21239.177: [scrub symbol table, 0.0060207 secs]2016-10-17T16:47:51.625+0800: 21239.183: [scrub string table, 0.0010284 secs][1 CMS-remark: 1283335K(1798144K)] 1665409K(2483840K), 0.0413203 secs] [Times: user=0.08 sys=0.00, real=0.05 secs] 
2016-10-17T16:47:51.626+0800: 21239.185: [CMS-concurrent-sweep-start]
2016-10-17T16:47:51.851+0800: 21239.410: [CMS-concurrent-sweep: 0.225/0.225 secs] [Times: user=0.33 sys=0.01, real=0.22 secs] 
2016-10-17T16:47:51.851+0800: 21239.410: [CMS-concurrent-reset-start]
2016-10-17T16:47:51.855+0800: 21239.413: [CMS-concurrent-reset: 0.003/0.003 secs] [Times: user=0.00 sys=0.00, real=0.00 secs] 
2016-10-17T16:47:53.532+0800: 21241.091: [GC (Allocation Failure) 2016-10-17T16:47:53.532+0800: 21241.091: [ParNew: 685635K->76160K(685696K), 0.0331238 secs] 1675864K->1156194K(2483840K), 0.0332576 secs] [Times: user=0.12 sys=0.00, real=0.03 secs] 
2016-10-17T16:47:57.394+0800: 21244.953: [GC (Allocation Failure) 2016-10-17T16:47:57.394+0800: 21244.953: [ParNew: 685584K->76160K(685696K), 0.0340358 secs] 1765618K->1238979K(2483840K), 0.0342142 secs] [Times: user=0.13 sys=0.00, real=0.04 secs] 
2016-10-17T16:48:04.071+0800: 21251.630: [GC (Allocation Failure) 2016-10-17T16:48:04.071+0800: 21251.630: [ParNew: 685618K->76160K(685696K), 0.0332863 secs] 1848437K->1332176K(2483840K), 0.0334401 secs] [Times: user=0.12 sys=0.00, real=0.03 secs] 
2016-10-17T16:48:08.014+0800: 21255.573: [GC (Allocation Failure) 2016-10-17T16:48:08.014+0800: 21255.573: [ParNew: 685696K->76160K(685696K), 0.0346254 secs] 1941712K->1412760K(2483840K), 0.0347775 secs] [Times: user=0.13 sys=0.00, real=0.04 secs] 
2016-10-17T16:48:08.050+0800: 21255.609: [GC (CMS Initial Mark) [1 CMS-initial-mark: 1336600K(1798144K)] 1413192K(2483840K), 0.0031606 secs] [Times: user=0.01 sys=0.00, real=0.00 secs] 
2016-10-17T16:48:08.053+0800: 21255.612: [CMS-concurrent-mark-start]
2016-10-17T16:48:08.228+0800: 21255.787: [CMS-concurrent-mark: 0.175/0.175 secs] [Times: user=0.25 sys=0.02, real=0.18 secs] 
2016-10-17T16:48:08.228+0800: 21255.787: [CMS-concurrent-preclean-start]
2016-10-17T16:48:08.234+0800: 21255.793: [CMS-concurrent-preclean: 0.006/0.006 secs] [Times: user=0.00 sys=0.00, real=0.00 secs] 
2016-10-17T16:48:08.234+0800: 21255.793: [CMS-concurrent-abortable-preclean-start]
2016-10-17T16:48:10.043+0800: 21257.602: [CMS-concurrent-abortable-preclean: 1.807/1.809 secs] [Times: user=2.58 sys=0.15, real=1.81 secs] 
2016-10-17T16:48:10.044+0800: 21257.603: [GC (CMS Final Remark) [YG occupancy: 386179 K (685696 K)]2016-10-17T16:48:10.044+0800: 21257.603: [Rescan (parallel) , 0.0169649 secs]2016-10-17T16:48:10.061+0800: 21257.620: [weak refs processing, 0.0006918 secs]2016-10-17T16:48:10.062+0800: 21257.621: [class unloading, 0.0139432 secs]2016-10-17T16:48:10.076+0800: 21257.635: [scrub symbol table, 0.0053476 secs]2016-10-17T16:48:10.081+0800: 21257.640: [scrub string table, 0.0007346 secs][1 CMS-remark: 1336600K(1798144K)] 1722779K(2483840K), 0.0384912 secs] [Times: user=0.09 sys=0.00, real=0.04 secs] 
2016-10-17T16:48:10.083+0800: 21257.642: [CMS-concurrent-sweep-start]
2016-10-17T16:48:10.174+0800: 21257.733: [CMS-concurrent-sweep: 0.091/0.091 secs] [Times: user=0.13 sys=0.00, real=0.09 secs] 
2016-10-17T16:48:10.174+0800: 21257.733: [CMS-concurrent-reset-start]
2016-10-17T16:48:10.178+0800: 21257.737: [CMS-concurrent-reset: 0.004/0.004 secs] [Times: user=0.00 sys=0.00, real=0.01 secs] 
2016-10-17T16:48:13.040+0800: 21260.599: [GC (Allocation Failure) 2016-10-17T16:48:13.040+0800: 21260.599: [ParNew: 685696K->76160K(685696K), 0.0337380 secs] 1660091K->1137300K(2483840K), 0.0339134 secs] [Times: user=0.13 sys=0.00, real=0.03 secs] 
2016-10-17T16:48:17.636+0800: 21265.195: [GC (Allocation Failure) 2016-10-17T16:48:17.636+0800: 21265.195: [ParNew: 685696K->76160K(685696K), 0.1038460 secs] 1746836K->1233491K(2483840K), 0.1039808 secs] [Times: user=0.29 sys=0.02, real=0.10 secs] 
2016-10-17T16:48:24.613+0800: 21272.172: [GC (Allocation Failure) 2016-10-17T16:48:24.613+0800: 21272.172: [ParNew: 685696K->76160K(685696K), 0.0647779 secs] 1843027K->1307656K(2483840K), 0.0650836 secs] [Times: user=0.16 sys=0.00, real=0.07 secs] 
2016-10-17T16:48:32.232+0800: 21279.791: [GC (Allocation Failure) 2016-10-17T16:48:32.232+0800: 21279.791: [ParNew: 685611K->76160K(685696K), 0.0362545 secs] 1917108K->1396439K(2483840K), 0.0364426 secs] [Times: user=0.13 sys=0.00, real=0.04 secs] 
2016-10-17T16:48:32.269+0800: 21279.828: [GC (CMS Initial Mark) [1 CMS-initial-mark: 1320279K(1798144K)] 1396695K(2483840K), 0.0042179 secs] [Times: user=0.01 sys=0.00, real=0.00 secs] 
2016-10-17T16:48:32.273+0800: 21279.832: [CMS-concurrent-mark-start]
2016-10-17T16:48:32.470+0800: 21280.029: [CMS-concurrent-mark: 0.197/0.197 secs] [Times: user=0.28 sys=0.01, real=0.20 secs] 
2016-10-17T16:48:32.470+0800: 21280.029: [CMS-concurrent-preclean-start]
2016-10-17T16:48:32.477+0800: 21280.036: [CMS-concurrent-preclean: 0.007/0.007 secs] [Times: user=0.01 sys=0.00, real=0.01 secs] 
2016-10-17T16:48:32.477+0800: 21280.036: [CMS-concurrent-abortable-preclean-start]
2016-10-17T16:48:34.366+0800: 21281.925: [CMS-concurrent-abortable-preclean: 1.888/1.889 secs] [Times: user=2.56 sys=0.25, real=1.89 secs] 
2016-10-17T16:48:34.367+0800: 21281.926: [GC (CMS Final Remark) [YG occupancy: 392012 K (685696 K)]2016-10-17T16:48:34.367+0800: 21281.926: [Rescan (parallel) , 0.0154757 secs]2016-10-17T16:48:34.382+0800: 21281.941: [weak refs processing, 0.0007682 secs]2016-10-17T16:48:34.383+0800: 21281.942: [class unloading, 0.0135121 secs]2016-10-17T16:48:34.397+0800: 21281.956: [scrub symbol table, 0.0041727 secs]2016-10-17T16:48:34.401+0800: 21281.960: [scrub string table, 0.0006927 secs][1 CMS-remark: 1320279K(1798144K)] 1712291K(2483840K), 0.0353865 secs] [Times: user=0.09 sys=0.00, real=0.03 secs] 
2016-10-17T16:48:34.403+0800: 21281.961: [CMS-concurrent-sweep-start]
2016-10-17T16:48:34.489+0800: 21282.048: [CMS-concurrent-sweep: 0.086/0.086 secs] [Times: user=0.12 sys=0.01, real=0.09 secs] 
2016-10-17T16:48:34.489+0800: 21282.048: [CMS-concurrent-reset-start]
2016-10-17T16:48:34.493+0800: 21282.052: [CMS-concurrent-reset: 0.004/0.004 secs] [Times: user=0.00 sys=0.00, real=0.00 secs] 
2016-10-17T16:48:36.792+0800: 21284.350: [GC (Allocation Failure) 2016-10-17T16:48:36.792+0800: 21284.350: [ParNew: 685652K->76160K(685696K), 0.0419234 secs] 1682247K->1156218K(2483840K), 0.0420720 secs] [Times: user=0.14 sys=0.00, real=0.04 secs] 
2016-10-17T16:48:40.821+0800: 21288.380: [GC (Allocation Failure) 2016-10-17T16:48:40.822+0800: 21288.380: [ParNew: 685654K->76160K(685696K), 0.0319451 secs] 1765712K->1243568K(2483840K), 0.0320840 secs] [Times: user=0.12 sys=0.00, real=0.03 secs] 
2016-10-17T16:48:44.662+0800: 21292.221: [GC (Allocation Failure) 2016-10-17T16:48:44.662+0800: 21292.221: [ParNew: 685647K->76160K(685696K), 0.0724875 secs] 1853055K->1350892K(2483840K), 0.0726480 secs] [Times: user=0.19 sys=0.00, real=0.07 secs] 
2016-10-17T16:48:44.737+0800: 21292.296: [GC (CMS Initial Mark) [1 CMS-initial-mark: 1274732K(1798144K)] 1352318K(2483840K), 0.0097562 secs] [Times: user=0.03 sys=0.00, real=0.01 secs] 
2016-10-17T16:48:44.747+0800: 21292.305: [CMS-concurrent-mark-start]
2016-10-17T16:48:44.941+0800: 21292.500: [CMS-concurrent-mark: 0.194/0.194 secs] [Times: user=0.28 sys=0.01, real=0.19 secs] 
2016-10-17T16:48:44.941+0800: 21292.500: [CMS-concurrent-preclean-start]
2016-10-17T16:48:44.947+0800: 21292.506: [CMS-concurrent-preclean: 0.006/0.006 secs] [Times: user=0.01 sys=0.00, real=0.01 secs] 
2016-10-17T16:48:44.947+0800: 21292.506: [CMS-concurrent-abortable-preclean-start]
2016-10-17T16:48:47.022+0800: 21294.580: [CMS-concurrent-abortable-preclean: 2.073/2.075 secs] [Times: user=2.78 sys=0.21, real=2.07 secs] 
2016-10-17T16:48:47.022+0800: 21294.581: [GC (CMS Final Remark) [YG occupancy: 400754 K (685696 K)]2016-10-17T16:48:47.022+0800: 21294.581: [Rescan (parallel) , 0.0247500 secs]2016-10-17T16:48:47.047+0800: 21294.606: [weak refs processing, 0.0025406 secs]2016-10-17T16:48:47.050+0800: 21294.609: [class unloading, 0.0134879 secs]2016-10-17T16:48:47.063+0800: 21294.622: [scrub symbol table, 0.0040094 secs]2016-10-17T16:48:47.067+0800: 21294.626: [scrub string table, 0.0006972 secs][1 CMS-remark: 1274732K(1798144K)] 1675487K(2483840K), 0.0472350 secs] [Times: user=0.13 sys=0.00, real=0.05 secs] 
2016-10-17T16:48:47.070+0800: 21294.629: [CMS-concurrent-sweep-start]
2016-10-17T16:48:47.226+0800: 21294.785: [CMS-concurrent-sweep: 0.156/0.156 secs] [Times: user=0.23 sys=0.00, real=0.16 secs] 
2016-10-17T16:48:47.226+0800: 21294.785: [CMS-concurrent-reset-start]
2016-10-17T16:48:47.230+0800: 21294.788: [CMS-concurrent-reset: 0.003/0.003 secs] [Times: user=0.00 sys=0.00, real=0.00 secs] 
2016-10-17T16:48:48.874+0800: 21296.433: [GC (Allocation Failure) 2016-10-17T16:48:48.874+0800: 21296.433: [ParNew: 685650K->76160K(685696K), 0.0543376 secs] 1691810K->1185192K(2483840K), 0.0544670 secs] [Times: user=0.18 sys=0.00, real=0.06 secs] 
2016-10-17T16:48:53.212+0800: 21300.771: [GC (Allocation Failure) 2016-10-17T16:48:53.212+0800: 21300.771: [ParNew: 685696K->76160K(685696K), 0.0321763 secs] 1794728K->1258400K(2483840K), 0.0323322 secs] [Times: user=0.12 sys=0.00, real=0.03 secs] 
2016-10-17T16:48:57.229+0800: 21304.788: [GC (Allocation Failure) 2016-10-17T16:48:57.229+0800: 21304.788: [ParNew: 685696K->76160K(685696K), 0.0396796 secs] 1867936K->1342810K(2483840K), 0.0398082 secs] [Times: user=0.14 sys=0.00, real=0.04 secs] 
2016-10-17T16:48:57.270+0800: 21304.828: [GC (CMS Initial Mark) [1 CMS-initial-mark: 1266650K(1798144K)] 1343188K(2483840K), 0.0020452 secs] [Times: user=0.00 sys=0.00, real=0.00 secs] 
2016-10-17T16:48:57.272+0800: 21304.830: [CMS-concurrent-mark-start]
2016-10-17T16:48:57.525+0800: 21305.084: [CMS-concurrent-mark: 0.253/0.254 secs] [Times: user=0.36 sys=0.03, real=0.25 secs] 
2016-10-17T16:48:57.526+0800: 21305.084: [CMS-concurrent-preclean-start]
2016-10-17T16:48:57.531+0800: 21305.090: [CMS-concurrent-preclean: 0.005/0.005 secs] [Times: user=0.01 sys=0.00, real=0.01 secs] 
2016-10-17T16:48:57.531+0800: 21305.090: [CMS-concurrent-abortable-preclean-start]
2016-10-17T16:48:59.201+0800: 21306.760: [CMS-concurrent-abortable-preclean: 1.669/1.670 secs] [Times: user=2.38 sys=0.13, real=1.67 secs] 
2016-10-17T16:48:59.202+0800: 21306.760: [GC (CMS Final Remark) [YG occupancy: 384437 K (685696 K)]2016-10-17T16:48:59.202+0800: 21306.760: [Rescan (parallel) , 0.0138305 secs]2016-10-17T16:48:59.216+0800: 21306.774: [weak refs processing, 0.0004832 secs]2016-10-17T16:48:59.216+0800: 21306.775: [class unloading, 0.0198399 secs]2016-10-17T16:48:59.236+0800: 21306.795: [scrub symbol table, 0.0047923 secs]2016-10-17T16:48:59.241+0800: 21306.800: [scrub string table, 0.0007974 secs][1 CMS-remark: 1266650K(1798144K)] 1651087K(2483840K), 0.0493835 secs] [Times: user=0.10 sys=0.00, real=0.05 secs] 
2016-10-17T16:48:59.251+0800: 21306.810: [CMS-concurrent-sweep-start]
2016-10-17T16:48:59.343+0800: 21306.902: [CMS-concurrent-sweep: 0.092/0.092 secs] [Times: user=0.13 sys=0.00, real=0.09 secs] 
2016-10-17T16:48:59.343+0800: 21306.902: [CMS-concurrent-reset-start]
2016-10-17T16:48:59.347+0800: 21306.906: [CMS-concurrent-reset: 0.004/0.004 secs] [Times: user=0.01 sys=0.00, real=0.01 secs] 
2016-10-17T16:49:01.406+0800: 21308.965: [GC (Allocation Failure) 2016-10-17T16:49:01.406+0800: 21308.965: [ParNew: 685696K->76160K(685696K), 0.0373448 secs] 1710366K->1185454K(2483840K), 0.0374941 secs] [Times: user=0.14 sys=0.00, real=0.04 secs] 
2016-10-17T16:49:05.658+0800: 21313.217: [GC (Allocation Failure) 2016-10-17T16:49:05.658+0800: 21313.217: [ParNew: 685696K->76160K(685696K), 0.0345180 secs] 1794990K->1272602K(2483840K), 0.0346535 secs] [Times: user=0.12 sys=0.00, real=0.03 secs] 
2016-10-17T16:49:10.140+0800: 21317.699: [GC (Allocation Failure) 2016-10-17T16:49:10.141+0800: 21317.699: [ParNew: 685490K->76160K(685696K), 0.0452225 secs] 1881933K->1361585K(2483840K), 0.0453872 secs] [Times: user=0.13 sys=0.00, real=0.05 secs] 
2016-10-17T16:49:10.189+0800: 21317.747: [GC (CMS Initial Mark) [1 CMS-initial-mark: 1285425K(1798144K)] 1361843K(2483840K), 0.0033240 secs] [Times: user=0.01 sys=0.00, real=0.00 secs] 
2016-10-17T16:49:10.192+0800: 21317.751: [CMS-concurrent-mark-start]
2016-10-17T16:49:10.493+0800: 21318.052: [CMS-concurrent-mark: 0.301/0.301 secs] [Times: user=0.42 sys=0.02, real=0.30 secs] 
2016-10-17T16:49:10.493+0800: 21318.052: [CMS-concurrent-preclean-start]
2016-10-17T16:49:10.498+0800: 21318.057: [CMS-concurrent-preclean: 0.005/0.005 secs] [Times: user=0.01 sys=0.00, real=0.01 secs] 
2016-10-17T16:49:10.498+0800: 21318.057: [CMS-concurrent-abortable-preclean-start]
2016-10-17T16:49:12.513+0800: 21320.071: [CMS-concurrent-abortable-preclean: 2.013/2.015 secs] [Times: user=2.91 sys=0.15, real=2.01 secs] 
2016-10-17T16:49:12.513+0800: 21320.072: [GC (CMS Final Remark) [YG occupancy: 382142 K (685696 K)]2016-10-17T16:49:12.513+0800: 21320.072: [Rescan (parallel) , 0.0208641 secs]2016-10-17T16:49:12.534+0800: 21320.093: [weak refs processing, 0.0002494 secs]2016-10-17T16:49:12.534+0800: 21320.093: [class unloading, 0.0134197 secs]2016-10-17T16:49:12.548+0800: 21320.107: [scrub symbol table, 0.0051209 secs]2016-10-17T16:49:12.553+0800: 21320.112: [scrub string table, 0.0007490 secs][1 CMS-remark: 1285425K(1798144K)] 1667568K(2483840K), 0.0407646 secs] [Times: user=0.10 sys=0.00, real=0.04 secs] 
2016-10-17T16:49:12.554+0800: 21320.113: [CMS-concurrent-sweep-start]
2016-10-17T16:49:12.657+0800: 21320.216: [CMS-concurrent-sweep: 0.103/0.103 secs] [Times: user=0.15 sys=0.00, real=0.11 secs] 
2016-10-17T16:49:12.658+0800: 21320.216: [CMS-concurrent-reset-start]
2016-10-17T16:49:12.661+0800: 21320.220: [CMS-concurrent-reset: 0.003/0.003 secs] [Times: user=0.00 sys=0.00, real=0.00 secs] 
2016-10-17T16:49:15.460+0800: 21323.019: [GC (Allocation Failure) 2016-10-17T16:49:15.460+0800: 21323.019: [ParNew: 685643K->76160K(685696K), 0.0342921 secs] 1729722K->1200447K(2483840K), 0.0345005 secs] [Times: user=0.12 sys=0.00, real=0.03 secs] 
2016-10-17T16:49:21.437+0800: 21328.996: [GC (Allocation Failure) 2016-10-17T16:49:21.437+0800: 21328.996: [ParNew: 685696K->76160K(685696K), 0.0342805 secs] 1809983K->1287821K(2483840K), 0.0344228 secs] [Times: user=0.13 sys=0.00, real=0.03 secs] 
2016-10-17T16:49:27.082+0800: 21334.641: [GC (Allocation Failure) 2016-10-17T16:49:27.082+0800: 21334.641: [ParNew: 685641K->76160K(685696K), 0.0331012 secs] 1897302K->1372856K(2483840K), 0.0332554 secs] [Times: user=0.12 sys=0.00, real=0.03 secs] 
2016-10-17T16:49:27.116+0800: 21334.674: [GC (CMS Initial Mark) [1 CMS-initial-mark: 1296696K(1798144K)] 1373112K(2483840K), 0.0022745 secs] [Times: user=0.01 sys=0.00, real=0.01 secs] 
2016-10-17T16:49:27.118+0800: 21334.677: [CMS-concurrent-mark-start]
2016-10-17T16:49:27.442+0800: 21335.001: [CMS-concurrent-mark: 0.324/0.324 secs] [Times: user=0.41 sys=0.06, real=0.32 secs] 
2016-10-17T16:49:27.442+0800: 21335.001: [CMS-concurrent-preclean-start]
2016-10-17T16:49:27.448+0800: 21335.006: [CMS-concurrent-preclean: 0.005/0.005 secs] [Times: user=0.00 sys=0.00, real=0.01 secs] 
2016-10-17T16:49:27.448+0800: 21335.006: [CMS-concurrent-abortable-preclean-start]
2016-10-17T16:49:29.290+0800: 21336.849: [CMS-concurrent-abortable-preclean: 1.841/1.842 secs] [Times: user=2.58 sys=0.16, real=1.84 secs] 
2016-10-17T16:49:29.291+0800: 21336.850: [GC (CMS Final Remark) [YG occupancy: 385699 K (685696 K)]2016-10-17T16:49:29.291+0800: 21336.850: [Rescan (parallel) , 0.0161959 secs]2016-10-17T16:49:29.307+0800: 21336.866: [weak refs processing, 0.0003686 secs]2016-10-17T16:49:29.308+0800: 21336.866: [class unloading, 0.0152788 secs]2016-10-17T16:49:29.323+0800: 21336.882: [scrub symbol table, 0.0060600 secs]2016-10-17T16:49:29.329+0800: 21336.888: [scrub string table, 0.0007245 secs][1 CMS-remark: 1296696K(1798144K)] 1682396K(2483840K), 0.0391610 secs] [Times: user=0.09 sys=0.00, real=0.04 secs] 
2016-10-17T16:49:29.330+0800: 21336.889: [CMS-concurrent-sweep-start]
2016-10-17T16:49:29.427+0800: 21336.985: [CMS-concurrent-sweep: 0.096/0.096 secs] [Times: user=0.14 sys=0.00, real=0.10 secs] 
2016-10-17T16:49:29.427+0800: 21336.985: [CMS-concurrent-reset-start]
2016-10-17T16:49:29.430+0800: 21336.989: [CMS-concurrent-reset: 0.003/0.003 secs] [Times: user=0.01 sys=0.00, real=0.00 secs] 
2016-10-17T16:49:31.226+0800: 21338.785: [GC (Allocation Failure) 2016-10-17T16:49:31.226+0800: 21338.785: [ParNew: 685445K->76160K(685696K), 0.0321722 secs] 1738386K->1218554K(2483840K), 0.0323027 secs] [Times: user=0.11 sys=0.00, real=0.03 secs] 
2016-10-17T16:49:35.369+0800: 21342.928: [GC (Allocation Failure) 2016-10-17T16:49:35.370+0800: 21342.928: [ParNew: 685526K->76160K(685696K), 0.0308063 secs] 1827920K->1301598K(2483840K), 0.0309503 secs] [Times: user=0.12 sys=0.00, real=0.03 secs] 
2016-10-17T16:49:39.505+0800: 21347.064: [GC (Allocation Failure) 2016-10-17T16:49:39.505+0800: 21347.064: [ParNew: 685696K->76160K(685696K), 0.0565009 secs] 1911134K->1400209K(2483840K), 0.0566369 secs] [Times: user=0.12 sys=0.00, real=0.06 secs] 
2016-10-17T16:49:39.562+0800: 21347.121: [GC (CMS Initial Mark) [1 CMS-initial-mark: 1324049K(1798144K)] 1400589K(2483840K), 0.0020503 secs] [Times: user=0.00 sys=0.00, real=0.00 secs] 
2016-10-17T16:49:39.564+0800: 21347.123: [CMS-concurrent-mark-start]
2016-10-17T16:49:39.865+0800: 21347.423: [CMS-concurrent-mark: 0.300/0.300 secs] [Times: user=0.43 sys=0.03, real=0.30 secs] 
2016-10-17T16:49:39.865+0800: 21347.424: [CMS-concurrent-preclean-start]
2016-10-17T16:49:39.870+0800: 21347.429: [CMS-concurrent-preclean: 0.005/0.005 secs] [Times: user=0.00 sys=0.00, real=0.01 secs] 
2016-10-17T16:49:39.870+0800: 21347.429: [CMS-concurrent-abortable-preclean-start]
2016-10-17T16:49:41.720+0800: 21349.279: [CMS-concurrent-abortable-preclean: 1.848/1.850 secs] [Times: user=2.63 sys=0.15, real=1.85 secs] 
2016-10-17T16:49:41.721+0800: 21349.280: [GC (CMS Final Remark) [YG occupancy: 389572 K (685696 K)]2016-10-17T16:49:41.721+0800: 21349.280: [Rescan (parallel) , 0.0210316 secs]2016-10-17T16:49:41.742+0800: 21349.301: [weak refs processing, 0.0003203 secs]2016-10-17T16:49:41.742+0800: 21349.301: [class unloading, 0.0138736 secs]2016-10-17T16:49:41.756+0800: 21349.315: [scrub symbol table, 0.0043910 secs]2016-10-17T16:49:41.761+0800: 21349.319: [scrub string table, 0.0007633 secs][1 CMS-remark: 1324049K(1798144K)] 1713622K(2483840K), 0.0408530 secs] [Times: user=0.08 sys=0.00, real=0.04 secs] 
2016-10-17T16:49:41.762+0800: 21349.321: [CMS-concurrent-sweep-start]
2016-10-17T16:49:41.872+0800: 21349.431: [CMS-concurrent-sweep: 0.110/0.110 secs] [Times: user=0.15 sys=0.02, real=0.11 secs] 
2016-10-17T16:49:41.872+0800: 21349.431: [CMS-concurrent-reset-start]
2016-10-17T16:49:41.876+0800: 21349.435: [CMS-concurrent-reset: 0.004/0.004 secs] [Times: user=0.00 sys=0.00, real=0.01 secs] 
2016-10-17T16:49:43.601+0800: 21351.160: [GC (Allocation Failure) 2016-10-17T16:49:43.602+0800: 21351.160: [ParNew: 685580K->76160K(685696K), 0.0337295 secs] 1768170K->1231066K(2483840K), 0.0338913 secs] [Times: user=0.12 sys=0.00, real=0.03 secs] 
2016-10-17T16:49:47.860+0800: 21355.419: [GC (Allocation Failure) 2016-10-17T16:49:47.860+0800: 21355.419: [ParNew: 685577K->76160K(685696K), 0.0310968 secs] 1840483K->1319001K(2483840K), 0.0312402 secs] [Times: user=0.12 sys=0.00, real=0.03 secs] 
2016-10-17T16:49:52.143+0800: 21359.702: [GC (Allocation Failure) 2016-10-17T16:49:52.143+0800: 21359.702: [ParNew: 685449K->76160K(685696K), 0.0318690 secs] 1928290K->1403082K(2483840K), 0.0320546 secs] [Times: user=0.11 sys=0.00, real=0.03 secs] 
2016-10-17T16:49:52.176+0800: 21359.734: [GC (CMS Initial Mark) [1 CMS-initial-mark: 1326922K(1798144K)] 1403664K(2483840K), 0.0021565 secs] [Times: user=0.00 sys=0.00, real=0.01 secs] 
2016-10-17T16:49:52.178+0800: 21359.737: [CMS-concurrent-mark-start]
2016-10-17T16:49:52.536+0800: 21360.095: [CMS-concurrent-mark: 0.358/0.358 secs] [Times: user=0.51 sys=0.04, real=0.36 secs] 
2016-10-17T16:49:52.536+0800: 21360.095: [CMS-concurrent-preclean-start]
2016-10-17T16:49:52.543+0800: 21360.102: [CMS-concurrent-preclean: 0.007/0.007 secs] [Times: user=0.01 sys=0.00, real=0.00 secs] 
2016-10-17T16:49:52.543+0800: 21360.102: [CMS-concurrent-abortable-preclean-start]
 CMS: abort preclean due to time 2016-10-17T16:49:57.652+0800: 21365.211: [CMS-concurrent-abortable-preclean: 4.887/5.109 secs] [Times: user=6.09 sys=0.40, real=5.11 secs] 
2016-10-17T16:49:57.653+0800: 21365.212: [GC (CMS Final Remark) [YG occupancy: 459163 K (685696 K)]2016-10-17T16:49:57.653+0800: 21365.212: [Rescan (parallel) , 0.0237423 secs]2016-10-17T16:49:57.677+0800: 21365.236: [weak refs processing, 0.0003588 secs]2016-10-17T16:49:57.677+0800: 21365.236: [class unloading, 0.0195526 secs]2016-10-17T16:49:57.697+0800: 21365.256: [scrub symbol table, 0.0063446 secs]2016-10-17T16:49:57.703+0800: 21365.262: [scrub string table, 0.0009358 secs][1 CMS-remark: 1326922K(1798144K)] 1786086K(2483840K), 0.0512994 secs] [Times: user=0.12 sys=0.00, real=0.05 secs] 
2016-10-17T16:49:57.705+0800: 21365.263: [CMS-concurrent-sweep-start]
2016-10-17T16:49:57.815+0800: 21365.374: [CMS-concurrent-sweep: 0.109/0.110 secs] [Times: user=0.13 sys=0.00, real=0.11 secs] 
2016-10-17T16:49:57.815+0800: 21365.374: [CMS-concurrent-reset-start]
2016-10-17T16:49:57.818+0800: 21365.377: [CMS-concurrent-reset: 0.004/0.004 secs] [Times: user=0.01 sys=0.00, real=0.01 secs] 
2016-10-17T16:50:01.518+0800: 21369.077: [GC (Allocation Failure) 2016-10-17T16:50:01.518+0800: 21369.077: [ParNew: 685696K->76160K(685696K), 0.0349293 secs] 1771259K->1249235K(2483840K), 0.0350635 secs] [Times: user=0.13 sys=0.00, real=0.03 secs] 
2016-10-17T16:50:07.095+0800: 21374.654: [GC (Allocation Failure) 2016-10-17T16:50:07.095+0800: 21374.654: [ParNew: 685696K->76160K(685696K), 0.0442226 secs] 1858771K->1334689K(2483840K), 0.0443645 secs] [Times: user=0.12 sys=0.00, real=0.05 secs] 
2016-10-17T16:50:09.667+0800: 21377.226: [GC (Allocation Failure) 2016-10-17T16:50:09.668+0800: 21377.226: [ParNew: 685696K->76160K(685696K), 0.0242345 secs] 1944225K->1408107K(2483840K), 0.0243864 secs] [Times: user=0.08 sys=0.00, real=0.02 secs] 
2016-10-17T16:50:09.693+0800: 21377.251: [GC (CMS Initial Mark) [1 CMS-initial-mark: 1331947K(1798144K)] 1408486K(2483840K), 0.0020586 secs] [Times: user=0.01 sys=0.00, real=0.00 secs] 
2016-10-17T16:50:09.695+0800: 21377.254: [CMS-concurrent-mark-start]
2016-10-17T16:50:10.055+0800: 21377.614: [CMS-concurrent-mark: 0.360/0.360 secs] [Times: user=0.83 sys=0.05, real=0.36 secs] 
2016-10-17T16:50:10.055+0800: 21377.614: [CMS-concurrent-preclean-start]
2016-10-17T16:50:10.061+0800: 21377.619: [CMS-concurrent-preclean: 0.005/0.005 secs] [Times: user=0.01 sys=0.00, real=0.01 secs] 
2016-10-17T16:50:10.061+0800: 21377.620: [CMS-concurrent-abortable-preclean-start]
2016-10-17T16:50:12.502+0800: 21380.061: [GC (Allocation Failure) 2016-10-17T16:50:12.502+0800: 21380.061: [ParNew: 685696K->65986K(685696K), 0.0338600 secs] 2017643K->1444030K(2483840K), 0.0340454 secs] [Times: user=0.11 sys=0.00, real=0.04 secs] 
2016-10-17T16:50:14.450+0800: 21382.009: [CMS-concurrent-abortable-preclean: 4.089/4.389 secs] [Times: user=9.05 sys=0.67, real=4.39 secs] 
2016-10-17T16:50:14.451+0800: 21382.010: [GC (CMS Final Remark) [YG occupancy: 377922 K (685696 K)]2016-10-17T16:50:14.451+0800: 21382.010: [Rescan (parallel) , 0.0152549 secs]2016-10-17T16:50:14.467+0800: 21382.025: [weak refs processing, 0.0005564 secs]2016-10-17T16:50:14.467+0800: 21382.026: [class unloading, 0.0172000 secs]2016-10-17T16:50:14.484+0800: 21382.043: [scrub symbol table, 0.0059226 secs]2016-10-17T16:50:14.490+0800: 21382.049: [scrub string table, 0.0007044 secs][1 CMS-remark: 1378043K(1798144K)] 1755966K(2483840K), 0.0400644 secs] [Times: user=0.09 sys=0.00, real=0.04 secs] 
2016-10-17T16:50:14.497+0800: 21382.056: [CMS-concurrent-sweep-start]
2016-10-17T16:50:14.726+0800: 21382.285: [CMS-concurrent-sweep: 0.229/0.229 secs] [Times: user=0.55 sys=0.03, real=0.23 secs] 
2016-10-17T16:50:14.726+0800: 21382.285: [CMS-concurrent-reset-start]
2016-10-17T16:50:14.730+0800: 21382.289: [CMS-concurrent-reset: 0.004/0.004 secs] [Times: user=0.01 sys=0.00, real=0.00 secs] 
2016-10-17T16:50:16.263+0800: 21383.822: [GC (Allocation Failure) 2016-10-17T16:50:16.263+0800: 21383.822: [ParNew: 675302K->48884K(685696K), 0.1025819 secs] 1850616K->1262669K(2483840K), 0.1027765 secs] [Times: user=0.21 sys=0.01, real=0.11 secs] 
2016-10-17T16:50:25.213+0800: 21392.772: [GC (Allocation Failure) 2016-10-17T16:50:25.213+0800: 21392.772: [ParNew: 658420K->76160K(685696K), 0.2673843 secs] 1872205K->1325524K(2483840K), 0.2675743 secs] [Times: user=0.49 sys=0.03, real=0.27 secs] 
2016-10-17T16:50:32.417+0800: 21399.976: [GC (Allocation Failure) 2016-10-17T16:50:32.417+0800: 21399.976: [ParNew: 685696K->76160K(685696K), 0.0298955 secs] 1935060K->1406933K(2483840K), 0.0300252 secs] [Times: user=0.10 sys=0.00, real=0.03 secs] 
2016-10-17T16:50:32.448+0800: 21400.006: [GC (CMS Initial Mark) [1 CMS-initial-mark: 1330773K(1798144K)] 1407227K(2483840K), 0.0021057 secs] [Times: user=0.00 sys=0.00, real=0.00 secs] 
2016-10-17T16:50:32.450+0800: 21400.009: [CMS-concurrent-mark-start]
2016-10-17T16:50:32.681+0800: 21400.240: [CMS-concurrent-mark: 0.231/0.231 secs] [Times: user=0.32 sys=0.03, real=0.23 secs] 
2016-10-17T16:50:32.681+0800: 21400.240: [CMS-concurrent-preclean-start]
2016-10-17T16:50:32.686+0800: 21400.245: [CMS-concurrent-preclean: 0.005/0.005 secs] [Times: user=0.01 sys=0.00, real=0.01 secs] 
2016-10-17T16:50:32.686+0800: 21400.245: [CMS-concurrent-abortable-preclean-start]
2016-10-17T16:50:34.393+0800: 21401.952: [CMS-concurrent-abortable-preclean: 1.705/1.707 secs] [Times: user=2.40 sys=0.17, real=1.70 secs] 
2016-10-17T16:50:34.394+0800: 21401.953: [GC (CMS Final Remark) [YG occupancy: 385616 K (685696 K)]2016-10-17T16:50:34.394+0800: 21401.953: [Rescan (parallel) , 0.0155966 secs]2016-10-17T16:50:34.410+0800: 21401.968: [weak refs processing, 0.0004172 secs]2016-10-17T16:50:34.410+0800: 21401.969: [class unloading, 0.0140747 secs]2016-10-17T16:50:34.424+0800: 21401.983: [scrub symbol table, 0.0045316 secs]2016-10-17T16:50:34.429+0800: 21401.987: [scrub string table, 0.0008278 secs][1 CMS-remark: 1330773K(1798144K)] 1716390K(2483840K), 0.0358790 secs] [Times: user=0.09 sys=0.00, real=0.04 secs] 
2016-10-17T16:50:34.430+0800: 21401.989: [CMS-concurrent-sweep-start]
2016-10-17T16:50:34.641+0800: 21402.200: [CMS-concurrent-sweep: 0.211/0.211 secs] [Times: user=0.29 sys=0.03, real=0.21 secs] 
2016-10-17T16:50:34.642+0800: 21402.200: [CMS-concurrent-reset-start]
2016-10-17T16:50:34.645+0800: 21402.204: [CMS-concurrent-reset: 0.004/0.004 secs] [Times: user=0.00 sys=0.00, real=0.00 secs] 
2016-10-17T16:50:36.297+0800: 21403.856: [GC (Allocation Failure) 2016-10-17T16:50:36.297+0800: 21403.856: [ParNew: 685642K->76160K(685696K), 0.0324554 secs] 1705374K->1186796K(2483840K), 0.0325881 secs] [Times: user=0.12 sys=0.00, real=0.03 secs] 
2016-10-17T16:50:40.266+0800: 21407.825: [GC (Allocation Failure) 2016-10-17T16:50:40.267+0800: 21407.825: [ParNew: 685644K->76160K(685696K), 0.0374282 secs] 1796280K->1274030K(2483840K), 0.0375678 secs] [Times: user=0.10 sys=0.00, real=0.03 secs] 
2016-10-17T16:50:43.991+0800: 21411.550: [GC (Allocation Failure) 2016-10-17T16:50:43.991+0800: 21411.550: [ParNew: 685696K->76160K(685696K), 0.0443195 secs] 1883566K->1364338K(2483840K), 0.0444700 secs] [Times: user=0.12 sys=0.00, real=0.05 secs] 
2016-10-17T16:50:44.037+0800: 21411.596: [GC (CMS Initial Mark) [1 CMS-initial-mark: 1288178K(1798144K)] 1364404K(2483840K), 0.0038000 secs] [Times: user=0.01 sys=0.00, real=0.00 secs] 
2016-10-17T16:50:44.041+0800: 21411.600: [CMS-concurrent-mark-start]
2016-10-17T16:50:44.301+0800: 21411.859: [CMS-concurrent-mark: 0.259/0.260 secs] [Times: user=0.62 sys=0.04, real=0.26 secs] 
2016-10-17T16:50:44.301+0800: 21411.860: [CMS-concurrent-preclean-start]
2016-10-17T16:50:44.306+0800: 21411.865: [CMS-concurrent-preclean: 0.006/0.006 secs] [Times: user=0.01 sys=0.00, real=0.01 secs] 
2016-10-17T16:50:44.306+0800: 21411.865: [CMS-concurrent-abortable-preclean-start]
2016-10-17T16:50:46.344+0800: 21413.903: [GC (Allocation Failure) 2016-10-17T16:50:46.344+0800: 21413.903: [ParNew: 685696K->73355K(685696K), 0.0334093 secs] 1973874K->1434371K(2483840K), 0.0335373 secs] [Times: user=0.09 sys=0.00, real=0.04 secs] 
2016-10-17T16:50:47.437+0800: 21414.996: [CMS-concurrent-abortable-preclean: 2.980/3.130 secs] [Times: user=6.95 sys=0.28, real=3.13 secs] 
2016-10-17T16:50:47.438+0800: 21414.997: [GC (CMS Final Remark) [YG occupancy: 378906 K (685696 K)]2016-10-17T16:50:47.438+0800: 21414.997: [Rescan (parallel) , 0.0106593 secs]2016-10-17T16:50:47.449+0800: 21415.008: [weak refs processing, 0.0003280 secs]2016-10-17T16:50:47.449+0800: 21415.008: [class unloading, 0.0135334 secs]2016-10-17T16:50:47.463+0800: 21415.021: [scrub symbol table, 0.0053495 secs]2016-10-17T16:50:47.468+0800: 21415.027: [scrub string table, 0.0007359 secs][1 CMS-remark: 1361015K(1798144K)] 1739922K(2483840K), 0.0310512 secs] [Times: user=0.07 sys=0.00, real=0.03 secs] 
2016-10-17T16:50:47.470+0800: 21415.028: [CMS-concurrent-sweep-start]
2016-10-17T16:50:47.574+0800: 21415.133: [CMS-concurrent-sweep: 0.105/0.105 secs] [Times: user=0.25 sys=0.00, real=0.10 secs] 
2016-10-17T16:50:47.574+0800: 21415.133: [CMS-concurrent-reset-start]
2016-10-17T16:50:47.578+0800: 21415.137: [CMS-concurrent-reset: 0.004/0.004 secs] [Times: user=0.01 sys=0.00, real=0.01 secs] 
2016-10-17T16:50:48.474+0800: 21416.033: [GC (Allocation Failure) 2016-10-17T16:50:48.474+0800: 21416.033: [ParNew: 682871K->76160K(685696K), 0.0149347 secs] 1826377K->1223585K(2483840K), 0.0150627 secs] [Times: user=0.05 sys=0.00, real=0.02 secs] 
2016-10-17T16:50:50.505+0800: 21418.063: [GC (Allocation Failure) 2016-10-17T16:50:50.505+0800: 21418.063: [ParNew: 685507K->76160K(685696K), 0.0202014 secs] 1832932K->1254186K(2483840K), 0.0203238 secs] [Times: user=0.08 sys=0.00, real=0.02 secs] 
2016-10-17T16:50:54.200+0800: 21421.759: [GC (Allocation Failure) 2016-10-17T16:50:54.201+0800: 21421.759: [ParNew: 685650K->76160K(685696K), 0.0290222 secs] 1863677K->1329521K(2483840K), 0.0291973 secs] [Times: user=0.11 sys=0.00, real=0.03 secs] 
2016-10-17T16:50:57.729+0800: 21425.288: [GC (Allocation Failure) 2016-10-17T16:50:57.729+0800: 21425.288: [ParNew: 685589K->76160K(685696K), 0.0449836 secs] 1938950K->1421840K(2483840K), 0.0451388 secs] [Times: user=0.15 sys=0.00, real=0.04 secs] 
2016-10-17T16:50:57.775+0800: 21425.333: [GC (CMS Initial Mark) [1 CMS-initial-mark: 1345680K(1798144K)] 1422098K(2483840K), 0.0021547 secs] [Times: user=0.00 sys=0.00, real=0.01 secs] 
2016-10-17T16:50:57.777+0800: 21425.336: [CMS-concurrent-mark-start]
2016-10-17T16:50:57.947+0800: 21425.506: [CMS-concurrent-mark: 0.170/0.170 secs] [Times: user=0.25 sys=0.00, real=0.17 secs] 
2016-10-17T16:50:57.947+0800: 21425.506: [CMS-concurrent-preclean-start]
2016-10-17T16:50:57.952+0800: 21425.511: [CMS-concurrent-preclean: 0.005/0.005 secs] [Times: user=0.00 sys=0.00, real=0.00 secs] 
2016-10-17T16:50:57.952+0800: 21425.511: [CMS-concurrent-abortable-preclean-start]
2016-10-17T16:50:59.744+0800: 21427.303: [CMS-concurrent-abortable-preclean: 1.790/1.792 secs] [Times: user=2.51 sys=0.15, real=1.79 secs] 
2016-10-17T16:50:59.745+0800: 21427.303: [GC (CMS Final Remark) [YG occupancy: 386273 K (685696 K)]2016-10-17T16:50:59.745+0800: 21427.304: [Rescan (parallel) , 0.0150319 secs]2016-10-17T16:50:59.760+0800: 21427.319: [weak refs processing, 0.0006814 secs]2016-10-17T16:50:59.760+0800: 21427.319: [class unloading, 0.0155232 secs]2016-10-17T16:50:59.776+0800: 21427.335: [scrub symbol table, 0.0041140 secs]2016-10-17T16:50:59.780+0800: 21427.339: [scrub string table, 0.0006987 secs][1 CMS-remark: 1345680K(1798144K)] 1731953K(2483840K), 0.0366567 secs] [Times: user=0.09 sys=0.00, real=0.04 secs] 
2016-10-17T16:50:59.782+0800: 21427.340: [CMS-concurrent-sweep-start]
2016-10-17T16:51:00.021+0800: 21427.580: [CMS-concurrent-sweep: 0.240/0.240 secs] [Times: user=0.35 sys=0.01, real=0.24 secs] 
2016-10-17T16:51:00.022+0800: 21427.580: [CMS-concurrent-reset-start]
2016-10-17T16:51:00.025+0800: 21427.584: [CMS-concurrent-reset: 0.004/0.004 secs] [Times: user=0.00 sys=0.00, real=0.00 secs] 
2016-10-17T16:51:01.650+0800: 21429.209: [GC (Allocation Failure) 2016-10-17T16:51:01.650+0800: 21429.209: [ParNew: 685696K->76160K(685696K), 0.0333071 secs] 1647100K->1136511K(2483840K), 0.0334368 secs] [Times: user=0.10 sys=0.00, real=0.03 secs] 
2016-10-17T16:51:05.387+0800: 21432.946: [GC (Allocation Failure) 2016-10-17T16:51:05.387+0800: 21432.946: [ParNew: 685696K->76160K(685696K), 0.0328757 secs] 1746047K->1218531K(2483840K), 0.0330135 secs] [Times: user=0.12 sys=0.00, real=0.03 secs] 
2016-10-17T16:51:08.829+0800: 21436.388: [GC (Allocation Failure) 2016-10-17T16:51:08.829+0800: 21436.388: [ParNew: 685635K->76160K(685696K), 0.0302797 secs] 1828006K->1299763K(2483840K), 0.0305270 secs] [Times: user=0.11 sys=0.00, real=0.03 secs] 
2016-10-17T16:51:13.292+0800: 21440.850: [GC (Allocation Failure) 2016-10-17T16:51:13.292+0800: 21440.850: [ParNew: 685561K->76160K(685696K), 0.0332911 secs] 1909164K->1390717K(2483840K), 0.0334302 secs] [Times: user=0.12 sys=0.00, real=0.03 secs] 
2016-10-17T16:51:13.326+0800: 21440.884: [GC (CMS Initial Mark) [1 CMS-initial-mark: 1314557K(1798144K)] 1390973K(2483840K), 0.0038175 secs] [Times: user=0.01 sys=0.00, real=0.01 secs] 
2016-10-17T16:51:13.330+0800: 21440.888: [CMS-concurrent-mark-start]
2016-10-17T16:51:13.506+0800: 21441.065: [CMS-concurrent-mark: 0.176/0.176 secs] [Times: user=0.25 sys=0.01, real=0.18 secs] 
2016-10-17T16:51:13.506+0800: 21441.065: [CMS-concurrent-preclean-start]
2016-10-17T16:51:13.513+0800: 21441.072: [CMS-concurrent-preclean: 0.007/0.007 secs] [Times: user=0.01 sys=0.00, real=0.00 secs] 
2016-10-17T16:51:13.513+0800: 21441.072: [CMS-concurrent-abortable-preclean-start]
2016-10-17T16:51:16.427+0800: 21443.986: [CMS-concurrent-abortable-preclean: 2.704/2.914 secs] [Times: user=3.49 sys=0.23, real=2.92 secs] 
2016-10-17T16:51:16.428+0800: 21443.987: [GC (CMS Final Remark) [YG occupancy: 381849 K (685696 K)]2016-10-17T16:51:16.428+0800: 21443.987: [Rescan (parallel) , 0.0139143 secs]2016-10-17T16:51:16.442+0800: 21444.001: [weak refs processing, 0.0005979 secs]2016-10-17T16:51:16.442+0800: 21444.001: [class unloading, 0.0165598 secs]2016-10-17T16:51:16.459+0800: 21444.018: [scrub symbol table, 0.0048959 secs]2016-10-17T16:51:16.464+0800: 21444.023: [scrub string table, 0.0007098 secs][1 CMS-remark: 1314557K(1798144K)] 1696407K(2483840K), 0.0373113 secs] [Times: user=0.08 sys=0.00, real=0.03 secs] 
2016-10-17T16:51:16.465+0800: 21444.024: [CMS-concurrent-sweep-start]
2016-10-17T16:51:16.725+0800: 21444.284: [CMS-concurrent-sweep: 0.260/0.260 secs] [Times: user=0.27 sys=0.02, real=0.26 secs] 
2016-10-17T16:51:16.725+0800: 21444.284: [CMS-concurrent-reset-start]
2016-10-17T16:51:16.729+0800: 21444.288: [CMS-concurrent-reset: 0.004/0.004 secs] [Times: user=0.00 sys=0.00, real=0.01 secs] 
2016-10-17T16:51:27.733+0800: 21455.292: [GC (Allocation Failure) 2016-10-17T16:51:27.733+0800: 21455.292: [ParNew: 685696K->76160K(685696K), 0.0366654 secs] 1683194K->1160323K(2483840K), 0.0367966 secs] [Times: user=0.14 sys=0.00, real=0.04 secs] 
2016-10-17T16:51:46.834+0800: 21474.393: [GC (Allocation Failure) 2016-10-17T16:51:46.834+0800: 21474.393: [ParNew: 685696K->76160K(685696K), 0.0462404 secs] 1769859K->1256441K(2483840K), 0.0463790 secs] [Times: user=0.10 sys=0.00, real=0.05 secs] 
2016-10-17T16:51:50.535+0800: 21478.094: [GC (Allocation Failure) 2016-10-17T16:51:50.535+0800: 21478.094: [ParNew: 685476K->76160K(685696K), 0.0348979 secs] 1865758K->1335093K(2483840K), 0.0350309 secs] [Times: user=0.12 sys=0.00, real=0.04 secs] 
2016-10-17T16:51:50.571+0800: 21478.129: [GC (CMS Initial Mark) [1 CMS-initial-mark: 1258933K(1798144K)] 1335349K(2483840K), 0.0018348 secs] [Times: user=0.00 sys=0.00, real=0.00 secs] 
2016-10-17T16:51:50.572+0800: 21478.131: [CMS-concurrent-mark-start]
2016-10-17T16:51:50.766+0800: 21478.325: [CMS-concurrent-mark: 0.194/0.194 secs] [Times: user=0.28 sys=0.02, real=0.20 secs] 
2016-10-17T16:51:50.766+0800: 21478.325: [CMS-concurrent-preclean-start]
2016-10-17T16:51:50.772+0800: 21478.331: [CMS-concurrent-preclean: 0.005/0.005 secs] [Times: user=0.00 sys=0.00, real=0.00 secs] 
2016-10-17T16:51:50.772+0800: 21478.331: [CMS-concurrent-abortable-preclean-start]
2016-10-17T16:51:52.386+0800: 21479.944: [CMS-concurrent-abortable-preclean: 1.612/1.614 secs] [Times: user=2.28 sys=0.15, real=1.61 secs] 
2016-10-17T16:51:52.386+0800: 21479.945: [GC (CMS Final Remark) [YG occupancy: 386357 K (685696 K)]2016-10-17T16:51:52.386+0800: 21479.945: [Rescan (parallel) , 0.0207554 secs]2016-10-17T16:51:52.407+0800: 21479.966: [weak refs processing, 0.0009231 secs]2016-10-17T16:51:52.408+0800: 21479.967: [class unloading, 0.0162046 secs]2016-10-17T16:51:52.424+0800: 21479.983: [scrub symbol table, 0.0058442 secs]2016-10-17T16:51:52.430+0800: 21479.989: [scrub string table, 0.0008072 secs][1 CMS-remark: 1258933K(1798144K)] 1645291K(2483840K), 0.0453791 secs] [Times: user=0.09 sys=0.00, real=0.04 secs] 
2016-10-17T16:51:52.432+0800: 21479.991: [CMS-concurrent-sweep-start]
2016-10-17T16:51:52.517+0800: 21480.076: [CMS-concurrent-sweep: 0.085/0.085 secs] [Times: user=0.12 sys=0.01, real=0.09 secs] 
2016-10-17T16:51:52.517+0800: 21480.076: [CMS-concurrent-reset-start]
2016-10-17T16:51:52.521+0800: 21480.079: [CMS-concurrent-reset: 0.003/0.003 secs] [Times: user=0.00 sys=0.00, real=0.00 secs] 
2016-10-17T16:51:54.242+0800: 21481.801: [GC (Allocation Failure) 2016-10-17T16:51:54.243+0800: 21481.801: [ParNew: 685593K->76160K(685696K), 0.0340742 secs] 1676499K->1159646K(2483840K), 0.0342264 secs] [Times: user=0.12 sys=0.00, real=0.04 secs] 
2016-10-17T16:51:57.969+0800: 21485.527: [GC (Allocation Failure) 2016-10-17T16:51:57.969+0800: 21485.527: [ParNew: 685696K->76160K(685696K), 0.0418771 secs] 1769182K->1249615K(2483840K), 0.0419979 secs] [Times: user=0.14 sys=0.00, real=0.04 secs] 
2016-10-17T16:52:01.674+0800: 21489.233: [GC (Allocation Failure) 2016-10-17T16:52:01.675+0800: 21489.233: [ParNew: 685696K->76160K(685696K), 0.0296502 secs] 1859151K->1331188K(2483840K), 0.0297859 secs] [Times: user=0.11 sys=0.00, real=0.03 secs] 
2016-10-17T16:52:05.393+0800: 21492.952: [GC (Allocation Failure) 2016-10-17T16:52:05.393+0800: 21492.952: [ParNew: 685599K->76160K(685696K), 0.0314550 secs] 1940628K->1420369K(2483840K), 0.0315870 secs] [Times: user=0.11 sys=0.00, real=0.03 secs] 
2016-10-17T16:52:05.426+0800: 21492.984: [GC (CMS Initial Mark) [1 CMS-initial-mark: 1344209K(1798144K)] 1420625K(2483840K), 0.0042551 secs] [Times: user=0.02 sys=0.00, real=0.01 secs] 
2016-10-17T16:52:05.430+0800: 21492.989: [CMS-concurrent-mark-start]
2016-10-17T16:52:05.664+0800: 21493.222: [CMS-concurrent-mark: 0.234/0.234 secs] [Times: user=0.33 sys=0.02, real=0.23 secs] 
2016-10-17T16:52:05.664+0800: 21493.223: [CMS-concurrent-preclean-start]
2016-10-17T16:52:05.670+0800: 21493.228: [CMS-concurrent-preclean: 0.006/0.006 secs] [Times: user=0.00 sys=0.00, real=0.01 secs] 
2016-10-17T16:52:05.670+0800: 21493.228: [CMS-concurrent-abortable-preclean-start]
2016-10-17T16:52:07.244+0800: 21494.803: [CMS-concurrent-abortable-preclean: 1.573/1.575 secs] [Times: user=2.28 sys=0.11, real=1.57 secs] 
2016-10-17T16:52:07.245+0800: 21494.804: [GC (CMS Final Remark) [YG occupancy: 384416 K (685696 K)]2016-10-17T16:52:07.245+0800: 21494.804: [Rescan (parallel) , 0.0134843 secs]2016-10-17T16:52:07.258+0800: 21494.817: [weak refs processing, 0.0006677 secs]2016-10-17T16:52:07.259+0800: 21494.818: [class unloading, 0.0150828 secs]2016-10-17T16:52:07.274+0800: 21494.833: [scrub symbol table, 0.0054828 secs]2016-10-17T16:52:07.280+0800: 21494.839: [scrub string table, 0.0007141 secs][1 CMS-remark: 1344209K(1798144K)] 1728625K(2483840K), 0.0361121 secs] [Times: user=0.08 sys=0.00, real=0.04 secs] 
2016-10-17T16:52:07.281+0800: 21494.840: [CMS-concurrent-sweep-start]
2016-10-17T16:52:07.363+0800: 21494.922: [CMS-concurrent-sweep: 0.082/0.082 secs] [Times: user=0.12 sys=0.01, real=0.08 secs] 
2016-10-17T16:52:07.363+0800: 21494.922: [CMS-concurrent-reset-start]
2016-10-17T16:52:07.366+0800: 21494.925: [CMS-concurrent-reset: 0.003/0.003 secs] [Times: user=0.00 sys=0.00, real=0.01 secs] 
2016-10-17T16:52:09.098+0800: 21496.657: [GC (Allocation Failure) 2016-10-17T16:52:09.098+0800: 21496.657: [ParNew: 685665K->76160K(685696K), 0.0375105 secs] 1706914K->1187911K(2483840K), 0.0376801 secs] [Times: user=0.13 sys=0.00, real=0.03 secs] 
2016-10-17T16:52:14.786+0800: 21502.345: [GC (Allocation Failure) 2016-10-17T16:52:14.787+0800: 21502.345: [ParNew: 685480K->76160K(685696K), 0.0381148 secs] 1797232K->1274347K(2483840K), 0.0382927 secs] [Times: user=0.13 sys=0.01, real=0.03 secs] 
2016-10-17T16:52:21.138+0800: 21508.697: [GC (Allocation Failure) 2016-10-17T16:52:21.139+0800: 21508.697: [ParNew: 685482K->76160K(685696K), 0.0874729 secs] 1883669K->1363179K(2483840K), 0.0876065 secs] [Times: user=0.18 sys=0.01, real=0.09 secs] 
2016-10-17T16:52:21.227+0800: 21508.786: [GC (CMS Initial Mark) [1 CMS-initial-mark: 1287019K(1798144K)] 1363792K(2483840K), 0.0039623 secs] [Times: user=0.01 sys=0.00, real=0.00 secs] 
2016-10-17T16:52:21.231+0800: 21508.790: [CMS-concurrent-mark-start]
2016-10-17T16:52:21.636+0800: 21509.195: [CMS-concurrent-mark: 0.405/0.405 secs] [Times: user=0.49 sys=0.05, real=0.41 secs] 
2016-10-17T16:52:21.636+0800: 21509.195: [CMS-concurrent-preclean-start]
2016-10-17T16:52:21.642+0800: 21509.201: [CMS-concurrent-preclean: 0.006/0.006 secs] [Times: user=0.00 sys=0.00, real=0.00 secs] 
2016-10-17T16:52:21.642+0800: 21509.201: [CMS-concurrent-abortable-preclean-start]
2016-10-17T16:52:26.309+0800: 21513.868: [CMS-concurrent-abortable-preclean: 4.444/4.667 secs] [Times: user=5.05 sys=0.31, real=4.67 secs] 
2016-10-17T16:52:26.310+0800: 21513.869: [GC (CMS Final Remark) [YG occupancy: 382286 K (685696 K)]2016-10-17T16:52:26.310+0800: 21513.869: [Rescan (parallel) , 0.0199452 secs]2016-10-17T16:52:26.330+0800: 21513.889: [weak refs processing, 0.0004011 secs]2016-10-17T16:52:26.331+0800: 21513.889: [class unloading, 0.0140883 secs]2016-10-17T16:52:26.345+0800: 21513.904: [scrub symbol table, 0.0042157 secs]2016-10-17T16:52:26.349+0800: 21513.908: [scrub string table, 0.0007112 secs][1 CMS-remark: 1287019K(1798144K)] 1669305K(2483840K), 0.0398300 secs] [Times: user=0.07 sys=0.00, real=0.04 secs] 
2016-10-17T16:52:26.350+0800: 21513.909: [CMS-concurrent-sweep-start]
2016-10-17T16:52:26.547+0800: 21514.105: [CMS-concurrent-sweep: 0.196/0.196 secs] [Times: user=0.22 sys=0.01, real=0.20 secs] 
2016-10-17T16:52:26.547+0800: 21514.105: [CMS-concurrent-reset-start]
2016-10-17T16:52:26.550+0800: 21514.109: [CMS-concurrent-reset: 0.004/0.004 secs] [Times: user=0.01 sys=0.01, real=0.00 secs] 
2016-10-17T16:52:29.376+0800: 21516.935: [GC (Allocation Failure) 2016-10-17T16:52:29.377+0800: 21516.935: [ParNew: 685442K->76160K(685696K), 0.0345854 secs] 1731325K->1205126K(2483840K), 0.0347248 secs] [Times: user=0.13 sys=0.00, real=0.03 secs] 
2016-10-17T16:52:33.177+0800: 21520.735: [GC (Allocation Failure) 2016-10-17T16:52:33.177+0800: 21520.735: [ParNew: 685683K->76160K(685696K), 0.0385053 secs] 1814650K->1291215K(2483840K), 0.0386476 secs] [Times: user=0.13 sys=0.00, real=0.03 secs] 
2016-10-17T16:52:36.759+0800: 21524.318: [GC (Allocation Failure) 2016-10-17T16:52:36.759+0800: 21524.318: [ParNew: 685696K->76160K(685696K), 0.0346010 secs] 1900751K->1376197K(2483840K), 0.0347462 secs] [Times: user=0.12 sys=0.00, real=0.03 secs] 
2016-10-17T16:52:36.795+0800: 21524.354: [GC (CMS Initial Mark) [1 CMS-initial-mark: 1300037K(1798144K)] 1376786K(2483840K), 0.0040404 secs] [Times: user=0.01 sys=0.00, real=0.01 secs] 
2016-10-17T16:52:36.799+0800: 21524.358: [CMS-concurrent-mark-start]
2016-10-17T16:52:37.053+0800: 21524.612: [CMS-concurrent-mark: 0.254/0.254 secs] [Times: user=0.36 sys=0.03, real=0.25 secs] 
2016-10-17T16:52:37.053+0800: 21524.612: [CMS-concurrent-preclean-start]
2016-10-17T16:52:37.059+0800: 21524.618: [CMS-concurrent-preclean: 0.006/0.006 secs] [Times: user=0.01 sys=0.00, real=0.01 secs] 
2016-10-17T16:52:37.059+0800: 21524.618: [CMS-concurrent-abortable-preclean-start]
2016-10-17T16:52:39.008+0800: 21526.567: [CMS-concurrent-abortable-preclean: 1.867/1.949 secs] [Times: user=2.58 sys=0.14, real=1.95 secs] 
2016-10-17T16:52:39.009+0800: 21526.568: [GC (CMS Final Remark) [YG occupancy: 389689 K (685696 K)]2016-10-17T16:52:39.009+0800: 21526.568: [Rescan (parallel) , 0.0140054 secs]2016-10-17T16:52:39.023+0800: 21526.582: [weak refs processing, 0.0003525 secs]2016-10-17T16:52:39.023+0800: 21526.582: [class unloading, 0.0138625 secs]2016-10-17T16:52:39.037+0800: 21526.596: [scrub symbol table, 0.0045069 secs]2016-10-17T16:52:39.042+0800: 21526.601: [scrub string table, 0.0007268 secs][1 CMS-remark: 1300037K(1798144K)] 1689726K(2483840K), 0.0338572 secs] [Times: user=0.08 sys=0.00, real=0.03 secs] 
2016-10-17T16:52:39.043+0800: 21526.602: [CMS-concurrent-sweep-start]
2016-10-17T16:52:39.138+0800: 21526.697: [CMS-concurrent-sweep: 0.095/0.095 secs] [Times: user=0.13 sys=0.01, real=0.10 secs] 
2016-10-17T16:52:39.138+0800: 21526.697: [CMS-concurrent-reset-start]
2016-10-17T16:52:39.142+0800: 21526.700: [CMS-concurrent-reset: 0.004/0.004 secs] [Times: user=0.01 sys=0.00, real=0.00 secs] 
2016-10-17T16:52:40.837+0800: 21528.395: [GC (Allocation Failure) 2016-10-17T16:52:40.837+0800: 21528.395: [ParNew: 685662K->76160K(685696K), 0.0339758 secs] 1744349K->1221144K(2483840K), 0.0341235 secs] [Times: user=0.12 sys=0.00, real=0.03 secs] 
2016-10-17T16:52:44.434+0800: 21531.993: [GC (Allocation Failure) 2016-10-17T16:52:44.434+0800: 21531.993: [ParNew: 685654K->76160K(685696K), 0.0356724 secs] 1830638K->1309666K(2483840K), 0.0358095 secs] [Times: user=0.13 sys=0.00, real=0.04 secs] 
2016-10-17T16:52:48.107+0800: 21535.665: [GC (Allocation Failure) 2016-10-17T16:52:48.107+0800: 21535.665: [ParNew: 685480K->76160K(685696K), 0.0326885 secs] 1918987K->1394902K(2483840K), 0.0328268 secs] [Times: user=0.12 sys=0.00, real=0.03 secs] 
2016-10-17T16:52:48.140+0800: 21535.699: [GC (CMS Initial Mark) [1 CMS-initial-mark: 1318742K(1798144K)] 1395486K(2483840K), 0.0020523 secs] [Times: user=0.00 sys=0.00, real=0.00 secs] 
2016-10-17T16:52:48.142+0800: 21535.701: [CMS-concurrent-mark-start]
2016-10-17T16:52:48.425+0800: 21535.984: [CMS-concurrent-mark: 0.283/0.283 secs] [Times: user=0.41 sys=0.03, real=0.28 secs] 
2016-10-17T16:52:48.425+0800: 21535.984: [CMS-concurrent-preclean-start]
2016-10-17T16:52:48.431+0800: 21535.990: [CMS-concurrent-preclean: 0.006/0.006 secs] [Times: user=0.01 sys=0.00, real=0.01 secs] 
2016-10-17T16:52:48.431+0800: 21535.990: [CMS-concurrent-abortable-preclean-start]
2016-10-17T16:52:50.051+0800: 21537.610: [CMS-concurrent-abortable-preclean: 1.619/1.621 secs] [Times: user=2.32 sys=0.13, real=1.62 secs] 
2016-10-17T16:52:50.052+0800: 21537.611: [GC (CMS Final Remark) [YG occupancy: 385357 K (685696 K)]2016-10-17T16:52:50.052+0800: 21537.611: [Rescan (parallel) , 0.0167831 secs]2016-10-17T16:52:50.069+0800: 21537.628: [weak refs processing, 0.0003490 secs]2016-10-17T16:52:50.070+0800: 21537.628: [class unloading, 0.0188091 secs]2016-10-17T16:52:50.088+0800: 21537.647: [scrub symbol table, 0.0053430 secs]2016-10-17T16:52:50.094+0800: 21537.653: [scrub string table, 0.0007008 secs][1 CMS-remark: 1318742K(1798144K)] 1704100K(2483840K), 0.0423367 secs] [Times: user=0.09 sys=0.00, real=0.04 secs] 
2016-10-17T16:52:50.095+0800: 21537.654: [CMS-concurrent-sweep-start]
2016-10-17T16:52:50.187+0800: 21537.746: [CMS-concurrent-sweep: 0.092/0.092 secs] [Times: user=0.14 sys=0.00, real=0.10 secs] 
2016-10-17T16:52:50.187+0800: 21537.746: [CMS-concurrent-reset-start]
2016-10-17T16:52:50.190+0800: 21537.749: [CMS-concurrent-reset: 0.003/0.003 secs] [Times: user=0.00 sys=0.00, real=0.00 secs] 
2016-10-17T16:52:51.848+0800: 21539.407: [GC (Allocation Failure) 2016-10-17T16:52:51.848+0800: 21539.407: [ParNew: 685617K->76160K(685696K), 0.0311917 secs] 1762518K->1240055K(2483840K), 0.0313198 secs] [Times: user=0.12 sys=0.00, real=0.03 secs] 
2016-10-17T16:53:00.550+0800: 21548.109: [GC (Allocation Failure) 2016-10-17T16:53:00.550+0800: 21548.109: [ParNew: 685665K->76160K(685696K), 0.0605510 secs] 1849560K->1325884K(2483840K), 0.0607064 secs] [Times: user=0.13 sys=0.00, real=0.06 secs] 
2016-10-17T16:53:05.954+0800: 21553.513: [GC (Allocation Failure) 2016-10-17T16:53:05.954+0800: 21553.513: [ParNew: 685675K->76160K(685696K), 0.0350519 secs] 1935400K->1413038K(2483840K), 0.0351771 secs] [Times: user=0.12 sys=0.00, real=0.04 secs] 
2016-10-17T16:53:05.990+0800: 21553.549: [GC (CMS Initial Mark) [1 CMS-initial-mark: 1336878K(1798144K)] 1413647K(2483840K), 0.0031429 secs] [Times: user=0.01 sys=0.00, real=0.00 secs] 
2016-10-17T16:53:05.993+0800: 21553.552: [CMS-concurrent-mark-start]
2016-10-17T16:53:06.286+0800: 21553.845: [CMS-concurrent-mark: 0.293/0.293 secs] [Times: user=0.42 sys=0.02, real=0.30 secs] 
2016-10-17T16:53:06.286+0800: 21553.845: [CMS-concurrent-preclean-start]
2016-10-17T16:53:06.292+0800: 21553.851: [CMS-concurrent-preclean: 0.006/0.006 secs] [Times: user=0.01 sys=0.01, real=0.00 secs] 
2016-10-17T16:53:06.292+0800: 21553.851: [CMS-concurrent-abortable-preclean-start]
2016-10-17T16:53:08.261+0800: 21555.820: [CMS-concurrent-abortable-preclean: 1.865/1.969 secs] [Times: user=2.54 sys=0.14, real=1.97 secs] 
2016-10-17T16:53:08.262+0800: 21555.821: [GC (CMS Final Remark) [YG occupancy: 388285 K (685696 K)]2016-10-17T16:53:08.262+0800: 21555.821: [Rescan (parallel) , 0.0222831 secs]2016-10-17T16:53:08.284+0800: 21555.843: [weak refs processing, 0.0004125 secs]2016-10-17T16:53:08.285+0800: 21555.843: [class unloading, 0.0134501 secs]2016-10-17T16:53:08.298+0800: 21555.857: [scrub symbol table, 0.0053573 secs]2016-10-17T16:53:08.303+0800: 21555.862: [scrub string table, 0.0007183 secs][1 CMS-remark: 1336878K(1798144K)] 1725163K(2483840K), 0.0426423 secs] [Times: user=0.10 sys=0.00, real=0.04 secs] 
2016-10-17T16:53:08.305+0800: 21555.863: [CMS-concurrent-sweep-start]
2016-10-17T16:53:08.411+0800: 21555.969: [CMS-concurrent-sweep: 0.106/0.106 secs] [Times: user=0.14 sys=0.00, real=0.11 secs] 
2016-10-17T16:53:08.411+0800: 21555.969: [CMS-concurrent-reset-start]
2016-10-17T16:53:08.414+0800: 21555.973: [CMS-concurrent-reset: 0.003/0.003 secs] [Times: user=0.01 sys=0.00, real=0.00 secs] 
2016-10-17T16:53:10.264+0800: 21557.823: [GC (Allocation Failure) 2016-10-17T16:53:10.264+0800: 21557.823: [ParNew: 685660K->76160K(685696K), 0.0375887 secs] 1780913K->1264257K(2483840K), 0.0377542 secs] [Times: user=0.13 sys=0.00, real=0.04 secs] 
2016-10-17T16:53:15.333+0800: 21562.892: [GC (Allocation Failure) 2016-10-17T16:53:15.333+0800: 21562.892: [ParNew: 685696K->76160K(685696K), 0.0317983 secs] 1873793K->1347082K(2483840K), 0.0320860 secs] [Times: user=0.13 sys=0.00, real=0.03 secs] 
2016-10-17T16:53:15.368+0800: 21562.927: [GC (CMS Initial Mark) [1 CMS-initial-mark: 1270922K(1798144K)] 1347708K(2483840K), 0.0063339 secs] [Times: user=0.01 sys=0.00, real=0.00 secs] 
2016-10-17T16:53:15.375+0800: 21562.933: [CMS-concurrent-mark-start]
2016-10-17T16:53:15.718+0800: 21563.277: [CMS-concurrent-mark: 0.344/0.344 secs] [Times: user=0.47 sys=0.04, real=0.35 secs] 
2016-10-17T16:53:15.718+0800: 21563.277: [CMS-concurrent-preclean-start]
2016-10-17T16:53:15.724+0800: 21563.283: [CMS-concurrent-preclean: 0.006/0.006 secs] [Times: user=0.01 sys=0.00, real=0.00 secs] 
2016-10-17T16:53:15.724+0800: 21563.283: [CMS-concurrent-abortable-preclean-start]
2016-10-17T16:53:19.612+0800: 21567.171: [CMS-concurrent-abortable-preclean: 3.886/3.888 secs] [Times: user=4.65 sys=0.35, real=3.89 secs] 
2016-10-17T16:53:19.613+0800: 21567.172: [GC (CMS Final Remark) [YG occupancy: 388052 K (685696 K)]2016-10-17T16:53:19.613+0800: 21567.172: [Rescan (parallel) , 0.1312139 secs]2016-10-17T16:53:19.745+0800: 21567.303: [weak refs processing, 0.0002874 secs]2016-10-17T16:53:19.745+0800: 21567.304: [class unloading, 0.0138675 secs]2016-10-17T16:53:19.759+0800: 21567.318: [scrub symbol table, 0.0049135 secs]2016-10-17T16:53:19.764+0800: 21567.323: [scrub string table, 0.0007333 secs][1 CMS-remark: 1270922K(1798144K)] 1658974K(2483840K), 0.1513893 secs] [Times: user=0.48 sys=0.05, real=0.15 secs] 
2016-10-17T16:53:19.765+0800: 21567.324: [CMS-concurrent-sweep-start]
2016-10-17T16:53:19.869+0800: 21567.427: [CMS-concurrent-sweep: 0.104/0.104 secs] [Times: user=0.15 sys=0.01, real=0.11 secs] 
2016-10-17T16:53:19.869+0800: 21567.427: [CMS-concurrent-reset-start]
2016-10-17T16:53:19.872+0800: 21567.431: [CMS-concurrent-reset: 0.003/0.003 secs] [Times: user=0.00 sys=0.00, real=0.00 secs] 
2016-10-17T16:53:22.957+0800: 21570.516: [GC (Allocation Failure) 2016-10-17T16:53:22.957+0800: 21570.516: [ParNew: 685651K->76160K(685696K), 0.0632042 secs] 1755726K->1248075K(2483840K), 0.0633851 secs] [Times: user=0.14 sys=0.00, real=0.06 secs] 
2016-10-17T16:53:31.623+0800: 21579.181: [GC (Allocation Failure) 2016-10-17T16:53:31.623+0800: 21579.181: [ParNew: 685602K->76160K(685696K), 0.0307784 secs] 1857517K->1317287K(2483840K), 0.0309295 secs] [Times: user=0.11 sys=0.00, real=0.03 secs] 
2016-10-17T16:53:35.289+0800: 21582.848: [GC (Allocation Failure) 2016-10-17T16:53:35.289+0800: 21582.848: [ParNew: 685696K->76160K(685696K), 0.0319922 secs] 1926823K->1407748K(2483840K), 0.0321225 secs] [Times: user=0.12 sys=0.00, real=0.03 secs] 
2016-10-17T16:53:35.322+0800: 21582.881: [GC (CMS Initial Mark) [1 CMS-initial-mark: 1331588K(1798144K)] 1407826K(2483840K), 0.0025002 secs] [Times: user=0.01 sys=0.00, real=0.00 secs] 
2016-10-17T16:53:35.325+0800: 21582.883: [CMS-concurrent-mark-start]
2016-10-17T16:53:35.648+0800: 21583.207: [CMS-concurrent-mark: 0.323/0.323 secs] [Times: user=0.48 sys=0.02, real=0.33 secs] 
2016-10-17T16:53:35.648+0800: 21583.207: [CMS-concurrent-preclean-start]
2016-10-17T16:53:35.654+0800: 21583.213: [CMS-concurrent-preclean: 0.006/0.006 secs] [Times: user=0.01 sys=0.00, real=0.00 secs] 
2016-10-17T16:53:35.654+0800: 21583.213: [CMS-concurrent-abortable-preclean-start]
2016-10-17T16:53:38.949+0800: 21586.508: [GC (Allocation Failure) 2016-10-17T16:53:38.949+0800: 21586.508: [ParNew: 685689K->76160K(685696K), 0.0349382 secs] 2017278K->1491660K(2483840K), 0.0350743 secs] [Times: user=0.13 sys=0.00, real=0.03 secs] 
 CMS: abort preclean due to time 2016-10-17T16:53:40.709+0800: 21588.268: [CMS-concurrent-abortable-preclean: 4.812/5.055 secs] [Times: user=7.01 sys=0.41, real=5.06 secs] 
2016-10-17T16:53:40.710+0800: 21588.268: [GC (CMS Final Remark) [YG occupancy: 317908 K (685696 K)]2016-10-17T16:53:40.710+0800: 21588.268: [Rescan (parallel) , 0.0183640 secs]2016-10-17T16:53:40.728+0800: 21588.287: [weak refs processing, 0.0004616 secs]2016-10-17T16:53:40.729+0800: 21588.287: [class unloading, 0.0145516 secs]2016-10-17T16:53:40.743+0800: 21588.302: [scrub symbol table, 0.0044898 secs]2016-10-17T16:53:40.748+0800: 21588.306: [scrub string table, 0.0007366 secs][1 CMS-remark: 1415500K(1798144K)] 1733409K(2483840K), 0.0390479 secs] [Times: user=0.08 sys=0.00, real=0.04 secs] 
2016-10-17T16:53:40.749+0800: 21588.308: [CMS-concurrent-sweep-start]
2016-10-17T16:53:40.862+0800: 21588.421: [CMS-concurrent-sweep: 0.113/0.113 secs] [Times: user=0.14 sys=0.00, real=0.11 secs] 
2016-10-17T16:53:40.862+0800: 21588.421: [CMS-concurrent-reset-start]
2016-10-17T16:53:40.866+0800: 21588.425: [CMS-concurrent-reset: 0.004/0.004 secs] [Times: user=0.00 sys=0.00, real=0.01 secs] 
2016-10-17T16:53:42.757+0800: 21590.316: [GC (Allocation Failure) 2016-10-17T16:53:42.757+0800: 21590.316: [ParNew: 685502K->76160K(685696K), 0.0469588 secs] 1859681K->1352009K(2483840K), 0.0470816 secs] [Times: user=0.17 sys=0.00, real=0.04 secs] 
2016-10-17T16:53:42.805+0800: 21590.364: [GC (CMS Initial Mark) [1 CMS-initial-mark: 1275849K(1798144K)] 1353235K(2483840K), 0.0085882 secs] [Times: user=0.03 sys=0.00, real=0.01 secs] 
2016-10-17T16:53:42.814+0800: 21590.373: [CMS-concurrent-mark-start]
2016-10-17T16:53:43.158+0800: 21590.717: [CMS-concurrent-mark: 0.337/0.344 secs] [Times: user=0.71 sys=0.07, real=0.35 secs] 
2016-10-17T16:53:43.158+0800: 21590.717: [CMS-concurrent-preclean-start]
2016-10-17T16:53:43.165+0800: 21590.723: [CMS-concurrent-preclean: 0.006/0.007 secs] [Times: user=0.01 sys=0.00, real=0.00 secs] 
2016-10-17T16:53:43.165+0800: 21590.724: [CMS-concurrent-abortable-preclean-start]
2016-10-17T16:53:46.774+0800: 21594.333: [GC (Allocation Failure) 2016-10-17T16:53:46.774+0800: 21594.333: [ParNew: 685506K->76160K(685696K), 0.1013613 secs] 1961355K->1462793K(2483840K), 0.1015011 secs] [Times: user=0.20 sys=0.00, real=0.10 secs] 
 CMS: abort preclean due to time 2016-10-17T16:53:48.191+0800: 21595.749: [CMS-concurrent-abortable-preclean: 4.919/5.026 secs] [Times: user=6.77 sys=0.40, real=5.03 secs] 
2016-10-17T16:53:48.191+0800: 21595.750: [GC (CMS Final Remark) [YG occupancy: 282075 K (685696 K)]2016-10-17T16:53:48.191+0800: 21595.750: [Rescan (parallel) , 0.0101136 secs]2016-10-17T16:53:48.202+0800: 21595.760: [weak refs processing, 0.0017016 secs]2016-10-17T16:53:48.203+0800: 21595.762: [class unloading, 0.0131973 secs]2016-10-17T16:53:48.217+0800: 21595.775: [scrub symbol table, 0.0043728 secs]2016-10-17T16:53:48.221+0800: 21595.780: [scrub string table, 0.0007548 secs][1 CMS-remark: 1386633K(1798144K)] 1668708K(2483840K), 0.0316128 secs] [Times: user=0.06 sys=0.00, real=0.03 secs] 
2016-10-17T16:53:48.223+0800: 21595.782: [CMS-concurrent-sweep-start]
2016-10-17T16:53:48.405+0800: 21595.964: [CMS-concurrent-sweep: 0.182/0.182 secs] [Times: user=0.26 sys=0.01, real=0.18 secs] 
2016-10-17T16:53:48.406+0800: 21595.964: [CMS-concurrent-reset-start]
2016-10-17T16:53:48.409+0800: 21595.968: [CMS-concurrent-reset: 0.004/0.004 secs] [Times: user=0.01 sys=0.00, real=0.01 secs] 
2016-10-17T16:53:50.544+0800: 21598.102: [GC (Allocation Failure) 2016-10-17T16:53:50.544+0800: 21598.103: [ParNew: 685532K->76160K(685696K), 0.0373740 secs] 1922809K->1376613K(2483840K), 0.0375817 secs] [Times: user=0.11 sys=0.00, real=0.04 secs] 
2016-10-17T16:53:50.582+0800: 21598.141: [GC (CMS Initial Mark) [1 CMS-initial-mark: 1300453K(1798144K)] 1376869K(2483840K), 0.0023333 secs] [Times: user=0.01 sys=0.00, real=0.00 secs] 
2016-10-17T16:53:50.584+0800: 21598.143: [CMS-concurrent-mark-start]
2016-10-17T16:53:50.807+0800: 21598.366: [CMS-concurrent-mark: 0.223/0.223 secs] [Times: user=0.31 sys=0.03, real=0.23 secs] 
2016-10-17T16:53:50.807+0800: 21598.366: [CMS-concurrent-preclean-start]
2016-10-17T16:53:50.813+0800: 21598.372: [CMS-concurrent-preclean: 0.005/0.005 secs] [Times: user=0.01 sys=0.00, real=0.00 secs] 
2016-10-17T16:53:50.813+0800: 21598.372: [CMS-concurrent-abortable-preclean-start]
2016-10-17T16:53:52.289+0800: 21599.848: [CMS-concurrent-abortable-preclean: 1.471/1.476 secs] [Times: user=2.13 sys=0.12, real=1.48 secs] 
2016-10-17T16:53:52.290+0800: 21599.848: [GC (CMS Final Remark) [YG occupancy: 382083 K (685696 K)]2016-10-17T16:53:52.290+0800: 21599.848: [Rescan (parallel) , 0.0159843 secs]2016-10-17T16:53:52.306+0800: 21599.864: [weak refs processing, 0.0003598 secs]2016-10-17T16:53:52.306+0800: 21599.865: [class unloading, 0.0192167 secs]2016-10-17T16:53:52.325+0800: 21599.884: [scrub symbol table, 0.0044028 secs]2016-10-17T16:53:52.330+0800: 21599.888: [scrub string table, 0.0007048 secs][1 CMS-remark: 1300453K(1798144K)] 1682536K(2483840K), 0.0493952 secs] [Times: user=0.10 sys=0.00, real=0.05 secs] 
2016-10-17T16:53:52.339+0800: 21599.898: [CMS-concurrent-sweep-start]
2016-10-17T16:53:52.575+0800: 21600.134: [CMS-concurrent-sweep: 0.234/0.236 secs] [Times: user=0.34 sys=0.02, real=0.23 secs] 
2016-10-17T16:53:52.575+0800: 21600.134: [CMS-concurrent-reset-start]
2016-10-17T16:53:52.579+0800: 21600.137: [CMS-concurrent-reset: 0.004/0.004 secs] [Times: user=0.01 sys=0.00, real=0.01 secs] 
2016-10-17T16:53:54.174+0800: 21601.733: [GC (Allocation Failure) 2016-10-17T16:53:54.174+0800: 21601.733: [ParNew: 685584K->76160K(685696K), 0.0298084 secs] 1730949K->1209020K(2483840K), 0.0299536 secs] [Times: user=0.11 sys=0.00, real=0.03 secs] 
2016-10-17T16:53:57.747+0800: 21605.305: [GC (Allocation Failure) 2016-10-17T16:53:57.747+0800: 21605.306: [ParNew: 685599K->76160K(685696K), 0.0377026 secs] 1818460K->1298191K(2483840K), 0.0378362 secs] [Times: user=0.13 sys=0.00, real=0.03 secs] 
2016-10-17T16:54:02.006+0800: 21609.565: [GC (Allocation Failure) 2016-10-17T16:54:02.006+0800: 21609.565: [ParNew: 685696K->76160K(685696K), 0.0344707 secs] 1907727K->1387596K(2483840K), 0.0346211 secs] [Times: user=0.13 sys=0.00, real=0.03 secs] 
2016-10-17T16:54:02.041+0800: 21609.600: [GC (CMS Initial Mark) [1 CMS-initial-mark: 1311436K(1798144K)] 1387852K(2483840K), 0.0020002 secs] [Times: user=0.01 sys=0.00, real=0.00 secs] 
2016-10-17T16:54:02.043+0800: 21609.602: [CMS-concurrent-mark-start]
2016-10-17T16:54:02.294+0800: 21609.853: [CMS-concurrent-mark: 0.251/0.251 secs] [Times: user=0.35 sys=0.04, real=0.25 secs] 
2016-10-17T16:54:02.294+0800: 21609.853: [CMS-concurrent-preclean-start]
2016-10-17T16:54:02.301+0800: 21609.859: [CMS-concurrent-preclean: 0.006/0.006 secs] [Times: user=0.01 sys=0.00, real=0.01 secs] 
2016-10-17T16:54:02.301+0800: 21609.859: [CMS-concurrent-abortable-preclean-start]
2016-10-17T16:54:03.863+0800: 21611.422: [CMS-concurrent-abortable-preclean: 1.560/1.563 secs] [Times: user=2.13 sys=0.24, real=1.56 secs] 
2016-10-17T16:54:03.864+0800: 21611.423: [GC (CMS Final Remark) [YG occupancy: 382731 K (685696 K)]2016-10-17T16:54:03.864+0800: 21611.423: [Rescan (parallel) , 0.0143904 secs]2016-10-17T16:54:03.879+0800: 21611.437: [weak refs processing, 0.0003057 secs]2016-10-17T16:54:03.879+0800: 21611.438: [class unloading, 0.0137725 secs]2016-10-17T16:54:03.893+0800: 21611.452: [scrub symbol table, 0.0045493 secs]2016-10-17T16:54:03.897+0800: 21611.456: [scrub string table, 0.0007829 secs][1 CMS-remark: 1311436K(1798144K)] 1694168K(2483840K), 0.0341918 secs] [Times: user=0.08 sys=0.00, real=0.04 secs] 
2016-10-17T16:54:03.899+0800: 21611.457: [CMS-concurrent-sweep-start]
2016-10-17T16:54:04.007+0800: 21611.566: [CMS-concurrent-sweep: 0.108/0.108 secs] [Times: user=0.15 sys=0.01, real=0.11 secs] 
2016-10-17T16:54:04.007+0800: 21611.566: [CMS-concurrent-reset-start]
2016-10-17T16:54:04.010+0800: 21611.569: [CMS-concurrent-reset: 0.003/0.003 secs] [Times: user=0.00 sys=0.00, real=0.00 secs] 
2016-10-17T16:54:05.578+0800: 21613.137: [GC (Allocation Failure) 2016-10-17T16:54:05.578+0800: 21613.137: [ParNew: 685671K->76160K(685696K), 0.0406159 secs] 1719858K->1193160K(2483840K), 0.0407656 secs] [Times: user=0.13 sys=0.00, real=0.04 secs] 
2016-10-17T16:54:09.102+0800: 21616.661: [GC (Allocation Failure) 2016-10-17T16:54:09.102+0800: 21616.661: [ParNew: 685687K->76160K(685696K), 0.0336177 secs] 1802687K->1275540K(2483840K), 0.0337528 secs] [Times: user=0.11 sys=0.00, real=0.04 secs] 
2016-10-17T16:54:13.340+0800: 21620.899: [GC (Allocation Failure) 2016-10-17T16:54:13.340+0800: 21620.899: [ParNew: 685682K->76160K(685696K), 0.0343940 secs] 1885062K->1363784K(2483840K), 0.0345618 secs] [Times: user=0.12 sys=0.00, real=0.03 secs] 
2016-10-17T16:54:13.376+0800: 21620.935: [GC (CMS Initial Mark) [1 CMS-initial-mark: 1287624K(1798144K)] 1364191K(2483840K), 0.0037729 secs] [Times: user=0.01 sys=0.00, real=0.00 secs] 
2016-10-17T16:54:13.380+0800: 21620.938: [CMS-concurrent-mark-start]
2016-10-17T16:54:13.813+0800: 21621.372: [CMS-concurrent-mark: 0.434/0.434 secs] [Times: user=0.45 sys=0.05, real=0.43 secs] 
2016-10-17T16:54:13.813+0800: 21621.372: [CMS-concurrent-preclean-start]
2016-10-17T16:54:13.820+0800: 21621.379: [CMS-concurrent-preclean: 0.007/0.007 secs] [Times: user=0.01 sys=0.00, real=0.01 secs] 
2016-10-17T16:54:13.820+0800: 21621.379: [CMS-concurrent-abortable-preclean-start]
2016-10-17T16:54:17.210+0800: 21624.769: [CMS-concurrent-abortable-preclean: 3.388/3.390 secs] [Times: user=4.21 sys=0.27, real=3.39 secs] 
2016-10-17T16:54:17.211+0800: 21624.770: [GC (CMS Final Remark) [YG occupancy: 389232 K (685696 K)]2016-10-17T16:54:17.211+0800: 21624.770: [Rescan (parallel) , 0.0206691 secs]2016-10-17T16:54:17.232+0800: 21624.791: [weak refs processing, 0.0007080 secs]2016-10-17T16:54:17.233+0800: 21624.791: [class unloading, 0.0133151 secs]2016-10-17T16:54:17.246+0800: 21624.805: [scrub symbol table, 0.0043581 secs]2016-10-17T16:54:17.250+0800: 21624.809: [scrub string table, 0.0007108 secs][1 CMS-remark: 1287624K(1798144K)] 1676857K(2483840K), 0.0404738 secs] [Times: user=0.09 sys=0.00, real=0.04 secs] 
2016-10-17T16:54:17.252+0800: 21624.810: [CMS-concurrent-sweep-start]
2016-10-17T16:54:17.521+0800: 21625.080: [CMS-concurrent-sweep: 0.269/0.269 secs] [Times: user=0.36 sys=0.02, real=0.27 secs] 
2016-10-17T16:54:17.521+0800: 21625.080: [CMS-concurrent-reset-start]
2016-10-17T16:54:17.524+0800: 21625.083: [CMS-concurrent-reset: 0.003/0.003 secs] [Times: user=0.00 sys=0.00, real=0.00 secs] 
2016-10-17T16:54:20.249+0800: 21627.808: [GC (Allocation Failure) 2016-10-17T16:54:20.249+0800: 21627.808: [ParNew: 685479K->76160K(685696K), 0.0450862 secs] 1638388K->1123801K(2483840K), 0.0452434 secs] [Times: user=0.11 sys=0.00, real=0.04 secs] 
2016-10-17T16:54:30.873+0800: 21638.432: [GC (Allocation Failure) 2016-10-17T16:54:30.873+0800: 21638.432: [ParNew: 685638K->76160K(685696K), 0.0404725 secs] 1733280K->1205360K(2483840K), 0.0406182 secs] [Times: user=0.13 sys=0.00, real=0.04 secs] 
2016-10-17T16:54:34.507+0800: 21642.066: [GC (Allocation Failure) 2016-10-17T16:54:34.507+0800: 21642.066: [ParNew: 685545K->76160K(685696K), 0.0316210 secs] 1814746K->1292310K(2483840K), 0.0317587 secs] [Times: user=0.12 sys=0.00, real=0.03 secs] 
2016-10-17T16:54:37.983+0800: 21645.542: [GC (Allocation Failure) 2016-10-17T16:54:37.983+0800: 21645.542: [ParNew: 685458K->76160K(685696K), 0.0350925 secs] 1901609K->1380901K(2483840K), 0.0352491 secs] [Times: user=0.12 sys=0.00, real=0.04 secs] 
2016-10-17T16:54:38.019+0800: 21645.578: [GC (CMS Initial Mark) [1 CMS-initial-mark: 1304741K(1798144K)] 1381157K(2483840K), 0.0017516 secs] [Times: user=0.01 sys=0.00, real=0.00 secs] 
2016-10-17T16:54:38.021+0800: 21645.579: [CMS-concurrent-mark-start]
2016-10-17T16:54:38.214+0800: 21645.773: [CMS-concurrent-mark: 0.193/0.193 secs] [Times: user=0.26 sys=0.03, real=0.19 secs] 
2016-10-17T16:54:38.214+0800: 21645.773: [CMS-concurrent-preclean-start]
2016-10-17T16:54:38.220+0800: 21645.779: [CMS-concurrent-preclean: 0.006/0.006 secs] [Times: user=0.01 sys=0.00, real=0.01 secs] 
2016-10-17T16:54:38.220+0800: 21645.779: [CMS-concurrent-abortable-preclean-start]
2016-10-17T16:54:39.718+0800: 21647.277: [CMS-concurrent-abortable-preclean: 1.496/1.498 secs] [Times: user=2.06 sys=0.23, real=1.50 secs] 
2016-10-17T16:54:39.720+0800: 21647.278: [GC (CMS Final Remark) [YG occupancy: 385260 K (685696 K)]2016-10-17T16:54:39.720+0800: 21647.278: [Rescan (parallel) , 0.0140764 secs]2016-10-17T16:54:39.734+0800: 21647.292: [weak refs processing, 0.0006693 secs]2016-10-17T16:54:39.734+0800: 21647.293: [class unloading, 0.0143476 secs]2016-10-17T16:54:39.749+0800: 21647.308: [scrub symbol table, 0.0044871 secs]2016-10-17T16:54:39.753+0800: 21647.312: [scrub string table, 0.0008287 secs][1 CMS-remark: 1304741K(1798144K)] 1690002K(2483840K), 0.0352607 secs] [Times: user=0.08 sys=0.00, real=0.03 secs] 
2016-10-17T16:54:39.755+0800: 21647.314: [CMS-concurrent-sweep-start]
2016-10-17T16:54:39.841+0800: 21647.400: [CMS-concurrent-sweep: 0.086/0.086 secs] [Times: user=0.12 sys=0.00, real=0.09 secs] 
2016-10-17T16:54:39.842+0800: 21647.400: [CMS-concurrent-reset-start]
2016-10-17T16:54:39.845+0800: 21647.404: [CMS-concurrent-reset: 0.004/0.004 secs] [Times: user=0.01 sys=0.00, real=0.00 secs] 
2016-10-17T16:54:41.474+0800: 21649.033: [GC (Allocation Failure) 2016-10-17T16:54:41.474+0800: 21649.033: [ParNew: 685634K->76160K(685696K), 0.0279262 secs] 1669383K->1148675K(2483840K), 0.0280697 secs] [Times: user=0.11 sys=0.00, real=0.03 secs] 
2016-10-17T16:54:44.914+0800: 21652.473: [GC (Allocation Failure) 2016-10-17T16:54:44.914+0800: 21652.473: [ParNew: 685653K->76160K(685696K), 0.0388175 secs] 1758169K->1249220K(2483840K), 0.0389715 secs] [Times: user=0.12 sys=0.00, real=0.04 secs] 
2016-10-17T16:54:48.501+0800: 21656.060: [GC (Allocation Failure) 2016-10-17T16:54:48.501+0800: 21656.060: [ParNew: 685696K->76160K(685696K), 0.0364149 secs] 1858756K->1331848K(2483840K), 0.0365493 secs] [Times: user=0.12 sys=0.00, real=0.04 secs] 
2016-10-17T16:54:52.216+0800: 21659.775: [GC (Allocation Failure) 2016-10-17T16:54:52.216+0800: 21659.775: [ParNew: 685696K->76160K(685696K), 0.0331605 secs] 1941384K->1414831K(2483840K), 0.0333091 secs] [Times: user=0.12 sys=0.00, real=0.03 secs] 
2016-10-17T16:54:52.251+0800: 21659.809: [GC (CMS Initial Mark) [1 CMS-initial-mark: 1338671K(1798144K)] 1415042K(2483840K), 0.0026783 secs] [Times: user=0.01 sys=0.00, real=0.00 secs] 
2016-10-17T16:54:52.253+0800: 21659.812: [CMS-concurrent-mark-start]
2016-10-17T16:54:52.447+0800: 21660.006: [CMS-concurrent-mark: 0.192/0.193 secs] [Times: user=0.31 sys=0.00, real=0.20 secs] 
2016-10-17T16:54:52.447+0800: 21660.006: [CMS-concurrent-preclean-start]
2016-10-17T16:54:52.454+0800: 21660.013: [CMS-concurrent-preclean: 0.007/0.007 secs] [Times: user=0.01 sys=0.00, real=0.00 secs] 
2016-10-17T16:54:52.454+0800: 21660.013: [CMS-concurrent-abortable-preclean-start]
2016-10-17T16:54:54.618+0800: 21662.177: [CMS-concurrent-abortable-preclean: 1.861/2.164 secs] [Times: user=2.62 sys=0.14, real=2.17 secs] 
2016-10-17T16:54:54.618+0800: 21662.177: [GC (CMS Final Remark) [YG occupancy: 388324 K (685696 K)]2016-10-17T16:54:54.619+0800: 21662.177: [Rescan (parallel) , 0.0149011 secs]2016-10-17T16:54:54.633+0800: 21662.192: [weak refs processing, 0.0005706 secs]2016-10-17T16:54:54.634+0800: 21662.193: [class unloading, 0.0130618 secs]2016-10-17T16:54:54.647+0800: 21662.206: [scrub symbol table, 0.0049958 secs]2016-10-17T16:54:54.652+0800: 21662.211: [scrub string table, 0.0007240 secs][1 CMS-remark: 1338671K(1798144K)] 1726995K(2483840K), 0.0348411 secs] [Times: user=0.08 sys=0.00, real=0.03 secs] 
2016-10-17T16:54:54.653+0800: 21662.212: [CMS-concurrent-sweep-start]
2016-10-17T16:54:54.747+0800: 21662.306: [CMS-concurrent-sweep: 0.094/0.094 secs] [Times: user=0.13 sys=0.02, real=0.10 secs] 
2016-10-17T16:54:54.747+0800: 21662.306: [CMS-concurrent-reset-start]
2016-10-17T16:54:54.751+0800: 21662.310: [CMS-concurrent-reset: 0.004/0.004 secs] [Times: user=0.00 sys=0.00, real=0.00 secs] 
2016-10-17T16:54:56.390+0800: 21663.949: [GC (Allocation Failure) 2016-10-17T16:54:56.390+0800: 21663.949: [ParNew: 685696K->76160K(685696K), 0.0420571 secs] 1701767K->1187889K(2483840K), 0.0421935 secs] [Times: user=0.14 sys=0.00, real=0.04 secs] 
2016-10-17T16:55:00.017+0800: 21667.576: [GC (Allocation Failure) 2016-10-17T16:55:00.017+0800: 21667.576: [ParNew: 685483K->76160K(685696K), 0.0341747 secs] 1797213K->1263981K(2483840K), 0.0343298 secs] [Times: user=0.13 sys=0.00, real=0.03 secs] 
2016-10-17T16:55:03.876+0800: 21671.435: [GC (Allocation Failure) 2016-10-17T16:55:03.876+0800: 21671.435: [ParNew: 685696K->76160K(685696K), 0.0371471 secs] 1873517K->1354348K(2483840K), 0.0372936 secs] [Times: user=0.12 sys=0.00, real=0.03 secs] 
2016-10-17T16:55:03.914+0800: 21671.473: [GC (CMS Initial Mark) [1 CMS-initial-mark: 1278188K(1798144K)] 1354604K(2483840K), 0.0034851 secs] [Times: user=0.01 sys=0.00, real=0.01 secs] 
2016-10-17T16:55:03.918+0800: 21671.476: [CMS-concurrent-mark-start]
2016-10-17T16:55:04.121+0800: 21671.680: [CMS-concurrent-mark: 0.204/0.204 secs] [Times: user=0.29 sys=0.01, real=0.20 secs] 
2016-10-17T16:55:04.121+0800: 21671.680: [CMS-concurrent-preclean-start]
2016-10-17T16:55:04.128+0800: 21671.687: [CMS-concurrent-preclean: 0.007/0.007 secs] [Times: user=0.02 sys=0.00, real=0.01 secs] 
2016-10-17T16:55:04.128+0800: 21671.687: [CMS-concurrent-abortable-preclean-start]
2016-10-17T16:55:06.137+0800: 21673.696: [CMS-concurrent-abortable-preclean: 2.008/2.009 secs] [Times: user=2.82 sys=0.15, real=2.01 secs] 
2016-10-17T16:55:06.138+0800: 21673.697: [GC (CMS Final Remark) [YG occupancy: 390327 K (685696 K)]2016-10-17T16:55:06.138+0800: 21673.697: [Rescan (parallel) , 0.0168676 secs]2016-10-17T16:55:06.155+0800: 21673.714: [weak refs processing, 0.0005220 secs]2016-10-17T16:55:06.155+0800: 21673.714: [class unloading, 0.0142890 secs]2016-10-17T16:55:06.170+0800: 21673.728: [scrub symbol table, 0.0054274 secs]2016-10-17T16:55:06.175+0800: 21673.734: [scrub string table, 0.0007245 secs][1 CMS-remark: 1278188K(1798144K)] 1668516K(2483840K), 0.0384790 secs] [Times: user=0.09 sys=0.00, real=0.04 secs] 
2016-10-17T16:55:06.177+0800: 21673.735: [CMS-concurrent-sweep-start]
2016-10-17T16:55:06.265+0800: 21673.824: [CMS-concurrent-sweep: 0.088/0.088 secs] [Times: user=0.12 sys=0.01, real=0.08 secs] 
2016-10-17T16:55:06.265+0800: 21673.824: [CMS-concurrent-reset-start]
2016-10-17T16:55:06.268+0800: 21673.827: [CMS-concurrent-reset: 0.003/0.003 secs] [Times: user=0.01 sys=0.00, real=0.01 secs] 
2016-10-17T16:55:07.853+0800: 21675.412: [GC (Allocation Failure) 2016-10-17T16:55:07.853+0800: 21675.412: [ParNew: 685575K->76160K(685696K), 0.0409232 secs] 1720533K->1199431K(2483840K), 0.0410932 secs] [Times: user=0.13 sys=0.00, real=0.04 secs] 
2016-10-17T16:55:11.353+0800: 21678.912: [GC (Allocation Failure) 2016-10-17T16:55:11.353+0800: 21678.912: [ParNew: 685643K->76160K(685696K), 0.0328988 secs] 1808915K->1283699K(2483840K), 0.0330468 secs] [Times: user=0.12 sys=0.00, real=0.04 secs] 
2016-10-17T16:55:15.816+0800: 21683.375: [GC (Allocation Failure) 2016-10-17T16:55:15.816+0800: 21683.375: [ParNew: 685674K->76160K(685696K), 0.0352566 secs] 1893213K->1372937K(2483840K), 0.0353841 secs] [Times: user=0.12 sys=0.00, real=0.03 secs] 
2016-10-17T16:55:15.852+0800: 21683.411: [GC (CMS Initial Mark) [1 CMS-initial-mark: 1296777K(1798144K)] 1373303K(2483840K), 0.0056624 secs] [Times: user=0.01 sys=0.00, real=0.01 secs] 
2016-10-17T16:55:15.858+0800: 21683.417: [CMS-concurrent-mark-start]
2016-10-17T16:55:16.099+0800: 21683.658: [CMS-concurrent-mark: 0.241/0.241 secs] [Times: user=0.32 sys=0.03, real=0.24 secs] 
2016-10-17T16:55:16.100+0800: 21683.658: [CMS-concurrent-preclean-start]
2016-10-17T16:55:16.106+0800: 21683.664: [CMS-concurrent-preclean: 0.006/0.006 secs] [Times: user=0.01 sys=0.00, real=0.00 secs] 
2016-10-17T16:55:16.106+0800: 21683.665: [CMS-concurrent-abortable-preclean-start]
2016-10-17T16:55:19.137+0800: 21686.696: [CMS-concurrent-abortable-preclean: 2.927/3.031 secs] [Times: user=3.63 sys=0.32, real=3.03 secs] 
2016-10-17T16:55:19.138+0800: 21686.696: [GC (CMS Final Remark) [YG occupancy: 387964 K (685696 K)]2016-10-17T16:55:19.138+0800: 21686.696: [Rescan (parallel) , 0.0173711 secs]2016-10-17T16:55:19.155+0800: 21686.714: [weak refs processing, 0.0004406 secs]2016-10-17T16:55:19.155+0800: 21686.714: [class unloading, 0.0136685 secs]2016-10-17T16:55:19.169+0800: 21686.728: [scrub symbol table, 0.0042079 secs]2016-10-17T16:55:19.173+0800: 21686.732: [scrub string table, 0.0007345 secs][1 CMS-remark: 1296777K(1798144K)] 1684742K(2483840K), 0.0369136 secs] [Times: user=0.09 sys=0.00, real=0.03 secs] 
2016-10-17T16:55:19.175+0800: 21686.734: [CMS-concurrent-sweep-start]
2016-10-17T16:55:19.294+0800: 21686.853: [CMS-concurrent-sweep: 0.119/0.119 secs] [Times: user=0.15 sys=0.00, real=0.12 secs] 
2016-10-17T16:55:19.294+0800: 21686.853: [CMS-concurrent-reset-start]
2016-10-17T16:55:19.298+0800: 21686.856: [CMS-concurrent-reset: 0.003/0.003 secs] [Times: user=0.00 sys=0.00, real=0.01 secs] 
2016-10-17T16:55:21.556+0800: 21689.115: [GC (Allocation Failure) 2016-10-17T16:55:21.557+0800: 21689.115: [ParNew: 685507K->76160K(685696K), 0.0403064 secs] 1702978K->1177578K(2483840K), 0.0404640 secs] [Times: user=0.14 sys=0.00, real=0.04 secs] 
2016-10-17T16:55:27.424+0800: 21694.983: [GC (Allocation Failure) 2016-10-17T16:55:27.424+0800: 21694.983: [ParNew: 685591K->76160K(685696K), 0.0319288 secs] 1787010K->1270174K(2483840K), 0.0320566 secs] [Times: user=0.12 sys=0.00, real=0.04 secs] 
2016-10-17T16:55:31.274+0800: 21698.833: [GC (Allocation Failure) 2016-10-17T16:55:31.274+0800: 21698.833: [ParNew: 685696K->76160K(685696K), 0.0341392 secs] 1879710K->1355324K(2483840K), 0.0342943 secs] [Times: user=0.13 sys=0.00, real=0.04 secs] 
2016-10-17T16:55:31.309+0800: 21698.867: [GC (CMS Initial Mark) [1 CMS-initial-mark: 1279164K(1798144K)] 1355677K(2483840K), 0.0022460 secs] [Times: user=0.00 sys=0.00, real=0.00 secs] 
2016-10-17T16:55:31.311+0800: 21698.870: [CMS-concurrent-mark-start]
2016-10-17T16:55:31.562+0800: 21699.120: [CMS-concurrent-mark: 0.251/0.251 secs] [Times: user=0.36 sys=0.03, real=0.25 secs] 
2016-10-17T16:55:31.562+0800: 21699.120: [CMS-concurrent-preclean-start]
2016-10-17T16:55:31.568+0800: 21699.126: [CMS-concurrent-preclean: 0.006/0.006 secs] [Times: user=0.01 sys=0.00, real=0.01 secs] 
2016-10-17T16:55:31.568+0800: 21699.126: [CMS-concurrent-abortable-preclean-start]
2016-10-17T16:55:33.715+0800: 21701.274: [CMS-concurrent-abortable-preclean: 2.142/2.148 secs] [Times: user=2.75 sys=0.27, real=2.14 secs] 
2016-10-17T16:55:33.716+0800: 21701.275: [GC (CMS Final Remark) [YG occupancy: 385633 K (685696 K)]2016-10-17T16:55:33.716+0800: 21701.275: [Rescan (parallel) , 0.0182753 secs]2016-10-17T16:55:33.734+0800: 21701.293: [weak refs processing, 0.0003364 secs]2016-10-17T16:55:33.735+0800: 21701.293: [class unloading, 0.0145108 secs]2016-10-17T16:55:33.749+0800: 21701.308: [scrub symbol table, 0.0048787 secs]2016-10-17T16:55:33.754+0800: 21701.313: [scrub string table, 0.0008088 secs][1 CMS-remark: 1279164K(1798144K)] 1664797K(2483840K), 0.0392060 secs] [Times: user=0.09 sys=0.00, real=0.03 secs] 
2016-10-17T16:55:33.755+0800: 21701.314: [CMS-concurrent-sweep-start]
2016-10-17T16:55:33.871+0800: 21701.430: [CMS-concurrent-sweep: 0.116/0.116 secs] [Times: user=0.16 sys=0.01, real=0.12 secs] 
2016-10-17T16:55:33.871+0800: 21701.430: [CMS-concurrent-reset-start]
2016-10-17T16:55:33.875+0800: 21701.434: [CMS-concurrent-reset: 0.004/0.004 secs] [Times: user=0.01 sys=0.00, real=0.00 secs] 
2016-10-17T16:55:35.969+0800: 21703.528: [GC (Allocation Failure) 2016-10-17T16:55:35.969+0800: 21703.528: [ParNew: 685473K->76160K(685696K), 0.0343589 secs] 1723526K->1204674K(2483840K), 0.0344986 secs] [Times: user=0.12 sys=0.00, real=0.03 secs] 
2016-10-17T16:55:39.616+0800: 21707.175: [GC (Allocation Failure) 2016-10-17T16:55:39.616+0800: 21707.175: [ParNew: 685696K->76160K(685696K), 0.0364806 secs] 1814210K->1295239K(2483840K), 0.0366763 secs] [Times: user=0.13 sys=0.00, real=0.03 secs] 
2016-10-17T16:55:43.828+0800: 21711.387: [GC (Allocation Failure) 2016-10-17T16:55:43.829+0800: 21711.387: [ParNew: 685696K->76160K(685696K), 0.0319217 secs] 1904775K->1376560K(2483840K), 0.0320977 secs] [Times: user=0.11 sys=0.00, real=0.03 secs] 
2016-10-17T16:55:43.862+0800: 21711.421: [GC (CMS Initial Mark) [1 CMS-initial-mark: 1300400K(1798144K)] 1376833K(2483840K), 0.0025524 secs] [Times: user=0.01 sys=0.00, real=0.00 secs] 
2016-10-17T16:55:43.865+0800: 21711.423: [CMS-concurrent-mark-start]
2016-10-17T16:55:44.205+0800: 21711.764: [CMS-concurrent-mark: 0.340/0.340 secs] [Times: user=0.44 sys=0.04, real=0.34 secs] 
2016-10-17T16:55:44.205+0800: 21711.764: [CMS-concurrent-preclean-start]
2016-10-17T16:55:44.211+0800: 21711.770: [CMS-concurrent-preclean: 0.006/0.006 secs] [Times: user=0.01 sys=0.00, real=0.01 secs] 
2016-10-17T16:55:44.211+0800: 21711.770: [CMS-concurrent-abortable-preclean-start]
2016-10-17T16:55:45.751+0800: 21713.310: [CMS-concurrent-abortable-preclean: 1.539/1.540 secs] [Times: user=2.12 sys=0.16, real=1.54 secs] 
2016-10-17T16:55:45.752+0800: 21713.311: [GC (CMS Final Remark) [YG occupancy: 381852 K (685696 K)]2016-10-17T16:55:45.752+0800: 21713.311: [Rescan (parallel) , 0.0147635 secs]2016-10-17T16:55:45.767+0800: 21713.326: [weak refs processing, 0.0003188 secs]2016-10-17T16:55:45.767+0800: 21713.326: [class unloading, 0.0138546 secs]2016-10-17T16:55:45.781+0800: 21713.340: [scrub symbol table, 0.0039646 secs]2016-10-17T16:55:45.785+0800: 21713.344: [scrub string table, 0.0006931 secs][1 CMS-remark: 1300400K(1798144K)] 1682252K(2483840K), 0.0339342 secs] [Times: user=0.08 sys=0.00, real=0.04 secs] 
2016-10-17T16:55:45.787+0800: 21713.345: [CMS-concurrent-sweep-start]
2016-10-17T16:55:45.881+0800: 21713.440: [CMS-concurrent-sweep: 0.095/0.095 secs] [Times: user=0.13 sys=0.01, real=0.09 secs] 
2016-10-17T16:55:45.881+0800: 21713.440: [CMS-concurrent-reset-start]
2016-10-17T16:55:45.885+0800: 21713.444: [CMS-concurrent-reset: 0.004/0.004 secs] [Times: user=0.00 sys=0.00, real=0.00 secs] 
2016-10-17T16:55:47.715+0800: 21715.274: [GC (Allocation Failure) 2016-10-17T16:55:47.715+0800: 21715.274: [ParNew: 685682K->76160K(685696K), 0.0436163 secs] 1742685K->1218937K(2483840K), 0.0437509 secs] [Times: user=0.14 sys=0.00, real=0.05 secs] 
2016-10-17T16:55:52.960+0800: 21720.519: [GC (Allocation Failure) 2016-10-17T16:55:52.960+0800: 21720.519: [ParNew: 685696K->76160K(685696K), 0.0382374 secs] 1828473K->1307002K(2483840K), 0.0383954 secs] [Times: user=0.14 sys=0.00, real=0.04 secs] 
2016-10-17T16:56:01.367+0800: 21728.926: [GC (Allocation Failure) 2016-10-17T16:56:01.367+0800: 21728.926: [ParNew: 685659K->76160K(685696K), 0.0388203 secs] 1916502K->1403927K(2483840K), 0.0389784 secs] [Times: user=0.14 sys=0.00, real=0.04 secs] 
2016-10-17T16:56:01.407+0800: 21728.966: [GC (CMS Initial Mark) [1 CMS-initial-mark: 1327767K(1798144K)] 1404183K(2483840K), 0.0027625 secs] [Times: user=0.01 sys=0.00, real=0.00 secs] 
2016-10-17T16:56:01.410+0800: 21728.969: [CMS-concurrent-mark-start]
2016-10-17T16:56:01.855+0800: 21729.414: [CMS-concurrent-mark: 0.445/0.445 secs] [Times: user=0.51 sys=0.04, real=0.44 secs] 
2016-10-17T16:56:01.855+0800: 21729.414: [CMS-concurrent-preclean-start]
2016-10-17T16:56:01.860+0800: 21729.419: [CMS-concurrent-preclean: 0.005/0.006 secs] [Times: user=0.01 sys=0.00, real=0.01 secs] 
2016-10-17T16:56:01.860+0800: 21729.419: [CMS-concurrent-abortable-preclean-start]
2016-10-17T16:56:05.847+0800: 21733.406: [CMS-concurrent-abortable-preclean: 3.979/3.987 secs] [Times: user=4.77 sys=0.42, real=3.99 secs] 
2016-10-17T16:56:05.848+0800: 21733.407: [GC (CMS Final Remark) [YG occupancy: 382316 K (685696 K)]2016-10-17T16:56:05.848+0800: 21733.407: [Rescan (parallel) , 0.0293254 secs]2016-10-17T16:56:05.877+0800: 21733.436: [weak refs processing, 0.0003623 secs]2016-10-17T16:56:05.878+0800: 21733.436: [class unloading, 0.0138307 secs]2016-10-17T16:56:05.891+0800: 21733.450: [scrub symbol table, 0.0043766 secs]2016-10-17T16:56:05.896+0800: 21733.455: [scrub string table, 0.0007113 secs][1 CMS-remark: 1327767K(1798144K)] 1710083K(2483840K), 0.0490192 secs] [Times: user=0.12 sys=0.00, real=0.05 secs] 
2016-10-17T16:56:05.897+0800: 21733.456: [CMS-concurrent-sweep-start]
2016-10-17T16:56:05.995+0800: 21733.554: [CMS-concurrent-sweep: 0.098/0.098 secs] [Times: user=0.13 sys=0.00, real=0.09 secs] 
2016-10-17T16:56:05.995+0800: 21733.554: [CMS-concurrent-reset-start]
2016-10-17T16:56:05.998+0800: 21733.557: [CMS-concurrent-reset: 0.003/0.003 secs] [Times: user=0.00 sys=0.00, real=0.01 secs] 
2016-10-17T16:56:08.245+0800: 21735.803: [GC (Allocation Failure) 2016-10-17T16:56:08.245+0800: 21735.804: [ParNew: 685682K->76160K(685696K), 0.0345318 secs] 1772262K->1244938K(2483840K), 0.0347018 secs] [Times: user=0.11 sys=0.00, real=0.04 secs] 
2016-10-17T16:56:12.895+0800: 21740.453: [GC (Allocation Failure) 2016-10-17T16:56:12.895+0800: 21740.453: [ParNew: 685600K->76160K(685696K), 0.1037569 secs] 1854379K->1328214K(2483840K), 0.1039109 secs] [Times: user=0.14 sys=0.00, real=0.11 secs] 
2016-10-17T16:56:23.597+0800: 21751.155: [GC (Allocation Failure) 2016-10-17T16:56:23.597+0800: 21751.155: [ParNew: 685613K->76160K(685696K), 0.1758351 secs] 1937667K->1415569K(2483840K), 0.1760168 secs] [Times: user=0.33 sys=0.02, real=0.17 secs] 
2016-10-17T16:56:23.777+0800: 21751.336: [GC (CMS Initial Mark) [1 CMS-initial-mark: 1339409K(1798144K)] 1416697K(2483840K), 0.0058332 secs] [Times: user=0.01 sys=0.00, real=0.00 secs] 
2016-10-17T16:56:23.787+0800: 21751.346: [CMS-concurrent-mark-start]
2016-10-17T16:56:24.376+0800: 21751.935: [CMS-concurrent-mark: 0.589/0.589 secs] [Times: user=0.64 sys=0.03, real=0.59 secs] 
2016-10-17T16:56:24.376+0800: 21751.935: [CMS-concurrent-preclean-start]
2016-10-17T16:56:24.384+0800: 21751.943: [CMS-concurrent-preclean: 0.007/0.007 secs] [Times: user=0.01 sys=0.00, real=0.00 secs] 
2016-10-17T16:56:24.384+0800: 21751.943: [CMS-concurrent-abortable-preclean-start]
 CMS: abort preclean due to time 2016-10-17T16:56:29.402+0800: 21756.961: [CMS-concurrent-abortable-preclean: 4.668/5.019 secs] [Times: user=5.17 sys=0.51, real=5.02 secs] 
2016-10-17T16:56:29.404+0800: 21756.962: [GC (CMS Final Remark) [YG occupancy: 297329 K (685696 K)]2016-10-17T16:56:29.404+0800: 21756.962: [Rescan (parallel) , 0.0171787 secs]2016-10-17T16:56:29.421+0800: 21756.980: [weak refs processing, 0.0007999 secs]2016-10-17T16:56:29.422+0800: 21756.981: [class unloading, 0.0200889 secs]2016-10-17T16:56:29.442+0800: 21757.001: [scrub symbol table, 0.0083682 secs]2016-10-17T16:56:29.450+0800: 21757.009: [scrub string table, 0.0010475 secs][1 CMS-remark: 1339409K(1798144K)] 1636739K(2483840K), 0.0480368 secs] [Times: user=0.10 sys=0.00, real=0.05 secs] 
2016-10-17T16:56:29.454+0800: 21757.013: [CMS-concurrent-sweep-start]
2016-10-17T16:56:29.690+0800: 21757.249: [CMS-concurrent-sweep: 0.235/0.235 secs] [Times: user=0.27 sys=0.03, real=0.24 secs] 
2016-10-17T16:56:29.690+0800: 21757.249: [CMS-concurrent-reset-start]
2016-10-17T16:56:29.693+0800: 21757.252: [CMS-concurrent-reset: 0.003/0.003 secs] [Times: user=0.01 sys=0.00, real=0.00 secs] 
2016-10-17T16:56:32.301+0800: 21759.860: [GC (Allocation Failure) 2016-10-17T16:56:32.301+0800: 21759.860: [ParNew: 685696K->76160K(685696K), 0.0318930 secs] 1783031K->1259323K(2483840K), 0.0320412 secs] [Times: user=0.11 sys=0.00, real=0.03 secs] 
2016-10-17T16:56:36.082+0800: 21763.640: [GC (Allocation Failure) 2016-10-17T16:56:36.082+0800: 21763.640: [ParNew: 685613K->76160K(685696K), 0.1524931 secs] 1868777K->1355467K(2483840K), 0.1526782 secs] [Times: user=0.53 sys=0.07, real=0.15 secs] 
2016-10-17T16:56:36.235+0800: 21763.794: [GC (CMS Initial Mark) [1 CMS-initial-mark: 1279307K(1798144K)] 1356077K(2483840K), 0.0021507 secs] [Times: user=0.01 sys=0.00, real=0.01 secs] 
2016-10-17T16:56:36.237+0800: 21763.796: [CMS-concurrent-mark-start]
2016-10-17T16:56:36.642+0800: 21764.201: [CMS-concurrent-mark: 0.405/0.405 secs] [Times: user=0.52 sys=0.07, real=0.40 secs] 
2016-10-17T16:56:36.642+0800: 21764.201: [CMS-concurrent-preclean-start]
2016-10-17T16:56:36.649+0800: 21764.208: [CMS-concurrent-preclean: 0.007/0.007 secs] [Times: user=0.01 sys=0.00, real=0.01 secs] 
2016-10-17T16:56:36.649+0800: 21764.208: [CMS-concurrent-abortable-preclean-start]
2016-10-17T16:56:41.422+0800: 21768.981: [GC (Allocation Failure) 2016-10-17T16:56:41.422+0800: 21768.981: [ParNew: 685696K->76160K(685696K), 0.0315974 secs] 1965003K->1432148K(2483840K), 0.0317298 secs] [Times: user=0.11 sys=0.00, real=0.03 secs] 
 CMS: abort preclean due to time 2016-10-17T16:56:41.672+0800: 21769.231: [CMS-concurrent-abortable-preclean: 4.785/5.023 secs] [Times: user=6.30 sys=0.55, real=5.02 secs] 
2016-10-17T16:56:41.673+0800: 21769.231: [GC (CMS Final Remark) [YG occupancy: 124182 K (685696 K)]2016-10-17T16:56:41.673+0800: 21769.231: [Rescan (parallel) , 0.0038337 secs]2016-10-17T16:56:41.676+0800: 21769.235: [weak refs processing, 0.0002736 secs]2016-10-17T16:56:41.677+0800: 21769.236: [class unloading, 0.0146253 secs]2016-10-17T16:56:41.691+0800: 21769.250: [scrub symbol table, 0.0047587 secs]2016-10-17T16:56:41.696+0800: 21769.255: [scrub string table, 0.0008136 secs][1 CMS-remark: 1355988K(1798144K)] 1480170K(2483840K), 0.0246668 secs] [Times: user=0.04 sys=0.00, real=0.03 secs] 
2016-10-17T16:56:41.697+0800: 21769.256: [CMS-concurrent-sweep-start]
2016-10-17T16:56:41.801+0800: 21769.359: [CMS-concurrent-sweep: 0.103/0.103 secs] [Times: user=0.12 sys=0.00, real=0.10 secs] 
2016-10-17T16:56:41.801+0800: 21769.359: [CMS-concurrent-reset-start]
2016-10-17T16:56:41.804+0800: 21769.363: [CMS-concurrent-reset: 0.003/0.003 secs] [Times: user=0.01 sys=0.00, real=0.00 secs] 
2016-10-17T16:56:45.545+0800: 21773.104: [GC (Allocation Failure) 2016-10-17T16:56:45.545+0800: 21773.104: [ParNew: 685665K->76160K(685696K), 0.0311457 secs] 1881046K->1361989K(2483840K), 0.0312840 secs] [Times: user=0.11 sys=0.00, real=0.04 secs] 
2016-10-17T16:56:45.577+0800: 21773.135: [GC (CMS Initial Mark) [1 CMS-initial-mark: 1285829K(1798144K)] 1362352K(2483840K), 0.0024912 secs] [Times: user=0.01 sys=0.01, real=0.00 secs] 
2016-10-17T16:56:45.579+0800: 21773.138: [CMS-concurrent-mark-start]
2016-10-17T16:56:45.971+0800: 21773.530: [CMS-concurrent-mark: 0.391/0.391 secs] [Times: user=0.52 sys=0.03, real=0.39 secs] 
2016-10-17T16:56:45.971+0800: 21773.530: [CMS-concurrent-preclean-start]
2016-10-17T16:56:45.977+0800: 21773.536: [CMS-concurrent-preclean: 0.006/0.007 secs] [Times: user=0.01 sys=0.00, real=0.01 secs] 
2016-10-17T16:56:45.977+0800: 21773.536: [CMS-concurrent-abortable-preclean-start]
2016-10-17T16:56:48.019+0800: 21775.578: [CMS-concurrent-abortable-preclean: 1.968/2.041 secs] [Times: user=2.72 sys=0.18, real=2.04 secs] 
2016-10-17T16:56:48.019+0800: 21775.578: [GC (CMS Final Remark) [YG occupancy: 393381 K (685696 K)]2016-10-17T16:56:48.019+0800: 21775.578: [Rescan (parallel) , 0.0211870 secs]2016-10-17T16:56:48.041+0800: 21775.599: [weak refs processing, 0.0002567 secs]2016-10-17T16:56:48.041+0800: 21775.600: [class unloading, 0.0152913 secs]2016-10-17T16:56:48.056+0800: 21775.615: [scrub symbol table, 0.0047193 secs]2016-10-17T16:56:48.061+0800: 21775.620: [scrub string table, 0.0007078 secs][1 CMS-remark: 1285829K(1798144K)] 1679211K(2483840K), 0.0424669 secs] [Times: user=0.11 sys=0.00, real=0.04 secs] 
2016-10-17T16:56:48.062+0800: 21775.621: [CMS-concurrent-sweep-start]
2016-10-17T16:56:48.173+0800: 21775.731: [CMS-concurrent-sweep: 0.110/0.110 secs] [Times: user=0.15 sys=0.01, real=0.11 secs] 
2016-10-17T16:56:48.173+0800: 21775.731: [CMS-concurrent-reset-start]
2016-10-17T16:56:48.176+0800: 21775.735: [CMS-concurrent-reset: 0.003/0.003 secs] [Times: user=0.00 sys=0.00, real=0.01 secs] 
2016-10-17T16:56:49.907+0800: 21777.466: [GC (Allocation Failure) 2016-10-17T16:56:49.907+0800: 21777.466: [ParNew: 685681K->76160K(685696K), 0.0333232 secs] 1808921K->1286583K(2483840K), 0.0334653 secs] [Times: user=0.12 sys=0.00, real=0.03 secs] 
2016-10-17T16:56:53.769+0800: 21781.328: [GC (Allocation Failure) 2016-10-17T16:56:53.769+0800: 21781.328: [ParNew: 685640K->76160K(685696K), 0.0273211 secs] 1896064K->1362585K(2483840K), 0.0274663 secs] [Times: user=0.10 sys=0.00, real=0.03 secs] 
2016-10-17T16:56:53.798+0800: 21781.356: [GC (CMS Initial Mark) [1 CMS-initial-mark: 1286425K(1798144K)] 1362926K(2483840K), 0.0027028 secs] [Times: user=0.01 sys=0.00, real=0.00 secs] 
2016-10-17T16:56:53.800+0800: 21781.359: [CMS-concurrent-mark-start]
2016-10-17T16:56:54.232+0800: 21781.791: [CMS-concurrent-mark: 0.432/0.432 secs] [Times: user=0.57 sys=0.05, real=0.43 secs] 
2016-10-17T16:56:54.232+0800: 21781.791: [CMS-concurrent-preclean-start]
2016-10-17T16:56:54.238+0800: 21781.797: [CMS-concurrent-preclean: 0.005/0.006 secs] [Times: user=0.00 sys=0.00, real=0.01 secs] 
2016-10-17T16:56:54.238+0800: 21781.797: [CMS-concurrent-abortable-preclean-start]
2016-10-17T16:56:56.065+0800: 21783.624: [CMS-concurrent-abortable-preclean: 1.827/1.828 secs] [Times: user=2.47 sys=0.17, real=1.82 secs] 
2016-10-17T16:56:56.066+0800: 21783.625: [GC (CMS Final Remark) [YG occupancy: 382938 K (685696 K)]2016-10-17T16:56:56.066+0800: 21783.625: [Rescan (parallel) , 0.0133676 secs]2016-10-17T16:56:56.079+0800: 21783.638: [weak refs processing, 0.0001846 secs]2016-10-17T16:56:56.080+0800: 21783.638: [class unloading, 0.0140607 secs]2016-10-17T16:56:56.094+0800: 21783.653: [scrub symbol table, 0.0041195 secs]2016-10-17T16:56:56.098+0800: 21783.657: [scrub string table, 0.0007690 secs][1 CMS-remark: 1286425K(1798144K)] 1669363K(2483840K), 0.0328195 secs] [Times: user=0.08 sys=0.00, real=0.03 secs] 
2016-10-17T16:56:56.099+0800: 21783.658: [CMS-concurrent-sweep-start]
2016-10-17T16:56:56.299+0800: 21783.858: [CMS-concurrent-sweep: 0.200/0.200 secs] [Times: user=0.24 sys=0.01, real=0.20 secs] 
2016-10-17T16:56:56.299+0800: 21783.858: [CMS-concurrent-reset-start]
2016-10-17T16:56:56.303+0800: 21783.862: [CMS-concurrent-reset: 0.003/0.003 secs] [Times: user=0.00 sys=0.00, real=0.00 secs] 
2016-10-17T16:56:57.885+0800: 21785.444: [GC (Allocation Failure) 2016-10-17T16:56:57.886+0800: 21785.444: [ParNew: 685689K->76160K(685696K), 0.0330989 secs] 1812835K->1288365K(2483840K), 0.0332573 secs] [Times: user=0.11 sys=0.00, real=0.04 secs] 
2016-10-17T16:57:01.482+0800: 21789.041: [GC (Allocation Failure) 2016-10-17T16:57:01.482+0800: 21789.041: [ParNew: 685696K->76160K(685696K), 0.0270800 secs] 1897901K->1380695K(2483840K), 0.0272235 secs] [Times: user=0.11 sys=0.00, real=0.03 secs] 
2016-10-17T16:57:01.510+0800: 21789.069: [GC (CMS Initial Mark) [1 CMS-initial-mark: 1304535K(1798144K)] 1380951K(2483840K), 0.0019127 secs] [Times: user=0.00 sys=0.00, real=0.00 secs] 
2016-10-17T16:57:01.512+0800: 21789.071: [CMS-concurrent-mark-start]
2016-10-17T16:57:01.830+0800: 21789.389: [CMS-concurrent-mark: 0.318/0.318 secs] [Times: user=0.39 sys=0.04, real=0.32 secs] 
2016-10-17T16:57:01.830+0800: 21789.389: [CMS-concurrent-preclean-start]
2016-10-17T16:57:01.838+0800: 21789.396: [CMS-concurrent-preclean: 0.008/0.008 secs] [Times: user=0.01 sys=0.00, real=0.01 secs] 
2016-10-17T16:57:01.838+0800: 21789.396: [CMS-concurrent-abortable-preclean-start]
2016-10-17T16:57:03.713+0800: 21791.272: [CMS-concurrent-abortable-preclean: 1.873/1.875 secs] [Times: user=2.46 sys=0.22, real=1.87 secs] 
2016-10-17T16:57:03.713+0800: 21791.272: [GC (CMS Final Remark) [YG occupancy: 383061 K (685696 K)]2016-10-17T16:57:03.714+0800: 21791.272: [Rescan (parallel) , 0.0134090 secs]2016-10-17T16:57:03.727+0800: 21791.286: [weak refs processing, 0.0001758 secs]2016-10-17T16:57:03.727+0800: 21791.286: [class unloading, 0.0136188 secs]2016-10-17T16:57:03.741+0800: 21791.300: [scrub symbol table, 0.0045200 secs]2016-10-17T16:57:03.745+0800: 21791.304: [scrub string table, 0.0007541 secs][1 CMS-remark: 1304535K(1798144K)] 1687596K(2483840K), 0.0327776 secs] [Times: user=0.07 sys=0.00, real=0.04 secs] 
2016-10-17T16:57:03.746+0800: 21791.305: [CMS-concurrent-sweep-start]
2016-10-17T16:57:03.921+0800: 21791.480: [CMS-concurrent-sweep: 0.175/0.175 secs] [Times: user=0.26 sys=0.01, real=0.17 secs] 
2016-10-17T16:57:03.921+0800: 21791.480: [CMS-concurrent-reset-start]
2016-10-17T16:57:03.925+0800: 21791.484: [CMS-concurrent-reset: 0.004/0.004 secs] [Times: user=0.01 sys=0.00, real=0.00 secs] 
2016-10-17T16:57:05.736+0800: 21793.295: [GC (Allocation Failure) 2016-10-17T16:57:05.736+0800: 21793.295: [ParNew: 685490K->76160K(685696K), 0.0262557 secs] 1737944K->1213474K(2483840K), 0.0263847 secs] [Times: user=0.10 sys=0.00, real=0.02 secs] 
2016-10-17T16:57:09.511+0800: 21797.070: [GC (Allocation Failure) 2016-10-17T16:57:09.511+0800: 21797.070: [ParNew: 685625K->76160K(685696K), 0.0419997 secs] 1822939K->1301679K(2483840K), 0.0421543 secs] [Times: user=0.12 sys=0.00, real=0.04 secs] 
2016-10-17T16:57:15.134+0800: 21802.693: [GC (Allocation Failure) 2016-10-17T16:57:15.134+0800: 21802.693: [ParNew: 685681K->76160K(685696K), 0.1176281 secs] 1911201K->1389954K(2483840K), 0.1177939 secs] [Times: user=0.28 sys=0.02, real=0.12 secs] 
2016-10-17T16:57:15.253+0800: 21802.812: [GC (CMS Initial Mark) [1 CMS-initial-mark: 1313794K(1798144K)] 1390330K(2483840K), 0.0032334 secs] [Times: user=0.01 sys=0.00, real=0.01 secs] 
2016-10-17T16:57:15.256+0800: 21802.815: [CMS-concurrent-mark-start]
2016-10-17T16:57:15.544+0800: 21803.103: [CMS-concurrent-mark: 0.288/0.288 secs] [Times: user=0.40 sys=0.03, real=0.28 secs] 
2016-10-17T16:57:15.544+0800: 21803.103: [CMS-concurrent-preclean-start]
2016-10-17T16:57:15.553+0800: 21803.112: [CMS-concurrent-preclean: 0.008/0.008 secs] [Times: user=0.01 sys=0.00, real=0.01 secs] 
2016-10-17T16:57:15.553+0800: 21803.112: [CMS-concurrent-abortable-preclean-start]
2016-10-17T16:57:18.215+0800: 21805.774: [CMS-concurrent-abortable-preclean: 2.659/2.662 secs] [Times: user=4.14 sys=0.27, real=2.66 secs] 
2016-10-17T16:57:18.216+0800: 21805.775: [GC (CMS Final Remark) [YG occupancy: 382689 K (685696 K)]2016-10-17T16:57:18.216+0800: 21805.775: [Rescan (parallel) , 0.0148581 secs]2016-10-17T16:57:18.231+0800: 21805.789: [weak refs processing, 0.0006079 secs]2016-10-17T16:57:18.231+0800: 21805.790: [class unloading, 0.0184457 secs]2016-10-17T16:57:18.250+0800: 21805.809: [scrub symbol table, 0.0086110 secs]2016-10-17T16:57:18.258+0800: 21805.817: [scrub string table, 0.0010393 secs][1 CMS-remark: 1313794K(1798144K)] 1696484K(2483840K), 0.0441386 secs] [Times: user=0.09 sys=0.00, real=0.04 secs] 
2016-10-17T16:57:18.261+0800: 21805.820: [CMS-concurrent-sweep-start]
2016-10-17T16:57:18.521+0800: 21806.080: [CMS-concurrent-sweep: 0.260/0.260 secs] [Times: user=0.64 sys=0.06, real=0.26 secs] 
2016-10-17T16:57:18.521+0800: 21806.080: [CMS-concurrent-reset-start]
2016-10-17T16:57:18.524+0800: 21806.083: [CMS-concurrent-reset: 0.003/0.003 secs] [Times: user=0.00 sys=0.00, real=0.00 secs] 
2016-10-17T16:57:21.291+0800: 21808.850: [GC (Allocation Failure) 2016-10-17T16:57:21.291+0800: 21808.850: [ParNew: 685648K->76160K(685696K), 0.0414647 secs] 1717706K->1207498K(2483840K), 0.0416494 secs] [Times: user=0.14 sys=0.00, real=0.04 secs] 
2016-10-17T16:57:30.499+0800: 21818.057: [GC (Allocation Failure) 2016-10-17T16:57:30.499+0800: 21818.057: [ParNew: 685673K->76160K(685696K), 0.0363993 secs] 1817011K->1275109K(2483840K), 0.0365803 secs] [Times: user=0.13 sys=0.00, real=0.03 secs] 
2016-10-17T16:57:34.364+0800: 21821.922: [GC (Allocation Failure) 2016-10-17T16:57:34.364+0800: 21821.923: [ParNew: 685491K->76160K(685696K), 0.0376053 secs] 1884440K->1364569K(2483840K), 0.0377772 secs] [Times: user=0.14 sys=0.00, real=0.04 secs] 
2016-10-17T16:57:34.402+0800: 21821.961: [GC (CMS Initial Mark) [1 CMS-initial-mark: 1288409K(1798144K)] 1364825K(2483840K), 0.0023213 secs] [Times: user=0.00 sys=0.00, real=0.00 secs] 
2016-10-17T16:57:34.405+0800: 21821.963: [CMS-concurrent-mark-start]
2016-10-17T16:57:34.547+0800: 21822.106: [CMS-concurrent-mark: 0.143/0.143 secs] [Times: user=0.21 sys=0.01, real=0.15 secs] 
2016-10-17T16:57:34.547+0800: 21822.106: [CMS-concurrent-preclean-start]
2016-10-17T16:57:34.553+0800: 21822.112: [CMS-concurrent-preclean: 0.006/0.006 secs] [Times: user=0.01 sys=0.00, real=0.00 secs] 
2016-10-17T16:57:34.553+0800: 21822.112: [CMS-concurrent-abortable-preclean-start]
2016-10-17T16:57:36.491+0800: 21824.049: [CMS-concurrent-abortable-preclean: 1.936/1.937 secs] [Times: user=2.61 sys=0.14, real=1.94 secs] 
2016-10-17T16:57:36.491+0800: 21824.050: [GC (CMS Final Remark) [YG occupancy: 384155 K (685696 K)]2016-10-17T16:57:36.492+0800: 21824.050: [Rescan (parallel) , 0.0159464 secs]2016-10-17T16:57:36.508+0800: 21824.066: [weak refs processing, 0.0008297 secs]2016-10-17T16:57:36.508+0800: 21824.067: [class unloading, 0.0133198 secs]2016-10-17T16:57:36.522+0800: 21824.080: [scrub symbol table, 0.0039302 secs]2016-10-17T16:57:36.526+0800: 21824.084: [scrub string table, 0.0007177 secs][1 CMS-remark: 1288409K(1798144K)] 1672565K(2483840K), 0.0355331 secs] [Times: user=0.09 sys=0.00, real=0.04 secs] 
2016-10-17T16:57:36.527+0800: 21824.086: [CMS-concurrent-sweep-start]
2016-10-17T16:57:36.882+0800: 21824.441: [CMS-concurrent-sweep: 0.355/0.355 secs] [Times: user=0.47 sys=0.03, real=0.35 secs] 
2016-10-17T16:57:36.882+0800: 21824.441: [CMS-concurrent-reset-start]
2016-10-17T16:57:36.886+0800: 21824.444: [CMS-concurrent-reset: 0.003/0.003 secs] [Times: user=0.00 sys=0.00, real=0.00 secs] 
2016-10-17T16:57:38.428+0800: 21825.987: [GC (Allocation Failure) 2016-10-17T16:57:38.428+0800: 21825.987: [ParNew: 685524K->76160K(685696K), 0.0309062 secs] 1640890K->1126003K(2483840K), 0.0310425 secs] [Times: user=0.11 sys=0.00, real=0.03 secs] 
2016-10-17T16:57:42.303+0800: 21829.861: [GC (Allocation Failure) 2016-10-17T16:57:42.303+0800: 21829.862: [ParNew: 685499K->76160K(685696K), 0.0334347 secs] 1735342K->1211262K(2483840K), 0.0335880 secs] [Times: user=0.12 sys=0.00, real=0.04 secs] 
2016-10-17T16:57:46.015+0800: 21833.573: [GC (Allocation Failure) 2016-10-17T16:57:46.015+0800: 21833.573: [ParNew: 685550K->76160K(685696K), 0.0326005 secs] 1820652K->1299473K(2483840K), 0.0327330 secs] [Times: user=0.12 sys=0.00, real=0.04 secs] 
2016-10-17T16:57:49.597+0800: 21837.156: [GC (Allocation Failure) 2016-10-17T16:57:49.597+0800: 21837.156: [ParNew: 685696K->76160K(685696K), 0.0311482 secs] 1909009K->1391339K(2483840K), 0.0312736 secs] [Times: user=0.10 sys=0.00, real=0.03 secs] 
2016-10-17T16:57:49.629+0800: 21837.188: [GC (CMS Initial Mark) [1 CMS-initial-mark: 1315179K(1798144K)] 1391678K(2483840K), 0.0024471 secs] [Times: user=0.01 sys=0.00, real=0.00 secs] 
2016-10-17T16:57:49.734+0800: 21837.293: [CMS-concurrent-mark-start]
2016-10-17T16:57:49.903+0800: 21837.462: [CMS-concurrent-mark: 0.169/0.169 secs] [Times: user=0.23 sys=0.01, real=0.17 secs] 
2016-10-17T16:57:49.903+0800: 21837.462: [CMS-concurrent-preclean-start]
2016-10-17T16:57:49.909+0800: 21837.468: [CMS-concurrent-preclean: 0.005/0.006 secs] [Times: user=0.01 sys=0.00, real=0.01 secs] 
2016-10-17T16:57:49.909+0800: 21837.468: [CMS-concurrent-abortable-preclean-start]
2016-10-17T16:57:51.848+0800: 21839.407: [CMS-concurrent-abortable-preclean: 1.938/1.939 secs] [Times: user=2.60 sys=0.18, real=1.94 secs] 
2016-10-17T16:57:51.854+0800: 21839.413: [GC (CMS Final Remark) [YG occupancy: 388785 K (685696 K)]2016-10-17T16:57:51.855+0800: 21839.413: [Rescan (parallel) , 0.0130241 secs]2016-10-17T16:57:51.868+0800: 21839.426: [weak refs processing, 0.0005390 secs]2016-10-17T16:57:51.868+0800: 21839.427: [class unloading, 0.0141119 secs]2016-10-17T16:57:51.882+0800: 21839.441: [scrub symbol table, 0.0048580 secs]2016-10-17T16:57:51.887+0800: 21839.446: [scrub string table, 0.0007190 secs][1 CMS-remark: 1315179K(1798144K)] 1703964K(2483840K), 0.0337643 secs] [Times: user=0.07 sys=0.00, real=0.04 secs] 
2016-10-17T16:57:51.889+0800: 21839.447: [CMS-concurrent-sweep-start]
2016-10-17T16:57:51.976+0800: 21839.535: [CMS-concurrent-sweep: 0.088/0.088 secs] [Times: user=0.12 sys=0.01, real=0.09 secs] 
2016-10-17T16:57:51.976+0800: 21839.535: [CMS-concurrent-reset-start]
2016-10-17T16:57:51.980+0800: 21839.539: [CMS-concurrent-reset: 0.003/0.003 secs] [Times: user=0.01 sys=0.00, real=0.00 secs] 
2016-10-17T16:57:53.787+0800: 21841.345: [GC (Allocation Failure) 2016-10-17T16:57:53.787+0800: 21841.346: [ParNew: 685657K->76160K(685696K), 0.0346882 secs] 1680209K->1156128K(2483840K), 0.0348586 secs] [Times: user=0.13 sys=0.00, real=0.03 secs] 
2016-10-17T16:57:58.280+0800: 21845.839: [GC (Allocation Failure) 2016-10-17T16:57:58.280+0800: 21845.839: [ParNew: 685442K->76160K(685696K), 0.1617788 secs] 1765410K->1247283K(2483840K), 0.1619419 secs] [Times: user=0.53 sys=0.05, real=0.16 secs] 
2016-10-17T16:58:03.233+0800: 21850.792: [GC (Allocation Failure) 2016-10-17T16:58:03.233+0800: 21850.792: [ParNew: 685637K->76160K(685696K), 0.0345738 secs] 1856761K->1335550K(2483840K), 0.0347187 secs] [Times: user=0.13 sys=0.00, real=0.04 secs] 
2016-10-17T16:58:03.268+0800: 21850.827: [GC (CMS Initial Mark) [1 CMS-initial-mark: 1259390K(1798144K)] 1335806K(2483840K), 0.0026630 secs] [Times: user=0.00 sys=0.00, real=0.00 secs] 
2016-10-17T16:58:03.271+0800: 21850.830: [CMS-concurrent-mark-start]
2016-10-17T16:58:03.457+0800: 21851.016: [CMS-concurrent-mark: 0.186/0.186 secs] [Times: user=0.27 sys=0.01, real=0.19 secs] 
2016-10-17T16:58:03.457+0800: 21851.016: [CMS-concurrent-preclean-start]
2016-10-17T16:58:03.464+0800: 21851.022: [CMS-concurrent-preclean: 0.006/0.006 secs] [Times: user=0.01 sys=0.00, real=0.00 secs] 
2016-10-17T16:58:03.464+0800: 21851.022: [CMS-concurrent-abortable-preclean-start]
2016-10-17T16:58:05.489+0800: 21853.048: [CMS-concurrent-abortable-preclean: 2.024/2.025 secs] [Times: user=2.64 sys=0.24, real=2.03 secs] 
2016-10-17T16:58:05.490+0800: 21853.049: [GC (CMS Final Remark) [YG occupancy: 383745 K (685696 K)]2016-10-17T16:58:05.490+0800: 21853.049: [Rescan (parallel) , 0.0156909 secs]2016-10-17T16:58:05.506+0800: 21853.064: [weak refs processing, 0.0006116 secs]2016-10-17T16:58:05.506+0800: 21853.065: [class unloading, 0.0150535 secs]2016-10-17T16:58:05.521+0800: 21853.080: [scrub symbol table, 0.0040775 secs]2016-10-17T16:58:05.525+0800: 21853.084: [scrub string table, 0.0006934 secs][1 CMS-remark: 1259390K(1798144K)] 1643136K(2483840K), 0.0367141 secs] [Times: user=0.08 sys=0.00, real=0.04 secs] 
2016-10-17T16:58:05.527+0800: 21853.085: [CMS-concurrent-sweep-start]
2016-10-17T16:58:05.617+0800: 21853.176: [CMS-concurrent-sweep: 0.091/0.091 secs] [Times: user=0.12 sys=0.01, real=0.09 secs] 
2016-10-17T16:58:05.617+0800: 21853.176: [CMS-concurrent-reset-start]
2016-10-17T16:58:05.621+0800: 21853.180: [CMS-concurrent-reset: 0.004/0.004 secs] [Times: user=0.00 sys=0.00, real=0.00 secs] 
2016-10-17T16:58:07.539+0800: 21855.098: [GC (Allocation Failure) 2016-10-17T16:58:07.539+0800: 21855.098: [ParNew: 685668K->76160K(685696K), 0.0340327 secs] 1701685K->1182153K(2483840K), 0.0341574 secs] [Times: user=0.12 sys=0.00, real=0.03 secs] 
2016-10-17T16:58:11.177+0800: 21858.736: [GC (Allocation Failure) 2016-10-17T16:58:11.177+0800: 21858.736: [ParNew: 685652K->76160K(685696K), 0.0337662 secs] 1791645K->1265725K(2483840K), 0.0339312 secs] [Times: user=0.12 sys=0.00, real=0.03 secs] 
2016-10-17T16:58:17.581+0800: 21865.139: [GC (Allocation Failure) 2016-10-17T16:58:17.581+0800: 21865.139: [ParNew: 685633K->76160K(685696K), 0.0320164 secs] 1875198K->1353392K(2483840K), 0.0321832 secs] [Times: user=0.12 sys=0.00, real=0.03 secs] 
2016-10-17T16:58:17.613+0800: 21865.172: [GC (CMS Initial Mark) [1 CMS-initial-mark: 1277232K(1798144K)] 1353738K(2483840K), 0.0022470 secs] [Times: user=0.01 sys=0.00, real=0.00 secs] 
2016-10-17T16:58:17.616+0800: 21865.175: [CMS-concurrent-mark-start]
2016-10-17T16:58:17.849+0800: 21865.407: [CMS-concurrent-mark: 0.233/0.233 secs] [Times: user=0.30 sys=0.00, real=0.24 secs] 
2016-10-17T16:58:17.849+0800: 21865.407: [CMS-concurrent-preclean-start]
2016-10-17T16:58:17.855+0800: 21865.414: [CMS-concurrent-preclean: 0.006/0.006 secs] [Times: user=0.01 sys=0.00, real=0.00 secs] 
2016-10-17T16:58:17.855+0800: 21865.414: [CMS-concurrent-abortable-preclean-start]
2016-10-17T16:58:21.056+0800: 21868.615: [CMS-concurrent-abortable-preclean: 3.099/3.201 secs] [Times: user=3.72 sys=0.24, real=3.21 secs] 
2016-10-17T16:58:21.057+0800: 21868.615: [GC (CMS Final Remark) [YG occupancy: 382614 K (685696 K)]2016-10-17T16:58:21.057+0800: 21868.615: [Rescan (parallel) , 0.0186025 secs]2016-10-17T16:58:21.075+0800: 21868.634: [weak refs processing, 0.0006241 secs]2016-10-17T16:58:21.076+0800: 21868.635: [class unloading, 0.0142990 secs]2016-10-17T16:58:21.090+0800: 21868.649: [scrub symbol table, 0.0040534 secs]2016-10-17T16:58:21.094+0800: 21868.653: [scrub string table, 0.0007068 secs][1 CMS-remark: 1277232K(1798144K)] 1659846K(2483840K), 0.0388406 secs] [Times: user=0.10 sys=0.00, real=0.03 secs] 
2016-10-17T16:58:21.096+0800: 21868.655: [CMS-concurrent-sweep-start]
2016-10-17T16:58:21.246+0800: 21868.804: [CMS-concurrent-sweep: 0.150/0.150 secs] [Times: user=0.18 sys=0.01, real=0.14 secs] 
2016-10-17T16:58:21.246+0800: 21868.804: [CMS-concurrent-reset-start]
2016-10-17T16:58:21.249+0800: 21868.808: [CMS-concurrent-reset: 0.004/0.004 secs] [Times: user=0.01 sys=0.00, real=0.01 secs] 
2016-10-17T16:58:23.468+0800: 21871.027: [GC (Allocation Failure) 2016-10-17T16:58:23.468+0800: 21871.027: [ParNew: 685696K->76160K(685696K), 0.0331925 secs] 1682233K->1162839K(2483840K), 0.0333668 secs] [Times: user=0.12 sys=0.00, real=0.03 secs] 
2016-10-17T16:58:29.423+0800: 21876.982: [GC (Allocation Failure) 2016-10-17T16:58:29.423+0800: 21876.982: [ParNew: 685696K->76160K(685696K), 0.0372183 secs] 1772375K->1250567K(2483840K), 0.0373447 secs] [Times: user=0.14 sys=0.00, real=0.04 secs] 
2016-10-17T16:58:33.876+0800: 21881.435: [GC (Allocation Failure) 2016-10-17T16:58:33.876+0800: 21881.435: [ParNew: 685680K->76160K(685696K), 0.0316044 secs] 1860087K->1339840K(2483840K), 0.0317314 secs] [Times: user=0.11 sys=0.00, real=0.03 secs] 
2016-10-17T16:58:33.909+0800: 21881.467: [GC (CMS Initial Mark) [1 CMS-initial-mark: 1263680K(1798144K)] 1340214K(2483840K), 0.0030712 secs] [Times: user=0.01 sys=0.00, real=0.00 secs] 
2016-10-17T16:58:33.912+0800: 21881.471: [CMS-concurrent-mark-start]
2016-10-17T16:58:34.132+0800: 21881.691: [CMS-concurrent-mark: 0.220/0.220 secs] [Times: user=0.32 sys=0.01, real=0.22 secs] 
2016-10-17T16:58:34.132+0800: 21881.691: [CMS-concurrent-preclean-start]
2016-10-17T16:58:34.138+0800: 21881.697: [CMS-concurrent-preclean: 0.006/0.006 secs] [Times: user=0.00 sys=0.00, real=0.01 secs] 
2016-10-17T16:58:34.138+0800: 21881.697: [CMS-concurrent-abortable-preclean-start]
2016-10-17T16:58:36.148+0800: 21883.707: [CMS-concurrent-abortable-preclean: 2.008/2.010 secs] [Times: user=2.63 sys=0.19, real=2.01 secs] 
2016-10-17T16:58:36.149+0800: 21883.708: [GC (CMS Final Remark) [YG occupancy: 384511 K (685696 K)]2016-10-17T16:58:36.150+0800: 21883.708: [Rescan (parallel) , 0.0205490 secs]2016-10-17T16:58:36.170+0800: 21883.729: [weak refs processing, 0.0005776 secs]2016-10-17T16:58:36.171+0800: 21883.730: [class unloading, 0.0192402 secs]2016-10-17T16:58:36.190+0800: 21883.749: [scrub symbol table, 0.0071230 secs]2016-10-17T16:58:36.197+0800: 21883.756: [scrub string table, 0.0010214 secs][1 CMS-remark: 1263680K(1798144K)] 1648191K(2483840K), 0.0490904 secs] [Times: user=0.11 sys=0.00, real=0.05 secs] 
2016-10-17T16:58:36.199+0800: 21883.758: [CMS-concurrent-sweep-start]
2016-10-17T16:58:36.294+0800: 21883.853: [CMS-concurrent-sweep: 0.095/0.095 secs] [Times: user=0.14 sys=0.01, real=0.09 secs] 
2016-10-17T16:58:36.294+0800: 21883.853: [CMS-concurrent-reset-start]
2016-10-17T16:58:36.298+0800: 21883.857: [CMS-concurrent-reset: 0.004/0.004 secs] [Times: user=0.00 sys=0.00, real=0.01 secs] 
2016-10-17T16:58:38.377+0800: 21885.936: [GC (Allocation Failure) 2016-10-17T16:58:38.377+0800: 21885.936: [ParNew: 685667K->76160K(685696K), 0.1667755 secs] 1707986K->1192057K(2483840K), 0.1669580 secs] [Times: user=0.23 sys=0.01, real=0.16 secs] 
2016-10-17T16:58:42.279+0800: 21889.838: [GC (Allocation Failure) 2016-10-17T16:58:42.279+0800: 21889.838: [ParNew: 685696K->76160K(685696K), 0.0501322 secs] 1801593K->1273700K(2483840K), 0.0502971 secs] [Times: user=0.12 sys=0.00, real=0.05 secs] 
2016-10-17T16:58:46.017+0800: 21893.576: [GC (Allocation Failure) 2016-10-17T16:58:46.017+0800: 21893.576: [ParNew: 685696K->76160K(685696K), 0.0461100 secs] 1883236K->1383561K(2483840K), 0.0462435 secs] [Times: user=0.16 sys=0.00, real=0.04 secs] 
2016-10-17T16:58:46.064+0800: 21893.623: [GC (CMS Initial Mark) [1 CMS-initial-mark: 1307401K(1798144K)] 1383817K(2483840K), 0.0078408 secs] [Times: user=0.02 sys=0.00, real=0.01 secs] 
2016-10-17T16:58:46.072+0800: 21893.631: [CMS-concurrent-mark-start]
2016-10-17T16:58:46.366+0800: 21893.925: [CMS-concurrent-mark: 0.294/0.294 secs] [Times: user=0.36 sys=0.02, real=0.30 secs] 
2016-10-17T16:58:46.366+0800: 21893.925: [CMS-concurrent-preclean-start]
2016-10-17T16:58:46.372+0800: 21893.931: [CMS-concurrent-preclean: 0.006/0.006 secs] [Times: user=0.01 sys=0.00, real=0.00 secs] 
2016-10-17T16:58:46.372+0800: 21893.931: [CMS-concurrent-abortable-preclean-start]
2016-10-17T16:58:48.411+0800: 21895.969: [CMS-concurrent-abortable-preclean: 2.037/2.039 secs] [Times: user=2.76 sys=0.21, real=2.04 secs] 
2016-10-17T16:58:48.411+0800: 21895.970: [GC (CMS Final Remark) [YG occupancy: 381567 K (685696 K)]2016-10-17T16:58:48.411+0800: 21895.970: [Rescan (parallel) , 0.0234142 secs]2016-10-17T16:58:48.435+0800: 21895.994: [weak refs processing, 0.0035374 secs]2016-10-17T16:58:48.438+0800: 21895.997: [class unloading, 0.0153308 secs]2016-10-17T16:58:48.454+0800: 21896.013: [scrub symbol table, 0.0043893 secs]2016-10-17T16:58:48.458+0800: 21896.017: [scrub string table, 0.0007171 secs][1 CMS-remark: 1307401K(1798144K)] 1688969K(2483840K), 0.0491723 secs] [Times: user=0.11 sys=0.00, real=0.05 secs] 
2016-10-17T16:58:48.461+0800: 21896.020: [CMS-concurrent-sweep-start]
2016-10-17T16:58:48.707+0800: 21896.265: [CMS-concurrent-sweep: 0.246/0.246 secs] [Times: user=0.41 sys=0.02, real=0.25 secs] 
2016-10-17T16:58:48.707+0800: 21896.266: [CMS-concurrent-reset-start]
2016-10-17T16:58:48.710+0800: 21896.269: [CMS-concurrent-reset: 0.004/0.004 secs] [Times: user=0.01 sys=0.00, real=0.00 secs] 
2016-10-17T16:58:50.398+0800: 21897.957: [GC (Allocation Failure) 2016-10-17T16:58:50.398+0800: 21897.957: [ParNew: 685442K->76160K(685696K), 0.0624780 secs] 1723884K->1224410K(2483840K), 0.0626283 secs] [Times: user=0.21 sys=0.00, real=0.06 secs] 
2016-10-17T16:58:55.530+0800: 21903.089: [GC (Allocation Failure) 2016-10-17T16:58:55.530+0800: 21903.089: [ParNew: 685663K->76160K(685696K), 0.0356562 secs] 1833914K->1294438K(2483840K), 0.0358523 secs] [Times: user=0.13 sys=0.00, real=0.04 secs] 
2016-10-17T16:59:03.529+0800: 21911.088: [GC (Allocation Failure) 2016-10-17T16:59:03.529+0800: 21911.088: [ParNew: 685669K->76160K(685696K), 0.0364130 secs] 1903948K->1382323K(2483840K), 0.0365707 secs] [Times: user=0.13 sys=0.00, real=0.04 secs] 
2016-10-17T16:59:03.567+0800: 21911.125: [GC (CMS Initial Mark) [1 CMS-initial-mark: 1306163K(1798144K)] 1382692K(2483840K), 0.0031431 secs] [Times: user=0.01 sys=0.00, real=0.00 secs] 
2016-10-17T16:59:03.570+0800: 21911.129: [CMS-concurrent-mark-start]
2016-10-17T16:59:03.934+0800: 21911.492: [CMS-concurrent-mark: 0.363/0.364 secs] [Times: user=0.45 sys=0.03, real=0.36 secs] 
2016-10-17T16:59:03.934+0800: 21911.492: [CMS-concurrent-preclean-start]
2016-10-17T16:59:04.022+0800: 21911.581: [CMS-concurrent-preclean: 0.088/0.089 secs] [Times: user=0.08 sys=0.01, real=0.09 secs] 
2016-10-17T16:59:04.022+0800: 21911.581: [CMS-concurrent-abortable-preclean-start]
2016-10-17T16:59:06.400+0800: 21913.959: [CMS-concurrent-abortable-preclean: 2.176/2.378 secs] [Times: user=3.00 sys=0.19, real=2.38 secs] 
2016-10-17T16:59:06.401+0800: 21913.960: [GC (CMS Final Remark) [YG occupancy: 389087 K (685696 K)]2016-10-17T16:59:06.401+0800: 21913.960: [Rescan (parallel) , 0.0155600 secs]2016-10-17T16:59:06.417+0800: 21913.976: [weak refs processing, 0.0004170 secs]2016-10-17T16:59:06.417+0800: 21913.976: [class unloading, 0.0209844 secs]2016-10-17T16:59:06.438+0800: 21913.997: [scrub symbol table, 0.0044523 secs]2016-10-17T16:59:06.443+0800: 21914.002: [scrub string table, 0.0007122 secs][1 CMS-remark: 1306163K(1798144K)] 1695251K(2483840K), 0.0513656 secs] [Times: user=0.10 sys=0.00, real=0.05 secs] 
2016-10-17T16:59:06.539+0800: 21914.098: [CMS-concurrent-sweep-start]
2016-10-17T16:59:06.637+0800: 21914.196: [CMS-concurrent-sweep: 0.098/0.098 secs] [Times: user=0.13 sys=0.01, real=0.10 secs] 
2016-10-17T16:59:06.637+0800: 21914.196: [CMS-concurrent-reset-start]
2016-10-17T16:59:06.645+0800: 21914.203: [CMS-concurrent-reset: 0.007/0.007 secs] [Times: user=0.01 sys=0.00, real=0.00 secs] 
2016-10-17T16:59:09.042+0800: 21916.601: [GC (Allocation Failure) 2016-10-17T16:59:09.042+0800: 21916.601: [ParNew: 685696K->76160K(685696K), 0.0458645 secs] 1749669K->1230773K(2483840K), 0.0460160 secs] [Times: user=0.15 sys=0.00, real=0.05 secs] 
2016-10-17T16:59:13.560+0800: 21921.119: [GC (Allocation Failure) 2016-10-17T16:59:13.560+0800: 21921.119: [ParNew: 685472K->76160K(685696K), 0.0539938 secs] 1840086K->1318637K(2483840K), 0.0541544 secs] [Times: user=0.17 sys=0.00, real=0.05 secs] 
2016-10-17T16:59:22.866+0800: 21930.425: [GC (Allocation Failure) 2016-10-17T16:59:22.867+0800: 21930.425: [ParNew: 685483K->76160K(685696K), 0.0357167 secs] 1927960K->1405081K(2483840K), 0.0358928 secs] [Times: user=0.13 sys=0.00, real=0.03 secs] 
2016-10-17T16:59:22.903+0800: 21930.462: [GC (CMS Initial Mark) [1 CMS-initial-mark: 1328921K(1798144K)] 1405337K(2483840K), 0.0031779 secs] [Times: user=0.00 sys=0.00, real=0.01 secs] 
2016-10-17T16:59:22.906+0800: 21930.465: [CMS-concurrent-mark-start]
2016-10-17T16:59:23.473+0800: 21931.031: [CMS-concurrent-mark: 0.566/0.566 secs] [Times: user=0.65 sys=0.05, real=0.56 secs] 
2016-10-17T16:59:23.473+0800: 21931.032: [CMS-concurrent-preclean-start]
2016-10-17T16:59:23.481+0800: 21931.040: [CMS-concurrent-preclean: 0.008/0.008 secs] [Times: user=0.01 sys=0.00, real=0.01 secs] 
2016-10-17T16:59:23.481+0800: 21931.040: [CMS-concurrent-abortable-preclean-start]
 CMS: abort preclean due to time 2016-10-17T16:59:28.743+0800: 21936.301: [CMS-concurrent-abortable-preclean: 4.853/5.262 secs] [Times: user=5.47 sys=0.54, real=5.26 secs] 
2016-10-17T16:59:28.743+0800: 21936.302: [GC (CMS Final Remark) [YG occupancy: 332600 K (685696 K)]2016-10-17T16:59:28.743+0800: 21936.302: [Rescan (parallel) , 0.0254402 secs]2016-10-17T16:59:28.769+0800: 21936.328: [weak refs processing, 0.0005521 secs]2016-10-17T16:59:28.769+0800: 21936.328: [class unloading, 0.0160573 secs]2016-10-17T16:59:28.786+0800: 21936.344: [scrub symbol table, 0.0087260 secs]2016-10-17T16:59:28.794+0800: 21936.353: [scrub string table, 0.0009626 secs][1 CMS-remark: 1328921K(1798144K)] 1661522K(2483840K), 0.0522508 secs] [Times: user=0.10 sys=0.00, real=0.05 secs] 
2016-10-17T16:59:28.796+0800: 21936.355: [CMS-concurrent-sweep-start]
2016-10-17T16:59:29.033+0800: 21936.592: [CMS-concurrent-sweep: 0.238/0.238 secs] [Times: user=0.27 sys=0.02, real=0.23 secs] 
2016-10-17T16:59:29.034+0800: 21936.592: [CMS-concurrent-reset-start]
2016-10-17T16:59:29.037+0800: 21936.596: [CMS-concurrent-reset: 0.004/0.004 secs] [Times: user=0.00 sys=0.00, real=0.01 secs] 
2016-10-17T16:59:33.329+0800: 21940.888: [GC (Allocation Failure) 2016-10-17T16:59:33.329+0800: 21940.888: [ParNew: 685693K->76160K(685696K), 0.0369742 secs] 1768546K->1245989K(2483840K), 0.0371301 secs] [Times: user=0.12 sys=0.00, real=0.04 secs] 
2016-10-17T16:59:37.387+0800: 21944.946: [GC (Allocation Failure) 2016-10-17T16:59:37.387+0800: 21944.946: [ParNew: 685696K->76160K(685696K), 0.0315366 secs] 1855525K->1337253K(2483840K), 0.0316744 secs] [Times: user=0.11 sys=0.00, real=0.03 secs] 
2016-10-17T16:59:37.419+0800: 21944.978: [GC (CMS Initial Mark) [1 CMS-initial-mark: 1261093K(1798144K)] 1337599K(2483840K), 0.0018202 secs] [Times: user=0.01 sys=0.00, real=0.00 secs] 
2016-10-17T16:59:37.421+0800: 21944.980: [CMS-concurrent-mark-start]
2016-10-17T16:59:37.809+0800: 21945.367: [CMS-concurrent-mark: 0.387/0.387 secs] [Times: user=0.51 sys=0.03, real=0.39 secs] 
2016-10-17T16:59:37.809+0800: 21945.367: [CMS-concurrent-preclean-start]
2016-10-17T16:59:37.814+0800: 21945.373: [CMS-concurrent-preclean: 0.005/0.005 secs] [Times: user=0.00 sys=0.00, real=0.00 secs] 
2016-10-17T16:59:37.814+0800: 21945.373: [CMS-concurrent-abortable-preclean-start]
2016-10-17T16:59:39.857+0800: 21947.415: [CMS-concurrent-abortable-preclean: 2.041/2.042 secs] [Times: user=2.73 sys=0.19, real=2.05 secs] 
2016-10-17T16:59:39.877+0800: 21947.436: [GC (CMS Final Remark) [YG occupancy: 384455 K (685696 K)]2016-10-17T16:59:39.877+0800: 21947.436: [Rescan (parallel) , 0.0186857 secs]2016-10-17T16:59:39.896+0800: 21947.455: [weak refs processing, 0.0004328 secs]2016-10-17T16:59:39.896+0800: 21947.455: [class unloading, 0.1041786 secs]2016-10-17T16:59:40.000+0800: 21947.559: [scrub symbol table, 0.0072851 secs]2016-10-17T16:59:40.008+0800: 21947.567: [scrub string table, 0.0008999 secs][1 CMS-remark: 1261093K(1798144K)] 1645549K(2483840K), 0.1319820 secs] [Times: user=0.17 sys=0.01, real=0.13 secs] 
2016-10-17T16:59:40.009+0800: 21947.568: [CMS-concurrent-sweep-start]
2016-10-17T16:59:40.103+0800: 21947.662: [CMS-concurrent-sweep: 0.094/0.094 secs] [Times: user=0.14 sys=0.01, real=0.09 secs] 
2016-10-17T16:59:40.103+0800: 21947.662: [CMS-concurrent-reset-start]
2016-10-17T16:59:40.107+0800: 21947.665: [CMS-concurrent-reset: 0.003/0.003 secs] [Times: user=0.00 sys=0.00, real=0.01 secs] 
2016-10-17T16:59:41.738+0800: 21949.297: [GC (Allocation Failure) 2016-10-17T16:59:41.738+0800: 21949.297: [ParNew: 685525K->76160K(685696K), 0.0343015 secs] 1752188K->1231130K(2483840K), 0.0344586 secs] [Times: user=0.13 sys=0.00, real=0.03 secs] 
2016-10-17T16:59:45.818+0800: 21953.376: [GC (Allocation Failure) 2016-10-17T16:59:45.818+0800: 21953.376: [ParNew: 685696K->76160K(685696K), 0.0326354 secs] 1840666K->1313509K(2483840K), 0.0327927 secs] [Times: user=0.12 sys=0.01, real=0.03 secs] 
2016-10-17T16:59:49.312+0800: 21956.870: [GC (Allocation Failure) 2016-10-17T16:59:49.312+0800: 21956.870: [ParNew: 685694K->76160K(685696K), 0.0391734 secs] 1923043K->1403121K(2483840K), 0.0392983 secs] [Times: user=0.13 sys=0.00, real=0.04 secs] 
2016-10-17T16:59:49.351+0800: 21956.910: [GC (CMS Initial Mark) [1 CMS-initial-mark: 1326961K(1798144K)] 1403377K(2483840K), 0.0018285 secs] [Times: user=0.01 sys=0.00, real=0.00 secs] 
2016-10-17T16:59:49.353+0800: 21956.912: [CMS-concurrent-mark-start]
2016-10-17T16:59:49.792+0800: 21957.351: [CMS-concurrent-mark: 0.439/0.439 secs] [Times: user=0.54 sys=0.07, real=0.44 secs] 
2016-10-17T16:59:49.792+0800: 21957.351: [CMS-concurrent-preclean-start]
2016-10-17T16:59:49.798+0800: 21957.356: [CMS-concurrent-preclean: 0.005/0.006 secs] [Times: user=0.01 sys=0.00, real=0.01 secs] 
2016-10-17T16:59:49.798+0800: 21957.357: [CMS-concurrent-abortable-preclean-start]
2016-10-17T16:59:51.572+0800: 21959.131: [CMS-concurrent-abortable-preclean: 1.773/1.774 secs] [Times: user=2.28 sys=0.26, real=1.77 secs] 
2016-10-17T16:59:51.573+0800: 21959.132: [GC (CMS Final Remark) [YG occupancy: 383988 K (685696 K)]2016-10-17T16:59:51.573+0800: 21959.132: [Rescan (parallel) , 0.0139163 secs]2016-10-17T16:59:51.587+0800: 21959.146: [weak refs processing, 0.0002610 secs]2016-10-17T16:59:51.587+0800: 21959.146: [class unloading, 0.0136475 secs]2016-10-17T16:59:51.601+0800: 21959.160: [scrub symbol table, 0.0055153 secs]2016-10-17T16:59:51.606+0800: 21959.165: [scrub string table, 0.0007462 secs][1 CMS-remark: 1326961K(1798144K)] 1710950K(2483840K), 0.0344627 secs] [Times: user=0.08 sys=0.00, real=0.04 secs] 
2016-10-17T16:59:51.608+0800: 21959.166: [CMS-concurrent-sweep-start]
2016-10-17T16:59:51.732+0800: 21959.291: [CMS-concurrent-sweep: 0.124/0.124 secs] [Times: user=0.17 sys=0.01, real=0.12 secs] 
2016-10-17T16:59:51.732+0800: 21959.291: [CMS-concurrent-reset-start]
2016-10-17T16:59:51.736+0800: 21959.294: [CMS-concurrent-reset: 0.004/0.004 secs] [Times: user=0.00 sys=0.00, real=0.00 secs] 
2016-10-17T16:59:53.750+0800: 21961.309: [GC (Allocation Failure) 2016-10-17T16:59:53.751+0800: 21961.309: [ParNew: 685696K->76160K(685696K), 0.0412527 secs] 1771604K->1256457K(2483840K), 0.0413895 secs] [Times: user=0.10 sys=0.00, real=0.04 secs] 
2016-10-17T16:59:57.741+0800: 21965.300: [GC (Allocation Failure) 2016-10-17T16:59:57.742+0800: 21965.300: [ParNew: 685442K->76160K(685696K), 0.0386563 secs] 1865740K->1343300K(2483840K), 0.0388126 secs] [Times: user=0.14 sys=0.00, real=0.04 secs] 
2016-10-17T16:59:57.781+0800: 21965.340: [GC (CMS Initial Mark) [1 CMS-initial-mark: 1267140K(1798144K)] 1343924K(2483840K), 0.0022954 secs] [Times: user=0.00 sys=0.00, real=0.00 secs] 
2016-10-17T16:59:57.783+0800: 21965.342: [CMS-concurrent-mark-start]
2016-10-17T16:59:58.197+0800: 21965.756: [CMS-concurrent-mark: 0.414/0.414 secs] [Times: user=0.53 sys=0.04, real=0.42 secs] 
2016-10-17T16:59:58.197+0800: 21965.756: [CMS-concurrent-preclean-start]
2016-10-17T16:59:58.203+0800: 21965.762: [CMS-concurrent-preclean: 0.006/0.006 secs] [Times: user=0.02 sys=0.00, real=0.00 secs] 
2016-10-17T16:59:58.203+0800: 21965.762: [CMS-concurrent-abortable-preclean-start]
2016-10-17T17:00:00.423+0800: 21967.981: [CMS-concurrent-abortable-preclean: 2.218/2.219 secs] [Times: user=2.86 sys=0.20, real=2.22 secs] 
2016-10-17T17:00:00.423+0800: 21967.982: [GC (CMS Final Remark) [YG occupancy: 381557 K (685696 K)]2016-10-17T17:00:00.423+0800: 21967.982: [Rescan (parallel) , 0.0142756 secs]2016-10-17T17:00:00.438+0800: 21967.997: [weak refs processing, 0.0002375 secs]2016-10-17T17:00:00.438+0800: 21967.997: [class unloading, 0.0134405 secs]2016-10-17T17:00:00.451+0800: 21968.010: [scrub symbol table, 0.0054339 secs]2016-10-17T17:00:00.457+0800: 21968.016: [scrub string table, 0.0006996 secs][1 CMS-remark: 1267140K(1798144K)] 1648697K(2483840K), 0.0344203 secs] [Times: user=0.08 sys=0.00, real=0.04 secs] 
2016-10-17T17:00:00.458+0800: 21968.017: [CMS-concurrent-sweep-start]
2016-10-17T17:00:00.566+0800: 21968.125: [CMS-concurrent-sweep: 0.108/0.108 secs] [Times: user=0.15 sys=0.01, real=0.11 secs] 
2016-10-17T17:00:00.566+0800: 21968.125: [CMS-concurrent-reset-start]
2016-10-17T17:00:00.570+0800: 21968.129: [CMS-concurrent-reset: 0.003/0.003 secs] [Times: user=0.01 sys=0.00, real=0.00 secs] 
2016-10-17T17:00:02.458+0800: 21970.017: [GC (Allocation Failure) 2016-10-17T17:00:02.458+0800: 21970.017: [ParNew: 685696K->76160K(685696K), 0.0298452 secs] 1790763K->1266724K(2483840K), 0.0299790 secs] [Times: user=0.11 sys=0.00, real=0.03 secs] 
2016-10-17T17:00:06.419+0800: 21973.977: [GC (Allocation Failure) 2016-10-17T17:00:06.419+0800: 21973.978: [ParNew: 685696K->76160K(685696K), 0.0320543 secs] 1876260K->1355934K(2483840K), 0.0322337 secs] [Times: user=0.12 sys=0.00, real=0.03 secs] 
2016-10-17T17:00:06.452+0800: 21974.010: [GC (CMS Initial Mark) [1 CMS-initial-mark: 1279774K(1798144K)] 1356498K(2483840K), 0.0018283 secs] [Times: user=0.01 sys=0.00, real=0.00 secs] 
2016-10-17T17:00:06.454+0800: 21974.012: [CMS-concurrent-mark-start]
2016-10-17T17:00:06.876+0800: 21974.435: [CMS-concurrent-mark: 0.422/0.422 secs] [Times: user=0.57 sys=0.04, real=0.43 secs] 
2016-10-17T17:00:06.876+0800: 21974.435: [CMS-concurrent-preclean-start]
2016-10-17T17:00:06.882+0800: 21974.441: [CMS-concurrent-preclean: 0.006/0.006 secs] [Times: user=0.01 sys=0.00, real=0.00 secs] 
2016-10-17T17:00:06.882+0800: 21974.441: [CMS-concurrent-abortable-preclean-start]
 CMS: abort preclean due to time 2016-10-17T17:00:11.969+0800: 21979.527: [CMS-concurrent-abortable-preclean: 4.852/5.087 secs] [Times: user=6.35 sys=0.45, real=5.09 secs] 
2016-10-17T17:00:11.969+0800: 21979.528: [GC (CMS Final Remark) [YG occupancy: 660137 K (685696 K)]2016-10-17T17:00:11.969+0800: 21979.528: [Rescan (parallel) , 0.0234787 secs]2016-10-17T17:00:11.993+0800: 21979.552: [weak refs processing, 0.0002226 secs]2016-10-17T17:00:11.993+0800: 21979.552: [class unloading, 0.0137946 secs]2016-10-17T17:00:12.007+0800: 21979.566: [scrub symbol table, 0.0048711 secs]2016-10-17T17:00:12.012+0800: 21979.570: [scrub string table, 0.0007715 secs][1 CMS-remark: 1279774K(1798144K)] 1939911K(2483840K), 0.0434552 secs] [Times: user=0.12 sys=0.00, real=0.04 secs] 
2016-10-17T17:00:12.013+0800: 21979.572: [CMS-concurrent-sweep-start]
2016-10-17T17:00:12.133+0800: 21979.692: [CMS-concurrent-sweep: 0.120/0.120 secs] [Times: user=0.14 sys=0.01, real=0.12 secs] 
2016-10-17T17:00:12.133+0800: 21979.692: [CMS-concurrent-reset-start]
2016-10-17T17:00:12.137+0800: 21979.696: [CMS-concurrent-reset: 0.004/0.004 secs] [Times: user=0.01 sys=0.00, real=0.01 secs] 
2016-10-17T17:00:12.394+0800: 21979.953: [GC (Allocation Failure) 2016-10-17T17:00:12.394+0800: 21979.953: [ParNew: 685677K->76160K(685696K), 0.0304293 secs] 1803695K->1287179K(2483840K), 0.0305651 secs] [Times: user=0.12 sys=0.00, real=0.03 secs] 
2016-10-17T17:00:17.922+0800: 21985.481: [GC (Allocation Failure) 2016-10-17T17:00:17.922+0800: 21985.481: [ParNew: 685696K->76160K(685696K), 0.0372850 secs] 1896715K->1356826K(2483840K), 0.0374485 secs] [Times: user=0.13 sys=0.00, real=0.04 secs] 
2016-10-17T17:00:17.960+0800: 21985.519: [GC (CMS Initial Mark) [1 CMS-initial-mark: 1280666K(1798144K)] 1359110K(2483840K), 0.0017182 secs] [Times: user=0.00 sys=0.00, real=0.00 secs] 
2016-10-17T17:00:17.962+0800: 21985.521: [CMS-concurrent-mark-start]
2016-10-17T17:00:18.565+0800: 21986.124: [CMS-concurrent-mark: 0.603/0.603 secs] [Times: user=1.23 sys=0.08, real=0.60 secs] 
2016-10-17T17:00:18.565+0800: 21986.124: [CMS-concurrent-preclean-start]
2016-10-17T17:00:18.570+0800: 21986.129: [CMS-concurrent-preclean: 0.005/0.005 secs] [Times: user=0.02 sys=0.00, real=0.01 secs] 
2016-10-17T17:00:18.570+0800: 21986.129: [CMS-concurrent-abortable-preclean-start]
2016-10-17T17:00:21.459+0800: 21989.018: [GC (Allocation Failure) 2016-10-17T17:00:21.459+0800: 21989.018: [ParNew: 685696K->57801K(685696K), 0.0413919 secs] 1966362K->1391370K(2483840K), 0.0415453 secs] [Times: user=0.10 sys=0.00, real=0.04 secs] 
 CMS: abort preclean due to time 2016-10-17T17:00:23.579+0800: 21991.138: [CMS-concurrent-abortable-preclean: 3.299/5.009 secs] [Times: user=7.20 sys=0.46, real=5.01 secs] 
2016-10-17T17:00:23.580+0800: 21991.139: [GC (CMS Final Remark) [YG occupancy: 244455 K (685696 K)]2016-10-17T17:00:23.580+0800: 21991.139: [Rescan (parallel) , 0.0096597 secs]2016-10-17T17:00:23.590+0800: 21991.148: [weak refs processing, 0.0003135 secs]2016-10-17T17:00:23.590+0800: 21991.149: [class unloading, 0.0171277 secs]2016-10-17T17:00:23.607+0800: 21991.166: [scrub symbol table, 0.0090572 secs]2016-10-17T17:00:23.616+0800: 21991.175: [scrub string table, 0.0010660 secs][1 CMS-remark: 1333569K(1798144K)] 1578024K(2483840K), 0.0376180 secs] [Times: user=0.06 sys=0.00, real=0.04 secs] 
2016-10-17T17:00:23.618+0800: 21991.176: [CMS-concurrent-sweep-start]
2016-10-17T17:00:23.869+0800: 21991.427: [CMS-concurrent-sweep: 0.251/0.251 secs] [Times: user=0.29 sys=0.03, real=0.25 secs] 
2016-10-17T17:00:23.869+0800: 21991.428: [CMS-concurrent-reset-start]
2016-10-17T17:00:23.872+0800: 21991.431: [CMS-concurrent-reset: 0.004/0.004 secs] [Times: user=0.00 sys=0.00, real=0.00 secs] 
2016-10-17T17:00:30.863+0800: 21998.422: [GC (Allocation Failure) 2016-10-17T17:00:30.863+0800: 21998.422: [ParNew: 667245K->76160K(685696K), 0.0230494 secs] 1877764K->1320967K(2483840K), 0.0232074 secs] [Times: user=0.09 sys=0.00, real=0.03 secs] 
2016-10-17T17:00:36.790+0800: 22004.349: [GC (Allocation Failure) 2016-10-17T17:00:36.790+0800: 22004.349: [ParNew: 685452K->76160K(685696K), 0.1536333 secs] 1930259K->1413400K(2483840K), 0.1537716 secs] [Times: user=0.21 sys=0.02, real=0.15 secs] 
2016-10-17T17:00:36.945+0800: 22004.503: [GC (CMS Initial Mark) [1 CMS-initial-mark: 1337240K(1798144K)] 1413979K(2483840K), 0.0044858 secs] [Times: user=0.01 sys=0.00, real=0.01 secs] 
2016-10-17T17:00:36.949+0800: 22004.508: [CMS-concurrent-mark-start]
2016-10-17T17:00:37.172+0800: 22004.731: [CMS-concurrent-mark: 0.223/0.223 secs] [Times: user=0.27 sys=0.01, real=0.22 secs] 
2016-10-17T17:00:37.172+0800: 22004.731: [CMS-concurrent-preclean-start]
2016-10-17T17:00:37.177+0800: 22004.736: [CMS-concurrent-preclean: 0.005/0.005 secs] [Times: user=0.01 sys=0.00, real=0.01 secs] 
2016-10-17T17:00:37.177+0800: 22004.736: [CMS-concurrent-abortable-preclean-start]
2016-10-17T17:00:40.115+0800: 22007.673: [CMS-concurrent-abortable-preclean: 2.935/2.938 secs] [Times: user=3.58 sys=0.23, real=2.93 secs] 
2016-10-17T17:00:40.115+0800: 22007.674: [GC (CMS Final Remark) [YG occupancy: 381039 K (685696 K)]2016-10-17T17:00:40.115+0800: 22007.674: [Rescan (parallel) , 0.0150173 secs]2016-10-17T17:00:40.130+0800: 22007.689: [weak refs processing, 0.0003649 secs]2016-10-17T17:00:40.131+0800: 22007.690: [class unloading, 0.0138646 secs]2016-10-17T17:00:40.145+0800: 22007.703: [scrub symbol table, 0.0059407 secs]2016-10-17T17:00:40.151+0800: 22007.709: [scrub string table, 0.0007235 secs][1 CMS-remark: 1337240K(1798144K)] 1718279K(2483840K), 0.0363211 secs] [Times: user=0.08 sys=0.00, real=0.04 secs] 
2016-10-17T17:00:40.152+0800: 22007.711: [CMS-concurrent-sweep-start]
2016-10-17T17:00:40.469+0800: 22008.028: [CMS-concurrent-sweep: 0.317/0.317 secs] [Times: user=0.36 sys=0.02, real=0.32 secs] 
2016-10-17T17:00:40.469+0800: 22008.028: [CMS-concurrent-reset-start]
2016-10-17T17:00:40.473+0800: 22008.032: [CMS-concurrent-reset: 0.004/0.004 secs] [Times: user=0.01 sys=0.00, real=0.00 secs] 
2016-10-17T17:00:43.100+0800: 22010.658: [GC (Allocation Failure) 2016-10-17T17:00:43.100+0800: 22010.659: [ParNew: 685696K->76160K(685696K), 0.0434706 secs] 1709252K->1189911K(2483840K), 0.0436263 secs] [Times: user=0.11 sys=0.00, real=0.04 secs] 
2016-10-17T17:00:47.688+0800: 22015.247: [GC (Allocation Failure) 2016-10-17T17:00:47.688+0800: 22015.247: [ParNew: 685562K->76160K(685696K), 0.0352031 secs] 1799314K->1277520K(2483840K), 0.0353406 secs] [Times: user=0.12 sys=0.00, real=0.03 secs] 
2016-10-17T17:00:51.809+0800: 22019.368: [GC (Allocation Failure) 2016-10-17T17:00:51.809+0800: 22019.368: [ParNew: 685677K->76160K(685696K), 0.0289777 secs] 1887038K->1364565K(2483840K), 0.0291381 secs] [Times: user=0.10 sys=0.00, real=0.03 secs] 
2016-10-17T17:00:51.839+0800: 22019.398: [GC (CMS Initial Mark) [1 CMS-initial-mark: 1288405K(1798144K)] 1364902K(2483840K), 0.0021356 secs] [Times: user=0.01 sys=0.00, real=0.00 secs] 
2016-10-17T17:00:51.841+0800: 22019.400: [CMS-concurrent-mark-start]
2016-10-17T17:00:52.249+0800: 22019.807: [CMS-concurrent-mark: 0.407/0.407 secs] [Times: user=0.46 sys=0.03, real=0.41 secs] 
2016-10-17T17:00:52.249+0800: 22019.807: [CMS-concurrent-preclean-start]
2016-10-17T17:00:52.254+0800: 22019.813: [CMS-concurrent-preclean: 0.005/0.005 secs] [Times: user=0.01 sys=0.00, real=0.00 secs] 
2016-10-17T17:00:52.254+0800: 22019.813: [CMS-concurrent-abortable-preclean-start]
2016-10-17T17:00:55.259+0800: 22022.818: [CMS-concurrent-abortable-preclean: 2.902/3.005 secs] [Times: user=3.49 sys=0.29, real=3.01 secs] 
2016-10-17T17:00:55.260+0800: 22022.819: [GC (CMS Final Remark) [YG occupancy: 383443 K (685696 K)]2016-10-17T17:00:55.260+0800: 22022.819: [Rescan (parallel) , 0.0160855 secs]2016-10-17T17:00:55.276+0800: 22022.835: [weak refs processing, 0.0003614 secs]2016-10-17T17:00:55.277+0800: 22022.835: [class unloading, 0.0163475 secs]2016-10-17T17:00:55.293+0800: 22022.852: [scrub symbol table, 0.0048882 secs]2016-10-17T17:00:55.298+0800: 22022.857: [scrub string table, 0.0007014 secs][1 CMS-remark: 1288405K(1798144K)] 1671849K(2483840K), 0.0388267 secs] [Times: user=0.09 sys=0.00, real=0.04 secs] 
2016-10-17T17:00:55.299+0800: 22022.858: [CMS-concurrent-sweep-start]
2016-10-17T17:00:55.432+0800: 22022.991: [CMS-concurrent-sweep: 0.133/0.133 secs] [Times: user=0.17 sys=0.01, real=0.13 secs] 
2016-10-17T17:00:55.433+0800: 22022.991: [CMS-concurrent-reset-start]
2016-10-17T17:00:55.436+0800: 22022.995: [CMS-concurrent-reset: 0.003/0.003 secs] [Times: user=0.00 sys=0.00, real=0.01 secs] 
2016-10-17T17:00:57.621+0800: 22025.180: [GC (Allocation Failure) 2016-10-17T17:00:57.621+0800: 22025.180: [ParNew: 685564K->76160K(685696K), 0.0378036 secs] 1735021K->1215470K(2483840K), 0.0379518 secs] [Times: user=0.13 sys=0.00, real=0.04 secs] 
2016-10-17T17:01:00.362+0800: 22027.921: [GC (Allocation Failure) 2016-10-17T17:01:00.362+0800: 22027.921: [ParNew: 685696K->76160K(685696K), 0.0293162 secs] 1825006K->1292366K(2483840K), 0.0294483 secs] [Times: user=0.09 sys=0.00, real=0.03 secs] 
2016-10-17T17:01:03.133+0800: 22030.691: [GC (Allocation Failure) 2016-10-17T17:01:03.133+0800: 22030.691: [ParNew: 685448K->51627K(685696K), 0.0236688 secs] 1901654K->1303381K(2483840K), 0.0238345 secs] [Times: user=0.09 sys=0.00, real=0.03 secs] 
2016-10-17T17:01:11.483+0800: 22039.041: [GC (Allocation Failure) 2016-10-17T17:01:11.483+0800: 22039.041: [ParNew: 660948K->76160K(685696K), 0.0268174 secs] 1912703K->1379917K(2483840K), 0.0270061 secs] [Times: user=0.10 sys=0.00, real=0.03 secs] 
2016-10-17T17:01:11.510+0800: 22039.069: [GC (CMS Initial Mark) [1 CMS-initial-mark: 1303757K(1798144K)] 1380445K(2483840K), 0.0032365 secs] [Times: user=0.01 sys=0.00, real=0.00 secs] 
2016-10-17T17:01:11.514+0800: 22039.072: [CMS-concurrent-mark-start]
2016-10-17T17:01:11.728+0800: 22039.287: [CMS-concurrent-mark: 0.215/0.215 secs] [Times: user=0.27 sys=0.01, real=0.22 secs] 
2016-10-17T17:01:11.728+0800: 22039.287: [CMS-concurrent-preclean-start]
2016-10-17T17:01:11.734+0800: 22039.293: [CMS-concurrent-preclean: 0.005/0.005 secs] [Times: user=0.01 sys=0.00, real=0.00 secs] 
2016-10-17T17:01:11.734+0800: 22039.293: [CMS-concurrent-abortable-preclean-start]
2016-10-17T17:01:14.662+0800: 22042.221: [CMS-concurrent-abortable-preclean: 2.926/2.928 secs] [Times: user=3.55 sys=0.26, real=2.93 secs] 
2016-10-17T17:01:14.663+0800: 22042.222: [GC (CMS Final Remark) [YG occupancy: 384993 K (685696 K)]2016-10-17T17:01:14.663+0800: 22042.222: [Rescan (parallel) , 0.0183018 secs]2016-10-17T17:01:14.681+0800: 22042.240: [weak refs processing, 0.0009100 secs]2016-10-17T17:01:14.682+0800: 22042.241: [class unloading, 0.0138955 secs]2016-10-17T17:01:14.696+0800: 22042.255: [scrub symbol table, 0.0054341 secs]2016-10-17T17:01:14.702+0800: 22042.260: [scrub string table, 0.0007475 secs][1 CMS-remark: 1303757K(1798144K)] 1688750K(2483840K), 0.0401070 secs] [Times: user=0.09 sys=0.00, real=0.04 secs] 
2016-10-17T17:01:14.703+0800: 22042.262: [CMS-concurrent-sweep-start]
2016-10-17T17:01:15.105+0800: 22042.664: [CMS-concurrent-sweep: 0.401/0.401 secs] [Times: user=0.47 sys=0.04, real=0.40 secs] 
2016-10-17T17:01:15.105+0800: 22042.664: [CMS-concurrent-reset-start]
2016-10-17T17:01:15.108+0800: 22042.667: [CMS-concurrent-reset: 0.004/0.004 secs] [Times: user=0.01 sys=0.00, real=0.01 secs] 
2016-10-17T17:01:17.652+0800: 22045.211: [GC (Allocation Failure) 2016-10-17T17:01:17.653+0800: 22045.211: [ParNew: 685696K->76160K(685696K), 0.0354598 secs] 1634869K->1115682K(2483840K), 0.0356061 secs] [Times: user=0.14 sys=0.00, real=0.04 secs] 
2016-10-17T17:01:24.323+0800: 22051.881: [GC (Allocation Failure) 2016-10-17T17:01:24.323+0800: 22051.881: [ParNew: 685672K->76160K(685696K), 0.0308842 secs] 1725195K->1206018K(2483840K), 0.0310221 secs] [Times: user=0.12 sys=0.00, real=0.03 secs] 
2016-10-17T17:01:30.975+0800: 22058.534: [GC (Allocation Failure) 2016-10-17T17:01:30.975+0800: 22058.534: [ParNew: 685684K->76160K(685696K), 0.0313585 secs] 1815542K->1296687K(2483840K), 0.0315098 secs] [Times: user=0.11 sys=0.00, real=0.04 secs] 
2016-10-17T17:01:34.609+0800: 22062.168: [GC (Allocation Failure) 2016-10-17T17:01:34.609+0800: 22062.168: [ParNew: 685689K->76160K(685696K), 0.1519665 secs] 1906217K->1388654K(2483840K), 0.1521097 secs] [Times: user=0.32 sys=0.03, real=0.15 secs] 
2016-10-17T17:01:34.762+0800: 22062.321: [GC (CMS Initial Mark) [1 CMS-initial-mark: 1312494K(1798144K)] 1389076K(2483840K), 0.0019290 secs] [Times: user=0.00 sys=0.00, real=0.00 secs] 
2016-10-17T17:01:34.764+0800: 22062.323: [CMS-concurrent-mark-start]
2016-10-17T17:01:34.927+0800: 22062.485: [CMS-concurrent-mark: 0.162/0.162 secs] [Times: user=0.24 sys=0.01, real=0.17 secs] 
2016-10-17T17:01:34.927+0800: 22062.485: [CMS-concurrent-preclean-start]
2016-10-17T17:01:34.933+0800: 22062.492: [CMS-concurrent-preclean: 0.006/0.006 secs] [Times: user=0.01 sys=0.00, real=0.00 secs] 
2016-10-17T17:01:34.933+0800: 22062.492: [CMS-concurrent-abortable-preclean-start]
2016-10-17T17:01:36.628+0800: 22064.187: [CMS-concurrent-abortable-preclean: 1.694/1.695 secs] [Times: user=2.28 sys=0.18, real=1.70 secs] 
2016-10-17T17:01:36.629+0800: 22064.188: [GC (CMS Final Remark) [YG occupancy: 389392 K (685696 K)]2016-10-17T17:01:36.629+0800: 22064.188: [Rescan (parallel) , 0.0138623 secs]2016-10-17T17:01:36.643+0800: 22064.202: [weak refs processing, 0.0007955 secs]2016-10-17T17:01:36.644+0800: 22064.203: [class unloading, 0.0135772 secs]2016-10-17T17:01:36.657+0800: 22064.216: [scrub symbol table, 0.0056208 secs]2016-10-17T17:01:36.663+0800: 22064.222: [scrub string table, 0.0007479 secs][1 CMS-remark: 1312494K(1798144K)] 1701886K(2483840K), 0.0354041 secs] [Times: user=0.08 sys=0.00, real=0.03 secs] 
2016-10-17T17:01:36.665+0800: 22064.223: [CMS-concurrent-sweep-start]
2016-10-17T17:01:36.748+0800: 22064.307: [CMS-concurrent-sweep: 0.083/0.083 secs] [Times: user=0.12 sys=0.00, real=0.09 secs] 
2016-10-17T17:01:36.748+0800: 22064.307: [CMS-concurrent-reset-start]
2016-10-17T17:01:36.751+0800: 22064.310: [CMS-concurrent-reset: 0.004/0.004 secs] [Times: user=0.00 sys=0.00, real=0.00 secs] 
2016-10-17T17:01:38.559+0800: 22066.118: [GC (Allocation Failure) 2016-10-17T17:01:38.559+0800: 22066.118: [ParNew: 685624K->76160K(685696K), 0.0329929 secs] 1676280K->1161108K(2483840K), 0.0331342 secs] [Times: user=0.12 sys=0.00, real=0.03 secs] 
2016-10-17T17:01:42.398+0800: 22069.957: [GC (Allocation Failure) 2016-10-17T17:01:42.398+0800: 22069.957: [ParNew: 685696K->76160K(685696K), 0.0345608 secs] 1770644K->1249266K(2483840K), 0.0347038 secs] [Times: user=0.13 sys=0.00, real=0.03 secs] 
2016-10-17T17:01:45.587+0800: 22073.146: [GC (Allocation Failure) 2016-10-17T17:01:45.587+0800: 22073.146: [ParNew: 685604K->76160K(685696K), 0.0369559 secs] 1858711K->1340902K(2483840K), 0.0370890 secs] [Times: user=0.13 sys=0.00, real=0.03 secs] 
2016-10-17T17:01:45.625+0800: 22073.184: [GC (CMS Initial Mark) [1 CMS-initial-mark: 1264742K(1798144K)] 1341455K(2483840K), 0.0017047 secs] [Times: user=0.01 sys=0.00, real=0.01 secs] 
2016-10-17T17:01:45.627+0800: 22073.185: [CMS-concurrent-mark-start]
2016-10-17T17:01:45.803+0800: 22073.362: [CMS-concurrent-mark: 0.176/0.176 secs] [Times: user=0.23 sys=0.01, real=0.17 secs] 
2016-10-17T17:01:45.803+0800: 22073.362: [CMS-concurrent-preclean-start]
2016-10-17T17:01:45.808+0800: 22073.367: [CMS-concurrent-preclean: 0.005/0.005 secs] [Times: user=0.01 sys=0.00, real=0.01 secs] 
2016-10-17T17:01:45.808+0800: 22073.367: [CMS-concurrent-abortable-preclean-start]
2016-10-17T17:01:47.715+0800: 22075.274: [CMS-concurrent-abortable-preclean: 1.904/1.907 secs] [Times: user=2.59 sys=0.21, real=1.90 secs] 
2016-10-17T17:01:47.716+0800: 22075.275: [GC (CMS Final Remark) [YG occupancy: 384571 K (685696 K)]2016-10-17T17:01:47.716+0800: 22075.275: [Rescan (parallel) , 0.1322490 secs]2016-10-17T17:01:47.848+0800: 22075.407: [weak refs processing, 0.0005023 secs]2016-10-17T17:01:47.849+0800: 22075.407: [class unloading, 0.0135938 secs]2016-10-17T17:01:47.862+0800: 22075.421: [scrub symbol table, 0.0057548 secs]2016-10-17T17:01:47.868+0800: 22075.427: [scrub string table, 0.0007206 secs][1 CMS-remark: 1264742K(1798144K)] 1649313K(2483840K), 0.1534041 secs] [Times: user=0.31 sys=0.02, real=0.16 secs] 
2016-10-17T17:01:47.870+0800: 22075.428: [CMS-concurrent-sweep-start]
2016-10-17T17:01:47.949+0800: 22075.508: [CMS-concurrent-sweep: 0.080/0.080 secs] [Times: user=0.12 sys=0.00, real=0.08 secs] 
2016-10-17T17:01:47.949+0800: 22075.508: [CMS-concurrent-reset-start]
2016-10-17T17:01:47.953+0800: 22075.512: [CMS-concurrent-reset: 0.004/0.004 secs] [Times: user=0.01 sys=0.00, real=0.00 secs] 
2016-10-17T17:01:49.512+0800: 22077.071: [GC (Allocation Failure) 2016-10-17T17:01:49.512+0800: 22077.071: [ParNew: 685696K->76160K(685696K), 0.0353302 secs] 1669718K->1147379K(2483840K), 0.0354788 secs] [Times: user=0.13 sys=0.00, real=0.04 secs] 
2016-10-17T17:01:53.953+0800: 22081.511: [GC (Allocation Failure) 2016-10-17T17:01:53.953+0800: 22081.512: [ParNew: 685696K->76160K(685696K), 0.0411699 secs] 1756915K->1241838K(2483840K), 0.0413506 secs] [Times: user=0.13 sys=0.00, real=0.04 secs] 
2016-10-17T17:02:02.720+0800: 22090.278: [GC (Allocation Failure) 2016-10-17T17:02:02.720+0800: 22090.278: [ParNew: 685641K->76160K(685696K), 0.0388951 secs] 1851319K->1331486K(2483840K), 0.0390324 secs] [Times: user=0.14 sys=0.00, real=0.04 secs] 
2016-10-17T17:02:06.779+0800: 22094.338: [GC (Allocation Failure) 2016-10-17T17:02:06.779+0800: 22094.338: [ParNew: 685659K->76160K(685696K), 0.0318343 secs] 1940985K->1420869K(2483840K), 0.0319793 secs] [Times: user=0.12 sys=0.00, real=0.03 secs] 
2016-10-17T17:02:06.811+0800: 22094.370: [GC (CMS Initial Mark) [1 CMS-initial-mark: 1344709K(1798144K)] 1421179K(2483840K), 0.0017545 secs] [Times: user=0.00 sys=0.00, real=0.00 secs] 
2016-10-17T17:02:06.813+0800: 22094.372: [CMS-concurrent-mark-start]
2016-10-17T17:02:07.048+0800: 22094.606: [CMS-concurrent-mark: 0.234/0.234 secs] [Times: user=0.33 sys=0.03, real=0.24 secs] 
2016-10-17T17:02:07.048+0800: 22094.607: [CMS-concurrent-preclean-start]
2016-10-17T17:02:07.053+0800: 22094.612: [CMS-concurrent-preclean: 0.006/0.006 secs] [Times: user=0.01 sys=0.00, real=0.00 secs] 
2016-10-17T17:02:07.054+0800: 22094.612: [CMS-concurrent-abortable-preclean-start]
2016-10-17T17:02:08.864+0800: 22096.423: [CMS-concurrent-abortable-preclean: 1.809/1.811 secs] [Times: user=2.45 sys=0.16, real=1.81 secs] 
2016-10-17T17:02:08.865+0800: 22096.424: [GC (CMS Final Remark) [YG occupancy: 381008 K (685696 K)]2016-10-17T17:02:08.865+0800: 22096.424: [Rescan (parallel) , 0.0255427 secs]2016-10-17T17:02:08.891+0800: 22096.449: [weak refs processing, 0.0006328 secs]2016-10-17T17:02:08.891+0800: 22096.450: [class unloading, 0.0149076 secs]2016-10-17T17:02:08.906+0800: 22096.465: [scrub symbol table, 0.0070813 secs]2016-10-17T17:02:08.913+0800: 22096.472: [scrub string table, 0.0009997 secs][1 CMS-remark: 1344709K(1798144K)] 1725717K(2483840K), 0.0498374 secs] [Times: user=0.10 sys=0.00, real=0.05 secs] 
2016-10-17T17:02:08.915+0800: 22096.474: [CMS-concurrent-sweep-start]
2016-10-17T17:02:09.086+0800: 22096.644: [CMS-concurrent-sweep: 0.171/0.171 secs] [Times: user=0.26 sys=0.03, real=0.17 secs] 
2016-10-17T17:02:09.086+0800: 22096.644: [CMS-concurrent-reset-start]
2016-10-17T17:02:09.089+0800: 22096.648: [CMS-concurrent-reset: 0.004/0.004 secs] [Times: user=0.01 sys=0.00, real=0.01 secs] 
2016-10-17T17:02:10.993+0800: 22098.551: [GC (Allocation Failure) 2016-10-17T17:02:10.993+0800: 22098.551: [ParNew: 685650K->76160K(685696K), 0.0295895 secs] 1709517K->1187735K(2483840K), 0.0297169 secs] [Times: user=0.11 sys=0.00, real=0.03 secs] 
2016-10-17T17:02:17.192+0800: 22104.751: [GC (Allocation Failure) 2016-10-17T17:02:17.192+0800: 22104.751: [ParNew: 685696K->76160K(685696K), 0.0369926 secs] 1797271K->1277971K(2483840K), 0.0371726 secs] [Times: user=0.14 sys=0.00, real=0.04 secs] 
2016-10-17T17:02:25.513+0800: 22113.071: [GC (Allocation Failure) 2016-10-17T17:02:25.513+0800: 22113.071: [ParNew: 685520K->76160K(685696K), 0.0431588 secs] 1887332K->1372145K(2483840K), 0.0433272 secs] [Times: user=0.14 sys=0.00, real=0.05 secs] 
2016-10-17T17:02:25.557+0800: 22113.116: [GC (CMS Initial Mark) [1 CMS-initial-mark: 1295985K(1798144K)] 1372401K(2483840K), 0.0028393 secs] [Times: user=0.01 sys=0.00, real=0.00 secs] 
2016-10-17T17:02:25.560+0800: 22113.119: [CMS-concurrent-mark-start]
2016-10-17T17:02:26.116+0800: 22113.675: [CMS-concurrent-mark: 0.556/0.556 secs] [Times: user=0.70 sys=0.07, real=0.56 secs] 
2016-10-17T17:02:26.116+0800: 22113.675: [CMS-concurrent-preclean-start]
2016-10-17T17:02:26.122+0800: 22113.680: [CMS-concurrent-preclean: 0.005/0.005 secs] [Times: user=0.01 sys=0.00, real=0.00 secs] 
2016-10-17T17:02:26.122+0800: 22113.680: [CMS-concurrent-abortable-preclean-start]
2016-10-17T17:02:30.857+0800: 22118.416: [CMS-concurrent-abortable-preclean: 4.732/4.735 secs] [Times: user=5.44 sys=0.45, real=4.74 secs] 
2016-10-17T17:02:30.858+0800: 22118.416: [GC (CMS Final Remark) [YG occupancy: 383513 K (685696 K)]2016-10-17T17:02:30.858+0800: 22118.416: [Rescan (parallel) , 0.0148633 secs]2016-10-17T17:02:30.873+0800: 22118.431: [weak refs processing, 0.0004320 secs]2016-10-17T17:02:30.873+0800: 22118.432: [class unloading, 0.0134916 secs]2016-10-17T17:02:30.887+0800: 22118.445: [scrub symbol table, 0.0051459 secs]2016-10-17T17:02:30.892+0800: 22118.450: [scrub string table, 0.0006945 secs][1 CMS-remark: 1295985K(1798144K)] 1679499K(2483840K), 0.0351121 secs] [Times: user=0.08 sys=0.00, real=0.03 secs] 
2016-10-17T17:02:30.893+0800: 22118.452: [CMS-concurrent-sweep-start]
2016-10-17T17:02:30.993+0800: 22118.552: [CMS-concurrent-sweep: 0.100/0.100 secs] [Times: user=0.15 sys=0.00, real=0.10 secs] 
2016-10-17T17:02:30.993+0800: 22118.552: [CMS-concurrent-reset-start]
2016-10-17T17:02:30.996+0800: 22118.555: [CMS-concurrent-reset: 0.003/0.003 secs] [Times: user=0.00 sys=0.00, real=0.01 secs] 
2016-10-17T17:02:32.831+0800: 22120.390: [GC (Allocation Failure) 2016-10-17T17:02:32.831+0800: 22120.390: [ParNew: 685552K->76160K(685696K), 0.0317578 secs] 1700249K->1177486K(2483840K), 0.0318912 secs] [Times: user=0.12 sys=0.00, real=0.03 secs] 
2016-10-17T17:02:36.258+0800: 22123.817: [GC (Allocation Failure) 2016-10-17T17:02:36.258+0800: 22123.817: [ParNew: 685461K->76160K(685696K), 0.0345192 secs] 1786787K->1265354K(2483840K), 0.0347064 secs] [Times: user=0.12 sys=0.00, real=0.03 secs] 
2016-10-17T17:02:39.439+0800: 22126.998: [GC (Allocation Failure) 2016-10-17T17:02:39.439+0800: 22126.998: [ParNew: 685696K->76160K(685696K), 0.0291366 secs] 1874890K->1355343K(2483840K), 0.0292727 secs] [Times: user=0.11 sys=0.00, real=0.03 secs] 
2016-10-17T17:02:39.469+0800: 22127.028: [GC (CMS Initial Mark) [1 CMS-initial-mark: 1279183K(1798144K)] 1355344K(2483840K), 0.0020129 secs] [Times: user=0.01 sys=0.00, real=0.00 secs] 
2016-10-17T17:02:39.471+0800: 22127.030: [CMS-concurrent-mark-start]
2016-10-17T17:02:39.709+0800: 22127.268: [CMS-concurrent-mark: 0.238/0.238 secs] [Times: user=0.35 sys=0.02, real=0.24 secs] 
2016-10-17T17:02:39.709+0800: 22127.268: [CMS-concurrent-preclean-start]
2016-10-17T17:02:39.714+0800: 22127.273: [CMS-concurrent-preclean: 0.005/0.005 secs] [Times: user=0.01 sys=0.00, real=0.00 secs] 
2016-10-17T17:02:39.715+0800: 22127.273: [CMS-concurrent-abortable-preclean-start]
2016-10-17T17:02:41.219+0800: 22128.778: [CMS-concurrent-abortable-preclean: 1.503/1.505 secs] [Times: user=2.16 sys=0.11, real=1.51 secs] 
2016-10-17T17:02:41.220+0800: 22128.779: [GC (CMS Final Remark) [YG occupancy: 384279 K (685696 K)]2016-10-17T17:02:41.220+0800: 22128.779: [Rescan (parallel) , 0.0125193 secs]2016-10-17T17:02:41.233+0800: 22128.791: [weak refs processing, 0.0003179 secs]2016-10-17T17:02:41.233+0800: 22128.792: [class unloading, 0.0136629 secs]2016-10-17T17:02:41.247+0800: 22128.805: [scrub symbol table, 0.0053952 secs]2016-10-17T17:02:41.252+0800: 22128.811: [scrub string table, 0.0007333 secs][1 CMS-remark: 1279183K(1798144K)] 1663463K(2483840K), 0.0329812 secs] [Times: user=0.07 sys=0.00, real=0.03 secs] 
2016-10-17T17:02:41.253+0800: 22128.812: [CMS-concurrent-sweep-start]
2016-10-17T17:02:41.336+0800: 22128.895: [CMS-concurrent-sweep: 0.083/0.083 secs] [Times: user=0.13 sys=0.00, real=0.09 secs] 
2016-10-17T17:02:41.336+0800: 22128.895: [CMS-concurrent-reset-start]
2016-10-17T17:02:41.339+0800: 22128.898: [CMS-concurrent-reset: 0.003/0.003 secs] [Times: user=0.00 sys=0.00, real=0.00 secs] 
2016-10-17T17:02:42.783+0800: 22130.342: [GC (Allocation Failure) 2016-10-17T17:02:42.784+0800: 22130.342: [ParNew: 685696K->76160K(685696K), 0.0365935 secs] 1725562K->1207124K(2483840K), 0.0367165 secs] [Times: user=0.13 sys=0.00, real=0.04 secs] 
2016-10-17T17:02:46.048+0800: 22133.607: [GC (Allocation Failure) 2016-10-17T17:02:46.048+0800: 22133.607: [ParNew: 685696K->76160K(685696K), 0.0357833 secs] 1816660K->1295754K(2483840K), 0.0359494 secs] [Times: user=0.12 sys=0.00, real=0.03 secs] 
2016-10-17T17:02:49.321+0800: 22136.880: [GC (Allocation Failure) 2016-10-17T17:02:49.321+0800: 22136.880: [ParNew: 685657K->76160K(685696K), 0.0332103 secs] 1905252K->1395111K(2483840K), 0.0333393 secs] [Times: user=0.11 sys=0.00, real=0.03 secs] 
2016-10-17T17:02:49.355+0800: 22136.914: [GC (CMS Initial Mark) [1 CMS-initial-mark: 1318951K(1798144K)] 1395707K(2483840K), 0.0020692 secs] [Times: user=0.01 sys=0.00, real=0.01 secs] 
2016-10-17T17:02:49.358+0800: 22136.916: [CMS-concurrent-mark-start]
2016-10-17T17:02:49.649+0800: 22137.207: [CMS-concurrent-mark: 0.291/0.291 secs] [Times: user=0.41 sys=0.01, real=0.29 secs] 
2016-10-17T17:02:49.649+0800: 22137.207: [CMS-concurrent-preclean-start]
2016-10-17T17:02:49.654+0800: 22137.213: [CMS-concurrent-preclean: 0.005/0.006 secs] [Times: user=0.01 sys=0.00, real=0.00 secs] 
2016-10-17T17:02:49.654+0800: 22137.213: [CMS-concurrent-abortable-preclean-start]
2016-10-17T17:02:51.171+0800: 22138.730: [CMS-concurrent-abortable-preclean: 1.515/1.517 secs] [Times: user=2.14 sys=0.14, real=1.52 secs] 
2016-10-17T17:02:51.172+0800: 22138.731: [GC (CMS Final Remark) [YG occupancy: 384850 K (685696 K)]2016-10-17T17:02:51.172+0800: 22138.731: [Rescan (parallel) , 0.0136009 secs]2016-10-17T17:02:51.185+0800: 22138.744: [weak refs processing, 0.0002606 secs]2016-10-17T17:02:51.186+0800: 22138.744: [class unloading, 0.0137066 secs]2016-10-17T17:02:51.199+0800: 22138.758: [scrub symbol table, 0.0062626 secs]2016-10-17T17:02:51.206+0800: 22138.765: [scrub string table, 0.0007245 secs][1 CMS-remark: 1318951K(1798144K)] 1703801K(2483840K), 0.0349278 secs] [Times: user=0.07 sys=0.00, real=0.04 secs] 
2016-10-17T17:02:51.207+0800: 22138.766: [CMS-concurrent-sweep-start]
2016-10-17T17:02:51.352+0800: 22138.910: [CMS-concurrent-sweep: 0.145/0.145 secs] [Times: user=0.21 sys=0.02, real=0.14 secs] 
2016-10-17T17:02:51.352+0800: 22138.911: [CMS-concurrent-reset-start]
2016-10-17T17:02:51.355+0800: 22138.914: [CMS-concurrent-reset: 0.004/0.004 secs] [Times: user=0.00 sys=0.00, real=0.00 secs] 
2016-10-17T17:02:52.859+0800: 22140.418: [GC (Allocation Failure) 2016-10-17T17:02:52.859+0800: 22140.418: [ParNew: 685457K->76160K(685696K), 0.0359451 secs] 1723825K->1195669K(2483840K), 0.0360913 secs] [Times: user=0.11 sys=0.00, real=0.03 secs] 
2016-10-17T17:02:56.340+0800: 22143.899: [GC (Allocation Failure) 2016-10-17T17:02:56.340+0800: 22143.899: [ParNew: 685586K->76160K(685696K), 0.0370202 secs] 1805095K->1283216K(2483840K), 0.0371568 secs] [Times: user=0.13 sys=0.00, real=0.04 secs] 
2016-10-17T17:02:59.870+0800: 22147.429: [GC (Allocation Failure) 2016-10-17T17:02:59.871+0800: 22147.429: [ParNew: 685652K->76160K(685696K), 0.0299986 secs] 1892708K->1374655K(2483840K), 0.0301519 secs] [Times: user=0.12 sys=0.00, real=0.03 secs] 
2016-10-17T17:02:59.901+0800: 22147.460: [GC (CMS Initial Mark) [1 CMS-initial-mark: 1298495K(1798144K)] 1374912K(2483840K), 0.0017578 secs] [Times: user=0.01 sys=0.00, real=0.00 secs] 
2016-10-17T17:02:59.903+0800: 22147.462: [CMS-concurrent-mark-start]
2016-10-17T17:03:00.176+0800: 22147.735: [CMS-concurrent-mark: 0.273/0.273 secs] [Times: user=0.38 sys=0.02, real=0.28 secs] 
2016-10-17T17:03:00.176+0800: 22147.735: [CMS-concurrent-preclean-start]
2016-10-17T17:03:00.182+0800: 22147.741: [CMS-concurrent-preclean: 0.006/0.006 secs] [Times: user=0.01 sys=0.00, real=0.00 secs] 
2016-10-17T17:03:00.182+0800: 22147.741: [CMS-concurrent-abortable-preclean-start]
2016-10-17T17:03:01.712+0800: 22149.271: [CMS-concurrent-abortable-preclean: 1.528/1.530 secs] [Times: user=2.16 sys=0.14, real=1.53 secs] 
2016-10-17T17:03:01.713+0800: 22149.271: [GC (CMS Final Remark) [YG occupancy: 382032 K (685696 K)]2016-10-17T17:03:01.713+0800: 22149.271: [Rescan (parallel) , 0.0134578 secs]2016-10-17T17:03:01.726+0800: 22149.285: [weak refs processing, 0.0003429 secs]2016-10-17T17:03:01.726+0800: 22149.285: [class unloading, 0.0199642 secs]2016-10-17T17:03:01.746+0800: 22149.305: [scrub symbol table, 0.0075116 secs]2016-10-17T17:03:01.754+0800: 22149.313: [scrub string table, 0.0010293 secs][1 CMS-remark: 1298495K(1798144K)] 1680528K(2483840K), 0.0426993 secs] [Times: user=0.09 sys=0.00, real=0.04 secs] 
2016-10-17T17:03:01.755+0800: 22149.314: [CMS-concurrent-sweep-start]
2016-10-17T17:03:01.848+0800: 22149.406: [CMS-concurrent-sweep: 0.092/0.092 secs] [Times: user=0.14 sys=0.01, real=0.10 secs] 
2016-10-17T17:03:01.848+0800: 22149.407: [CMS-concurrent-reset-start]
2016-10-17T17:03:01.851+0800: 22149.410: [CMS-concurrent-reset: 0.004/0.004 secs] [Times: user=0.00 sys=0.00, real=0.00 secs] 
2016-10-17T17:03:03.456+0800: 22151.015: [GC (Allocation Failure) 2016-10-17T17:03:03.456+0800: 22151.015: [ParNew: 685651K->76160K(685696K), 0.0294083 secs] 1743124K->1221946K(2483840K), 0.0295383 secs] [Times: user=0.11 sys=0.00, real=0.02 secs] 
2016-10-17T17:03:06.743+0800: 22154.302: [GC (Allocation Failure) 2016-10-17T17:03:06.743+0800: 22154.302: [ParNew: 685572K->76160K(685696K), 0.0338848 secs] 1831359K->1312290K(2483840K), 0.0340286 secs] [Times: user=0.12 sys=0.00, real=0.04 secs] 
2016-10-17T17:03:10.515+0800: 22158.074: [GC (Allocation Failure) 2016-10-17T17:03:10.515+0800: 22158.074: [ParNew: 685688K->76160K(685696K), 0.0302856 secs] 1921818K->1400405K(2483840K), 0.0304173 secs] [Times: user=0.11 sys=0.00, real=0.03 secs] 
2016-10-17T17:03:10.546+0800: 22158.105: [GC (CMS Initial Mark) [1 CMS-initial-mark: 1324245K(1798144K)] 1400834K(2483840K), 0.0024612 secs] [Times: user=0.01 sys=0.00, real=0.00 secs] 
2016-10-17T17:03:10.549+0800: 22158.108: [CMS-concurrent-mark-start]
2016-10-17T17:03:10.838+0800: 22158.397: [CMS-concurrent-mark: 0.289/0.289 secs] [Times: user=0.41 sys=0.03, real=0.29 secs] 
2016-10-17T17:03:10.838+0800: 22158.397: [CMS-concurrent-preclean-start]
2016-10-17T17:03:10.844+0800: 22158.403: [CMS-concurrent-preclean: 0.006/0.006 secs] [Times: user=0.01 sys=0.00, real=0.00 secs] 
2016-10-17T17:03:10.844+0800: 22158.403: [CMS-concurrent-abortable-preclean-start]
2016-10-17T17:03:12.486+0800: 22160.045: [CMS-concurrent-abortable-preclean: 1.640/1.642 secs] [Times: user=2.33 sys=0.15, real=1.65 secs] 
2016-10-17T17:03:12.487+0800: 22160.046: [GC (CMS Final Remark) [YG occupancy: 383136 K (685696 K)]2016-10-17T17:03:12.487+0800: 22160.046: [Rescan (parallel) , 0.0184227 secs]2016-10-17T17:03:12.506+0800: 22160.065: [weak refs processing, 0.0002842 secs]2016-10-17T17:03:12.506+0800: 22160.065: [class unloading, 0.0144685 secs]2016-10-17T17:03:12.521+0800: 22160.079: [scrub symbol table, 0.0062980 secs]2016-10-17T17:03:12.527+0800: 22160.086: [scrub string table, 0.0007487 secs][1 CMS-remark: 1324245K(1798144K)] 1707382K(2483840K), 0.0406028 secs] [Times: user=0.09 sys=0.00, real=0.04 secs] 
2016-10-17T17:03:12.529+0800: 22160.088: [CMS-concurrent-sweep-start]
2016-10-17T17:03:12.632+0800: 22160.191: [CMS-concurrent-sweep: 0.103/0.103 secs] [Times: user=0.15 sys=0.01, real=0.10 secs] 
2016-10-17T17:03:12.632+0800: 22160.191: [CMS-concurrent-reset-start]
2016-10-17T17:03:12.636+0800: 22160.195: [CMS-concurrent-reset: 0.004/0.004 secs] [Times: user=0.00 sys=0.00, real=0.01 secs] 
2016-10-17T17:03:14.747+0800: 22162.306: [GC (Allocation Failure) 2016-10-17T17:03:14.747+0800: 22162.306: [ParNew: 685696K->76160K(685696K), 0.0363738 secs] 1768917K->1251370K(2483840K), 0.0365054 secs] [Times: user=0.12 sys=0.00, real=0.03 secs] 
2016-10-17T17:03:18.845+0800: 22166.403: [GC (Allocation Failure) 2016-10-17T17:03:18.845+0800: 22166.403: [ParNew: 685589K->76160K(685696K), 0.0322300 secs] 1860799K->1342169K(2483840K), 0.0323909 secs] [Times: user=0.12 sys=0.00, real=0.04 secs] 
2016-10-17T17:03:18.878+0800: 22166.437: [GC (CMS Initial Mark) [1 CMS-initial-mark: 1266009K(1798144K)] 1342751K(2483840K), 0.0022355 secs] [Times: user=0.01 sys=0.00, real=0.00 secs] 
2016-10-17T17:03:18.880+0800: 22166.439: [CMS-concurrent-mark-start]
2016-10-17T17:03:19.437+0800: 22166.996: [CMS-concurrent-mark: 0.557/0.557 secs] [Times: user=0.78 sys=0.07, real=0.56 secs] 
2016-10-17T17:03:19.437+0800: 22166.996: [CMS-concurrent-preclean-start]
2016-10-17T17:03:19.444+0800: 22167.003: [CMS-concurrent-preclean: 0.006/0.007 secs] [Times: user=0.01 sys=0.00, real=0.00 secs] 
2016-10-17T17:03:19.444+0800: 22167.003: [CMS-concurrent-abortable-preclean-start]
2016-10-17T17:03:22.030+0800: 22169.589: [CMS-concurrent-abortable-preclean: 2.584/2.586 secs] [Times: user=3.32 sys=0.22, real=2.59 secs] 
2016-10-17T17:03:22.031+0800: 22169.590: [GC (CMS Final Remark) [YG occupancy: 383165 K (685696 K)]2016-10-17T17:03:22.031+0800: 22169.590: [Rescan (parallel) , 0.0199004 secs]2016-10-17T17:03:22.051+0800: 22169.610: [weak refs processing, 0.0002765 secs]2016-10-17T17:03:22.051+0800: 22169.610: [class unloading, 0.0158775 secs]2016-10-17T17:03:22.067+0800: 22169.626: [scrub symbol table, 0.0064680 secs]2016-10-17T17:03:22.073+0800: 22169.632: [scrub string table, 0.0007237 secs][1 CMS-remark: 1266009K(1798144K)] 1649174K(2483840K), 0.0436158 secs] [Times: user=0.11 sys=0.00, real=0.04 secs] 
2016-10-17T17:03:22.075+0800: 22169.634: [CMS-concurrent-sweep-start]
2016-10-17T17:03:22.183+0800: 22169.742: [CMS-concurrent-sweep: 0.108/0.108 secs] [Times: user=0.16 sys=0.01, real=0.11 secs] 
2016-10-17T17:03:22.183+0800: 22169.742: [CMS-concurrent-reset-start]
2016-10-17T17:03:22.186+0800: 22169.745: [CMS-concurrent-reset: 0.004/0.004 secs] [Times: user=0.00 sys=0.00, real=0.01 secs] 
2016-10-17T17:03:26.326+0800: 22173.885: [GC (Allocation Failure) 2016-10-17T17:03:26.326+0800: 22173.885: [ParNew: 685634K->76160K(685696K), 0.0394757 secs] 1787800K->1267147K(2483840K), 0.0396600 secs] [Times: user=0.15 sys=0.00, real=0.04 secs] 
2016-10-17T17:03:32.799+0800: 22180.358: [GC (Allocation Failure) 2016-10-17T17:03:32.799+0800: 22180.358: [ParNew: 685445K->76160K(685696K), 0.0392429 secs] 1876433K->1351008K(2483840K), 0.0393931 secs] [Times: user=0.11 sys=0.00, real=0.04 secs] 
2016-10-17T17:03:32.839+0800: 22180.398: [GC (CMS Initial Mark) [1 CMS-initial-mark: 1274848K(1798144K)] 1351578K(2483840K), 0.0049216 secs] [Times: user=0.01 sys=0.00, real=0.00 secs] 
2016-10-17T17:03:32.844+0800: 22180.403: [CMS-concurrent-mark-start]
2016-10-17T17:03:33.157+0800: 22180.716: [CMS-concurrent-mark: 0.311/0.313 secs] [Times: user=0.43 sys=0.02, real=0.32 secs] 
2016-10-17T17:03:33.157+0800: 22180.716: [CMS-concurrent-preclean-start]
2016-10-17T17:03:33.164+0800: 22180.723: [CMS-concurrent-preclean: 0.007/0.007 secs] [Times: user=0.01 sys=0.00, real=0.00 secs] 
2016-10-17T17:03:33.164+0800: 22180.723: [CMS-concurrent-abortable-preclean-start]
2016-10-17T17:03:36.608+0800: 22184.166: [GC (Allocation Failure) 2016-10-17T17:03:36.608+0800: 22184.166: [ParNew: 685696K->76160K(685696K), 0.0421244 secs] 1960544K->1440541K(2483840K), 0.0422779 secs] [Times: user=0.13 sys=0.00, real=0.04 secs] 
 CMS: abort preclean due to time 2016-10-17T17:03:38.184+0800: 22185.743: [CMS-concurrent-abortable-preclean: 4.970/5.020 secs] [Times: user=7.19 sys=0.42, real=5.02 secs] 
2016-10-17T17:03:38.185+0800: 22185.743: [GC (CMS Final Remark) [YG occupancy: 340986 K (685696 K)]2016-10-17T17:03:38.185+0800: 22185.743: [Rescan (parallel) , 0.0133208 secs]2016-10-17T17:03:38.198+0800: 22185.757: [weak refs processing, 0.0003840 secs]2016-10-17T17:03:38.198+0800: 22185.757: [class unloading, 0.0188245 secs]2016-10-17T17:03:38.217+0800: 22185.776: [scrub symbol table, 0.0086803 secs]2016-10-17T17:03:38.226+0800: 22185.785: [scrub string table, 0.0010511 secs][1 CMS-remark: 1364381K(1798144K)] 1705368K(2483840K), 0.0426352 secs] [Times: user=0.09 sys=0.00, real=0.05 secs] 
2016-10-17T17:03:38.227+0800: 22185.786: [CMS-concurrent-sweep-start]
2016-10-17T17:03:38.322+0800: 22185.881: [CMS-concurrent-sweep: 0.095/0.095 secs] [Times: user=0.14 sys=0.01, real=0.09 secs] 
2016-10-17T17:03:38.322+0800: 22185.881: [CMS-concurrent-reset-start]
2016-10-17T17:03:38.326+0800: 22185.885: [CMS-concurrent-reset: 0.003/0.003 secs] [Times: user=0.00 sys=0.00, real=0.01 secs] 
2016-10-17T17:03:40.141+0800: 22187.700: [GC (Allocation Failure) 2016-10-17T17:03:40.141+0800: 22187.700: [ParNew: 685696K->76160K(685696K), 0.0348347 secs] 1850962K->1335412K(2483840K), 0.0350034 secs] [Times: user=0.13 sys=0.00, real=0.04 secs] 
2016-10-17T17:03:40.180+0800: 22187.738: [GC (CMS Initial Mark) [1 CMS-initial-mark: 1259252K(1798144K)] 1335761K(2483840K), 0.0023542 secs] [Times: user=0.01 sys=0.00, real=0.00 secs] 
2016-10-17T17:03:40.182+0800: 22187.741: [CMS-concurrent-mark-start]
2016-10-17T17:03:40.509+0800: 22188.068: [CMS-concurrent-mark: 0.327/0.327 secs] [Times: user=0.47 sys=0.02, real=0.33 secs] 
2016-10-17T17:03:40.509+0800: 22188.068: [CMS-concurrent-preclean-start]
2016-10-17T17:03:40.515+0800: 22188.074: [CMS-concurrent-preclean: 0.006/0.006 secs] [Times: user=0.01 sys=0.00, real=0.00 secs] 
2016-10-17T17:03:40.515+0800: 22188.074: [CMS-concurrent-abortable-preclean-start]
2016-10-17T17:03:41.968+0800: 22189.526: [CMS-concurrent-abortable-preclean: 1.449/1.453 secs] [Times: user=2.06 sys=0.14, real=1.46 secs] 
2016-10-17T17:03:41.968+0800: 22189.527: [GC (CMS Final Remark) [YG occupancy: 386602 K (685696 K)]2016-10-17T17:03:41.968+0800: 22189.527: [Rescan (parallel) , 0.0176480 secs]2016-10-17T17:03:41.986+0800: 22189.545: [weak refs processing, 0.0001652 secs]2016-10-17T17:03:41.986+0800: 22189.545: [class unloading, 0.0133448 secs]2016-10-17T17:03:42.000+0800: 22189.558: [scrub symbol table, 0.0050326 secs]2016-10-17T17:03:42.005+0800: 22189.563: [scrub string table, 0.0007359 secs][1 CMS-remark: 1259252K(1798144K)] 1645855K(2483840K), 0.0371967 secs] [Times: user=0.08 sys=0.00, real=0.03 secs] 
2016-10-17T17:03:42.006+0800: 22189.565: [CMS-concurrent-sweep-start]
2016-10-17T17:03:42.104+0800: 22189.663: [CMS-concurrent-sweep: 0.098/0.098 secs] [Times: user=0.15 sys=0.00, real=0.09 secs] 
2016-10-17T17:03:42.104+0800: 22189.663: [CMS-concurrent-reset-start]
2016-10-17T17:03:42.108+0800: 22189.666: [CMS-concurrent-reset: 0.004/0.004 secs] [Times: user=0.00 sys=0.00, real=0.01 secs] 
2016-10-17T17:03:43.990+0800: 22191.549: [GC (Allocation Failure) 2016-10-17T17:03:43.990+0800: 22191.549: [ParNew: 685636K->76160K(685696K), 0.0591996 secs] 1785373K->1280990K(2483840K), 0.0593295 secs] [Times: user=0.21 sys=0.01, real=0.06 secs] 
2016-10-17T17:03:47.477+0800: 22195.036: [GC (Allocation Failure) 2016-10-17T17:03:47.477+0800: 22195.036: [ParNew: 685458K->76160K(685696K), 0.0560031 secs] 1890288K->1394964K(2483840K), 0.0561561 secs] [Times: user=0.20 sys=0.00, real=0.05 secs] 
2016-10-17T17:03:47.534+0800: 22195.092: [GC (CMS Initial Mark) [1 CMS-initial-mark: 1318804K(1798144K)] 1395549K(2483840K), 0.0021145 secs] [Times: user=0.01 sys=0.00, real=0.00 secs] 
2016-10-17T17:03:47.536+0800: 22195.095: [CMS-concurrent-mark-start]
2016-10-17T17:03:47.880+0800: 22195.439: [CMS-concurrent-mark: 0.345/0.345 secs] [Times: user=0.48 sys=0.04, real=0.34 secs] 
2016-10-17T17:03:47.880+0800: 22195.439: [CMS-concurrent-preclean-start]
2016-10-17T17:03:47.888+0800: 22195.446: [CMS-concurrent-preclean: 0.007/0.007 secs] [Times: user=0.01 sys=0.00, real=0.01 secs] 
2016-10-17T17:03:47.888+0800: 22195.446: [CMS-concurrent-abortable-preclean-start]
2016-10-17T17:03:51.500+0800: 22199.058: [GC (Allocation Failure) 2016-10-17T17:03:51.500+0800: 22199.058: [ParNew: 685696K->76160K(685696K), 0.0255466 secs] 2004500K->1458334K(2483840K), 0.0257000 secs] [Times: user=0.09 sys=0.00, real=0.02 secs] 
 CMS: abort preclean due to time 2016-10-17T17:03:52.893+0800: 22200.451: [CMS-concurrent-abortable-preclean: 4.660/5.005 secs] [Times: user=6.85 sys=0.64, real=5.00 secs] 
2016-10-17T17:03:52.893+0800: 22200.452: [GC (CMS Final Remark) [YG occupancy: 336057 K (685696 K)]2016-10-17T17:03:52.893+0800: 22200.452: [Rescan (parallel) , 0.0110619 secs]2016-10-17T17:03:52.904+0800: 22200.463: [weak refs processing, 0.0024306 secs]2016-10-17T17:03:52.907+0800: 22200.466: [class unloading, 0.0137631 secs]2016-10-17T17:03:52.921+0800: 22200.480: [scrub symbol table, 0.0055944 secs]2016-10-17T17:03:52.926+0800: 22200.485: [scrub string table, 0.0007458 secs][1 CMS-remark: 1382174K(1798144K)] 1718231K(2483840K), 0.0352307 secs] [Times: user=0.07 sys=0.00, real=0.04 secs] 
2016-10-17T17:03:52.929+0800: 22200.488: [CMS-concurrent-sweep-start]
2016-10-17T17:03:53.138+0800: 22200.697: [CMS-concurrent-sweep: 0.209/0.209 secs] [Times: user=0.51 sys=0.02, real=0.21 secs] 
2016-10-17T17:03:53.138+0800: 22200.697: [CMS-concurrent-reset-start]
2016-10-17T17:03:53.142+0800: 22200.701: [CMS-concurrent-reset: 0.004/0.004 secs] [Times: user=0.01 sys=0.00, real=0.00 secs] 
2016-10-17T17:03:54.516+0800: 22202.074: [GC (Allocation Failure) 2016-10-17T17:03:54.516+0800: 22202.074: [ParNew: 685597K->76160K(685696K), 0.0318201 secs] 1878733K->1350529K(2483840K), 0.0319588 secs] [Times: user=0.11 sys=0.00, real=0.04 secs] 
2016-10-17T17:03:54.548+0800: 22202.107: [GC (CMS Initial Mark) [1 CMS-initial-mark: 1274369K(1798144K)] 1350785K(2483840K), 0.0023497 secs] [Times: user=0.01 sys=0.00, real=0.00 secs] 
2016-10-17T17:03:54.551+0800: 22202.109: [CMS-concurrent-mark-start]
2016-10-17T17:03:54.876+0800: 22202.435: [CMS-concurrent-mark: 0.325/0.325 secs] [Times: user=0.47 sys=0.03, real=0.33 secs] 
2016-10-17T17:03:54.876+0800: 22202.435: [CMS-concurrent-preclean-start]
2016-10-17T17:03:54.881+0800: 22202.440: [CMS-concurrent-preclean: 0.005/0.005 secs] [Times: user=0.00 sys=0.00, real=0.00 secs] 
2016-10-17T17:03:54.881+0800: 22202.440: [CMS-concurrent-abortable-preclean-start]
2016-10-17T17:03:59.097+0800: 22206.655: [GC (Allocation Failure) 2016-10-17T17:03:59.097+0800: 22206.655: [ParNew: 685521K->76160K(685696K), 0.0474647 secs] 1959891K->1438863K(2483840K), 0.0476415 secs] [Times: user=0.14 sys=0.00, real=0.04 secs] 
 CMS: abort preclean due to time 2016-10-17T17:03:59.892+0800: 22207.451: [CMS-concurrent-abortable-preclean: 4.858/5.011 secs] [Times: user=6.49 sys=0.47, real=5.01 secs] 
2016-10-17T17:03:59.893+0800: 22207.452: [GC (CMS Final Remark) [YG occupancy: 201179 K (685696 K)]2016-10-17T17:03:59.893+0800: 22207.452: [Rescan (parallel) , 0.0076756 secs]2016-10-17T17:03:59.901+0800: 22207.459: [weak refs processing, 0.0002315 secs]2016-10-17T17:03:59.901+0800: 22207.460: [class unloading, 0.0203273 secs]2016-10-17T17:03:59.921+0800: 22207.480: [scrub symbol table, 0.0076483 secs]2016-10-17T17:03:59.929+0800: 22207.488: [scrub string table, 0.0010529 secs][1 CMS-remark: 1362703K(1798144K)] 1563882K(2483840K), 0.0464684 secs] [Times: user=0.07 sys=0.00, real=0.05 secs] 
2016-10-17T17:03:59.940+0800: 22207.499: [CMS-concurrent-sweep-start]
2016-10-17T17:04:00.061+0800: 22207.620: [CMS-concurrent-sweep: 0.121/0.121 secs] [Times: user=0.12 sys=0.00, real=0.12 secs] 
2016-10-17T17:04:00.061+0800: 22207.620: [CMS-concurrent-reset-start]
2016-10-17T17:04:00.064+0800: 22207.623: [CMS-concurrent-reset: 0.003/0.003 secs] [Times: user=0.01 sys=0.00, real=0.00 secs] 
2016-10-17T17:04:03.046+0800: 22210.605: [GC (Allocation Failure) 2016-10-17T17:04:03.046+0800: 22210.605: [ParNew: 685490K->76160K(685696K), 0.0424439 secs] 1886372K->1368978K(2483840K), 0.0426081 secs] [Times: user=0.15 sys=0.00, real=0.04 secs] 
2016-10-17T17:04:03.089+0800: 22210.648: [GC (CMS Initial Mark) [1 CMS-initial-mark: 1292818K(1798144K)] 1369578K(2483840K), 0.0027838 secs] [Times: user=0.01 sys=0.00, real=0.00 secs] 
2016-10-17T17:04:03.092+0800: 22210.651: [CMS-concurrent-mark-start]
2016-10-17T17:04:03.312+0800: 22210.871: [CMS-concurrent-mark: 0.220/0.220 secs] [Times: user=0.32 sys=0.01, real=0.22 secs] 
2016-10-17T17:04:03.312+0800: 22210.871: [CMS-concurrent-preclean-start]
2016-10-17T17:04:03.317+0800: 22210.876: [CMS-concurrent-preclean: 0.005/0.005 secs] [Times: user=0.00 sys=0.00, real=0.01 secs] 
2016-10-17T17:04:03.317+0800: 22210.876: [CMS-concurrent-abortable-preclean-start]
2016-10-17T17:04:04.863+0800: 22212.422: [CMS-concurrent-abortable-preclean: 1.545/1.546 secs] [Times: user=2.17 sys=0.13, real=1.54 secs] 
2016-10-17T17:04:04.864+0800: 22212.422: [GC (CMS Final Remark) [YG occupancy: 388421 K (685696 K)]2016-10-17T17:04:04.864+0800: 22212.423: [Rescan (parallel) , 0.0147446 secs]2016-10-17T17:04:04.879+0800: 22212.437: [weak refs processing, 0.0002198 secs]2016-10-17T17:04:04.879+0800: 22212.438: [class unloading, 0.0132763 secs]2016-10-17T17:04:04.892+0800: 22212.451: [scrub symbol table, 0.0049948 secs]2016-10-17T17:04:04.897+0800: 22212.456: [scrub string table, 0.0007230 secs][1 CMS-remark: 1292818K(1798144K)] 1681239K(2483840K), 0.0342813 secs] [Times: user=0.08 sys=0.00, real=0.04 secs] 
2016-10-17T17:04:04.898+0800: 22212.457: [CMS-concurrent-sweep-start]
2016-10-17T17:04:05.171+0800: 22212.730: [CMS-concurrent-sweep: 0.273/0.273 secs] [Times: user=0.38 sys=0.02, real=0.27 secs] 
2016-10-17T17:04:05.171+0800: 22212.730: [CMS-concurrent-reset-start]
2016-10-17T17:04:05.175+0800: 22212.734: [CMS-concurrent-reset: 0.004/0.004 secs] [Times: user=0.01 sys=0.00, real=0.00 secs] 
2016-10-17T17:04:06.614+0800: 22214.173: [GC (Allocation Failure) 2016-10-17T17:04:06.614+0800: 22214.173: [ParNew: 685672K->76160K(685696K), 0.0346719 secs] 1725431K->1203290K(2483840K), 0.0348330 secs] [Times: user=0.12 sys=0.00, real=0.04 secs] 
2016-10-17T17:04:10.319+0800: 22217.878: [GC (Allocation Failure) 2016-10-17T17:04:10.319+0800: 22217.878: [ParNew: 685503K->76160K(685696K), 0.0310183 secs] 1812634K->1298063K(2483840K), 0.0311722 secs] [Times: user=0.11 sys=0.00, real=0.03 secs] 
2016-10-17T17:04:13.876+0800: 22221.435: [GC (Allocation Failure) 2016-10-17T17:04:13.876+0800: 22221.435: [ParNew: 685504K->76160K(685696K), 0.0365450 secs] 1907408K->1382681K(2483840K), 0.0366946 secs] [Times: user=0.13 sys=0.00, real=0.04 secs] 
2016-10-17T17:04:13.913+0800: 22221.472: [GC (CMS Initial Mark) [1 CMS-initial-mark: 1306521K(1798144K)] 1383246K(2483840K), 0.0055062 secs] [Times: user=0.02 sys=0.00, real=0.01 secs] 
2016-10-17T17:04:13.919+0800: 22221.478: [CMS-concurrent-mark-start]
2016-10-17T17:04:14.198+0800: 22221.757: [CMS-concurrent-mark: 0.278/0.278 secs] [Times: user=0.39 sys=0.01, real=0.28 secs] 
2016-10-17T17:04:14.198+0800: 22221.757: [CMS-concurrent-preclean-start]
2016-10-17T17:04:14.203+0800: 22221.762: [CMS-concurrent-preclean: 0.005/0.005 secs] [Times: user=0.00 sys=0.00, real=0.00 secs] 
2016-10-17T17:04:14.203+0800: 22221.762: [CMS-concurrent-abortable-preclean-start]
2016-10-17T17:04:17.172+0800: 22224.730: [CMS-concurrent-abortable-preclean: 2.956/2.969 secs] [Times: user=3.97 sys=0.31, real=2.97 secs] 
2016-10-17T17:04:17.172+0800: 22224.731: [GC (CMS Final Remark) [YG occupancy: 385833 K (685696 K)]2016-10-17T17:04:17.172+0800: 22224.731: [Rescan (parallel) , 0.0190748 secs]2016-10-17T17:04:17.192+0800: 22224.750: [weak refs processing, 0.0005680 secs]2016-10-17T17:04:17.192+0800: 22224.751: [class unloading, 0.0151758 secs]2016-10-17T17:04:17.207+0800: 22224.766: [scrub symbol table, 0.0045601 secs]2016-10-17T17:04:17.212+0800: 22224.771: [scrub string table, 0.0007104 secs][1 CMS-remark: 1306521K(1798144K)] 1692355K(2483840K), 0.0405481 secs] [Times: user=0.10 sys=0.00, real=0.04 secs] 
2016-10-17T17:04:17.213+0800: 22224.772: [CMS-concurrent-sweep-start]
2016-10-17T17:04:17.455+0800: 22225.014: [CMS-concurrent-sweep: 0.242/0.242 secs] [Times: user=0.27 sys=0.03, real=0.24 secs] 
2016-10-17T17:04:17.455+0800: 22225.014: [CMS-concurrent-reset-start]
2016-10-17T17:04:17.459+0800: 22225.018: [CMS-concurrent-reset: 0.004/0.004 secs] [Times: user=0.01 sys=0.00, real=0.01 secs] 
2016-10-17T17:04:19.543+0800: 22227.102: [GC (Allocation Failure) 2016-10-17T17:04:19.543+0800: 22227.102: [ParNew: 685676K->76160K(685696K), 0.1690193 secs] 1711349K->1196896K(2483840K), 0.1692726 secs] [Times: user=0.25 sys=0.02, real=0.17 secs] 
2016-10-17T17:04:24.122+0800: 22231.681: [GC (Allocation Failure) 2016-10-17T17:04:24.122+0800: 22231.681: [ParNew: 685696K->76160K(685696K), 0.0287101 secs] 1806432K->1278871K(2483840K), 0.0288548 secs] [Times: user=0.10 sys=0.00, real=0.03 secs] 
2016-10-17T17:04:28.835+0800: 22236.393: [GC (Allocation Failure) 2016-10-17T17:04:28.835+0800: 22236.393: [ParNew: 685615K->76160K(685696K), 0.0360348 secs] 1888326K->1369084K(2483840K), 0.0361811 secs] [Times: user=0.13 sys=0.00, real=0.04 secs] 
2016-10-17T17:04:28.871+0800: 22236.430: [GC (CMS Initial Mark) [1 CMS-initial-mark: 1292924K(1798144K)] 1369340K(2483840K), 0.0022941 secs] [Times: user=0.01 sys=0.00, real=0.00 secs] 
2016-10-17T17:04:28.874+0800: 22236.433: [CMS-concurrent-mark-start]
2016-10-17T17:04:29.017+0800: 22236.575: [CMS-concurrent-mark: 0.143/0.143 secs] [Times: user=0.20 sys=0.02, real=0.15 secs] 
2016-10-17T17:04:29.017+0800: 22236.576: [CMS-concurrent-preclean-start]
2016-10-17T17:04:29.023+0800: 22236.581: [CMS-concurrent-preclean: 0.006/0.006 secs] [Times: user=0.00 sys=0.00, real=0.00 secs] 
2016-10-17T17:04:29.023+0800: 22236.581: [CMS-concurrent-abortable-preclean-start]
2016-10-17T17:04:30.400+0800: 22237.958: [CMS-concurrent-abortable-preclean: 1.376/1.377 secs] [Times: user=1.90 sys=0.20, real=1.38 secs] 
2016-10-17T17:04:30.400+0800: 22237.959: [GC (CMS Final Remark) [YG occupancy: 381863 K (685696 K)]2016-10-17T17:04:30.400+0800: 22237.959: [Rescan (parallel) , 0.0114638 secs]2016-10-17T17:04:30.412+0800: 22237.971: [weak refs processing, 0.0007453 secs]2016-10-17T17:04:30.413+0800: 22237.971: [class unloading, 0.0133580 secs]2016-10-17T17:04:30.426+0800: 22237.985: [scrub symbol table, 0.0044225 secs]2016-10-17T17:04:30.430+0800: 22237.989: [scrub string table, 0.0008307 secs][1 CMS-remark: 1292924K(1798144K)] 1674788K(2483840K), 0.0315290 secs] [Times: user=0.06 sys=0.00, real=0.03 secs] 
2016-10-17T17:04:30.432+0800: 22237.991: [CMS-concurrent-sweep-start]
2016-10-17T17:04:30.698+0800: 22238.257: [CMS-concurrent-sweep: 0.266/0.266 secs] [Times: user=0.38 sys=0.03, real=0.27 secs] 
2016-10-17T17:04:30.698+0800: 22238.257: [CMS-concurrent-reset-start]
2016-10-17T17:04:30.702+0800: 22238.260: [CMS-concurrent-reset: 0.003/0.003 secs] [Times: user=0.00 sys=0.00, real=0.00 secs] 
2016-10-17T17:04:32.015+0800: 22239.574: [GC (Allocation Failure) 2016-10-17T17:04:32.015+0800: 22239.574: [ParNew: 685475K->76160K(685696K), 0.0268756 secs] 1645992K->1121919K(2483840K), 0.0270057 secs] [Times: user=0.10 sys=0.00, real=0.03 secs] 
2016-10-17T17:04:35.409+0800: 22242.968: [GC (Allocation Failure) 2016-10-17T17:04:35.409+0800: 22242.968: [ParNew: 685696K->76160K(685696K), 0.0342374 secs] 1731455K->1214002K(2483840K), 0.0343717 secs] [Times: user=0.13 sys=0.00, real=0.03 secs] 
2016-10-17T17:04:38.736+0800: 22246.295: [GC (Allocation Failure) 2016-10-17T17:04:38.736+0800: 22246.295: [ParNew: 685696K->76160K(685696K), 0.0373571 secs] 1823538K->1305244K(2483840K), 0.0374857 secs] [Times: user=0.12 sys=0.00, real=0.03 secs] 
2016-10-17T17:04:41.911+0800: 22249.470: [GC (Allocation Failure) 2016-10-17T17:04:41.911+0800: 22249.470: [ParNew: 685696K->76160K(685696K), 0.0321544 secs] 1914780K->1396524K(2483840K), 0.0322876 secs] [Times: user=0.11 sys=0.00, real=0.03 secs] 
2016-10-17T17:04:41.944+0800: 22249.503: [GC (CMS Initial Mark) [1 CMS-initial-mark: 1320364K(1798144K)] 1396918K(2483840K), 0.0021744 secs] [Times: user=0.00 sys=0.00, real=0.01 secs] 
2016-10-17T17:04:41.947+0800: 22249.506: [CMS-concurrent-mark-start]
2016-10-17T17:04:42.102+0800: 22249.661: [CMS-concurrent-mark: 0.155/0.155 secs] [Times: user=0.23 sys=0.01, real=0.15 secs] 
2016-10-17T17:04:42.102+0800: 22249.661: [CMS-concurrent-preclean-start]
2016-10-17T17:04:42.107+0800: 22249.666: [CMS-concurrent-preclean: 0.005/0.005 secs] [Times: user=0.01 sys=0.00, real=0.01 secs] 
2016-10-17T17:04:42.107+0800: 22249.666: [CMS-concurrent-abortable-preclean-start]
2016-10-17T17:04:43.669+0800: 22251.228: [CMS-concurrent-abortable-preclean: 1.560/1.562 secs] [Times: user=2.21 sys=0.15, real=1.56 secs] 
2016-10-17T17:04:43.670+0800: 22251.229: [GC (CMS Final Remark) [YG occupancy: 387075 K (685696 K)]2016-10-17T17:04:43.670+0800: 22251.229: [Rescan (parallel) , 0.0125975 secs]2016-10-17T17:04:43.682+0800: 22251.241: [weak refs processing, 0.0003709 secs]2016-10-17T17:04:43.683+0800: 22251.242: [class unloading, 0.0136149 secs]2016-10-17T17:04:43.696+0800: 22251.255: [scrub symbol table, 0.0047137 secs]2016-10-17T17:04:43.701+0800: 22251.260: [scrub string table, 0.0007223 secs][1 CMS-remark: 1320364K(1798144K)] 1707439K(2483840K), 0.0324635 secs] [Times: user=0.07 sys=0.00, real=0.03 secs] 
2016-10-17T17:04:43.702+0800: 22251.261: [CMS-concurrent-sweep-start]
2016-10-17T17:04:43.792+0800: 22251.351: [CMS-concurrent-sweep: 0.090/0.090 secs] [Times: user=0.12 sys=0.01, real=0.09 secs] 
2016-10-17T17:04:43.793+0800: 22251.351: [CMS-concurrent-reset-start]
2016-10-17T17:04:43.796+0800: 22251.355: [CMS-concurrent-reset: 0.004/0.004 secs] [Times: user=0.01 sys=0.00, real=0.01 secs] 
2016-10-17T17:04:45.420+0800: 22252.979: [GC (Allocation Failure) 2016-10-17T17:04:45.420+0800: 22252.979: [ParNew: 685686K->76160K(685696K), 0.0364683 secs] 1685197K->1169077K(2483840K), 0.0366285 secs] [Times: user=0.13 sys=0.00, real=0.04 secs] 
2016-10-17T17:04:48.717+0800: 22256.276: [GC (Allocation Failure) 2016-10-17T17:04:48.717+0800: 22256.276: [ParNew: 685696K->76160K(685696K), 0.0352125 secs] 1778613K->1259264K(2483840K), 0.0353591 secs] [Times: user=0.11 sys=0.00, real=0.03 secs] 
2016-10-17T17:04:52.105+0800: 22259.664: [GC (Allocation Failure) 2016-10-17T17:04:52.105+0800: 22259.664: [ParNew: 685667K->76160K(685696K), 0.0353357 secs] 1868772K->1352329K(2483840K), 0.0354761 secs] [Times: user=0.12 sys=0.00, real=0.04 secs] 
2016-10-17T17:04:52.141+0800: 22259.700: [GC (CMS Initial Mark) [1 CMS-initial-mark: 1276169K(1798144K)] 1352637K(2483840K), 0.0017308 secs] [Times: user=0.00 sys=0.00, real=0.00 secs] 
2016-10-17T17:04:52.143+0800: 22259.702: [CMS-concurrent-mark-start]
2016-10-17T17:04:52.343+0800: 22259.902: [CMS-concurrent-mark: 0.199/0.200 secs] [Times: user=0.34 sys=0.02, real=0.20 secs] 
2016-10-17T17:04:52.343+0800: 22259.902: [CMS-concurrent-preclean-start]
2016-10-17T17:04:52.350+0800: 22259.909: [CMS-concurrent-preclean: 0.007/0.007 secs] [Times: user=0.01 sys=0.00, real=0.01 secs] 
2016-10-17T17:04:52.350+0800: 22259.909: [CMS-concurrent-abortable-preclean-start]
2016-10-17T17:04:55.092+0800: 22262.650: [CMS-concurrent-abortable-preclean: 2.638/2.742 secs] [Times: user=3.37 sys=0.28, real=2.74 secs] 
2016-10-17T17:04:55.092+0800: 22262.651: [GC (CMS Final Remark) [YG occupancy: 384344 K (685696 K)]2016-10-17T17:04:55.093+0800: 22262.651: [Rescan (parallel) , 0.0255384 secs]2016-10-17T17:04:55.118+0800: 22262.677: [weak refs processing, 0.0004509 secs]2016-10-17T17:04:55.119+0800: 22262.677: [class unloading, 0.0176833 secs]2016-10-17T17:04:55.136+0800: 22262.695: [scrub symbol table, 0.0046312 secs]2016-10-17T17:04:55.141+0800: 22262.700: [scrub string table, 0.0006899 secs][1 CMS-remark: 1276169K(1798144K)] 1660514K(2483840K), 0.0494277 secs] [Times: user=0.10 sys=0.00, real=0.05 secs] 
2016-10-17T17:04:55.142+0800: 22262.701: [CMS-concurrent-sweep-start]
2016-10-17T17:04:55.353+0800: 22262.912: [CMS-concurrent-sweep: 0.211/0.211 secs] [Times: user=0.22 sys=0.03, real=0.21 secs] 
2016-10-17T17:04:55.353+0800: 22262.912: [CMS-concurrent-reset-start]
2016-10-17T17:04:55.357+0800: 22262.916: [CMS-concurrent-reset: 0.004/0.004 secs] [Times: user=0.01 sys=0.00, real=0.01 secs] 
2016-10-17T17:04:59.705+0800: 22267.264: [GC (Allocation Failure) 2016-10-17T17:04:59.705+0800: 22267.264: [ParNew: 685655K->76160K(685696K), 0.0536125 secs] 1681536K->1167545K(2483840K), 0.0538023 secs] [Times: user=0.12 sys=0.00, real=0.06 secs] 
2016-10-17T17:05:04.495+0800: 22272.054: [GC (Allocation Failure) 2016-10-17T17:05:04.495+0800: 22272.054: [ParNew: 685685K->76160K(685696K), 0.0400152 secs] 1777071K->1254434K(2483840K), 0.0401436 secs] [Times: user=0.12 sys=0.00, real=0.04 secs] 
2016-10-17T17:05:07.874+0800: 22275.432: [GC (Allocation Failure) 2016-10-17T17:05:07.874+0800: 22275.432: [ParNew: 685677K->76160K(685696K), 0.0318540 secs] 1863951K->1342781K(2483840K), 0.0319974 secs] [Times: user=0.11 sys=0.00, real=0.03 secs] 
2016-10-17T17:05:07.906+0800: 22275.465: [GC (CMS Initial Mark) [1 CMS-initial-mark: 1266621K(1798144K)] 1343119K(2483840K), 0.0021173 secs] [Times: user=0.01 sys=0.00, real=0.00 secs] 
2016-10-17T17:05:07.909+0800: 22275.467: [CMS-concurrent-mark-start]
2016-10-17T17:05:08.114+0800: 22275.673: [CMS-concurrent-mark: 0.205/0.206 secs] [Times: user=0.29 sys=0.02, real=0.20 secs] 
2016-10-17T17:05:08.114+0800: 22275.673: [CMS-concurrent-preclean-start]
2016-10-17T17:05:08.120+0800: 22275.679: [CMS-concurrent-preclean: 0.006/0.006 secs] [Times: user=0.00 sys=0.00, real=0.01 secs] 
2016-10-17T17:05:08.121+0800: 22275.679: [CMS-concurrent-abortable-preclean-start]
2016-10-17T17:05:09.890+0800: 22277.449: [CMS-concurrent-abortable-preclean: 1.667/1.769 secs] [Times: user=2.33 sys=0.17, real=1.77 secs] 
2016-10-17T17:05:09.891+0800: 22277.449: [GC (CMS Final Remark) [YG occupancy: 383880 K (685696 K)]2016-10-17T17:05:09.891+0800: 22277.449: [Rescan (parallel) , 0.0139407 secs]2016-10-17T17:05:09.905+0800: 22277.463: [weak refs processing, 0.0007257 secs]2016-10-17T17:05:09.905+0800: 22277.464: [class unloading, 0.0133453 secs]2016-10-17T17:05:09.919+0800: 22277.478: [scrub symbol table, 0.0048881 secs]2016-10-17T17:05:09.924+0800: 22277.482: [scrub string table, 0.0007528 secs][1 CMS-remark: 1266621K(1798144K)] 1650502K(2483840K), 0.0344639 secs] [Times: user=0.08 sys=0.00, real=0.03 secs] 
2016-10-17T17:05:09.925+0800: 22277.484: [CMS-concurrent-sweep-start]
2016-10-17T17:05:10.031+0800: 22277.590: [CMS-concurrent-sweep: 0.106/0.106 secs] [Times: user=0.14 sys=0.02, real=0.11 secs] 
2016-10-17T17:05:10.031+0800: 22277.590: [CMS-concurrent-reset-start]
2016-10-17T17:05:10.035+0800: 22277.594: [CMS-concurrent-reset: 0.004/0.004 secs] [Times: user=0.01 sys=0.00, real=0.00 secs] 
2016-10-17T17:05:11.821+0800: 22279.380: [GC (Allocation Failure) 2016-10-17T17:05:11.821+0800: 22279.380: [ParNew: 685696K->76160K(685696K), 0.0318571 secs] 1710491K->1188253K(2483840K), 0.0320229 secs] [Times: user=0.11 sys=0.00, real=0.03 secs] 
2016-10-17T17:05:16.423+0800: 22283.981: [GC (Allocation Failure) 2016-10-17T17:05:16.423+0800: 22283.981: [ParNew: 685458K->76160K(685696K), 0.0359251 secs] 1797552K->1279768K(2483840K), 0.0360835 secs] [Times: user=0.13 sys=0.00, real=0.04 secs] 
2016-10-17T17:05:23.400+0800: 22290.959: [GC (Allocation Failure) 2016-10-17T17:05:23.401+0800: 22290.959: [ParNew: 685678K->76160K(685696K), 0.0348169 secs] 1889286K->1367691K(2483840K), 0.0349832 secs] [Times: user=0.12 sys=0.00, real=0.03 secs] 
2016-10-17T17:05:23.436+0800: 22290.995: [GC (CMS Initial Mark) [1 CMS-initial-mark: 1291531K(1798144K)] 1368050K(2483840K), 0.0025604 secs] [Times: user=0.01 sys=0.00, real=0.00 secs] 
2016-10-17T17:05:23.439+0800: 22290.998: [CMS-concurrent-mark-start]
2016-10-17T17:05:23.690+0800: 22291.248: [CMS-concurrent-mark: 0.251/0.251 secs] [Times: user=0.31 sys=0.01, real=0.25 secs] 
2016-10-17T17:05:23.690+0800: 22291.249: [CMS-concurrent-preclean-start]
2016-10-17T17:05:23.697+0800: 22291.256: [CMS-concurrent-preclean: 0.007/0.007 secs] [Times: user=0.01 sys=0.00, real=0.01 secs] 
2016-10-17T17:05:23.697+0800: 22291.256: [CMS-concurrent-abortable-preclean-start]
2016-10-17T17:05:28.409+0800: 22295.967: [CMS-concurrent-abortable-preclean: 4.710/4.712 secs] [Times: user=5.40 sys=0.41, real=4.71 secs] 
2016-10-17T17:05:28.412+0800: 22295.970: [GC (CMS Final Remark) [YG occupancy: 382161 K (685696 K)]2016-10-17T17:05:28.412+0800: 22295.970: [Rescan (parallel) , 0.0205386 secs]2016-10-17T17:05:28.432+0800: 22295.991: [weak refs processing, 0.0004483 secs]2016-10-17T17:05:28.433+0800: 22295.991: [class unloading, 0.0141332 secs]2016-10-17T17:05:28.447+0800: 22296.006: [scrub symbol table, 0.0065256 secs]2016-10-17T17:05:28.453+0800: 22296.012: [scrub string table, 0.0008718 secs][1 CMS-remark: 1291531K(1798144K)] 1673692K(2483840K), 0.0430955 secs] [Times: user=0.09 sys=0.00, real=0.04 secs] 
2016-10-17T17:05:28.456+0800: 22296.015: [CMS-concurrent-sweep-start]
2016-10-17T17:05:28.725+0800: 22296.284: [CMS-concurrent-sweep: 0.269/0.269 secs] [Times: user=0.28 sys=0.04, real=0.26 secs] 
2016-10-17T17:05:28.725+0800: 22296.284: [CMS-concurrent-reset-start]
2016-10-17T17:05:28.729+0800: 22296.288: [CMS-concurrent-reset: 0.004/0.004 secs] [Times: user=0.00 sys=0.00, real=0.01 secs] 
2016-10-17T17:05:31.717+0800: 22299.275: [GC (Allocation Failure) 2016-10-17T17:05:31.717+0800: 22299.276: [ParNew: 685464K->76160K(685696K), 0.0469254 secs] 1695768K->1183918K(2483840K), 0.0470951 secs] [Times: user=0.12 sys=0.00, real=0.04 secs] 
2016-10-17T17:05:39.714+0800: 22307.272: [GC (Allocation Failure) 2016-10-17T17:05:39.714+0800: 22307.273: [ParNew: 685446K->76160K(685696K), 0.0534127 secs] 1793205K->1272016K(2483840K), 0.0535679 secs] [Times: user=0.12 sys=0.00, real=0.06 secs] 
2016-10-17T17:05:43.128+0800: 22310.686: [GC (Allocation Failure) 2016-10-17T17:05:43.128+0800: 22310.686: [ParNew: 685696K->76160K(685696K), 0.0311363 secs] 1881552K->1356058K(2483840K), 0.0312892 secs] [Times: user=0.11 sys=0.00, real=0.03 secs] 
2016-10-17T17:05:43.160+0800: 22310.718: [GC (CMS Initial Mark) [1 CMS-initial-mark: 1279898K(1798144K)] 1356411K(2483840K), 0.0029073 secs] [Times: user=0.01 sys=0.00, real=0.00 secs] 
2016-10-17T17:05:43.163+0800: 22310.721: [CMS-concurrent-mark-start]
2016-10-17T17:05:43.389+0800: 22310.948: [CMS-concurrent-mark: 0.227/0.227 secs] [Times: user=0.33 sys=0.01, real=0.23 secs] 
2016-10-17T17:05:43.389+0800: 22310.948: [CMS-concurrent-preclean-start]
2016-10-17T17:05:43.395+0800: 22310.954: [CMS-concurrent-preclean: 0.005/0.006 secs] [Times: user=0.00 sys=0.00, real=0.00 secs] 
2016-10-17T17:05:43.395+0800: 22310.954: [CMS-concurrent-abortable-preclean-start]
2016-10-17T17:05:44.753+0800: 22312.312: [CMS-concurrent-abortable-preclean: 1.357/1.358 secs] [Times: user=1.95 sys=0.13, real=1.36 secs] 
2016-10-17T17:05:44.754+0800: 22312.313: [GC (CMS Final Remark) [YG occupancy: 384309 K (685696 K)]2016-10-17T17:05:44.754+0800: 22312.313: [Rescan (parallel) , 0.0123101 secs]2016-10-17T17:05:44.766+0800: 22312.325: [weak refs processing, 0.0003915 secs]2016-10-17T17:05:44.767+0800: 22312.325: [class unloading, 0.0136627 secs]2016-10-17T17:05:44.780+0800: 22312.339: [scrub symbol table, 0.0042398 secs]2016-10-17T17:05:44.785+0800: 22312.343: [scrub string table, 0.0006890 secs][1 CMS-remark: 1279898K(1798144K)] 1664207K(2483840K), 0.0317122 secs] [Times: user=0.07 sys=0.00, real=0.03 secs] 
2016-10-17T17:05:44.786+0800: 22312.345: [CMS-concurrent-sweep-start]
2016-10-17T17:05:44.877+0800: 22312.436: [CMS-concurrent-sweep: 0.091/0.091 secs] [Times: user=0.12 sys=0.01, real=0.09 secs] 
2016-10-17T17:05:44.877+0800: 22312.436: [CMS-concurrent-reset-start]
2016-10-17T17:05:44.881+0800: 22312.440: [CMS-concurrent-reset: 0.004/0.004 secs] [Times: user=0.01 sys=0.00, real=0.00 secs] 
2016-10-17T17:05:46.312+0800: 22313.871: [GC (Allocation Failure) 2016-10-17T17:05:46.312+0800: 22313.871: [ParNew: 685516K->76160K(685696K), 0.0349397 secs] 1724032K->1221869K(2483840K), 0.0350959 secs] [Times: user=0.12 sys=0.00, real=0.04 secs] 
2016-10-17T17:05:49.901+0800: 22317.460: [GC (Allocation Failure) 2016-10-17T17:05:49.901+0800: 22317.460: [ParNew: 685696K->76160K(685696K), 0.0290510 secs] 1831405K->1299750K(2483840K), 0.0291888 secs] [Times: user=0.11 sys=0.00, real=0.03 secs] 
2016-10-17T17:05:53.471+0800: 22321.030: [GC (Allocation Failure) 2016-10-17T17:05:53.471+0800: 22321.030: [ParNew: 685681K->76160K(685696K), 0.0290639 secs] 1909271K->1388010K(2483840K), 0.0292083 secs] [Times: user=0.11 sys=0.00, real=0.03 secs] 
2016-10-17T17:05:53.501+0800: 22321.060: [GC (CMS Initial Mark) [1 CMS-initial-mark: 1311850K(1798144K)] 1388403K(2483840K), 0.0028591 secs] [Times: user=0.01 sys=0.00, real=0.00 secs] 
2016-10-17T17:05:53.504+0800: 22321.063: [CMS-concurrent-mark-start]
2016-10-17T17:05:53.742+0800: 22321.300: [CMS-concurrent-mark: 0.238/0.238 secs] [Times: user=0.32 sys=0.01, real=0.24 secs] 
2016-10-17T17:05:53.742+0800: 22321.300: [CMS-concurrent-preclean-start]
2016-10-17T17:05:53.747+0800: 22321.306: [CMS-concurrent-preclean: 0.005/0.005 secs] [Times: user=0.01 sys=0.00, real=0.01 secs] 
2016-10-17T17:05:53.747+0800: 22321.306: [CMS-concurrent-abortable-preclean-start]
2016-10-17T17:05:55.358+0800: 22322.917: [CMS-concurrent-abortable-preclean: 1.610/1.611 secs] [Times: user=2.27 sys=0.12, real=1.61 secs] 
2016-10-17T17:05:55.359+0800: 22322.918: [GC (CMS Final Remark) [YG occupancy: 389491 K (685696 K)]2016-10-17T17:05:55.359+0800: 22322.918: [Rescan (parallel) , 0.0152831 secs]2016-10-17T17:05:55.374+0800: 22322.933: [weak refs processing, 0.0002948 secs]2016-10-17T17:05:55.374+0800: 22322.933: [class unloading, 0.0136076 secs]2016-10-17T17:05:55.388+0800: 22322.947: [scrub symbol table, 0.0057786 secs]2016-10-17T17:05:55.394+0800: 22322.953: [scrub string table, 0.0007604 secs][1 CMS-remark: 1311850K(1798144K)] 1701341K(2483840K), 0.0361283 secs] [Times: user=0.09 sys=0.00, real=0.03 secs] 
2016-10-17T17:05:55.395+0800: 22322.954: [CMS-concurrent-sweep-start]
2016-10-17T17:05:55.487+0800: 22323.045: [CMS-concurrent-sweep: 0.091/0.091 secs] [Times: user=0.12 sys=0.01, real=0.10 secs] 
2016-10-17T17:05:55.487+0800: 22323.046: [CMS-concurrent-reset-start]
2016-10-17T17:05:55.490+0800: 22323.049: [CMS-concurrent-reset: 0.004/0.004 secs] [Times: user=0.01 sys=0.00, real=0.00 secs] 
2016-10-17T17:05:57.081+0800: 22324.640: [GC (Allocation Failure) 2016-10-17T17:05:57.081+0800: 22324.640: [ParNew: 685696K->76160K(685696K), 0.0427182 secs] 1716871K->1204033K(2483840K), 0.0428914 secs] [Times: user=0.14 sys=0.00, real=0.04 secs] 
2016-10-17T17:06:00.682+0800: 22328.241: [GC (Allocation Failure) 2016-10-17T17:06:00.682+0800: 22328.241: [ParNew: 685696K->76160K(685696K), 0.0295548 secs] 1813569K->1291337K(2483840K), 0.0296903 secs] [Times: user=0.11 sys=0.00, real=0.03 secs] 
2016-10-17T17:06:04.099+0800: 22331.657: [GC (Allocation Failure) 2016-10-17T17:06:04.099+0800: 22331.657: [ParNew: 685644K->76160K(685696K), 0.0296226 secs] 1900822K->1379235K(2483840K), 0.0297458 secs] [Times: user=0.10 sys=0.00, real=0.03 secs] 
2016-10-17T17:06:04.129+0800: 22331.688: [GC (CMS Initial Mark) [1 CMS-initial-mark: 1303075K(1798144K)] 1379549K(2483840K), 0.0025864 secs] [Times: user=0.01 sys=0.00, real=0.00 secs] 
2016-10-17T17:06:04.132+0800: 22331.691: [CMS-concurrent-mark-start]
2016-10-17T17:06:04.389+0800: 22331.948: [CMS-concurrent-mark: 0.257/0.257 secs] [Times: user=0.35 sys=0.03, real=0.26 secs] 
2016-10-17T17:06:04.389+0800: 22331.948: [CMS-concurrent-preclean-start]
2016-10-17T17:06:04.395+0800: 22331.954: [CMS-concurrent-preclean: 0.006/0.006 secs] [Times: user=0.01 sys=0.01, real=0.00 secs] 
2016-10-17T17:06:04.395+0800: 22331.954: [CMS-concurrent-abortable-preclean-start]
2016-10-17T17:06:05.935+0800: 22333.493: [CMS-concurrent-abortable-preclean: 1.531/1.539 secs] [Times: user=2.19 sys=0.12, real=1.54 secs] 
2016-10-17T17:06:05.935+0800: 22333.494: [GC (CMS Final Remark) [YG occupancy: 387572 K (685696 K)]2016-10-17T17:06:05.935+0800: 22333.494: [Rescan (parallel) , 0.0130956 secs]2016-10-17T17:06:05.948+0800: 22333.507: [weak refs processing, 0.0003714 secs]2016-10-17T17:06:05.949+0800: 22333.507: [class unloading, 0.0142932 secs]2016-10-17T17:06:05.963+0800: 22333.522: [scrub symbol table, 0.0053416 secs]2016-10-17T17:06:05.968+0800: 22333.527: [scrub string table, 0.0007226 secs][1 CMS-remark: 1303075K(1798144K)] 1690648K(2483840K), 0.0342604 secs] [Times: user=0.08 sys=0.00, real=0.04 secs] 
2016-10-17T17:06:05.970+0800: 22333.529: [CMS-concurrent-sweep-start]
2016-10-17T17:06:06.060+0800: 22333.619: [CMS-concurrent-sweep: 0.090/0.090 secs] [Times: user=0.12 sys=0.01, real=0.09 secs] 
2016-10-17T17:06:06.060+0800: 22333.619: [CMS-concurrent-reset-start]
2016-10-17T17:06:06.064+0800: 22333.623: [CMS-concurrent-reset: 0.003/0.003 secs] [Times: user=0.01 sys=0.00, real=0.00 secs] 
2016-10-17T17:06:07.656+0800: 22335.214: [GC (Allocation Failure) 2016-10-17T17:06:07.656+0800: 22335.214: [ParNew: 685696K->76160K(685696K), 0.0390977 secs] 1747452K->1237442K(2483840K), 0.0392317 secs] [Times: user=0.13 sys=0.00, real=0.04 secs] 
2016-10-17T17:06:11.019+0800: 22338.578: [GC (Allocation Failure) 2016-10-17T17:06:11.019+0800: 22338.578: [ParNew: 685575K->76160K(685696K), 0.0292932 secs] 1846858K->1318143K(2483840K), 0.0294255 secs] [Times: user=0.10 sys=0.00, real=0.03 secs] 
2016-10-17T17:06:14.819+0800: 22342.377: [GC (Allocation Failure) 2016-10-17T17:06:14.819+0800: 22342.378: [ParNew: 685529K->76160K(685696K), 0.0393687 secs] 1927512K->1409261K(2483840K), 0.0395615 secs] [Times: user=0.13 sys=0.00, real=0.04 secs] 
2016-10-17T17:06:14.859+0800: 22342.418: [GC (CMS Initial Mark) [1 CMS-initial-mark: 1333101K(1798144K)] 1409519K(2483840K), 0.0036149 secs] [Times: user=0.01 sys=0.00, real=0.00 secs] 
2016-10-17T17:06:14.863+0800: 22342.422: [CMS-concurrent-mark-start]
2016-10-17T17:06:15.158+0800: 22342.717: [CMS-concurrent-mark: 0.295/0.295 secs] [Times: user=0.38 sys=0.02, real=0.30 secs] 
2016-10-17T17:06:15.158+0800: 22342.717: [CMS-concurrent-preclean-start]
2016-10-17T17:06:15.164+0800: 22342.723: [CMS-concurrent-preclean: 0.006/0.006 secs] [Times: user=0.01 sys=0.00, real=0.00 secs] 
2016-10-17T17:06:15.164+0800: 22342.723: [CMS-concurrent-abortable-preclean-start]
2016-10-17T17:06:18.152+0800: 22345.711: [CMS-concurrent-abortable-preclean: 2.986/2.988 secs] [Times: user=3.70 sys=0.31, real=2.99 secs] 
2016-10-17T17:06:18.153+0800: 22345.712: [GC (CMS Final Remark) [YG occupancy: 393126 K (685696 K)]2016-10-17T17:06:18.153+0800: 22345.712: [Rescan (parallel) , 0.0153117 secs]2016-10-17T17:06:18.168+0800: 22345.727: [weak refs processing, 0.0004270 secs]2016-10-17T17:06:18.169+0800: 22345.728: [class unloading, 0.0182902 secs]2016-10-17T17:06:18.187+0800: 22345.746: [scrub symbol table, 0.0072467 secs]2016-10-17T17:06:18.194+0800: 22345.753: [scrub string table, 0.0010064 secs][1 CMS-remark: 1333101K(1798144K)] 1726227K(2483840K), 0.0427525 secs] [Times: user=0.09 sys=0.00, real=0.04 secs] 
2016-10-17T17:06:18.196+0800: 22345.755: [CMS-concurrent-sweep-start]
2016-10-17T17:06:18.300+0800: 22345.859: [CMS-concurrent-sweep: 0.104/0.104 secs] [Times: user=0.14 sys=0.00, real=0.10 secs] 
2016-10-17T17:06:18.300+0800: 22345.859: [CMS-concurrent-reset-start]
2016-10-17T17:06:18.304+0800: 22345.863: [CMS-concurrent-reset: 0.003/0.003 secs] [Times: user=0.01 sys=0.00, real=0.00 secs] 
2016-10-17T17:06:23.185+0800: 22350.744: [GC (Allocation Failure) 2016-10-17T17:06:23.185+0800: 22350.744: [ParNew: 685504K->76160K(685696K), 0.0925092 secs] 1737548K->1229593K(2483840K), 0.0926454 secs] [Times: user=0.13 sys=0.00, real=0.10 secs] 
2016-10-17T17:06:36.380+0800: 22363.938: [GC (Allocation Failure) 2016-10-17T17:06:36.380+0800: 22363.939: [ParNew: 685533K->76160K(685696K), 0.0348135 secs] 1838967K->1307033K(2483840K), 0.0349898 secs] [Times: user=0.11 sys=0.00, real=0.03 secs] 
2016-10-17T17:06:40.202+0800: 22367.761: [GC (Allocation Failure) 2016-10-17T17:06:40.202+0800: 22367.761: [ParNew: 685485K->76160K(685696K), 0.0384801 secs] 1916358K->1396037K(2483840K), 0.0386624 secs] [Times: user=0.13 sys=0.00, real=0.04 secs] 
2016-10-17T17:06:40.242+0800: 22367.800: [GC (CMS Initial Mark) [1 CMS-initial-mark: 1319877K(1798144K)] 1396662K(2483840K), 0.0018858 secs] [Times: user=0.01 sys=0.00, real=0.00 secs] 
2016-10-17T17:06:40.244+0800: 22367.802: [CMS-concurrent-mark-start]
2016-10-17T17:06:40.537+0800: 22368.096: [CMS-concurrent-mark: 0.294/0.294 secs] [Times: user=0.40 sys=0.03, real=0.30 secs] 
2016-10-17T17:06:40.537+0800: 22368.096: [CMS-concurrent-preclean-start]
2016-10-17T17:06:40.543+0800: 22368.102: [CMS-concurrent-preclean: 0.006/0.006 secs] [Times: user=0.01 sys=0.00, real=0.00 secs] 
2016-10-17T17:06:40.544+0800: 22368.102: [CMS-concurrent-abortable-preclean-start]
2016-10-17T17:06:42.044+0800: 22369.602: [CMS-concurrent-abortable-preclean: 1.499/1.500 secs] [Times: user=2.15 sys=0.10, real=1.50 secs] 
2016-10-17T17:06:42.044+0800: 22369.603: [GC (CMS Final Remark) [YG occupancy: 385512 K (685696 K)]2016-10-17T17:06:42.044+0800: 22369.603: [Rescan (parallel) , 0.0177296 secs]2016-10-17T17:06:42.062+0800: 22369.621: [weak refs processing, 0.0003961 secs]2016-10-17T17:06:42.063+0800: 22369.621: [class unloading, 0.0134650 secs]2016-10-17T17:06:42.076+0800: 22369.635: [scrub symbol table, 0.0061318 secs]2016-10-17T17:06:42.082+0800: 22369.641: [scrub string table, 0.0007220 secs][1 CMS-remark: 1319877K(1798144K)] 1705389K(2483840K), 0.0388899 secs] [Times: user=0.07 sys=0.00, real=0.04 secs] 
2016-10-17T17:06:42.083+0800: 22369.642: [CMS-concurrent-sweep-start]
2016-10-17T17:06:42.179+0800: 22369.738: [CMS-concurrent-sweep: 0.095/0.095 secs] [Times: user=0.14 sys=0.00, real=0.10 secs] 
2016-10-17T17:06:42.179+0800: 22369.738: [CMS-concurrent-reset-start]
2016-10-17T17:06:42.182+0800: 22369.741: [CMS-concurrent-reset: 0.004/0.004 secs] [Times: user=0.00 sys=0.00, real=0.00 secs] 
2016-10-17T17:06:43.855+0800: 22371.414: [GC (Allocation Failure) 2016-10-17T17:06:43.855+0800: 22371.414: [ParNew: 685667K->76160K(685696K), 0.0477141 secs] 1779824K->1270820K(2483840K), 0.0478583 secs] [Times: user=0.11 sys=0.00, real=0.05 secs] 
2016-10-17T17:06:47.604+0800: 22375.163: [GC (Allocation Failure) 2016-10-17T17:06:47.604+0800: 22375.163: [ParNew: 685471K->76160K(685696K), 0.0301714 secs] 1880131K->1350516K(2483840K), 0.0303072 secs] [Times: user=0.12 sys=0.00, real=0.03 secs] 
2016-10-17T17:06:47.635+0800: 22375.194: [GC (CMS Initial Mark) [1 CMS-initial-mark: 1274356K(1798144K)] 1350772K(2483840K), 0.0019465 secs] [Times: user=0.00 sys=0.00, real=0.01 secs] 
2016-10-17T17:06:47.637+0800: 22375.196: [CMS-concurrent-mark-start]
2016-10-17T17:06:47.949+0800: 22375.508: [CMS-concurrent-mark: 0.312/0.312 secs] [Times: user=0.45 sys=0.02, real=0.31 secs] 
2016-10-17T17:06:47.950+0800: 22375.508: [CMS-concurrent-preclean-start]
2016-10-17T17:06:47.955+0800: 22375.514: [CMS-concurrent-preclean: 0.005/0.006 secs] [Times: user=0.01 sys=0.00, real=0.00 secs] 
2016-10-17T17:06:47.955+0800: 22375.514: [CMS-concurrent-abortable-preclean-start]
2016-10-17T17:06:49.355+0800: 22376.914: [CMS-concurrent-abortable-preclean: 1.398/1.400 secs] [Times: user=2.01 sys=0.13, real=1.40 secs] 
2016-10-17T17:06:49.355+0800: 22376.914: [GC (CMS Final Remark) [YG occupancy: 384610 K (685696 K)]2016-10-17T17:06:49.355+0800: 22376.914: [Rescan (parallel) , 0.0148353 secs]2016-10-17T17:06:49.370+0800: 22376.929: [weak refs processing, 0.0002149 secs]2016-10-17T17:06:49.371+0800: 22376.929: [class unloading, 0.0133125 secs]2016-10-17T17:06:49.384+0800: 22376.943: [scrub symbol table, 0.0042762 secs]2016-10-17T17:06:49.388+0800: 22376.947: [scrub string table, 0.0006990 secs][1 CMS-remark: 1274356K(1798144K)] 1658966K(2483840K), 0.0336073 secs] [Times: user=0.08 sys=0.00, real=0.04 secs] 
2016-10-17T17:06:49.389+0800: 22376.948: [CMS-concurrent-sweep-start]
2016-10-17T17:06:49.489+0800: 22377.047: [CMS-concurrent-sweep: 0.099/0.099 secs] [Times: user=0.15 sys=0.00, real=0.10 secs] 
2016-10-17T17:06:49.489+0800: 22377.047: [CMS-concurrent-reset-start]
2016-10-17T17:06:49.492+0800: 22377.051: [CMS-concurrent-reset: 0.003/0.003 secs] [Times: user=0.00 sys=0.00, real=0.00 secs] 
2016-10-17T17:06:51.075+0800: 22378.634: [GC (Allocation Failure) 2016-10-17T17:06:51.075+0800: 22378.634: [ParNew: 685656K->76160K(685696K), 0.0315108 secs] 1762069K->1242359K(2483840K), 0.0316474 secs] [Times: user=0.12 sys=0.00, real=0.04 secs] 
2016-10-17T17:06:54.588+0800: 22382.147: [GC (Allocation Failure) 2016-10-17T17:06:54.588+0800: 22382.147: [ParNew: 685659K->76160K(685696K), 0.0321188 secs] 1851859K->1334324K(2483840K), 0.0322935 secs] [Times: user=0.11 sys=0.00, real=0.03 secs] 
2016-10-17T17:06:58.020+0800: 22385.579: [GC (Allocation Failure) 2016-10-17T17:06:58.020+0800: 22385.579: [ParNew: 685464K->76160K(685696K), 0.0400660 secs] 1943629K->1424017K(2483840K), 0.0402100 secs] [Times: user=0.11 sys=0.00, real=0.04 secs] 
2016-10-17T17:06:58.061+0800: 22385.619: [GC (CMS Initial Mark) [1 CMS-initial-mark: 1347857K(1798144K)] 1424273K(2483840K), 0.0030688 secs] [Times: user=0.01 sys=0.00, real=0.00 secs] 
2016-10-17T17:06:58.064+0800: 22385.623: [CMS-concurrent-mark-start]
2016-10-17T17:06:58.382+0800: 22385.941: [CMS-concurrent-mark: 0.319/0.319 secs] [Times: user=0.40 sys=0.03, real=0.32 secs] 
2016-10-17T17:06:58.382+0800: 22385.941: [CMS-concurrent-preclean-start]
2016-10-17T17:06:58.388+0800: 22385.946: [CMS-concurrent-preclean: 0.005/0.005 secs] [Times: user=0.01 sys=0.00, real=0.01 secs] 
2016-10-17T17:06:58.388+0800: 22385.946: [CMS-concurrent-abortable-preclean-start]
2016-10-17T17:06:59.977+0800: 22387.536: [CMS-concurrent-abortable-preclean: 1.488/1.590 secs] [Times: user=2.16 sys=0.14, real=1.59 secs] 
2016-10-17T17:06:59.978+0800: 22387.537: [GC (CMS Final Remark) [YG occupancy: 393074 K (685696 K)]2016-10-17T17:06:59.978+0800: 22387.537: [Rescan (parallel) , 0.0145842 secs]2016-10-17T17:06:59.993+0800: 22387.551: [weak refs processing, 0.0002427 secs]2016-10-17T17:06:59.993+0800: 22387.552: [class unloading, 0.0138815 secs]2016-10-17T17:07:00.007+0800: 22387.566: [scrub symbol table, 0.0053913 secs]2016-10-17T17:07:00.012+0800: 22387.571: [scrub string table, 0.0007286 secs][1 CMS-remark: 1347857K(1798144K)] 1740932K(2483840K), 0.0351342 secs] [Times: user=0.08 sys=0.00, real=0.03 secs] 
2016-10-17T17:07:00.013+0800: 22387.572: [CMS-concurrent-sweep-start]
2016-10-17T17:07:00.111+0800: 22387.670: [CMS-concurrent-sweep: 0.097/0.097 secs] [Times: user=0.13 sys=0.01, real=0.10 secs] 
2016-10-17T17:07:00.111+0800: 22387.670: [CMS-concurrent-reset-start]
2016-10-17T17:07:00.114+0800: 22387.673: [CMS-concurrent-reset: 0.004/0.004 secs] [Times: user=0.01 sys=0.00, real=0.00 secs] 
2016-10-17T17:07:01.683+0800: 22389.242: [GC (Allocation Failure) 2016-10-17T17:07:01.683+0800: 22389.242: [ParNew: 685533K->76160K(685696K), 0.0283333 secs] 1792406K->1272444K(2483840K), 0.0284676 secs] [Times: user=0.10 sys=0.00, real=0.03 secs] 
2016-10-17T17:07:05.123+0800: 22392.682: [GC (Allocation Failure) 2016-10-17T17:07:05.123+0800: 22392.682: [ParNew: 685696K->76160K(685696K), 0.0334126 secs] 1881980K->1364524K(2483840K), 0.0335599 secs] [Times: user=0.12 sys=0.01, real=0.04 secs] 
2016-10-17T17:07:05.157+0800: 22392.716: [GC (CMS Initial Mark) [1 CMS-initial-mark: 1288364K(1798144K)] 1364780K(2483840K), 0.0023866 secs] [Times: user=0.01 sys=0.00, real=0.00 secs] 
2016-10-17T17:07:05.160+0800: 22392.719: [CMS-concurrent-mark-start]
2016-10-17T17:07:05.504+0800: 22393.062: [CMS-concurrent-mark: 0.344/0.344 secs] [Times: user=0.48 sys=0.03, real=0.34 secs] 
2016-10-17T17:07:05.504+0800: 22393.062: [CMS-concurrent-preclean-start]
2016-10-17T17:07:05.510+0800: 22393.068: [CMS-concurrent-preclean: 0.006/0.006 secs] [Times: user=0.01 sys=0.00, real=0.01 secs] 
2016-10-17T17:07:05.510+0800: 22393.069: [CMS-concurrent-abortable-preclean-start]
2016-10-17T17:07:07.262+0800: 22394.821: [CMS-concurrent-abortable-preclean: 1.551/1.753 secs] [Times: user=2.19 sys=0.14, real=1.75 secs] 
2016-10-17T17:07:07.264+0800: 22394.822: [GC (CMS Final Remark) [YG occupancy: 388217 K (685696 K)]2016-10-17T17:07:07.264+0800: 22394.822: [Rescan (parallel) , 0.0132723 secs]2016-10-17T17:07:07.277+0800: 22394.836: [weak refs processing, 0.0001863 secs]2016-10-17T17:07:07.277+0800: 22394.836: [class unloading, 0.0151115 secs]2016-10-17T17:07:07.292+0800: 22394.851: [scrub symbol table, 0.0048923 secs]2016-10-17T17:07:07.297+0800: 22394.856: [scrub string table, 0.0007020 secs][1 CMS-remark: 1288364K(1798144K)] 1676581K(2483840K), 0.0344489 secs] [Times: user=0.08 sys=0.00, real=0.04 secs] 
2016-10-17T17:07:07.298+0800: 22394.857: [CMS-concurrent-sweep-start]
2016-10-17T17:07:07.464+0800: 22395.023: [CMS-concurrent-sweep: 0.166/0.166 secs] [Times: user=0.21 sys=0.03, real=0.16 secs] 
2016-10-17T17:07:07.464+0800: 22395.023: [CMS-concurrent-reset-start]
2016-10-17T17:07:07.468+0800: 22395.027: [CMS-concurrent-reset: 0.004/0.004 secs] [Times: user=0.01 sys=0.00, real=0.01 secs] 
2016-10-17T17:07:09.058+0800: 22396.617: [GC (Allocation Failure) 2016-10-17T17:07:09.058+0800: 22396.617: [ParNew: 685696K->76160K(685696K), 0.0378244 secs] 1772973K->1253919K(2483840K), 0.0379662 secs] [Times: user=0.13 sys=0.00, real=0.04 secs] 
2016-10-17T17:07:11.936+0800: 22399.495: [GC (Allocation Failure) 2016-10-17T17:07:11.936+0800: 22399.495: [ParNew: 685480K->76160K(685696K), 0.0355101 secs] 1863239K->1330961K(2483840K), 0.0356585 secs] [Times: user=0.12 sys=0.00, real=0.03 secs] 
2016-10-17T17:07:13.845+0800: 22401.404: [GC (Allocation Failure) 2016-10-17T17:07:13.845+0800: 22401.404: [ParNew: 685520K->70939K(685696K), 0.0293007 secs] 1940322K->1394340K(2483840K), 0.0294639 secs] [Times: user=0.10 sys=0.00, real=0.03 secs] 
2016-10-17T17:07:13.876+0800: 22401.434: [GC (CMS Initial Mark) [1 CMS-initial-mark: 1323400K(1798144K)] 1398241K(2483840K), 0.0032452 secs] [Times: user=0.01 sys=0.00, real=0.01 secs] 
2016-10-17T17:07:13.879+0800: 22401.438: [CMS-concurrent-mark-start]
2016-10-17T17:07:14.400+0800: 22401.959: [CMS-concurrent-mark: 0.521/0.521 secs] [Times: user=1.14 sys=0.09, real=0.52 secs] 
2016-10-17T17:07:14.400+0800: 22401.959: [CMS-concurrent-preclean-start]
2016-10-17T17:07:14.406+0800: 22401.965: [CMS-concurrent-preclean: 0.006/0.006 secs] [Times: user=0.02 sys=0.00, real=0.01 secs] 
2016-10-17T17:07:14.406+0800: 22401.965: [CMS-concurrent-abortable-preclean-start]
2016-10-17T17:07:17.321+0800: 22404.880: [GC (Allocation Failure) 2016-10-17T17:07:17.321+0800: 22404.880: [ParNew: 680475K->40381K(685696K), 0.0241798 secs] 2003876K->1401749K(2483840K), 0.0243110 secs] [Times: user=0.08 sys=0.00, real=0.02 secs] 
2016-10-17T17:07:18.751+0800: 22406.310: [CMS-concurrent-abortable-preclean: 3.910/4.345 secs] [Times: user=8.56 sys=0.54, real=4.34 secs] 
2016-10-17T17:07:18.752+0800: 22406.311: [GC (CMS Final Remark) [YG occupancy: 369162 K (685696 K)]2016-10-17T17:07:18.752+0800: 22406.311: [Rescan (parallel) , 0.0122832 secs]2016-10-17T17:07:18.764+0800: 22406.323: [weak refs processing, 0.0002929 secs]2016-10-17T17:07:18.765+0800: 22406.323: [class unloading, 0.0134811 secs]2016-10-17T17:07:18.778+0800: 22406.337: [scrub symbol table, 0.0045627 secs]2016-10-17T17:07:18.783+0800: 22406.342: [scrub string table, 0.0008427 secs][1 CMS-remark: 1361367K(1798144K)] 1730529K(2483840K), 0.0319093 secs] [Times: user=0.07 sys=0.00, real=0.03 secs] 
2016-10-17T17:07:18.785+0800: 22406.344: [CMS-concurrent-sweep-start]
2016-10-17T17:07:19.117+0800: 22406.675: [CMS-concurrent-sweep: 0.332/0.332 secs] [Times: user=0.53 sys=0.02, real=0.34 secs] 
2016-10-17T17:07:19.117+0800: 22406.675: [CMS-concurrent-reset-start]
2016-10-17T17:07:19.120+0800: 22406.679: [CMS-concurrent-reset: 0.004/0.004 secs] [Times: user=0.01 sys=0.00, real=0.00 secs] 
2016-10-17T17:07:20.283+0800: 22407.842: [GC (Allocation Failure) 2016-10-17T17:07:20.283+0800: 22407.842: [ParNew: 649917K->40517K(685696K), 0.0158422 secs] 1758195K->1180202K(2483840K), 0.0161292 secs] [Times: user=0.06 sys=0.00, real=0.02 secs] 
2016-10-17T17:07:22.535+0800: 22410.094: [GC (Allocation Failure) 2016-10-17T17:07:22.535+0800: 22410.094: [ParNew: 649817K->68742K(685696K), 0.0147472 secs] 1789501K->1208426K(2483840K), 0.0149012 secs] [Times: user=0.06 sys=0.00, real=0.02 secs] 
2016-10-17T17:07:24.907+0800: 22412.466: [GC (Allocation Failure) 2016-10-17T17:07:24.907+0800: 22412.466: [ParNew: 678278K->76160K(685696K), 0.0194019 secs] 1817962K->1245101K(2483840K), 0.0195458 secs] [Times: user=0.07 sys=0.00, real=0.02 secs] 
2016-10-17T17:07:27.612+0800: 22415.171: [GC (Allocation Failure) 2016-10-17T17:07:27.612+0800: 22415.171: [ParNew: 685650K->76160K(685696K), 0.0243634 secs] 1854591K->1269688K(2483840K), 0.0244904 secs] [Times: user=0.07 sys=0.00, real=0.03 secs] 
2016-10-17T17:07:31.752+0800: 22419.311: [GC (Allocation Failure) 2016-10-17T17:07:31.752+0800: 22419.311: [ParNew: 685526K->76160K(685696K), 0.0428507 secs] 1879055K->1337805K(2483840K), 0.0429845 secs] [Times: user=0.08 sys=0.00, real=0.04 secs] 
2016-10-17T17:07:31.796+0800: 22419.354: [GC (CMS Initial Mark) [1 CMS-initial-mark: 1261645K(1798144K)] 1338516K(2483840K), 0.0023681 secs] [Times: user=0.01 sys=0.00, real=0.01 secs] 
2016-10-17T17:07:31.798+0800: 22419.357: [CMS-concurrent-mark-start]
2016-10-17T17:07:32.017+0800: 22419.576: [CMS-concurrent-mark: 0.219/0.219 secs] [Times: user=0.31 sys=0.02, real=0.22 secs] 
2016-10-17T17:07:32.017+0800: 22419.576: [CMS-concurrent-preclean-start]
2016-10-17T17:07:32.023+0800: 22419.581: [CMS-concurrent-preclean: 0.005/0.005 secs] [Times: user=0.00 sys=0.00, real=0.00 secs] 
2016-10-17T17:07:32.023+0800: 22419.581: [CMS-concurrent-abortable-preclean-start]
2016-10-17T17:07:33.678+0800: 22421.237: [CMS-concurrent-abortable-preclean: 1.654/1.656 secs] [Times: user=2.31 sys=0.15, real=1.66 secs] 
2016-10-17T17:07:33.679+0800: 22421.238: [GC (CMS Final Remark) [YG occupancy: 384332 K (685696 K)]2016-10-17T17:07:33.679+0800: 22421.238: [Rescan (parallel) , 0.0177892 secs]2016-10-17T17:07:33.697+0800: 22421.256: [weak refs processing, 0.0002756 secs]2016-10-17T17:07:33.697+0800: 22421.256: [class unloading, 0.0139760 secs]2016-10-17T17:07:33.711+0800: 22421.270: [scrub symbol table, 0.0056408 secs]2016-10-17T17:07:33.717+0800: 22421.276: [scrub string table, 0.0007059 secs][1 CMS-remark: 1261645K(1798144K)] 1645977K(2483840K), 0.0387648 secs] [Times: user=0.08 sys=0.00, real=0.04 secs] 
2016-10-17T17:07:33.718+0800: 22421.277: [CMS-concurrent-sweep-start]
2016-10-17T17:07:33.837+0800: 22421.395: [CMS-concurrent-sweep: 0.119/0.119 secs] [Times: user=0.16 sys=0.01, real=0.12 secs] 
2016-10-17T17:07:33.837+0800: 22421.396: [CMS-concurrent-reset-start]
2016-10-17T17:07:33.840+0800: 22421.399: [CMS-concurrent-reset: 0.003/0.003 secs] [Times: user=0.01 sys=0.00, real=0.00 secs] 
2016-10-17T17:07:35.734+0800: 22423.292: [GC (Allocation Failure) 2016-10-17T17:07:35.734+0800: 22423.292: [ParNew: 685634K->76160K(685696K), 0.0317399 secs] 1523581K->1009186K(2483840K), 0.0318865 secs] [Times: user=0.12 sys=0.00, real=0.03 secs] 
2016-10-17T17:07:40.021+0800: 22427.580: [GC (Allocation Failure) 2016-10-17T17:07:40.021+0800: 22427.580: [ParNew: 685696K->76160K(685696K), 0.0298123 secs] 1618722K->1095856K(2483840K), 0.0299918 secs] [Times: user=0.11 sys=0.00, real=0.03 secs] 
2016-10-17T17:07:43.553+0800: 22431.112: [GC (Allocation Failure) 2016-10-17T17:07:43.553+0800: 22431.112: [ParNew: 685696K->76160K(685696K), 0.0344811 secs] 1705392K->1187321K(2483840K), 0.0346250 secs] [Times: user=0.12 sys=0.00, real=0.04 secs] 
2016-10-17T17:07:46.341+0800: 22433.899: [GC (Allocation Failure) 2016-10-17T17:07:46.341+0800: 22433.899: [ParNew: 685696K->76160K(685696K), 0.0372772 secs] 1796857K->1269205K(2483840K), 0.0374859 secs] [Times: user=0.11 sys=0.00, real=0.04 secs] 
2016-10-17T17:07:48.068+0800: 22435.627: [GC (Allocation Failure) 2016-10-17T17:07:48.069+0800: 22435.627: [ParNew: 685525K->63601K(685696K), 0.0211410 secs] 1878570K->1316488K(2483840K), 0.0212804 secs] [Times: user=0.07 sys=0.00, real=0.02 secs] 
2016-10-17T17:07:49.782+0800: 22437.341: [GC (Allocation Failure) 2016-10-17T17:07:49.782+0800: 22437.341: [ParNew: 673137K->76160K(685696K), 0.0167298 secs] 1926024K->1329046K(2483840K), 0.0168932 secs] [Times: user=0.05 sys=0.00, real=0.02 secs] 
2016-10-17T17:07:51.626+0800: 22439.185: [GC (Allocation Failure) 2016-10-17T17:07:51.626+0800: 22439.185: [ParNew: 685545K->76160K(685696K), 0.0207600 secs] 1938432K->1364306K(2483840K), 0.0208897 secs] [Times: user=0.07 sys=0.00, real=0.02 secs] 
2016-10-17T17:07:51.648+0800: 22439.206: [GC (CMS Initial Mark) [1 CMS-initial-mark: 1288146K(1798144K)] 1364815K(2483840K), 0.0017867 secs] [Times: user=0.01 sys=0.00, real=0.00 secs] 
2016-10-17T17:07:51.650+0800: 22439.208: [CMS-concurrent-mark-start]
2016-10-17T17:07:51.804+0800: 22439.362: [CMS-concurrent-mark: 0.154/0.154 secs] [Times: user=0.36 sys=0.02, real=0.15 secs] 
2016-10-17T17:07:51.804+0800: 22439.362: [CMS-concurrent-preclean-start]
2016-10-17T17:07:51.810+0800: 22439.369: [CMS-concurrent-preclean: 0.006/0.006 secs] [Times: user=0.02 sys=0.00, real=0.01 secs] 
2016-10-17T17:07:51.810+0800: 22439.369: [CMS-concurrent-abortable-preclean-start]
2016-10-17T17:07:54.620+0800: 22442.179: [GC (Allocation Failure) 2016-10-17T17:07:54.620+0800: 22442.179: [ParNew: 685696K->76160K(685696K), 0.0260179 secs] 1973842K->1398028K(2483840K), 0.0261690 secs] [Times: user=0.09 sys=0.00, real=0.03 secs] 
2016-10-17T17:07:56.593+0800: 22444.151: [CMS-concurrent-abortable-preclean: 4.641/4.783 secs] [Times: user=9.64 sys=0.76, real=4.78 secs] 
2016-10-17T17:07:56.593+0800: 22444.152: [GC (CMS Final Remark) [YG occupancy: 390646 K (685696 K)]2016-10-17T17:07:56.593+0800: 22444.152: [Rescan (parallel) , 0.0151867 secs]2016-10-17T17:07:56.609+0800: 22444.167: [weak refs processing, 0.0008555 secs]2016-10-17T17:07:56.610+0800: 22444.168: [class unloading, 0.0193650 secs]2016-10-17T17:07:56.629+0800: 22444.188: [scrub symbol table, 0.0077358 secs]2016-10-17T17:07:56.637+0800: 22444.196: [scrub string table, 0.0010436 secs][1 CMS-remark: 1321868K(1798144K)] 1712515K(2483840K), 0.0449488 secs] [Times: user=0.09 sys=0.00, real=0.05 secs] 
2016-10-17T17:07:56.639+0800: 22444.198: [CMS-concurrent-sweep-start]
2016-10-17T17:07:57.075+0800: 22444.634: [CMS-concurrent-sweep: 0.436/0.436 secs] [Times: user=0.87 sys=0.08, real=0.43 secs] 
2016-10-17T17:07:57.075+0800: 22444.634: [CMS-concurrent-reset-start]
2016-10-17T17:07:57.079+0800: 22444.638: [CMS-concurrent-reset: 0.004/0.004 secs] [Times: user=0.01 sys=0.00, real=0.01 secs] 
2016-10-17T17:07:58.855+0800: 22446.413: [GC (Allocation Failure) 2016-10-17T17:07:58.855+0800: 22446.414: [ParNew: 685696K->76160K(685696K), 0.0244048 secs] 1711212K->1134777K(2483840K), 0.0245416 secs] [Times: user=0.08 sys=0.00, real=0.03 secs] 
2016-10-17T17:08:03.725+0800: 22451.284: [GC (Allocation Failure) 2016-10-17T17:08:03.726+0800: 22451.284: [ParNew: 685479K->76160K(685696K), 0.0316250 secs] 1744096K->1173738K(2483840K), 0.0317827 secs] [Times: user=0.09 sys=0.00, real=0.04 secs] 
2016-10-17T17:08:08.280+0800: 22455.839: [GC (Allocation Failure) 2016-10-17T17:08:08.280+0800: 22455.839: [ParNew: 685601K->76160K(685696K), 0.0302339 secs] 1783179K->1256322K(2483840K), 0.0303730 secs] [Times: user=0.11 sys=0.00, real=0.03 secs] 
2016-10-17T17:08:12.247+0800: 22459.806: [GC (Allocation Failure) 2016-10-17T17:08:12.247+0800: 22459.806: [ParNew: 685500K->76160K(685696K), 0.0321471 secs] 1865662K->1347152K(2483840K), 0.0323019 secs] [Times: user=0.11 sys=0.00, real=0.03 secs] 
2016-10-17T17:08:12.280+0800: 22459.839: [GC (CMS Initial Mark) [1 CMS-initial-mark: 1270992K(1798144K)] 1347691K(2483840K), 0.0033614 secs] [Times: user=0.01 sys=0.00, real=0.00 secs] 
2016-10-17T17:08:12.283+0800: 22459.842: [CMS-concurrent-mark-start]
2016-10-17T17:08:12.439+0800: 22459.998: [CMS-concurrent-mark: 0.156/0.156 secs] [Times: user=0.21 sys=0.01, real=0.16 secs] 
2016-10-17T17:08:12.440+0800: 22459.998: [CMS-concurrent-preclean-start]
2016-10-17T17:08:12.448+0800: 22460.007: [CMS-concurrent-preclean: 0.008/0.008 secs] [Times: user=0.02 sys=0.00, real=0.01 secs] 
2016-10-17T17:08:12.448+0800: 22460.007: [CMS-concurrent-abortable-preclean-start]
2016-10-17T17:08:14.603+0800: 22462.162: [CMS-concurrent-abortable-preclean: 2.153/2.155 secs] [Times: user=2.98 sys=0.20, real=2.15 secs] 
2016-10-17T17:08:14.604+0800: 22462.162: [GC (CMS Final Remark) [YG occupancy: 382354 K (685696 K)]2016-10-17T17:08:14.604+0800: 22462.162: [Rescan (parallel) , 0.0191298 secs]2016-10-17T17:08:14.623+0800: 22462.182: [weak refs processing, 0.0007855 secs]2016-10-17T17:08:14.624+0800: 22462.182: [class unloading, 0.0164569 secs]2016-10-17T17:08:14.640+0800: 22462.199: [scrub symbol table, 0.0055763 secs]2016-10-17T17:08:14.646+0800: 22462.205: [scrub string table, 0.0007124 secs][1 CMS-remark: 1270992K(1798144K)] 1653346K(2483840K), 0.0434008 secs] [Times: user=0.10 sys=0.00, real=0.05 secs] 
2016-10-17T17:08:14.647+0800: 22462.206: [CMS-concurrent-sweep-start]
2016-10-17T17:08:14.768+0800: 22462.327: [CMS-concurrent-sweep: 0.121/0.121 secs] [Times: user=0.17 sys=0.02, real=0.12 secs] 
2016-10-17T17:08:14.768+0800: 22462.327: [CMS-concurrent-reset-start]
2016-10-17T17:08:14.772+0800: 22462.330: [CMS-concurrent-reset: 0.003/0.003 secs] [Times: user=0.00 sys=0.00, real=0.00 secs] 
2016-10-17T17:08:18.363+0800: 22465.922: [GC (Allocation Failure) 2016-10-17T17:08:18.363+0800: 22465.922: [ParNew: 685696K->76160K(685696K), 0.0386135 secs] 1574574K->1052732K(2483840K), 0.0387995 secs] [Times: user=0.13 sys=0.00, real=0.04 secs] 
2016-10-17T17:08:36.198+0800: 22483.757: [GC (Allocation Failure) 2016-10-17T17:08:36.198+0800: 22483.757: [ParNew: 685666K->76160K(685696K), 0.0434916 secs] 1662238K->1144550K(2483840K), 0.0436649 secs] [Times: user=0.12 sys=0.00, real=0.04 secs] 
2016-10-17T17:08:41.185+0800: 22488.744: [GC (Allocation Failure) 2016-10-17T17:08:41.185+0800: 22488.744: [ParNew: 685575K->76160K(685696K), 0.0346718 secs] 1753965K->1229023K(2483840K), 0.0348095 secs] [Times: user=0.13 sys=0.00, real=0.04 secs] 
2016-10-17T17:08:44.506+0800: 22492.064: [GC (Allocation Failure) 2016-10-17T17:08:44.506+0800: 22492.064: [ParNew: 685696K->76160K(685696K), 0.0527928 secs] 1838559K->1341281K(2483840K), 0.0529615 secs] [Times: user=0.18 sys=0.00, real=0.06 secs] 
2016-10-17T17:08:44.559+0800: 22492.118: [GC (CMS Initial Mark) [1 CMS-initial-mark: 1265121K(1798144K)] 1341590K(2483840K), 0.0113199 secs] [Times: user=0.04 sys=0.00, real=0.01 secs] 
2016-10-17T17:08:44.571+0800: 22492.129: [CMS-concurrent-mark-start]
2016-10-17T17:08:44.714+0800: 22492.273: [CMS-concurrent-mark: 0.143/0.143 secs] [Times: user=0.19 sys=0.02, real=0.14 secs] 
2016-10-17T17:08:44.714+0800: 22492.273: [CMS-concurrent-preclean-start]
2016-10-17T17:08:44.720+0800: 22492.279: [CMS-concurrent-preclean: 0.006/0.006 secs] [Times: user=0.01 sys=0.00, real=0.01 secs] 
2016-10-17T17:08:44.720+0800: 22492.279: [CMS-concurrent-abortable-preclean-start]
2016-10-17T17:08:47.054+0800: 22494.613: [CMS-concurrent-abortable-preclean: 2.333/2.334 secs] [Times: user=3.00 sys=0.19, real=2.33 secs] 
2016-10-17T17:08:47.055+0800: 22494.614: [GC (CMS Final Remark) [YG occupancy: 389336 K (685696 K)]2016-10-17T17:08:47.055+0800: 22494.614: [Rescan (parallel) , 0.0171807 secs]2016-10-17T17:08:47.072+0800: 22494.631: [weak refs processing, 0.0026009 secs]2016-10-17T17:08:47.075+0800: 22494.633: [class unloading, 0.0136871 secs]2016-10-17T17:08:47.088+0800: 22494.647: [scrub symbol table, 0.0049169 secs]2016-10-17T17:08:47.093+0800: 22494.652: [scrub string table, 0.0007224 secs][1 CMS-remark: 1265121K(1798144K)] 1654458K(2483840K), 0.0411014 secs] [Times: user=0.10 sys=0.00, real=0.05 secs] 
2016-10-17T17:08:47.096+0800: 22494.655: [CMS-concurrent-sweep-start]
2016-10-17T17:08:47.376+0800: 22494.935: [CMS-concurrent-sweep: 0.241/0.280 secs] [Times: user=0.35 sys=0.05, real=0.28 secs] 
2016-10-17T17:08:47.376+0800: 22494.935: [CMS-concurrent-reset-start]
2016-10-17T17:08:47.380+0800: 22494.939: [CMS-concurrent-reset: 0.004/0.004 secs] [Times: user=0.00 sys=0.00, real=0.00 secs] 
2016-10-17T17:08:48.993+0800: 22496.552: [GC (Allocation Failure) 2016-10-17T17:08:48.993+0800: 22496.552: [ParNew: 685671K->76160K(685696K), 0.0692646 secs] 1696112K->1190792K(2483840K), 0.0693913 secs] [Times: user=0.21 sys=0.00, real=0.07 secs] 
2016-10-17T17:08:52.784+0800: 22500.343: [GC (Allocation Failure) 2016-10-17T17:08:52.784+0800: 22500.343: [ParNew: 685696K->76160K(685696K), 0.0340771 secs] 1800328K->1265351K(2483840K), 0.0342683 secs] [Times: user=0.11 sys=0.00, real=0.04 secs] 
2016-10-17T17:08:56.039+0800: 22503.597: [GC (Allocation Failure) 2016-10-17T17:08:56.039+0800: 22503.598: [ParNew: 685667K->76160K(685696K), 0.0356547 secs] 1874859K->1357903K(2483840K), 0.0357978 secs] [Times: user=0.13 sys=0.00, real=0.03 secs] 
2016-10-17T17:08:56.075+0800: 22503.634: [GC (CMS Initial Mark) [1 CMS-initial-mark: 1281743K(1798144K)] 1358229K(2483840K), 0.0017589 secs] [Times: user=0.00 sys=0.00, real=0.01 secs] 
2016-10-17T17:08:56.077+0800: 22503.636: [CMS-concurrent-mark-start]
2016-10-17T17:08:56.274+0800: 22503.833: [CMS-concurrent-mark: 0.197/0.197 secs] [Times: user=0.29 sys=0.01, real=0.19 secs] 
2016-10-17T17:08:56.274+0800: 22503.833: [CMS-concurrent-preclean-start]
2016-10-17T17:08:56.279+0800: 22503.838: [CMS-concurrent-preclean: 0.005/0.005 secs] [Times: user=0.01 sys=0.00, real=0.01 secs] 
2016-10-17T17:08:56.279+0800: 22503.838: [CMS-concurrent-abortable-preclean-start]
2016-10-17T17:08:58.194+0800: 22505.753: [CMS-concurrent-abortable-preclean: 1.612/1.915 secs] [Times: user=2.23 sys=0.19, real=1.91 secs] 
2016-10-17T17:08:58.195+0800: 22505.754: [GC (CMS Final Remark) [YG occupancy: 385940 K (685696 K)]2016-10-17T17:08:58.195+0800: 22505.754: [Rescan (parallel) , 0.0146178 secs]2016-10-17T17:08:58.210+0800: 22505.768: [weak refs processing, 0.0005969 secs]2016-10-17T17:08:58.210+0800: 22505.769: [class unloading, 0.0212722 secs]2016-10-17T17:08:58.231+0800: 22505.790: [scrub symbol table, 0.0054686 secs]2016-10-17T17:08:58.237+0800: 22505.796: [scrub string table, 0.0007289 secs][1 CMS-remark: 1281743K(1798144K)] 1667683K(2483840K), 0.0517175 secs] [Times: user=0.10 sys=0.00, real=0.06 secs] 
2016-10-17T17:08:58.247+0800: 22505.806: [CMS-concurrent-sweep-start]
2016-10-17T17:08:58.330+0800: 22505.889: [CMS-concurrent-sweep: 0.083/0.083 secs] [Times: user=0.12 sys=0.01, real=0.08 secs] 
2016-10-17T17:08:58.330+0800: 22505.889: [CMS-concurrent-reset-start]
2016-10-17T17:08:58.333+0800: 22505.892: [CMS-concurrent-reset: 0.003/0.003 secs] [Times: user=0.00 sys=0.00, real=0.00 secs] 
2016-10-17T17:08:59.936+0800: 22507.495: [GC (Allocation Failure) 2016-10-17T17:08:59.936+0800: 22507.495: [ParNew: 685499K->76160K(685696K), 0.0381499 secs] 1685160K->1160242K(2483840K), 0.0383496 secs] [Times: user=0.13 sys=0.00, real=0.03 secs] 
2016-10-17T17:09:03.350+0800: 22510.908: [GC (Allocation Failure) 2016-10-17T17:09:03.350+0800: 22510.909: [ParNew: 685492K->76160K(685696K), 0.0295214 secs] 1769574K->1251634K(2483840K), 0.0296592 secs] [Times: user=0.11 sys=0.00, real=0.03 secs] 
2016-10-17T17:09:07.085+0800: 22514.644: [GC (Allocation Failure) 2016-10-17T17:09:07.085+0800: 22514.644: [ParNew: 685689K->76160K(685696K), 0.0324829 secs] 1861164K->1344845K(2483840K), 0.0326154 secs] [Times: user=0.12 sys=0.00, real=0.04 secs] 
2016-10-17T17:09:07.118+0800: 22514.677: [GC (CMS Initial Mark) [1 CMS-initial-mark: 1268685K(1798144K)] 1345188K(2483840K), 0.0018551 secs] [Times: user=0.01 sys=0.00, real=0.00 secs] 
2016-10-17T17:09:07.120+0800: 22514.679: [CMS-concurrent-mark-start]
2016-10-17T17:09:07.328+0800: 22514.887: [CMS-concurrent-mark: 0.208/0.208 secs] [Times: user=0.28 sys=0.03, real=0.21 secs] 
2016-10-17T17:09:07.328+0800: 22514.887: [CMS-concurrent-preclean-start]
2016-10-17T17:09:07.333+0800: 22514.892: [CMS-concurrent-preclean: 0.005/0.005 secs] [Times: user=0.00 sys=0.00, real=0.00 secs] 
2016-10-17T17:09:07.333+0800: 22514.892: [CMS-concurrent-abortable-preclean-start]
2016-10-17T17:09:09.220+0800: 22516.779: [CMS-concurrent-abortable-preclean: 1.685/1.887 secs] [Times: user=2.36 sys=0.14, real=1.89 secs] 
2016-10-17T17:09:09.221+0800: 22516.779: [GC (CMS Final Remark) [YG occupancy: 384005 K (685696 K)]2016-10-17T17:09:09.221+0800: 22516.779: [Rescan (parallel) , 0.0136042 secs]2016-10-17T17:09:09.234+0800: 22516.793: [weak refs processing, 0.0004234 secs]2016-10-17T17:09:09.235+0800: 22516.793: [class unloading, 0.0136389 secs]2016-10-17T17:09:09.248+0800: 22516.807: [scrub symbol table, 0.0056207 secs]2016-10-17T17:09:09.254+0800: 22516.813: [scrub string table, 0.0007315 secs][1 CMS-remark: 1268685K(1798144K)] 1652690K(2483840K), 0.0345206 secs] [Times: user=0.08 sys=0.00, real=0.03 secs] 
2016-10-17T17:09:09.255+0800: 22516.814: [CMS-concurrent-sweep-start]
2016-10-17T17:09:09.340+0800: 22516.899: [CMS-concurrent-sweep: 0.085/0.085 secs] [Times: user=0.12 sys=0.01, real=0.09 secs] 
2016-10-17T17:09:09.340+0800: 22516.899: [CMS-concurrent-reset-start]
2016-10-17T17:09:09.343+0800: 22516.902: [CMS-concurrent-reset: 0.003/0.003 secs] [Times: user=0.00 sys=0.00, real=0.00 secs] 
2016-10-17T17:09:11.212+0800: 22518.770: [GC (Allocation Failure) 2016-10-17T17:09:11.212+0800: 22518.771: [ParNew: 685696K->76160K(685696K), 0.0330052 secs] 1712707K->1186353K(2483840K), 0.0331773 secs] [Times: user=0.12 sys=0.00, real=0.03 secs] 
2016-10-17T17:09:17.162+0800: 22524.720: [GC (Allocation Failure) 2016-10-17T17:09:17.162+0800: 22524.721: [ParNew: 685696K->76160K(685696K), 0.0400744 secs] 1795889K->1275486K(2483840K), 0.0402456 secs] [Times: user=0.14 sys=0.00, real=0.04 secs] 
2016-10-17T17:09:25.215+0800: 22532.773: [GC (Allocation Failure) 2016-10-17T17:09:25.215+0800: 22532.774: [ParNew: 685696K->76160K(685696K), 0.0403433 secs] 1885022K->1365264K(2483840K), 0.0405614 secs] [Times: user=0.14 sys=0.00, real=0.04 secs] 
2016-10-17T17:09:25.256+0800: 22532.815: [GC (CMS Initial Mark) [1 CMS-initial-mark: 1289104K(1798144K)] 1365599K(2483840K), 0.0044825 secs] [Times: user=0.01 sys=0.00, real=0.00 secs] 
2016-10-17T17:09:25.261+0800: 22532.820: [CMS-concurrent-mark-start]
2016-10-17T17:09:25.632+0800: 22533.191: [CMS-concurrent-mark: 0.371/0.371 secs] [Times: user=0.44 sys=0.04, real=0.37 secs] 
2016-10-17T17:09:25.632+0800: 22533.191: [CMS-concurrent-preclean-start]
2016-10-17T17:09:25.808+0800: 22533.367: [CMS-concurrent-preclean: 0.176/0.176 secs] [Times: user=0.16 sys=0.02, real=0.18 secs] 
2016-10-17T17:09:25.809+0800: 22533.367: [CMS-concurrent-abortable-preclean-start]
 CMS: abort preclean due to time 2016-10-17T17:09:30.828+0800: 22538.387: [CMS-concurrent-abortable-preclean: 5.016/5.020 secs] [Times: user=5.94 sys=0.36, real=5.02 secs] 
2016-10-17T17:09:30.829+0800: 22538.388: [GC (CMS Final Remark) [YG occupancy: 346387 K (685696 K)]2016-10-17T17:09:30.829+0800: 22538.388: [Rescan (parallel) , 0.0154075 secs]2016-10-17T17:09:30.845+0800: 22538.403: [weak refs processing, 0.0003207 secs]2016-10-17T17:09:30.845+0800: 22538.404: [class unloading, 0.0153361 secs]2016-10-17T17:09:30.860+0800: 22538.419: [scrub symbol table, 0.0070321 secs]2016-10-17T17:09:30.867+0800: 22538.426: [scrub string table, 0.0011520 secs][1 CMS-remark: 1289104K(1798144K)] 1635492K(2483840K), 0.0397844 secs] [Times: user=0.08 sys=0.00, real=0.04 secs] 
2016-10-17T17:09:30.869+0800: 22538.428: [CMS-concurrent-sweep-start]
2016-10-17T17:09:30.966+0800: 22538.525: [CMS-concurrent-sweep: 0.097/0.097 secs] [Times: user=0.13 sys=0.00, real=0.10 secs] 
2016-10-17T17:09:30.966+0800: 22538.525: [CMS-concurrent-reset-start]
2016-10-17T17:09:30.970+0800: 22538.528: [CMS-concurrent-reset: 0.004/0.004 secs] [Times: user=0.00 sys=0.00, real=0.00 secs] 
2016-10-17T17:09:32.987+0800: 22540.546: [GC (Allocation Failure) 2016-10-17T17:09:32.987+0800: 22540.546: [ParNew: 685615K->76160K(685696K), 0.0372236 secs] 1733132K->1209806K(2483840K), 0.0373829 secs] [Times: user=0.13 sys=0.00, real=0.03 secs] 
2016-10-17T17:09:36.653+0800: 22544.211: [GC (Allocation Failure) 2016-10-17T17:09:36.653+0800: 22544.211: [ParNew: 685604K->76160K(685696K), 0.0375932 secs] 1819251K->1303255K(2483840K), 0.0377271 secs] [Times: user=0.14 sys=0.00, real=0.04 secs] 
2016-10-17T17:09:40.430+0800: 22547.989: [GC (Allocation Failure) 2016-10-17T17:09:40.430+0800: 22547.989: [ParNew: 685696K->76160K(685696K), 0.0315562 secs] 1912791K->1387962K(2483840K), 0.0316996 secs] [Times: user=0.13 sys=0.00, real=0.03 secs] 
2016-10-17T17:09:40.462+0800: 22548.021: [GC (CMS Initial Mark) [1 CMS-initial-mark: 1311802K(1798144K)] 1388330K(2483840K), 0.0018991 secs] [Times: user=0.00 sys=0.00, real=0.00 secs] 
2016-10-17T17:09:40.464+0800: 22548.023: [CMS-concurrent-mark-start]
2016-10-17T17:09:40.712+0800: 22548.271: [CMS-concurrent-mark: 0.247/0.247 secs] [Times: user=0.34 sys=0.02, real=0.25 secs] 
2016-10-17T17:09:40.712+0800: 22548.271: [CMS-concurrent-preclean-start]
2016-10-17T17:09:40.717+0800: 22548.276: [CMS-concurrent-preclean: 0.005/0.005 secs] [Times: user=0.01 sys=0.00, real=0.01 secs] 
2016-10-17T17:09:40.717+0800: 22548.276: [CMS-concurrent-abortable-preclean-start]
2016-10-17T17:09:42.584+0800: 22550.143: [CMS-concurrent-abortable-preclean: 1.565/1.867 secs] [Times: user=2.22 sys=0.13, real=1.86 secs] 
2016-10-17T17:09:42.585+0800: 22550.143: [GC (CMS Final Remark) [YG occupancy: 387595 K (685696 K)]2016-10-17T17:09:42.585+0800: 22550.143: [Rescan (parallel) , 0.0136167 secs]2016-10-17T17:09:42.598+0800: 22550.157: [weak refs processing, 0.0002835 secs]2016-10-17T17:09:42.599+0800: 22550.157: [class unloading, 0.0134502 secs]2016-10-17T17:09:42.612+0800: 22550.171: [scrub symbol table, 0.0050417 secs]2016-10-17T17:09:42.617+0800: 22550.176: [scrub string table, 0.0007164 secs][1 CMS-remark: 1311802K(1798144K)] 1699397K(2483840K), 0.0334744 secs] [Times: user=0.07 sys=0.00, real=0.04 secs] 
2016-10-17T17:09:42.618+0800: 22550.177: [CMS-concurrent-sweep-start]
2016-10-17T17:09:42.702+0800: 22550.261: [CMS-concurrent-sweep: 0.084/0.084 secs] [Times: user=0.12 sys=0.01, real=0.08 secs] 
2016-10-17T17:09:42.702+0800: 22550.261: [CMS-concurrent-reset-start]
2016-10-17T17:09:42.705+0800: 22550.264: [CMS-concurrent-reset: 0.003/0.003 secs] [Times: user=0.01 sys=0.00, real=0.00 secs] 
2016-10-17T17:09:44.335+0800: 22551.894: [GC (Allocation Failure) 2016-10-17T17:09:44.335+0800: 22551.894: [ParNew: 685558K->76160K(685696K), 0.0353879 secs] 1718514K->1199112K(2483840K), 0.0355481 secs] [Times: user=0.13 sys=0.00, real=0.04 secs] 
2016-10-17T17:09:47.749+0800: 22555.308: [GC (Allocation Failure) 2016-10-17T17:09:47.749+0800: 22555.308: [ParNew: 685475K->76160K(685696K), 0.0344662 secs] 1808427K->1298356K(2483840K), 0.0346117 secs] [Times: user=0.12 sys=0.00, real=0.03 secs] 
2016-10-17T17:09:51.294+0800: 22558.853: [GC (Allocation Failure) 2016-10-17T17:09:51.294+0800: 22558.853: [ParNew: 685473K->76160K(685696K), 0.0388458 secs] 1907669K->1377255K(2483840K), 0.0390009 secs] [Times: user=0.12 sys=0.00, real=0.04 secs] 
2016-10-17T17:09:51.334+0800: 22558.893: [GC (CMS Initial Mark) [1 CMS-initial-mark: 1301095K(1798144K)] 1377511K(2483840K), 0.0023760 secs] [Times: user=0.01 sys=0.00, real=0.01 secs] 
2016-10-17T17:09:51.336+0800: 22558.895: [CMS-concurrent-mark-start]
2016-10-17T17:09:51.596+0800: 22559.155: [CMS-concurrent-mark: 0.260/0.260 secs] [Times: user=0.36 sys=0.02, real=0.26 secs] 
2016-10-17T17:09:51.596+0800: 22559.155: [CMS-concurrent-preclean-start]
2016-10-17T17:09:51.602+0800: 22559.161: [CMS-concurrent-preclean: 0.005/0.005 secs] [Times: user=0.01 sys=0.00, real=0.00 secs] 
2016-10-17T17:09:51.602+0800: 22559.161: [CMS-concurrent-abortable-preclean-start]
2016-10-17T17:09:53.227+0800: 22560.786: [CMS-concurrent-abortable-preclean: 1.622/1.625 secs] [Times: user=2.31 sys=0.14, real=1.63 secs] 
2016-10-17T17:09:53.227+0800: 22560.786: [GC (CMS Final Remark) [YG occupancy: 382455 K (685696 K)]2016-10-17T17:09:53.228+0800: 22560.786: [Rescan (parallel) , 0.0208873 secs]2016-10-17T17:09:53.248+0800: 22560.807: [weak refs processing, 0.0002552 secs]2016-10-17T17:09:53.249+0800: 22560.807: [class unloading, 0.0138379 secs]2016-10-17T17:09:53.263+0800: 22560.821: [scrub symbol table, 0.0064960 secs]2016-10-17T17:09:53.269+0800: 22560.828: [scrub string table, 0.0007752 secs][1 CMS-remark: 1301095K(1798144K)] 1683550K(2483840K), 0.0425994 secs] [Times: user=0.11 sys=0.00, real=0.04 secs] 
2016-10-17T17:09:53.270+0800: 22560.829: [CMS-concurrent-sweep-start]
2016-10-17T17:09:53.364+0800: 22560.922: [CMS-concurrent-sweep: 0.093/0.093 secs] [Times: user=0.13 sys=0.01, real=0.09 secs] 
2016-10-17T17:09:53.364+0800: 22560.923: [CMS-concurrent-reset-start]
2016-10-17T17:09:53.367+0800: 22560.926: [CMS-concurrent-reset: 0.004/0.004 secs] [Times: user=0.01 sys=0.00, real=0.01 secs] 
2016-10-17T17:09:54.925+0800: 22562.484: [GC (Allocation Failure) 2016-10-17T17:09:54.925+0800: 22562.484: [ParNew: 685498K->76160K(685696K), 0.0304326 secs] 1745235K->1224959K(2483840K), 0.0305555 secs] [Times: user=0.12 sys=0.00, real=0.04 secs] 
2016-10-17T17:09:58.752+0800: 22566.310: [GC (Allocation Failure) 2016-10-17T17:09:58.752+0800: 22566.310: [ParNew: 685647K->76160K(685696K), 0.0338504 secs] 1834446K->1319313K(2483840K), 0.0340056 secs] [Times: user=0.12 sys=0.00, real=0.03 secs] 
2016-10-17T17:10:02.407+0800: 22569.966: [GC (Allocation Failure) 2016-10-17T17:10:02.407+0800: 22569.966: [ParNew: 685457K->76160K(685696K), 0.0312281 secs] 1928610K->1403673K(2483840K), 0.0313661 secs] [Times: user=0.12 sys=0.00, real=0.03 secs] 
2016-10-17T17:10:02.439+0800: 22569.998: [GC (CMS Initial Mark) [1 CMS-initial-mark: 1327513K(1798144K)] 1404266K(2483840K), 0.0027621 secs] [Times: user=0.01 sys=0.00, real=0.00 secs] 
2016-10-17T17:10:02.442+0800: 22570.001: [CMS-concurrent-mark-start]
2016-10-17T17:10:02.729+0800: 22570.288: [CMS-concurrent-mark: 0.287/0.287 secs] [Times: user=0.41 sys=0.02, real=0.29 secs] 
2016-10-17T17:10:02.729+0800: 22570.288: [CMS-concurrent-preclean-start]
2016-10-17T17:10:02.737+0800: 22570.296: [CMS-concurrent-preclean: 0.008/0.008 secs] [Times: user=0.01 sys=0.00, real=0.01 secs] 
2016-10-17T17:10:02.737+0800: 22570.296: [CMS-concurrent-abortable-preclean-start]
 CMS: abort preclean due to time 2016-10-17T17:10:07.899+0800: 22575.458: [CMS-concurrent-abortable-preclean: 2.185/5.161 secs] [Times: user=2.22 sys=0.00, real=5.16 secs] 
2016-10-17T17:10:07.900+0800: 22575.458: [GC (CMS Final Remark) [YG occupancy: 134981 K (685696 K)]2016-10-17T17:10:07.900+0800: 22575.458: [Rescan (parallel) , 0.0062761 secs]2016-10-17T17:10:07.906+0800: 22575.465: [weak refs processing, 0.0005096 secs]2016-10-17T17:10:07.906+0800: 22575.465: [class unloading, 0.0193526 secs]2016-10-17T17:10:07.926+0800: 22575.485: [scrub symbol table, 0.0062243 secs]2016-10-17T17:10:07.932+0800: 22575.491: [scrub string table, 0.0007494 secs][1 CMS-remark: 1327513K(1798144K)] 1462494K(2483840K), 0.0335431 secs] [Times: user=0.06 sys=0.00, real=0.03 secs] 
2016-10-17T17:10:07.933+0800: 22575.492: [CMS-concurrent-sweep-start]
2016-10-17T17:10:08.031+0800: 22575.589: [CMS-concurrent-sweep: 0.097/0.097 secs] [Times: user=0.10 sys=0.00, real=0.10 secs] 
2016-10-17T17:10:08.032+0800: 22575.591: [CMS-concurrent-reset-start]
2016-10-17T17:10:08.036+0800: 22575.595: [CMS-concurrent-reset: 0.004/0.004 secs] [Times: user=0.00 sys=0.00, real=0.01 secs] 
2016-10-17T17:23:42.218+0800: 23389.777: [GC (Allocation Failure) 2016-10-17T17:23:42.218+0800: 23389.777: [ParNew: 685696K->75477K(685696K), 0.0373869 secs] 1769062K->1191689K(2483840K), 0.0376065 secs] [Times: user=0.14 sys=0.00, real=0.04 secs] 
2016-10-17T17:45:52.267+0800: 24719.826: [GC (Allocation Failure) 2016-10-17T17:45:52.267+0800: 24719.826: [ParNew: 685013K->56094K(685696K), 0.0289640 secs] 1801225K->1172306K(2483840K), 0.0295518 secs] [Times: user=0.12 sys=0.00, real=0.03 secs] 
2016-10-17T18:08:42.247+0800: 26089.806: [GC (Allocation Failure) 2016-10-17T18:08:42.247+0800: 26089.806: [ParNew: 665630K->44182K(685696K), 0.0266681 secs] 1781842K->1160394K(2483840K), 0.0271721 secs] [Times: user=0.11 sys=0.00, real=0.02 secs] 
2016-10-17T18:29:02.243+0800: 27309.802: [GC (Allocation Failure) 2016-10-17T18:29:02.246+0800: 27309.805: [ParNew: 653718K->51114K(685696K), 0.0282333 secs] 1769930K->1167326K(2483840K), 0.0313396 secs] [Times: user=0.11 sys=0.00, real=0.03 secs] 
Heap
 par new generation   total 685696K, used 605256K [0x0000000723c00000, 0x0000000752400000, 0x0000000752400000)
  eden space 609536K,  90% used [0x0000000723c00000, 0x0000000745927860, 0x0000000748f40000)
  from space 76160K,  67% used [0x0000000748f40000, 0x000000074c12a900, 0x000000074d9a0000)
  to   space 76160K,   0% used [0x000000074d9a0000, 0x000000074d9a0000, 0x0000000752400000)
 concurrent mark-sweep generation total 1798144K, used 1116212K [0x0000000752400000, 0x00000007c0000000, 0x00000007c0000000)
 Metaspace       used 51847K, capacity 54702K, committed 61084K, reserved 1103872K
  class space    used 5305K, capacity 6163K, committed 7624K, reserved 1048576K
